Archive member included to satisfy reference by file (symbol)

.\CortexM0\ARM_GCC_541\Debug\GPIB USB 1.a(cy_em_eeprom.o)
                              .\CortexM0\ARM_GCC_541\Debug\settings.o (Cy_Em_EEPROM_Read)
.\CortexM0\ARM_GCC_541\Debug\GPIB USB 1.a(CyFlash.o)
                              .\CortexM0\ARM_GCC_541\Debug\GPIB USB 1.a(cy_em_eeprom.o) (CySysFlashWriteRow)
.\CortexM0\ARM_GCC_541\Debug\GPIB USB 1.a(CyLib.o)
                              .\CortexM0\ARM_GCC_541\Debug\cyfitter_cfg.o (CySysClkImoEnableUsbLock)
.\CortexM0\ARM_GCC_541\Debug\GPIB USB 1.a(CyLFClk.o)
                              .\CortexM0\ARM_GCC_541\Debug\GPIB USB 1.a(CyLib.o) (CySysClkWcoEnabled)
.\CortexM0\ARM_GCC_541\Debug\GPIB USB 1.a(USBUART.o)
                              .\CortexM0\ARM_GCC_541\Debug\main.o (USBUART_Start)
.\CortexM0\ARM_GCC_541\Debug\GPIB USB 1.a(USBUART_cdc.o)
                              .\CortexM0\ARM_GCC_541\Debug\serial.o (USBUART_CDC_Init)
.\CortexM0\ARM_GCC_541\Debug\GPIB USB 1.a(USBUART_drv.o)
                              .\CortexM0\ARM_GCC_541\Debug\GPIB USB 1.a(USBUART.o) (USBUART_EP)
.\CortexM0\ARM_GCC_541\Debug\GPIB USB 1.a(USBUART_episr.o)
                              .\CortexM0\ARM_GCC_541\Debug\GPIB USB 1.a(USBUART.o) (USBUART_INTR_HI_ISR)
.\CortexM0\ARM_GCC_541\Debug\GPIB USB 1.a(USBUART_pm.o)
                              .\CortexM0\ARM_GCC_541\Debug\GPIB USB 1.a(USBUART.o) (USBUART_DP_ISR)
.\CortexM0\ARM_GCC_541\Debug\GPIB USB 1.a(USBUART_std.o)
                              .\CortexM0\ARM_GCC_541\Debug\GPIB USB 1.a(USBUART_drv.o) (USBUART_HandleStandardRqst)
.\CortexM0\ARM_GCC_541\Debug\GPIB USB 1.a(USBUART_vnd.o)
                              .\CortexM0\ARM_GCC_541\Debug\GPIB USB 1.a(USBUART_drv.o) (USBUART_HandleVendorRqst)
.\CortexM0\ARM_GCC_541\Debug\GPIB USB 1.a(USBUART_Dp.o)
                              .\CortexM0\ARM_GCC_541\Debug\GPIB USB 1.a(USBUART_pm.o) (USBUART_Dp_ClearInterrupt)
.\CortexM0\ARM_GCC_541\Debug\GPIB USB 1.a(PWM_1.o)
                              .\CortexM0\ARM_GCC_541\Debug\main.o (PWM_1_Start)
.\CortexM0\ARM_GCC_541\Debug\GPIB USB 1.a(EEPROM.o)
                              .\CortexM0\ARM_GCC_541\Debug\settings.o (EEPROM_context)
.\CortexM0\ARM_GCC_541\Debug\GPIB USB 1.a(Timer1.o)
                              .\CortexM0\ARM_GCC_541\Debug\gpib.o (Timer1_WriteCounter)
.\CortexM0\ARM_GCC_541\Debug\GPIB USB 1.a(CyBootAsmGnu.o)
                              .\CortexM0\ARM_GCC_541\Debug\GPIB USB 1.a(CyLib.o) (CyDelayCycles)
.\CortexM0\ARM_GCC_541\Debug\GPIB USB 1.a(USBUART_cls.o)
                              .\CortexM0\ARM_GCC_541\Debug\GPIB USB 1.a(USBUART_drv.o) (USBUART_DispatchClassRqst)
.\CortexM0\ARM_GCC_541\Debug\GPIB USB 1.a(USBUART_descr.o)
                              .\CortexM0\ARM_GCC_541\Debug\GPIB USB 1.a(USBUART_std.o) (USBUART_DEVICE0_DESCR)
c:/program files (x86)/cypress/psoc creator/4.2/psoc creator/import/gnu/arm/5.4.1/bin/../lib/gcc/arm-none-eabi/5.4.1/armv6-m\libgcc.a(_udivsi3.o)
                              .\CortexM0\ARM_GCC_541\Debug\GPIB USB 1.a(cy_em_eeprom.o) (__aeabi_uidiv)
c:/program files (x86)/cypress/psoc creator/4.2/psoc creator/import/gnu/arm/5.4.1/bin/../lib/gcc/arm-none-eabi/5.4.1/armv6-m\libgcc.a(_divsi3.o)
                              .\CortexM0\ARM_GCC_541\Debug\GPIB USB 1.a(CyLib.o) (__aeabi_idiv)
c:/program files (x86)/cypress/psoc creator/4.2/psoc creator/import/gnu/arm/5.4.1/bin/../lib/gcc/arm-none-eabi/5.4.1/armv6-m\libgcc.a(_dvmd_tls.o)
                              c:/program files (x86)/cypress/psoc creator/4.2/psoc creator/import/gnu/arm/5.4.1/bin/../lib/gcc/arm-none-eabi/5.4.1/armv6-m\libgcc.a(_udivsi3.o) (__aeabi_idiv0)
c:/program files (x86)/cypress/psoc creator/4.2/psoc creator/import/gnu/arm/5.4.1/bin/../lib/gcc/arm-none-eabi/5.4.1/../../../../arm-none-eabi/lib/armv6-m\libg_nano.a(lib_a-errno.o)
                              .\CortexM0\ARM_GCC_541\Debug\Cm0Start.o (__errno)
c:/program files (x86)/cypress/psoc creator/4.2/psoc creator/import/gnu/arm/5.4.1/bin/../lib/gcc/arm-none-eabi/5.4.1/../../../../arm-none-eabi/lib/armv6-m\libg_nano.a(lib_a-exit.o)
                              c:/program files (x86)/cypress/psoc creator/4.2/psoc creator/import/gnu/arm/5.4.1/bin/../lib/gcc/arm-none-eabi/5.4.1/../../../../arm-none-eabi/lib/armv6-m/crt0.o (exit)
c:/program files (x86)/cypress/psoc creator/4.2/psoc creator/import/gnu/arm/5.4.1/bin/../lib/gcc/arm-none-eabi/5.4.1/../../../../arm-none-eabi/lib/armv6-m\libg_nano.a(lib_a-impure.o)
                              c:/program files (x86)/cypress/psoc creator/4.2/psoc creator/import/gnu/arm/5.4.1/bin/../lib/gcc/arm-none-eabi/5.4.1/../../../../arm-none-eabi/lib/armv6-m\libg_nano.a(lib_a-exit.o) (_global_impure_ptr)
c:/program files (x86)/cypress/psoc creator/4.2/psoc creator/import/gnu/arm/5.4.1/bin/../lib/gcc/arm-none-eabi/5.4.1/../../../../arm-none-eabi/lib/armv6-m\libg_nano.a(lib_a-init.o)
[...]
Memory Configuration

Name             Origin             Length             Attributes
rom              0x00000000         0x00010000         xr
ram              0x20000000         0x00002000         xrw
*default*        0x00000000         0xffffffff

Linker script and memory map

LOAD c:/program files (x86)/cypress/psoc creator/4.2/psoc creator/import/gnu/arm/5.4.1/bin/../lib/gcc/arm-none-eabi/5.4.1/armv6-m/crti.o
LOAD c:/program files (x86)/cypress/psoc creator/4.2/psoc creator/import/gnu/arm/5.4.1/bin/../lib/gcc/arm-none-eabi/5.4.1/armv6-m/crtbegin.o
LOAD c:/program files (x86)/cypress/psoc creator/4.2/psoc creator/import/gnu/arm/5.4.1/bin/../lib/gcc/arm-none-eabi/5.4.1/../../../../arm-none-eabi/lib/armv6-m/crt0.o
START GROUP
LOAD .\CortexM0\ARM_GCC_541\Debug\main.o
LOAD .\CortexM0\ARM_GCC_541\Debug\gpib.o
LOAD .\CortexM0\ARM_GCC_541\Debug\serial.o
LOAD .\CortexM0\ARM_GCC_541\Debug\input.o
LOAD .\CortexM0\ARM_GCC_541\Debug\command.o
LOAD .\CortexM0\ARM_GCC_541\Debug\settings.o
LOAD .\CortexM0\ARM_GCC_541\Debug\utils.o
LOAD .\CortexM0\ARM_GCC_541\Debug\usb_tmc.o
LOAD .\CortexM0\ARM_GCC_541\Debug\cyfitter_cfg.o
LOAD .\CortexM0\ARM_GCC_541\Debug\cymetadata.o
LOAD .\CortexM0\ARM_GCC_541\Debug\Cm0Start.o
LOAD .\CortexM0\ARM_GCC_541\Debug\GPIB USB 1.a
END GROUP
START GROUP
LOAD c:/program files (x86)/cypress/psoc creator/4.2/psoc creator/import/gnu/arm/5.4.1/bin/../lib/gcc/arm-none-eabi/5.4.1/armv6-m\libgcc.a
LOAD c:/program files (x86)/cypress/psoc creator/4.2/psoc creator/import/gnu/arm/5.4.1/bin/../lib/gcc/arm-none-eabi/5.4.1/../../../../arm-none-eabi/lib/armv6-m\libg_nano.a
LOAD c:/program files (x86)/cypress/psoc creator/4.2/psoc creator/import/gnu/arm/5.4.1/bin/../lib/gcc/arm-none-eabi/5.4.1/../../../../arm-none-eabi/lib/armv6-m\libc_nano.a
END GROUP
START GROUP
LOAD c:/program files (x86)/cypress/psoc creator/4.2/psoc creator/import/gnu/arm/5.4.1/bin/../lib/gcc/arm-none-eabi/5.4.1/armv6-m\libgcc.a
LOAD c:/program files (x86)/cypress/psoc creator/4.2/psoc creator/import/gnu/arm/5.4.1/bin/../lib/gcc/arm-none-eabi/5.4.1/../../../../arm-none-eabi/lib/armv6-m\libc_nano.a
END GROUP
LOAD c:/program files (x86)/cypress/psoc creator/4.2/psoc creator/import/gnu/arm/5.4.1/bin/../lib/gcc/arm-none-eabi/5.4.1/armv6-m/crtend.o
LOAD c:/program files (x86)/cypress/psoc creator/4.2/psoc creator/import/gnu/arm/5.4.1/bin/../lib/gcc/arm-none-eabi/5.4.1/armv6-m/crtn.o
START GROUP
LOAD c:/program files (x86)/cypress/psoc creator/4.2/psoc creator/import/gnu/arm/5.4.1/bin/../lib/gcc/arm-none-eabi/5.4.1/armv6-m\libgcc.a
LOAD c:/program files (x86)/cypress/psoc creator/4.2/psoc creator/import/gnu/arm/5.4.1/bin/../lib/gcc/arm-none-eabi/5.4.1/../../../../arm-none-eabi/lib/armv6-m\libc.a
LOAD c:/program files (x86)/cypress/psoc creator/4.2/psoc creator/import/gnu/arm/5.4.1/bin/../lib/gcc/arm-none-eabi/5.4.1/../../../../arm-none-eabi/lib/armv6-m\libnosys.a
END GROUP
                0x00000000                CY_APPL_ORIGIN = 0x0
                0x00000100                CY_FLASH_ROW_SIZE = 0x100
                0x00000001                CY_APPL_NUM = 0x1
                0x00000001                CY_APPL_MAX = 0x1
                0x00000040                CY_METADATA_SIZE = 0x40
                0x00000000                CY_APPL_LOADABLE = 0x0
                0x00000000                CY_CHECKSUM_EXCLUDE_SIZE = ALIGN (0x0, CY_FLASH_ROW_SIZE)
                0x00000000                CY_APP_FOR_STACK_AND_COPIER = 0x0
                [!provide]                PROVIDE (__cy_heap_start, _end)
                0x00000001                PROVIDE (__cy_region_num, ((__cy_regions_end - __cy_regions) / 0x10))
                0x20002000                PROVIDE (__cy_stack, (ORIGIN (ram) + LENGTH (ram)))
                [!provide]                PROVIDE (__cy_heap_end, (__cy_stack - 0x800))

.cybootloader   0x00000000        0x0
 *(.cybootloader)
                0x00000000                appl1_start = CY_APPL_ORIGIN?CY_APPL_ORIGIN:ALIGN (CY_FLASH_ROW_SIZE)
                0x00007f00                appl2_start = (appl1_start + ALIGN ((((LENGTH (rom) - appl1_start) - (0x2 * CY_FLASH_ROW_SIZE)) / 0x2), CY_FLASH_ROW_SIZE))
                0x00000000                appl_start = (CY_APPL_NUM == 0x1)?appl1_start:appl2_start
                0x00000001                cy_project_type_bootloader = (appl_start == 0x0)?0x1:0x0
                0x00000000                cy_project_type_app_for_stack_and_copier = (CY_APP_FOR_STACK_AND_COPIER == 0x1)?0x1:0x0

.text           0x00000000     0x64e2
 CREATE_OBJECT_SYMBOLS
                0x00000000                PROVIDE (__cy_interrupt_vector, RomVectors)
 *(.romvectors)
 .romvectors    0x00000000       0x10 .\CortexM0\ARM_GCC_541\Debug\Cm0Start.o
                0x00000000                RomVectors
                0x00000001                ASSERT ((. != __cy_interrupt_vector), No interrupt vector)
                0x00000001                ASSERT (CY_APPL_ORIGIN?(SIZEOF (.cybootloader) <= CY_APPL_ORIGIN):0x1, Wrong image location)
                0x00000010                PROVIDE (__cy_reset, Reset)
 *(.text.Reset)
 .text.Reset    0x00000010        0x8 .\CortexM0\ARM_GCC_541\Debug\Cm0Start.o
                0x00000010                Reset
                0x00000001                ASSERT ((. != __cy_reset), No reset code)
 *(.psocinit)
 .psocinit      0x00000018      0x20c .\CortexM0\ARM_GCC_541\Debug\cyfitter_cfg.o
                0x000000c4                cyfitter_cfg
                0x00000224                . = MAX (., 0x100)
 *(.text .text.* .gnu.linkonce.t.*)
 .text          0x00000224       0x60 c:/program files (x86)/cypress/psoc creator/4.2/psoc creator/import/gnu/arm/5.4.1/bin/../lib/gcc/arm-none-eabi/5.4.1/armv6-m/crtbegin.o
 .text.main     0x00000284       0x54 .\CortexM0\ARM_GCC_541\Debug\main.o
                0x00000284                main
 .text.gpib_settle
                0x000002d8       0x10 .\CortexM0\ARM_GCC_541\Debug\gpib.o
                0x000002d8                gpib_settle
 .text.gpib_assert_line
                0x000002e8       0x28 .\CortexM0\ARM_GCC_541\Debug\gpib.o
                0x000002e8                gpib_assert_line
 .text.gpib_unassert_line
                0x00000310       0x28 .\CortexM0\ARM_GCC_541\Debug\gpib.o
                0x00000310                gpib_unassert_line
 .text.gpib_readall
                0x00000338       0x40 .\CortexM0\ARM_GCC_541\Debug\gpib.o
                0x00000338                gpib_readall
 .text.gpib_read_line
                0x00000378       0x34 .\CortexM0\ARM_GCC_541\Debug\gpib.o
                0x00000378                gpib_read_line
 .text.gpib_poll
                0x000003ac       0x8c .\CortexM0\ARM_GCC_541\Debug\gpib.o
                0x000003ac                gpib_poll
 .text.gpib_get_mode
                0x00000438       0x14 .\CortexM0\ARM_GCC_541\Debug\gpib.o
                0x00000438                gpib_get_mode
 .text.gpib_wait_for_line_to_assert
                0x0000044c       0x40 .\CortexM0\ARM_GCC_541\Debug\gpib.o
                0x0000044c                gpib_wait_for_line_to_assert
 .text.gpib_wait_for_line_to_unassert
                0x0000048c       0x4c .\CortexM0\ARM_GCC_541\Debug\gpib.o
                0x0000048c                gpib_wait_for_line_to_unassert
 .text.gpib_send_byte
                0x000004d8       0x88 .\CortexM0\ARM_GCC_541\Debug\gpib.o
                0x000004d8                gpib_send_byte
 .text.gpib_receive_byte
                0x00000560       0x90 .\CortexM0\ARM_GCC_541\Debug\gpib.o
                0x00000560                gpib_receive_byte
 .text.gpib_interface_clear
                0x000005f0       0x24 .\CortexM0\ARM_GCC_541\Debug\gpib.o
                0x000005f0                gpib_interface_clear
 .text.gpib_LAD
                0x00000614       0x24 .\CortexM0\ARM_GCC_541\Debug\gpib.o
                0x00000614                gpib_LAD
 .text.gpib_TAD
                0x00000638       0x24 .\CortexM0\ARM_GCC_541\Debug\gpib.o
                0x00000638                gpib_TAD
 .text.gpib_UNL
                0x0000065c       0x10 .\CortexM0\ARM_GCC_541\Debug\gpib.o
                0x0000065c                gpib_UNL
 .text.gpib_UNT
                0x0000066c       0x10 .\CortexM0\ARM_GCC_541\Debug\gpib.o
                0x0000066c                gpib_UNT
 .text.gpib_send_SDC
                0x0000067c       0x28 .\CortexM0\ARM_GCC_541\Debug\gpib.o
                0x0000067c                gpib_send_SDC
 .text.gpib_send_LLO
                0x000006a4       0x28 .\CortexM0\ARM_GCC_541\Debug\gpib.o
                0x000006a4                gpib_send_LLO
 .text.gpib_send_GTL
                0x000006cc       0x2c .\CortexM0\ARM_GCC_541\Debug\gpib.o
                0x000006cc                gpib_send_GTL
 .text.gpib_address_listener
                0x000006f8       0x88 .\CortexM0\ARM_GCC_541\Debug\gpib.o
                0x000006f8                gpib_address_listener
 .text.gpib_address_talker
                0x00000780       0x90 .\CortexM0\ARM_GCC_541\Debug\gpib.o
                0x00000780                gpib_address_talker
 .text.gpib_talking
                0x00000810       0x14 .\CortexM0\ARM_GCC_541\Debug\gpib.o
                0x00000810                gpib_talking
 .text.gpib_send_bytes
                0x00000824       0x60 .\CortexM0\ARM_GCC_541\Debug\gpib.o
                0x00000824                gpib_send_bytes
 .text.gpib_read_bytes
                0x00000884       0x90 .\CortexM0\ARM_GCC_541\Debug\gpib.o
                0x00000884                gpib_read_bytes
 .text.serial_printf
                0x00000914       0x3c .\CortexM0\ARM_GCC_541\Debug\serial.o
                0x00000914                serial_printf
 .text.serial_add
                0x00000950       0x74 .\CortexM0\ARM_GCC_541\Debug\serial.o
                0x00000950                serial_add
 .text.serial_add_string
                0x000009c4       0x28 .\CortexM0\ARM_GCC_541\Debug\serial.o
                0x000009c4                serial_add_string
 .text.serial_flush
                0x000009ec       0x38 .\CortexM0\ARM_GCC_541\Debug\serial.o
                0x000009ec                serial_flush
 .text.serial_available
                0x00000a24       0x28 .\CortexM0\ARM_GCC_541\Debug\serial.o
                0x00000a24                serial_available
 .text.serial_getbyte
                0x00000a4c       0x58 .\CortexM0\ARM_GCC_541\Debug\serial.o
                0x00000a4c                serial_getbyte
 .text.interactive
                0x00000aa4      0x184 .\CortexM0\ARM_GCC_541\Debug\serial.o
                0x00000aa4                interactive
 .text.non_interactive
                0x00000c28      0x36c .\CortexM0\ARM_GCC_541\Debug\serial.o
                0x00000c28                non_interactive
 .text.usbuart_poll
                0x00000f94       0x20 .\CortexM0\ARM_GCC_541\Debug\serial.o
                0x00000f94                usbuart_poll
 .text.usbuart_reconfig
                0x00000fb4       0x10 .\CortexM0\ARM_GCC_541\Debug\serial.o
                0x00000fb4                usbuart_reconfig
 .text.valid_escape
                0x00000fc4       0x74 .\CortexM0\ARM_GCC_541\Debug\input.o
                0x00000fc4                valid_escape
 .text.input_start
                0x00001038       0x30 .\CortexM0\ARM_GCC_541\Debug\input.o
                0x00001038                input_start
 .text.input_getbuffer
                0x00001068       0x10 .\CortexM0\ARM_GCC_541\Debug\input.o
                0x00001068                input_getbuffer
 .text.input_getlength
                0x00001078       0x14 .\CortexM0\ARM_GCC_541\Debug\input.o
                0x00001078                input_getlength
 .text.input_data
                0x0000108c      0x1c0 .\CortexM0\ARM_GCC_541\Debug\input.o
                0x0000108c                input_data
 .text.input_remove_cmdline
                0x0000124c       0x18 .\CortexM0\ARM_GCC_541\Debug\input.o
                0x0000124c                input_remove_cmdline
 .text.input_redraw_cmdline
                0x00001264       0x3c .\CortexM0\ARM_GCC_541\Debug\input.o
                0x00001264                input_redraw_cmdline
 .text.tokenise
                0x000012a0       0xdc .\CortexM0\ARM_GCC_541\Debug\command.o
                0x000012a0                tokenise
 .text.is_int   0x0000137c       0x40 .\CortexM0\ARM_GCC_541\Debug\command.o
                0x0000137c                is_int
 .text.to_int   0x000013bc       0x3c .\CortexM0\ARM_GCC_541\Debug\command.o
                0x000013bc                to_int
 .text.cmd_process
                0x000013f8       0x88 .\CortexM0\ARM_GCC_541\Debug\command.o
                0x000013f8                cmd_process
 .text.cmd_usage
                0x00001480       0xd4 .\CortexM0\ARM_GCC_541\Debug\command.o
                0x00001480                cmd_usage
 .text.cmd_uint
                0x00001554       0xb8 .\CortexM0\ARM_GCC_541\Debug\command.o
                0x00001554                cmd_uint
 .text.cmd_noargs
                0x0000160c       0x44 .\CortexM0\ARM_GCC_541\Debug\command.o
                0x0000160c                cmd_noargs
 .text.cmd_help
                0x00001650       0xcc .\CortexM0\ARM_GCC_541\Debug\command.o
                0x00001650                cmd_help
 .text.cmd_read
                0x0000171c      0x114 .\CortexM0\ARM_GCC_541\Debug\command.o
                0x0000171c                cmd_read
 .text.cmd_config
                0x00001830       0xf0 .\CortexM0\ARM_GCC_541\Debug\command.o
                0x00001830                cmd_config
 .text.helper_version
                0x00001920       0x1c .\CortexM0\ARM_GCC_541\Debug\command.o
                0x00001920                helper_version
 .text.helper_gpiball
                0x0000193c       0x2c .\CortexM0\ARM_GCC_541\Debug\command.o
                0x0000193c                helper_gpiball
 .text.helper_clr
                0x00001968       0x10 .\CortexM0\ARM_GCC_541\Debug\command.o
                0x00001968                helper_clr
 .text.helper_ifc
                0x00001978       0x10 .\CortexM0\ARM_GCC_541\Debug\command.o
                0x00001978                helper_ifc
 .text.helper_llo
                0x00001988       0x10 .\CortexM0\ARM_GCC_541\Debug\command.o
                0x00001988                helper_llo
 .text.helper_loc
                0x00001998       0x10 .\CortexM0\ARM_GCC_541\Debug\command.o
                0x00001998                helper_loc
 .text.defaults
                0x000019a8       0x40 .\CortexM0\ARM_GCC_541\Debug\settings.o
                0x000019a8                defaults
 .text.settings_init
                0x000019e8       0x80 .\CortexM0\ARM_GCC_541\Debug\settings.o
                0x000019e8                settings_init
 .text.contains_byte
                0x00001a68       0x40 .\CortexM0\ARM_GCC_541\Debug\utils.o
                0x00001a68                contains_byte
 .text.chomp    0x00001aa8       0x64 .\CortexM0\ARM_GCC_541\Debug\utils.o
                0x00001aa8                chomp
 .text.CYMEMZERO
                0x00001b0c       0x20 .\CortexM0\ARM_GCC_541\Debug\cyfitter_cfg.o
 .text.cfg_write_bytes32
                0x00001b2c       0x84 .\CortexM0\ARM_GCC_541\Debug\cyfitter_cfg.o
 .text.AnalogSetDefault
                0x00001bb0       0x28 .\CortexM0\ARM_GCC_541\Debug\cyfitter_cfg.o
 .text.IntDefaultHandler
                0x00001bd8       0x14 .\CortexM0\ARM_GCC_541\Debug\Cm0Start.o
                0x00001bd8                IntDefaultHandler
 .text._sbrk    0x00001bec       0x50 .\CortexM0\ARM_GCC_541\Debug\Cm0Start.o
                0x00001bec                _sbrk
 .text.Start_c  0x00001c3c       0x98 .\CortexM0\ARM_GCC_541\Debug\Cm0Start.o
                0x00001c3c                Start_c
 .text.initialize_psoc
                0x00001cd4       0x70 .\CortexM0\ARM_GCC_541\Debug\Cm0Start.o
                0x00001cd4                initialize_psoc
 .text.Cy_Em_EEPROM_Init
                0x00001d44       0xf8 .\CortexM0\ARM_GCC_541\Debug\GPIB USB 1.a(cy_em_eeprom.o)
                0x00001d44                Cy_Em_EEPROM_Init
 .text.Cy_Em_EEPROM_Read
                0x00001e3c      0x32c .\CortexM0\ARM_GCC_541\Debug\GPIB USB 1.a(cy_em_eeprom.o)
                0x00001e3c                Cy_Em_EEPROM_Read
 .text.FindLastWrittenRow
                0x00002168       0x68 .\CortexM0\ARM_GCC_541\Debug\GPIB USB 1.a(cy_em_eeprom.o)
 .text.GetRowAddrBySeqNum
                0x000021d0       0x40 .\CortexM0\ARM_GCC_541\Debug\GPIB USB 1.a(cy_em_eeprom.o)
 .text.GetNextRowToWrite
                0x00002210       0xb0 .\CortexM0\ARM_GCC_541\Debug\GPIB USB 1.a(cy_em_eeprom.o)
 .text.CalcChecksum
                0x000022c0       0xb0 .\CortexM0\ARM_GCC_541\Debug\GPIB USB 1.a(cy_em_eeprom.o)
 .text.CheckRanges
                0x00002370       0x6c .\CortexM0\ARM_GCC_541\Debug\GPIB USB 1.a(cy_em_eeprom.o)
 .text.WriteRow
                0x000023dc       0x48 .\CortexM0\ARM_GCC_541\Debug\GPIB USB 1.a(cy_em_eeprom.o)
 .text.CheckCrcAndCopy
                0x00002424       0xfc .\CortexM0\ARM_GCC_541\Debug\GPIB USB 1.a(cy_em_eeprom.o)
 .text.FillChecksum
                0x00002520      0x12c .\CortexM0\ARM_GCC_541\Debug\GPIB USB 1.a(cy_em_eeprom.o)
 .text.CySysFlashWriteRow
                0x0000264c      0x1f4 .\CortexM0\ARM_GCC_541\Debug\GPIB USB 1.a(CyFlash.o)
                0x0000264c                CySysFlashWriteRow
 .text.CySysFlashSetWaitCycles
                0x00002840       0x78 .\CortexM0\ARM_GCC_541\Debug\GPIB USB 1.a(CyFlash.o)
                0x00002840                CySysFlashSetWaitCycles
 .text.CySysFlashClockBackup
                0x000028b8       0x14 .\CortexM0\ARM_GCC_541\Debug\GPIB USB 1.a(CyFlash.o)
 .text.CySysFlashClockRestore
                0x000028cc       0x14 .\CortexM0\ARM_GCC_541\Debug\GPIB USB 1.a(CyFlash.o)
 .text.CySysClkImoEnableWcoLock
                0x000028e0      0x154 .\CortexM0\ARM_GCC_541\Debug\GPIB USB 1.a(CyLib.o)
                0x000028e0                CySysClkImoEnableWcoLock
 .text.CySysClkImoDisableWcoLock
                0x00002a34       0x78 .\CortexM0\ARM_GCC_541\Debug\GPIB USB 1.a(CyLib.o)
                0x00002a34                CySysClkImoDisableWcoLock
 .text.CySysClkImoGetWcoLock
                0x00002aac       0x20 .\CortexM0\ARM_GCC_541\Debug\GPIB USB 1.a(CyLib.o)
                0x00002aac                CySysClkImoGetWcoLock
 .text.CySysClkImoEnableUsbLock
                0x00002acc      0x138 .\CortexM0\ARM_GCC_541\Debug\GPIB USB 1.a(CyLib.o)
                0x00002acc                CySysClkImoEnableUsbLock
 .text.CySysClkImoDisableUsbLock
                0x00002c04       0xc4 .\CortexM0\ARM_GCC_541\Debug\GPIB USB 1.a(CyLib.o)
                0x00002c04                CySysClkImoDisableUsbLock
 .text.CySysClkImoGetUsbLock
                0x00002cc8       0x20 .\CortexM0\ARM_GCC_541\Debug\GPIB USB 1.a(CyLib.o)
                0x00002cc8                CySysClkImoGetUsbLock
 .text.CySysClkWriteImoFreq
                0x00002ce8      0x224 .\CortexM0\ARM_GCC_541\Debug\GPIB USB 1.a(CyLib.o)
                0x00002ce8                CySysClkWriteImoFreq
 .text.CyIntSetVector
                0x00002f0c       0x4c .\CortexM0\ARM_GCC_541\Debug\GPIB USB 1.a(CyLib.o)
                0x00002f0c                CyIntSetVector
 .text.CyIntSetPriority
                0x00002f58       0xa8 .\CortexM0\ARM_GCC_541\Debug\GPIB USB 1.a(CyLib.o)
                0x00002f58                CyIntSetPriority
 .text.CyIntEnable
                0x00003000       0x2c .\CortexM0\ARM_GCC_541\Debug\GPIB USB 1.a(CyLib.o)
                0x00003000                CyIntEnable
 .text.CyHalt   0x0000302c       0x18 .\CortexM0\ARM_GCC_541\Debug\GPIB USB 1.a(CyLib.o)
                0x0000302c                CyHalt
 .text.CyDelay  0x00003044       0x4c .\CortexM0\ARM_GCC_541\Debug\GPIB USB 1.a(CyLib.o)
                0x00003044                CyDelay
 .text.CyDelayUs
                0x00003090       0x28 .\CortexM0\ARM_GCC_541\Debug\GPIB USB 1.a(CyLib.o)
                0x00003090                CyDelayUs
 .text.CyGetUniqueId
                0x000030b8       0xc0 .\CortexM0\ARM_GCC_541\Debug\GPIB USB 1.a(CyLib.o)
                0x000030b8                CyGetUniqueId
 .text.CySysClkWcoEnabled
                0x00003178       0x1c .\CortexM0\ARM_GCC_541\Debug\GPIB USB 1.a(CyLFClk.o)
                0x00003178                CySysClkWcoEnabled
 .text.CySysWdtLock
                0x00003194       0x34 .\CortexM0\ARM_GCC_541\Debug\GPIB USB 1.a(CyLFClk.o)
                0x00003194                CySysWdtLock
 .text.CySysWdtLocked
                0x000031c8       0x20 .\CortexM0\ARM_GCC_541\Debug\GPIB USB 1.a(CyLFClk.o)
 .text.CySysWdtUnlock
                0x000031e8       0x50 .\CortexM0\ARM_GCC_541\Debug\GPIB USB 1.a(CyLFClk.o)
                0x000031e8                CySysWdtUnlock
 .text.CySysWdtClearInterrupt
                0x00003238       0x70 .\CortexM0\ARM_GCC_541\Debug\GPIB USB 1.a(CyLFClk.o)
                0x00003238                CySysWdtClearInterrupt
 .text.CySysWdtIsr
                0x000032a8       0xec .\CortexM0\ARM_GCC_541\Debug\GPIB USB 1.a(CyLFClk.o)
                0x000032a8                CySysWdtIsr
 .text.USBUART_Start
                0x00003394       0x40 .\CortexM0\ARM_GCC_541\Debug\GPIB USB 1.a(USBUART.o)
                0x00003394                USBUART_Start
 .text.USBUART_Init
                0x000033d4       0xf0 .\CortexM0\ARM_GCC_541\Debug\GPIB USB 1.a(USBUART.o)
                0x000033d4                USBUART_Init
 .text.USBUART_InitComponent
                0x000034c4       0xf0 .\CortexM0\ARM_GCC_541\Debug\GPIB USB 1.a(USBUART.o)
                0x000034c4                USBUART_InitComponent
 .text.USBUART_ReInitComponent
                0x000035b4       0x64 .\CortexM0\ARM_GCC_541\Debug\GPIB USB 1.a(USBUART.o)
                0x000035b4                USBUART_ReInitComponent
 .text.USBUART_GetConfiguration
                0x00003618       0x14 .\CortexM0\ARM_GCC_541\Debug\GPIB USB 1.a(USBUART.o)
                0x00003618                USBUART_GetConfiguration
 .text.USBUART_IsConfigurationChanged
                0x0000362c       0x34 .\CortexM0\ARM_GCC_541\Debug\GPIB USB 1.a(USBUART.o)
                0x0000362c                USBUART_IsConfigurationChanged
 .text.USBUART_GetEPState
                0x00003660       0x30 .\CortexM0\ARM_GCC_541\Debug\GPIB USB 1.a(USBUART.o)
                0x00003660                USBUART_GetEPState
 .text.USBUART_GetEPCount
                0x00003690       0x80 .\CortexM0\ARM_GCC_541\Debug\GPIB USB 1.a(USBUART.o)
                0x00003690                USBUART_GetEPCount
 .text.USBUART_LoadInEP
                0x00003710      0x14c .\CortexM0\ARM_GCC_541\Debug\GPIB USB 1.a(USBUART.o)
                0x00003710                USBUART_LoadInEP
 .text.USBUART_ReadOutEP
                0x0000385c       0xc0 .\CortexM0\ARM_GCC_541\Debug\GPIB USB 1.a(USBUART.o)
                0x0000385c                USBUART_ReadOutEP
 .text.USBUART_EnableOutEP
                0x0000391c       0x68 .\CortexM0\ARM_GCC_541\Debug\GPIB USB 1.a(USBUART.o)
                0x0000391c                USBUART_EnableOutEP
 .text.USBUART_SetPowerStatus
                0x00003984       0x44 .\CortexM0\ARM_GCC_541\Debug\GPIB USB 1.a(USBUART.o)
                0x00003984                USBUART_SetPowerStatus
 .text.USBUART_DispatchCDCClassRqst
                0x000039c8       0xf8 .\CortexM0\ARM_GCC_541\Debug\GPIB USB 1.a(USBUART_cdc.o)
                0x000039c8                USBUART_DispatchCDCClassRqst
 .text.USBUART_GetInterfaceComPort
                0x00003ac0       0x90 .\CortexM0\ARM_GCC_541\Debug\GPIB USB 1.a(USBUART_cdc.o)
                0x00003ac0                USBUART_GetInterfaceComPort
 .text.USBUART_CDC_Init
                0x00003b50       0xc0 .\CortexM0\ARM_GCC_541\Debug\GPIB USB 1.a(USBUART_cdc.o)
                0x00003b50                USBUART_CDC_Init
 .text.USBUART_PutData
                0x00003c10       0x84 .\CortexM0\ARM_GCC_541\Debug\GPIB USB 1.a(USBUART_cdc.o)
                0x00003c10                USBUART_PutData
 .text.USBUART_DataIsReady
                0x00003c94       0x28 .\CortexM0\ARM_GCC_541\Debug\GPIB USB 1.a(USBUART_cdc.o)
                0x00003c94                USBUART_DataIsReady
 .text.USBUART_CDCIsReady
                0x00003cbc       0x28 .\CortexM0\ARM_GCC_541\Debug\GPIB USB 1.a(USBUART_cdc.o)
                0x00003cbc                USBUART_CDCIsReady
 .text.USBUART_GetAll
                0x00003ce4       0x60 .\CortexM0\ARM_GCC_541\Debug\GPIB USB 1.a(USBUART_cdc.o)
                0x00003ce4                USBUART_GetAll
 .text.USBUART_Cdc_EpInit
                0x00003d44       0xc0 .\CortexM0\ARM_GCC_541\Debug\GPIB USB 1.a(USBUART_cdc.o)
                0x00003d44                USBUART_Cdc_EpInit
 .text.USBUART_EP_0_ISR
                0x00003e04       0xfc .\CortexM0\ARM_GCC_541\Debug\GPIB USB 1.a(USBUART_drv.o)
                0x00003e04                USBUART_EP_0_ISR
 .text.USBUART_HandleSetup
                0x00003f00       0x9c .\CortexM0\ARM_GCC_541\Debug\GPIB USB 1.a(USBUART_drv.o)
                0x00003f00                USBUART_HandleSetup
 .text.USBUART_HandleIN
                0x00003f9c       0x40 .\CortexM0\ARM_GCC_541\Debug\GPIB USB 1.a(USBUART_drv.o)
                0x00003f9c                USBUART_HandleIN
 .text.USBUART_HandleOUT
                0x00003fdc       0x4c .\CortexM0\ARM_GCC_541\Debug\GPIB USB 1.a(USBUART_drv.o)
                0x00003fdc                USBUART_HandleOUT
 .text.USBUART_LoadEP0
                0x00004028       0xd8 .\CortexM0\ARM_GCC_541\Debug\GPIB USB 1.a(USBUART_drv.o)
                0x00004028                USBUART_LoadEP0
 .text.USBUART_InitControlRead
                0x00004100       0x74 .\CortexM0\ARM_GCC_541\Debug\GPIB USB 1.a(USBUART_drv.o)
                0x00004100                USBUART_InitControlRead
 .text.USBUART_InitZeroLengthControlTransfer
                0x00004174       0x40 .\CortexM0\ARM_GCC_541\Debug\GPIB USB 1.a(USBUART_drv.o)
                0x00004174                USBUART_InitZeroLengthControlTransfer
 .text.USBUART_ControlReadDataStage
                0x000041b4       0x10 .\CortexM0\ARM_GCC_541\Debug\GPIB USB 1.a(USBUART_drv.o)
                0x000041b4                USBUART_ControlReadDataStage
 .text.USBUART_ControlReadStatusStage
                0x000041c4       0x44 .\CortexM0\ARM_GCC_541\Debug\GPIB USB 1.a(USBUART_drv.o)
                0x000041c4                USBUART_ControlReadStatusStage
 .text.USBUART_InitControlWrite
                0x00004208       0x6c .\CortexM0\ARM_GCC_541\Debug\GPIB USB 1.a(USBUART_drv.o)
                0x00004208                USBUART_InitControlWrite
 .text.USBUART_ControlWriteDataStage
                0x00004274       0xb8 .\CortexM0\ARM_GCC_541\Debug\GPIB USB 1.a(USBUART_drv.o)
                0x00004274                USBUART_ControlWriteDataStage
 .text.USBUART_ControlWriteStatusStage
                0x0000432c       0x24 .\CortexM0\ARM_GCC_541\Debug\GPIB USB 1.a(USBUART_drv.o)
                0x0000432c                USBUART_ControlWriteStatusStage
 .text.USBUART_InitNoDataControlTransfer
                0x00004350       0x34 .\CortexM0\ARM_GCC_541\Debug\GPIB USB 1.a(USBUART_drv.o)
                0x00004350                USBUART_InitNoDataControlTransfer
 .text.USBUART_NoDataControlStatusStage
                0x00004384       0x50 .\CortexM0\ARM_GCC_541\Debug\GPIB USB 1.a(USBUART_drv.o)
                0x00004384                USBUART_NoDataControlStatusStage
 .text.USBUART_UpdateStatusBlock
                0x000043d4       0x40 .\CortexM0\ARM_GCC_541\Debug\GPIB USB 1.a(USBUART_drv.o)
                0x000043d4                USBUART_UpdateStatusBlock
 .text.USBUART_InitializeStatusBlock
                0x00004414       0x30 .\CortexM0\ARM_GCC_541\Debug\GPIB USB 1.a(USBUART_drv.o)
                0x00004414                USBUART_InitializeStatusBlock
 .text.USBUART_EP_1_ISR
                0x00004444       0x48 .\CortexM0\ARM_GCC_541\Debug\GPIB USB 1.a(USBUART_episr.o)
                0x00004444                USBUART_EP_1_ISR
 .text.USBUART_EP_2_ISR
                0x0000448c       0x4c .\CortexM0\ARM_GCC_541\Debug\GPIB USB 1.a(USBUART_episr.o)
                0x0000448c                USBUART_EP_2_ISR
 .text.USBUART_EP_3_ISR
                0x000044d8       0x54 .\CortexM0\ARM_GCC_541\Debug\GPIB USB 1.a(USBUART_episr.o)
                0x000044d8                USBUART_EP_3_ISR
 .text.USBUART_SOF_ISR
                0x0000452c       0x14 .\CortexM0\ARM_GCC_541\Debug\GPIB USB 1.a(USBUART_episr.o)
                0x0000452c                USBUART_SOF_ISR
 .text.USBUART_BUS_RESET_ISR
                0x00004540       0x18 .\CortexM0\ARM_GCC_541\Debug\GPIB USB 1.a(USBUART_episr.o)
                0x00004540                USBUART_BUS_RESET_ISR
 .text.USBUART_IntrHandler
                0x00004558       0x60 .\CortexM0\ARM_GCC_541\Debug\GPIB USB 1.a(USBUART_episr.o)
 .text.USBUART_INTR_HI_ISR
                0x000045b8       0x18 .\CortexM0\ARM_GCC_541\Debug\GPIB USB 1.a(USBUART_episr.o)
                0x000045b8                USBUART_INTR_HI_ISR
 .text.USBUART_INTR_MED_ISR
                0x000045d0       0x18 .\CortexM0\ARM_GCC_541\Debug\GPIB USB 1.a(USBUART_episr.o)
                0x000045d0                USBUART_INTR_MED_ISR
 .text.USBUART_INTR_LO_ISR
                0x000045e8       0x18 .\CortexM0\ARM_GCC_541\Debug\GPIB USB 1.a(USBUART_episr.o)
                0x000045e8                USBUART_INTR_LO_ISR
 .text.USBUART_DP_ISR
                0x00004600       0x10 .\CortexM0\ARM_GCC_541\Debug\GPIB USB 1.a(USBUART_pm.o)
                0x00004600                USBUART_DP_ISR
 .text.USBUART_HandleStandardRqst
                0x00004610      0x484 .\CortexM0\ARM_GCC_541\Debug\GPIB USB 1.a(USBUART_std.o)
                0x00004610                USBUART_HandleStandardRqst
 .text.USBUART_ReadDieID
                0x00004a94       0xb8 .\CortexM0\ARM_GCC_541\Debug\GPIB USB 1.a(USBUART_std.o)
                0x00004a94                USBUART_ReadDieID
 .text.USBUART_ConfigReg
                0x00004b4c       0xe4 .\CortexM0\ARM_GCC_541\Debug\GPIB USB 1.a(USBUART_std.o)
                0x00004b4c                USBUART_ConfigReg
 .text.USBUART_Config
                0x00004c30      0x454 .\CortexM0\ARM_GCC_541\Debug\GPIB USB 1.a(USBUART_std.o)
                0x00004c30                USBUART_Config
 .text.USBUART_ConfigAltChanged
                0x00005084      0x220 .\CortexM0\ARM_GCC_541\Debug\GPIB USB 1.a(USBUART_std.o)
                0x00005084                USBUART_ConfigAltChanged
 .text.USBUART_GetConfigTablePtr
                0x000052a4       0x58 .\CortexM0\ARM_GCC_541\Debug\GPIB USB 1.a(USBUART_std.o)
                0x000052a4                USBUART_GetConfigTablePtr
 .text.USBUART_GetDeviceTablePtr
                0x000052fc       0x24 .\CortexM0\ARM_GCC_541\Debug\GPIB USB 1.a(USBUART_std.o)
                0x000052fc                USBUART_GetDeviceTablePtr
 .text.USBUART_GetInterfaceClassTablePtr
                0x00005320       0x54 .\CortexM0\ARM_GCC_541\Debug\GPIB USB 1.a(USBUART_std.o)
                0x00005320                USBUART_GetInterfaceClassTablePtr
 .text.USBUART_SetEndpointHalt
                0x00005374       0xec .\CortexM0\ARM_GCC_541\Debug\GPIB USB 1.a(USBUART_std.o)
                0x00005374                USBUART_SetEndpointHalt
 .text.USBUART_ClearEndpointHalt
                0x00005460      0x158 .\CortexM0\ARM_GCC_541\Debug\GPIB USB 1.a(USBUART_std.o)
                0x00005460                USBUART_ClearEndpointHalt
 .text.USBUART_ValidateAlternateSetting
                0x000055b8       0x9c .\CortexM0\ARM_GCC_541\Debug\GPIB USB 1.a(USBUART_std.o)
                0x000055b8                USBUART_ValidateAlternateSetting
 .text.USBUART_HandleVendorRqst
                0x00005654       0x34 .\CortexM0\ARM_GCC_541\Debug\GPIB USB 1.a(USBUART_vnd.o)
                0x00005654                USBUART_HandleVendorRqst
 .text.USBUART_Dp_ClearInterrupt
                0x00005688       0x2c .\CortexM0\ARM_GCC_541\Debug\GPIB USB 1.a(USBUART_Dp.o)
                0x00005688                USBUART_Dp_ClearInterrupt
 .text.PWM_1_Init
                0x000056b4       0x5c .\CortexM0\ARM_GCC_541\Debug\GPIB USB 1.a(PWM_1.o)
                0x000056b4                PWM_1_Init
 .text.PWM_1_Enable
                0x00005710       0x3c .\CortexM0\ARM_GCC_541\Debug\GPIB USB 1.a(PWM_1.o)
                0x00005710                PWM_1_Enable
 .text.PWM_1_Start
                0x0000574c       0x24 .\CortexM0\ARM_GCC_541\Debug\GPIB USB 1.a(PWM_1.o)
                0x0000574c                PWM_1_Start
 .text.PWM_1_WriteCounter
                0x00005770       0x20 .\CortexM0\ARM_GCC_541\Debug\GPIB USB 1.a(PWM_1.o)
                0x00005770                PWM_1_WriteCounter
 .text.PWM_1_WritePeriod
                0x00005790       0x20 .\CortexM0\ARM_GCC_541\Debug\GPIB USB 1.a(PWM_1.o)
                0x00005790                PWM_1_WritePeriod
 .text.PWM_1_WriteCompare
                0x000057b0       0x20 .\CortexM0\ARM_GCC_541\Debug\GPIB USB 1.a(PWM_1.o)
                0x000057b0                PWM_1_WriteCompare
 .text.PWM_1_TriggerCommand
                0x000057d0       0x3c .\CortexM0\ARM_GCC_541\Debug\GPIB USB 1.a(PWM_1.o)
                0x000057d0                PWM_1_TriggerCommand
 .text.PWM_1_SetInterruptMode
                0x0000580c       0x1c .\CortexM0\ARM_GCC_541\Debug\GPIB USB 1.a(PWM_1.o)
                0x0000580c                PWM_1_SetInterruptMode
 .text.EEPROM_Init
                0x00005828       0x5c .\CortexM0\ARM_GCC_541\Debug\GPIB USB 1.a(EEPROM.o)
                0x00005828                EEPROM_Init
 .text.Timer1_Init
                0x00005884       0x38 .\CortexM0\ARM_GCC_541\Debug\GPIB USB 1.a(Timer1.o)
                0x00005884                Timer1_Init
 .text.Timer1_Enable
                0x000058bc       0x3c .\CortexM0\ARM_GCC_541\Debug\GPIB USB 1.a(Timer1.o)
                0x000058bc                Timer1_Enable
 .text.Timer1_Start
                0x000058f8       0x24 .\CortexM0\ARM_GCC_541\Debug\GPIB USB 1.a(Timer1.o)
                0x000058f8                Timer1_Start
 .text.Timer1_WriteCounter
                0x0000591c       0x20 .\CortexM0\ARM_GCC_541\Debug\GPIB USB 1.a(Timer1.o)
                0x0000591c                Timer1_WriteCounter
 .text.Timer1_ReadCounter
                0x0000593c       0x18 .\CortexM0\ARM_GCC_541\Debug\GPIB USB 1.a(Timer1.o)
                0x0000593c                Timer1_ReadCounter
 .text.Timer1_WritePeriod
                0x00005954       0x20 .\CortexM0\ARM_GCC_541\Debug\GPIB USB 1.a(Timer1.o)
                0x00005954                Timer1_WritePeriod
 .text.Timer1_TriggerCommand
                0x00005974       0x3c .\CortexM0\ARM_GCC_541\Debug\GPIB USB 1.a(Timer1.o)
                0x00005974                Timer1_TriggerCommand
 .text.Timer1_SetInterruptMode
                0x000059b0       0x1c .\CortexM0\ARM_GCC_541\Debug\GPIB USB 1.a(Timer1.o)
                0x000059b0                Timer1_SetInterruptMode
 *fill*         0x000059cc        0x4 
 .text          0x000059d0       0x20 .\CortexM0\ARM_GCC_541\Debug\GPIB USB 1.a(CyBootAsmGnu.o)
                0x000059d0                CyDelayCycles
                0x000059e2                CyEnterCriticalSection
                0x000059ea                CyExitCriticalSection
 .text.USBUART_DispatchClassRqst
                0x000059f0       0x94 .\CortexM0\ARM_GCC_541\Debug\GPIB USB 1.a(USBUART_cls.o)
                0x000059f0                USBUART_DispatchClassRqst
 .text          0x00005a84      0x114 c:/program files (x86)/cypress/psoc creator/4.2/psoc creator/import/gnu/arm/5.4.1/bin/../lib/gcc/arm-none-eabi/5.4.1/armv6-m\libgcc.a(_udivsi3.o)
                0x00005a84                __aeabi_uidiv
                0x00005a84                __udivsi3
                0x00005b90                __aeabi_uidivmod
 .text          0x00005b98        0x4 c:/program files (x86)/cypress/psoc creator/4.2/psoc creator/import/gnu/arm/5.4.1/bin/../lib/gcc/arm-none-eabi/5.4.1/armv6-m\libgcc.a(_dvmd_tls.o)
                0x00005b98                __aeabi_idiv0
                0x00005b98                __aeabi_ldiv0
 .text.__errno  0x00005b9c        0xc c:/program files (x86)/cypress/psoc creator/4.2/psoc creator/import/gnu/arm/5.4.1/bin/../lib/gcc/arm-none-eabi/5.4.1/../../../../arm-none-eabi/lib/armv6-m\libg_nano.a(lib_a-errno.o)
                0x00005b9c                __errno
 .text.__libc_init_array
                0x00005ba8       0x4c c:/program files (x86)/cypress/psoc creator/4.2/psoc creator/import/gnu/arm/5.4.1/bin/../lib/gcc/arm-none-eabi/5.4.1/../../../../arm-none-eabi/lib/armv6-m\libg_nano.a(lib_a-init.o)
                0x00005ba8                __libc_init_array
 .text.memcmp   0x00005bf4       0x1e c:/program files (x86)/cypress/psoc creator/4.2/psoc creator/import/gnu/arm/5.4.1/bin/../lib/gcc/arm-none-eabi/5.4.1/../../../../arm-none-eabi/lib/armv6-m\libg_nano.a(lib_a-memcmp.o)
                0x00005bf4                memcmp
 .text.memcpy   0x00005c12       0x12 c:/program files (x86)/cypress/psoc creator/4.2/psoc creator/import/gnu/arm/5.4.1/bin/../lib/gcc/arm-none-eabi/5.4.1/../../../../arm-none-eabi/lib/armv6-m\libg_nano.a(lib_a-memcpy-stub.o)
                0x00005c12                memcpy
 .text.memset   0x00005c24       0x10 c:/program files (x86)/cypress/psoc creator/4.2/psoc creator/import/gnu/arm/5.4.1/bin/../lib/gcc/arm-none-eabi/5.4.1/../../../../arm-none-eabi/lib/armv6-m\libg_nano.a(lib_a-memset.o)
                0x00005c24                memset
 .text.strchr   0x00005c34       0x1c c:/program files (x86)/cypress/psoc creator/4.2/psoc creator/import/gnu/arm/5.4.1/bin/../lib/gcc/arm-none-eabi/5.4.1/../../../../arm-none-eabi/lib/armv6-m\libg_nano.a(lib_a-strchr.o)
                0x00005c34                strchr
 .text          0x00005c50       0x14 c:/program files (x86)/cypress/psoc creator/4.2/psoc creator/import/gnu/arm/5.4.1/bin/../lib/gcc/arm-none-eabi/5.4.1/../../../../arm-none-eabi/lib/armv6-m\libg_nano.a(lib_a-strcmp.o)
                0x00005c50                strcmp
 .text          0x00005c64        0xe c:/program files (x86)/cypress/psoc creator/4.2/psoc creator/import/gnu/arm/5.4.1/bin/../lib/gcc/arm-none-eabi/5.4.1/../../../../arm-none-eabi/lib/armv6-m\libg_nano.a(lib_a-strlen.o)
                0x00005c64                strlen
 .text._vsnprintf_r
                0x00005c72       0x56 c:/program files (x86)/cypress/psoc creator/4.2/psoc creator/import/gnu/arm/5.4.1/bin/../lib/gcc/arm-none-eabi/5.4.1/../../../../arm-none-eabi/lib/armv6-m\libg_nano.a(lib_a-vsnprintf.o)
                0x00005c72                _vsniprintf_r
                0x00005c72                _vsnprintf_r
 .text.vsnprintf
                0x00005cc8       0x18 c:/program files (x86)/cypress/psoc creator/4.2/psoc creator/import/gnu/arm/5.4.1/bin/../lib/gcc/arm-none-eabi/5.4.1/../../../../arm-none-eabi/lib/armv6-m\libg_nano.a(lib_a-vsnprintf.o)
                0x00005cc8                vsniprintf
                0x00005cc8                vsnprintf
 .text.__ssputs_r
                0x00005ce0       0xc4 c:/program files (x86)/cypress/psoc creator/4.2/psoc creator/import/gnu/arm/5.4.1/bin/../lib/gcc/arm-none-eabi/5.4.1/../../../../arm-none-eabi/lib/armv6-m\libg_nano.a(lib_a-nano-svfprintf.o)
                0x00005ce0                __ssputs_r
 .text._svfprintf_r
                0x00005da4      0x1fc c:/program files (x86)/cypress/psoc creator/4.2/psoc creator/import/gnu/arm/5.4.1/bin/../lib/gcc/arm-none-eabi/5.4.1/../../../../arm-none-eabi/lib/armv6-m\libg_nano.a(lib_a-nano-svfprintf.o)
                0x00005da4                _svfiprintf_r
                0x00005da4                _svfprintf_r
 .text._printf_common
                0x00005fa0       0xdc c:/program files (x86)/cypress/psoc creator/4.2/psoc creator/import/gnu/arm/5.4.1/bin/../lib/gcc/arm-none-eabi/5.4.1/../../../../arm-none-eabi/lib/armv6-m\libg_nano.a(lib_a-nano-vfprintf_i.o)
                0x00005fa0                _printf_common
 .text._printf_i
                0x0000607c      0x244 c:/program files (x86)/cypress/psoc creator/4.2/psoc creator/import/gnu/arm/5.4.1/bin/../lib/gcc/arm-none-eabi/5.4.1/../../../../arm-none-eabi/lib/armv6-m\libg_nano.a(lib_a-nano-vfprintf_i.o)
                0x0000607c                _printf_i
 .text.memchr   0x000062c0       0x16 c:/program files (x86)/cypress/psoc creator/4.2/psoc creator/import/gnu/arm/5.4.1/bin/../lib/gcc/arm-none-eabi/5.4.1/../../../../arm-none-eabi/lib/armv6-m\libg_nano.a(lib_a-memchr-stub.o)
                0x000062c0                memchr
 .text.memmove  0x000062d6       0x2a c:/program files (x86)/cypress/psoc creator/4.2/psoc creator/import/gnu/arm/5.4.1/bin/../lib/gcc/arm-none-eabi/5.4.1/../../../../arm-none-eabi/lib/armv6-m\libg_nano.a(lib_a-memmove.o)
                0x000062d6                memmove
 .text._free_r  0x00006300       0x98 c:/program files (x86)/cypress/psoc creator/4.2/psoc creator/import/gnu/arm/5.4.1/bin/../lib/gcc/arm-none-eabi/5.4.1/../../../../arm-none-eabi/lib/armv6-m\libg_nano.a(lib_a-nano-freer.o)
                0x00006300                _free_r
 .text._malloc_r
                0x00006398       0xc0 c:/program files (x86)/cypress/psoc creator/4.2/psoc creator/import/gnu/arm/5.4.1/bin/../lib/gcc/arm-none-eabi/5.4.1/../../../../arm-none-eabi/lib/armv6-m\libg_nano.a(lib_a-nano-mallocr.o)
                0x00006398                _malloc_r
 .text._realloc_r
                0x00006458       0x4c c:/program files (x86)/cypress/psoc creator/4.2/psoc creator/import/gnu/arm/5.4.1/bin/../lib/gcc/arm-none-eabi/5.4.1/../../../../arm-none-eabi/lib/armv6-m\libg_nano.a(lib_a-nano-reallocr.o)
                0x00006458                _realloc_r
 .text._sbrk_r  0x000064a4       0x24 c:/program files (x86)/cypress/psoc creator/4.2/psoc creator/import/gnu/arm/5.4.1/bin/../lib/gcc/arm-none-eabi/5.4.1/../../../../arm-none-eabi/lib/armv6-m\libg_nano.a(lib_a-sbrkr.o)
                0x000064a4                _sbrk_r
 .text.__malloc_lock
                0x000064c8        0x2 c:/program files (x86)/cypress/psoc creator/4.2/psoc creator/import/gnu/arm/5.4.1/bin/../lib/gcc/arm-none-eabi/5.4.1/../../../../arm-none-eabi/lib/armv6-m\libg_nano.a(lib_a-mlock.o)
                0x000064c8                __malloc_lock
 .text.__malloc_unlock
                0x000064ca        0x2 c:/program files (x86)/cypress/psoc creator/4.2/psoc creator/import/gnu/arm/5.4.1/bin/../lib/gcc/arm-none-eabi/5.4.1/../../../../arm-none-eabi/lib/armv6-m\libg_nano.a(lib_a-mlock.o)
                0x000064ca                __malloc_unlock
 .text._malloc_usable_size_r
                0x000064cc       0x16 c:/program files (x86)/cypress/psoc creator/4.2/psoc creator/import/gnu/arm/5.4.1/bin/../lib/gcc/arm-none-eabi/5.4.1/../../../../arm-none-eabi/lib/armv6-m\libg_nano.a(lib_a-nano-msizer.o)
                0x000064cc                _malloc_usable_size_r
 *(.plt)
 *(.gnu.warning)
 *(.glue_7t)
 .glue_7t       0x000064e2        0x0 linker stubs
 *(.glue_7)
 .glue_7        0x000064e2        0x0 linker stubs
 *(.vfp11_veneer)
 .vfp11_veneer  0x000064e2        0x0 linker stubs
 *(.bootloader)
 *(.ARM.extab* .gnu.linkonce.armextab.*)
 *(.gcc_except_table)

.v4_bx          0x000064e4        0x0
 .v4_bx         0x000064e4        0x0 linker stubs

.iplt           0x000064e4        0x0
 .iplt          0x000064e4        0x0 c:/program files (x86)/cypress/psoc creator/4.2/psoc creator/import/gnu/arm/5.4.1/bin/../lib/gcc/arm-none-eabi/5.4.1/armv6-m/crtbegin.o

.eh_frame_hdr
 *(.eh_frame_hdr)

.eh_frame       0x000064e4        0x4
 *(.eh_frame)
 .eh_frame      0x000064e4        0x0 c:/program files (x86)/cypress/psoc creator/4.2/psoc creator/import/gnu/arm/5.4.1/bin/../lib/gcc/arm-none-eabi/5.4.1/armv6-m/crtbegin.o
 .eh_frame      0x000064e4        0x4 c:/program files (x86)/cypress/psoc creator/4.2/psoc creator/import/gnu/arm/5.4.1/bin/../lib/gcc/arm-none-eabi/5.4.1/armv6-m/crtend.o
                [!provide]                PROVIDE (__exidx_start, .)

.ARM.exidx
 *(.ARM.exidx* .gnu.linkonce.armexidx.*)
                0x000064e8                __exidx_end = .

.rodata         0x00006500      0xde8
 *(.rodata .rodata.* .gnu.linkonce.r.*)
 .rodata        0x00006500       0x3a .\CortexM0\ARM_GCC_541\Debug\serial.o
 *fill*         0x0000653a        0x2 
 .rodata        0x0000653c       0x51 .\CortexM0\ARM_GCC_541\Debug\input.o
                0x0000654c                escapes
 *fill*         0x0000658d        0x3 
 .rodata        0x00006590      0x83a .\CortexM0\ARM_GCC_541\Debug\command.o
                0x00006874                commands
                0x00006c2c                auto_means
                0x00006c60                enable_disable_means
                0x00006cec                eos_means
 *fill*         0x00006dca       0x36 
 .rodata        0x00006e00      0x200 .\CortexM0\ARM_GCC_541\Debug\settings.o
                0x00006e00                eeprom
 .rodata        0x00007000       0x70 .\CortexM0\ARM_GCC_541\Debug\cyfitter_cfg.o
 .rodata        0x00007070       0x2e .\CortexM0\ARM_GCC_541\Debug\GPIB USB 1.a(CyLib.o)
                0x00007070                cyImoFreqMhz2Reg
 *fill*         0x0000709e        0x2 
 .rodata        0x000070a0       0x34 .\CortexM0\ARM_GCC_541\Debug\GPIB USB 1.a(USBUART_episr.o)
 .rodata        0x000070d4       0x41 .\CortexM0\ARM_GCC_541\Debug\GPIB USB 1.a(USBUART_std.o)
 *fill*         0x00007115        0x3 
 .rodata        0x00007118      0x160 .\CortexM0\ARM_GCC_541\Debug\GPIB USB 1.a(USBUART_descr.o)
                0x00007118                USBUART_DEVICE0_DESCR
                0x0000712c                USBUART_DEVICE0_CONFIGURATION0_DESCR
                0x00007170                USBUART_STRING_DESCRIPTORS
                0x00007210                USBUART_SN_STRING_DESCRIPTOR
                0x00007214                USBUART_DEVICE0_CONFIGURATION0_EP_SETTINGS_TABLE
                0x0000722c                USBUART_DEVICE0_CONFIGURATION0_INTERFACE_CLASS
                0x00007230                USBUART_DEVICE0_CONFIGURATION0_TABLE
                0x00007258                USBUART_DEVICE0_TABLE
                0x00007270                USBUART_TABLE
 .rodata.str1.1
                0x00007278        0x2 c:/program files (x86)/cypress/psoc creator/4.2/psoc creator/import/gnu/arm/5.4.1/bin/../lib/gcc/arm-none-eabi/5.4.1/../../../../arm-none-eabi/lib/armv6-m\libg_nano.a(lib_a-impure.o)
 .rodata.str1.1
                0x0000727a       0x11 c:/program files (x86)/cypress/psoc creator/4.2/psoc creator/import/gnu/arm/5.4.1/bin/../lib/gcc/arm-none-eabi/5.4.1/../../../../arm-none-eabi/lib/armv6-m\libg_nano.a(lib_a-nano-svfprintf.o)
 .rodata.str1.1
                0x0000728b       0x22 c:/program files (x86)/cypress/psoc creator/4.2/psoc creator/import/gnu/arm/5.4.1/bin/../lib/gcc/arm-none-eabi/5.4.1/../../../../arm-none-eabi/lib/armv6-m\libg_nano.a(lib_a-nano-vfprintf_i.o)
                0x000072b0                . = ALIGN (0x4)
 *fill*         0x000072ad        0x3 
 *(.init)
 .init          0x000072b0        0x4 c:/program files (x86)/cypress/psoc creator/4.2/psoc creator/import/gnu/arm/5.4.1/bin/../lib/gcc/arm-none-eabi/5.4.1/armv6-m/crti.o
                0x000072b0                _init
 .init          0x000072b4        0x8 c:/program files (x86)/cypress/psoc creator/4.2/psoc creator/import/gnu/arm/5.4.1/bin/../lib/gcc/arm-none-eabi/5.4.1/armv6-m/crtn.o
                0x000072bc                . = ALIGN (0x4)
                0x000072bc                __preinit_array_start = .
 *(.preinit_array)
                0x000072bc                __preinit_array_end = .
                0x000072bc                . = ALIGN (0x4)
                0x000072bc                __init_array_start = .
 *(SORT(.init_array.*))
 *(.init_array)
 .init_array    0x000072bc        0x4 c:/program files (x86)/cypress/psoc creator/4.2/psoc creator/import/gnu/arm/5.4.1/bin/../lib/gcc/arm-none-eabi/5.4.1/armv6-m/crtbegin.o
 .init_array    0x000072c0        0x4 .\CortexM0\ARM_GCC_541\Debug\Cm0Start.o
                0x000072c4                __init_array_end = .
                0x000072c4                . = ALIGN (0x4)
 *(.fini)
 .fini          0x000072c4        0x4 c:/program files (x86)/cypress/psoc creator/4.2/psoc creator/import/gnu/arm/5.4.1/bin/../lib/gcc/arm-none-eabi/5.4.1/armv6-m/crti.o
                0x000072c4                _fini
 .fini          0x000072c8        0x8 c:/program files (x86)/cypress/psoc creator/4.2/psoc creator/import/gnu/arm/5.4.1/bin/../lib/gcc/arm-none-eabi/5.4.1/armv6-m/crtn.o
                0x000072d0                . = ALIGN (0x4)
                0x000072d0                __fini_array_start = .
 *(.fini_array)
 .fini_array    0x000072d0        0x4 c:/program files (x86)/cypress/psoc creator/4.2/psoc creator/import/gnu/arm/5.4.1/bin/../lib/gcc/arm-none-eabi/5.4.1/armv6-m/crtbegin.o
 *(SORT(.fini_array.*))
                0x000072d4                __fini_array_end = .
                0x000072d4                . = ALIGN (0x4)
 *crtbegin.o(.ctors)
 *(EXCLUDE_FILE(*crtend.o) .ctors)
 *(SORT(.ctors.*))
 *crtend.o(.ctors)
                0x000072d4                . = ALIGN (0x4)
 *crtbegin.o(.dtors)
 *(EXCLUDE_FILE(*crtend.o) .dtors)
 *(SORT(.dtors.*))
 *crtend.o(.dtors)
                0x000072d4                . = ALIGN (0x4)
                0x000072d4                __cy_regions = .
                0x000072d4        0x4 LONG 0x72e8 __cy_region_init_ram
                0x000072d8        0x4 LONG 0x200000c8 __cy_region_start_data
                0x000072dc        0x4 LONG 0x110 __cy_region_init_size_ram
                0x000072e0        0x4 LONG 0x5e0 __cy_region_zero_size_ram
                0x000072e4                __cy_regions_end = .
                0x000072e8                . = ALIGN (0x8)
 *fill*         0x000072e4        0x4 
                0x000072e8                _etext = .

.cy_checksum_exclude
                0x000072e8        0x0
 *(.cy_checksum_exclude)

.ramvectors     0x20000000       0xc0
                0x20000000                __cy_region_start_ram = .
 *(.ramvectors)
 .ramvectors    0x20000000       0xc0 .\CortexM0\ARM_GCC_541\Debug\Cm0Start.o
                0x20000000                CyRamVectors

.noinit         0x200000c0        0x4
 *(.noinit)
 .noinit        0x200000c0        0x4 .\CortexM0\ARM_GCC_541\Debug\Cm0Start.o

.data           0x200000c8      0x110 load address 0x000072e8
                0x200000c8                __cy_region_start_data = .
 *(.jcr)
 .jcr           0x200000c8        0x0 c:/program files (x86)/cypress/psoc creator/4.2/psoc creator/import/gnu/arm/5.4.1/bin/../lib/gcc/arm-none-eabi/5.4.1/armv6-m/crtbegin.o
 .jcr           0x200000c8        0x4 c:/program files (x86)/cypress/psoc creator/4.2/psoc creator/import/gnu/arm/5.4.1/bin/../lib/gcc/arm-none-eabi/5.4.1/armv6-m/crtend.o
 *(.got.plt)
 *(.got)
 *(.shdata)
 *(.data .data.* .gnu.linkonce.d.*)
 .data          0x200000cc        0xc .\CortexM0\ARM_GCC_541\Debug\gpib.o
                0x200000cc                my_address
                0x200000d0                listening
                0x200000d4                talking
 .data          0x200000d8        0x8 .\CortexM0\ARM_GCC_541\Debug\serial.o
                0x200000d8                output_free
                0x200000dc                input_p
 .data          0x200000e0       0x58 .\CortexM0\ARM_GCC_541\Debug\command.o
                0x200000e0                no_usage_args
                0x200000e8                enable_disable_usage
 .data          0x20000138        0x4 .\CortexM0\ARM_GCC_541\Debug\Cm0Start.o
 .data          0x2000013c       0x14 .\CortexM0\ARM_GCC_541\Debug\GPIB USB 1.a(CyLib.o)
                0x2000013c                cydelayFreqHz
                0x20000140                cydelayFreqKhz
                0x20000144                cydelayFreqMhz
                0x20000148                cydelay32kMs
                0x2000014c                CySysClkPumpConfig
 .data          0x20000150        0x8 .\CortexM0\ARM_GCC_541\Debug\GPIB USB 1.a(CyLFClk.o)
 .data          0x20000158       0x1a .\CortexM0\ARM_GCC_541\Debug\GPIB USB 1.a(USBUART_cdc.o)
                0x20000158                USBUART_linesCoding
 *fill*         0x20000172        0x2 
 .data.impure_data
                0x20000174       0x60 c:/program files (x86)/cypress/psoc creator/4.2/psoc creator/import/gnu/arm/5.4.1/bin/../lib/gcc/arm-none-eabi/5.4.1/../../../../arm-none-eabi/lib/armv6-m\libg_nano.a(lib_a-impure.o)
 .data._impure_ptr
                0x200001d4        0x4 c:/program files (x86)/cypress/psoc creator/4.2/psoc creator/import/gnu/arm/5.4.1/bin/../lib/gcc/arm-none-eabi/5.4.1/../../../../arm-none-eabi/lib/armv6-m\libg_nano.a(lib_a-impure.o)
                0x200001d4                _impure_ptr
                0x200001d8                . = ALIGN (0x8)
 *(.ram)
                0x200001d8                _edata = .

.igot.plt       0x200001d8        0x0 load address 0x000073f8
 .igot.plt      0x200001d8        0x0 c:/program files (x86)/cypress/psoc creator/4.2/psoc creator/import/gnu/arm/5.4.1/bin/../lib/gcc/arm-none-eabi/5.4.1/armv6-m/crtbegin.o

.bss            0x200001d8      0x5e0 load address 0x000073f8
                0x200001d8                PROVIDE (__bss_start__, .)
 *(.shbss)
 *(.bss .bss.* .gnu.linkonce.b.*)
 .bss           0x200001d8       0x1c c:/program files (x86)/cypress/psoc creator/4.2/psoc creator/import/gnu/arm/5.4.1/bin/../lib/gcc/arm-none-eabi/5.4.1/armv6-m/crtbegin.o
 .bss           0x200001f4        0x4 .\CortexM0\ARM_GCC_541\Debug\gpib.o
                0x200001f4                _gpib_mode
 .bss           0x200001f8       0x1c .\CortexM0\ARM_GCC_541\Debug\serial.o
                0x200001f8                input_avail
                0x200001fc                autoread
                0x20000200                cmdbuf_len
                0x20000204                mode
                0x20000208                charmode
                0x2000020c                last
                0x20000210                was_query
 .bss           0x20000214       0x10 .\CortexM0\ARM_GCC_541\Debug\input.o
                0x20000214                last_buf_len
                0x20000218                input_buf_len
                0x2000021c                input_cursor_pos
                0x20000220                escape
 .bss           0x20000224        0x4 .\CortexM0\ARM_GCC_541\Debug\command.o
                0x20000224                tok_count
 .bss           0x20000228       0x20 .\CortexM0\ARM_GCC_541\Debug\GPIB USB 1.a(CyLib.o)
                0x2000023c                CySysTickInitVar
                0x20000240                CySysClkImoTrim4
                0x20000244                CySysClkImoTrim5
 .bss           0x20000248       0x28 .\CortexM0\ARM_GCC_541\Debug\GPIB USB 1.a(CyLFClk.o)
 .bss           0x20000270        0x1 .\CortexM0\ARM_GCC_541\Debug\GPIB USB 1.a(USBUART.o)
                0x20000270                USBUART_initVar
 .bss           0x20000271        0x1 .\CortexM0\ARM_GCC_541\Debug\GPIB USB 1.a(USBUART_cdc.o)
 *fill*         0x20000272        0x2 
 .bss           0x20000274        0x2 .\CortexM0\ARM_GCC_541\Debug\GPIB USB 1.a(USBUART_std.o)
 .bss           0x20000276        0x1 .\CortexM0\ARM_GCC_541\Debug\GPIB USB 1.a(PWM_1.o)
                0x20000276                PWM_1_initVar
 .bss           0x20000277        0x1 .\CortexM0\ARM_GCC_541\Debug\GPIB USB 1.a(Timer1.o)
                0x20000277                Timer1_initVar
 .bss.__malloc_sbrk_start
                0x20000278        0x4 c:/program files (x86)/cypress/psoc creator/4.2/psoc creator/import/gnu/arm/5.4.1/bin/../lib/gcc/arm-none-eabi/5.4.1/../../../../arm-none-eabi/lib/armv6-m\libg_nano.a(lib_a-nano-mallocr.o)
                0x20000278                __malloc_sbrk_start
 .bss.__malloc_free_list
                0x2000027c        0x4 c:/program files (x86)/cypress/psoc creator/4.2/psoc creator/import/gnu/arm/5.4.1/bin/../lib/gcc/arm-none-eabi/5.4.1/../../../../arm-none-eabi/lib/armv6-m\libg_nano.a(lib_a-nano-mallocr.o)
                0x2000027c                __malloc_free_list
 *(COMMON)
 COMMON         0x20000280      0x2cc .\CortexM0\ARM_GCC_541\Debug\serial.o
                0x20000280                cmdbuf
                0x200002c0                end
                0x200002c4                output_buffer
                0x20000304                input_buffer
                0x20000344                d
                0x20000348                s
                0x2000034c                general_buffer
 COMMON         0x2000054c      0x108 .\CortexM0\ARM_GCC_541\Debug\input.o
                0x2000054c                esc_buf
                0x20000554                input_buf
                0x200005d4                last_buf
 COMMON         0x20000654       0x50 .\CortexM0\ARM_GCC_541\Debug\command.o
                0x20000654                toks
 COMMON         0x200006a4       0x18 .\CortexM0\ARM_GCC_541\Debug\settings.o
                0x200006a4                settings
 COMMON         0x200006bc       0x18 .\CortexM0\ARM_GCC_541\Debug\GPIB USB 1.a(USBUART_cdc.o)
                0x200006bc                USBUART_linesChanged
                0x200006c0                USBUART_cdcDataInEp
                0x200006c4                USBUART_cdcCommInInterruptEp
                0x200006c8                USBUART_cdcDataOutEp
                0x200006cc                USBUART_serialStateBitmap
                0x200006d0                USBUART_linesControlBitmap
 COMMON         0x200006d4       0x9a .\CortexM0\ARM_GCC_541\Debug\GPIB USB 1.a(USBUART_drv.o)
                0x200006d4                USBUART_lastPacketSize
                0x200006d5                USBUART_device
                0x200006d6                USBUART_transferByteCount
                0x200006d8                USBUART_transferState
                0x200006dc                USBUART_interfaceSettingLast
                0x200006e0                USBUART_currentTD
                0x200006ec                USBUART_interfaceNumber
                0x200006f0                USBUART_interfaceClass
                0x200006f4                USBUART_configurationChanged
                0x200006f5                USBUART_ep0Mode
                0x200006f6                USBUART_deviceAddress
                0x200006f7                USBUART_configuration
                0x200006f8                USBUART_ep0Count
                0x200006f9                USBUART_deviceStatus
                0x200006fc                USBUART_EP
                0x20000768                USBUART_interfaceSetting
                0x2000076a                USBUART_ep0Toggle
                0x2000076c                USBUART_interfaceStatus
 *fill*         0x2000076e        0x2 
 COMMON         0x20000770       0x1c .\CortexM0\ARM_GCC_541\Debug\GPIB USB 1.a(EEPROM.o)
                0x20000770                EEPROM_context
 COMMON         0x2000078c       0x22 .\CortexM0\ARM_GCC_541\Debug\GPIB USB 1.a(USBUART_descr.o)
                0x2000078c                USBUART_idSerialNumberStringDescriptor
 *fill*         0x200007ae        0x2 
 COMMON         0x200007b0        0x4 c:/program files (x86)/cypress/psoc creator/4.2/psoc creator/import/gnu/arm/5.4.1/bin/../lib/gcc/arm-none-eabi/5.4.1/../../../../arm-none-eabi/lib/armv6-m\libg_nano.a(lib_a-reent.o)
                0x200007b0                errno
                0x200007b8                . = ALIGN (0x8)
 *fill*         0x200007b4        0x4 
 *(.ram.b)
                0x200007b8                _end = .
                0x200007b8                __end = .
                [!provide]                PROVIDE (end, .)
                0x200007b8                PROVIDE (__bss_end__, .)
                0x000072e8                __cy_region_init_ram = LOADADDR (.data)
                0x00000110                __cy_region_init_size_ram = (_edata - ADDR (.data))
                0x000005e0                __cy_region_zero_size_ram = (_end - _edata)

.heap           0x200007b8       0x80 load address 0x000073f8
                0x200007b8                . = _end
                0x20000838                . = (. + 0x80)
 *fill*         0x200007b8       0x80 
                0x20000838                __cy_heap_limit = .

.stack          0x20001800      0x800
                0x20001800                __cy_stack_limit = .
                0x20002000                . = (. + 0x800)
 *fill*         0x20001800      0x800 
                0x00000001                ASSERT ((__cy_stack_limit >= __cy_heap_limit), region RAM overflowed with stack)
                0x00000000                cy_checksum_exclude_size = (CY_APPL_LOADABLE == 0x1)?SIZEOF (.cy_checksum_exclude):0x0
                0x00000001                ASSERT ((cy_checksum_exclude_size <= CY_CHECKSUM_EXCLUDE_SIZE), CY_BOOT: Section .cy_checksum_exclude size exceedes specified limit.)
                0x0000ffc0                cyloadermeta_start = (cy_project_type_bootloader || cy_project_type_app_for_stack_and_copier)?(LENGTH (rom) - CY_METADATA_SIZE):0xf0000000

.cyloadermeta
 *(.cyloadermeta)
                0x0000ffc0                cyloadablemeta_start = cy_project_type_app_for_stack_and_copier?((LENGTH (rom) - CY_FLASH_ROW_SIZE) - CY_METADATA_SIZE):((LENGTH (rom) - (CY_FLASH_ROW_SIZE * (CY_APPL_NUM - 0x1))) - CY_METADATA_SIZE)

.cyloadablemeta
 *(.cyloadablemeta)

.cyflashprotect
                0x90400000       0x20
 *(.cyflashprotect)
 .cyflashprotect
                0x90400000       0x20 .\CortexM0\ARM_GCC_541\Debug\cymetadata.o
                0x90400000                cy_meta_flashprotect

.cymeta         0x90500000        0xc
 *(.cymeta)
 .cymeta        0x90500000        0xc .\CortexM0\ARM_GCC_541\Debug\cymetadata.o
                0x90500000                cy_metadata

.cychipprotect  0x90600000        0x1
 *(.cychipprotect)
 .cychipprotect
                0x90600000        0x1 .\CortexM0\ARM_GCC_541\Debug\cymetadata.o
                0x90600000                cy_meta_chipprotect

.rel.dyn        0x000073f8        0x0 load address 0x90600004
 .rel.iplt      0x000073f8        0x0 c:/program files (x86)/cypress/psoc creator/4.2/psoc creator/import/gnu/arm/5.4.1/bin/../lib/gcc/arm-none-eabi/5.4.1/armv6-m/crtbegin.o

.stab
 *(.stab)

.stabstr
 *(.stabstr)

.debug
 *(.debug)

.line
 *(.line)

.debug_srcinfo
 *(.debug_srcinfo)

.debug_sfnames
 *(.debug_sfnames)

.debug_aranges  0x00000000      0xf50
 *(.debug_aranges)
 .debug_aranges
                0x00000000       0x20 .\CortexM0\ARM_GCC_541\Debug\main.o
 .debug_aranges
                0x00000020       0xd8 .\CortexM0\ARM_GCC_541\Debug\gpib.o
 .debug_aranges
                0x000000f8       0x70 .\CortexM0\ARM_GCC_541\Debug\serial.o
 .debug_aranges
                0x00000168       0x60 .\CortexM0\ARM_GCC_541\Debug\input.o
 .debug_aranges
                0x000001c8       0x98 .\CortexM0\ARM_GCC_541\Debug\command.o
 .debug_aranges
                0x00000260       0x30 .\CortexM0\ARM_GCC_541\Debug\settings.o
 .debug_aranges
                0x00000290       0x28 .\CortexM0\ARM_GCC_541\Debug\utils.o
 .debug_aranges
                0x000002b8       0x18 .\CortexM0\ARM_GCC_541\Debug\usb_tmc.o
 .debug_aranges
                0x000002d0       0x50 .\CortexM0\ARM_GCC_541\Debug\cyfitter_cfg.o
 .debug_aranges
                0x00000320       0x18 .\CortexM0\ARM_GCC_541\Debug\cymetadata.o
 .debug_aranges
                0x00000338       0x48 .\CortexM0\ARM_GCC_541\Debug\Cm0Start.o
 .debug_aranges
                0x00000380       0x90 .\CortexM0\ARM_GCC_541\Debug\GPIB USB 1.a(cy_em_eeprom.o)
 .debug_aranges
                0x00000410       0x40 .\CortexM0\ARM_GCC_541\Debug\GPIB USB 1.a(CyFlash.o)
 .debug_aranges
                0x00000450      0x260 .\CortexM0\ARM_GCC_541\Debug\GPIB USB 1.a(CyLib.o)
 .debug_aranges
                0x000006b0      0x190 .\CortexM0\ARM_GCC_541\Debug\GPIB USB 1.a(CyLFClk.o)
 .debug_aranges
                0x00000840       0xe0 .\CortexM0\ARM_GCC_541\Debug\GPIB USB 1.a(USBUART.o)
 .debug_aranges
                0x00000920       0xe8 .\CortexM0\ARM_GCC_541\Debug\GPIB USB 1.a(USBUART_cdc.o)
 .debug_aranges
                0x00000a08       0x98 .\CortexM0\ARM_GCC_541\Debug\GPIB USB 1.a(USBUART_drv.o)
 .debug_aranges
                0x00000aa0       0x60 .\CortexM0\ARM_GCC_541\Debug\GPIB USB 1.a(USBUART_episr.o)
 .debug_aranges
                0x00000b00       0x40 .\CortexM0\ARM_GCC_541\Debug\GPIB USB 1.a(USBUART_pm.o)
 .debug_aranges
                0x00000b40       0x80 .\CortexM0\ARM_GCC_541\Debug\GPIB USB 1.a(USBUART_std.o)
 .debug_aranges
                0x00000bc0       0x20 .\CortexM0\ARM_GCC_541\Debug\GPIB USB 1.a(USBUART_vnd.o)
 .debug_aranges
                0x00000be0       0x48 .\CortexM0\ARM_GCC_541\Debug\GPIB USB 1.a(USBUART_Dp.o)
 .debug_aranges
                0x00000c28      0x158 .\CortexM0\ARM_GCC_541\Debug\GPIB USB 1.a(PWM_1.o)
 .debug_aranges
                0x00000d80       0x20 .\CortexM0\ARM_GCC_541\Debug\GPIB USB 1.a(EEPROM.o)
 .debug_aranges
                0x00000da0      0x158 .\CortexM0\ARM_GCC_541\Debug\GPIB USB 1.a(Timer1.o)
 .debug_aranges
                0x00000ef8       0x20 .\CortexM0\ARM_GCC_541\Debug\GPIB USB 1.a(CyBootAsmGnu.o)
 .debug_aranges
                0x00000f18       0x20 .\CortexM0\ARM_GCC_541\Debug\GPIB USB 1.a(USBUART_cls.o)
 .debug_aranges
                0x00000f38       0x18 .\CortexM0\ARM_GCC_541\Debug\GPIB USB 1.a(USBUART_descr.o)

.debug_pubnames
 *(.debug_pubnames)

.debug_info     0x00000000     0x8a10
 *(.debug_info .gnu.linkonce.wi.*)
 .debug_info    0x00000000      0x11d .\CortexM0\ARM_GCC_541\Debug\main.o
 .debug_info    0x0000011d      0x5fd .\CortexM0\ARM_GCC_541\Debug\gpib.o
 .debug_info    0x0000071a      0x54b .\CortexM0\ARM_GCC_541\Debug\serial.o
 .debug_info    0x00000c65      0x2f1 .\CortexM0\ARM_GCC_541\Debug\input.o
 .debug_info    0x00000f56      0x7b1 .\CortexM0\ARM_GCC_541\Debug\command.o
 .debug_info    0x00001707      0x2b5 .\CortexM0\ARM_GCC_541\Debug\settings.o
 .debug_info    0x000019bc      0x173 .\CortexM0\ARM_GCC_541\Debug\utils.o
 .debug_info    0x00001b2f       0x87 .\CortexM0\ARM_GCC_541\Debug\usb_tmc.o
 .debug_info    0x00001bb6      0x35e .\CortexM0\ARM_GCC_541\Debug\cyfitter_cfg.o
 .debug_info    0x00001f14       0xf8 .\CortexM0\ARM_GCC_541\Debug\cymetadata.o
 .debug_info    0x0000200c      0x312 .\CortexM0\ARM_GCC_541\Debug\Cm0Start.o
 .debug_info    0x0000231e      0xa68 .\CortexM0\ARM_GCC_541\Debug\GPIB USB 1.a(cy_em_eeprom.o)
 .debug_info    0x00002d86      0x263 .\CortexM0\ARM_GCC_541\Debug\GPIB USB 1.a(CyFlash.o)
 .debug_info    0x00002fe9     0x1237 .\CortexM0\ARM_GCC_541\Debug\GPIB USB 1.a(CyLib.o)
 .debug_info    0x00004220      0xaa1 .\CortexM0\ARM_GCC_541\Debug\GPIB USB 1.a(CyLFClk.o)
 .debug_info    0x00004cc1      0x8b0 .\CortexM0\ARM_GCC_541\Debug\GPIB USB 1.a(USBUART.o)
 .debug_info    0x00005571      0x924 .\CortexM0\ARM_GCC_541\Debug\GPIB USB 1.a(USBUART_cdc.o)
 .debug_info    0x00005e95      0x53e .\CortexM0\ARM_GCC_541\Debug\GPIB USB 1.a(USBUART_drv.o)
 .debug_info    0x000063d3      0x2f2 .\CortexM0\ARM_GCC_541\Debug\GPIB USB 1.a(USBUART_episr.o)
 .debug_info    0x000066c5      0x18d .\CortexM0\ARM_GCC_541\Debug\GPIB USB 1.a(USBUART_pm.o)
 .debug_info    0x00006852      0xa10 .\CortexM0\ARM_GCC_541\Debug\GPIB USB 1.a(USBUART_std.o)
 .debug_info    0x00007262       0xfb .\CortexM0\ARM_GCC_541\Debug\GPIB USB 1.a(USBUART_vnd.o)
 .debug_info    0x0000735d      0x19a .\CortexM0\ARM_GCC_541\Debug\GPIB USB 1.a(USBUART_Dp.o)
 .debug_info    0x000074f7      0x6fb .\CortexM0\ARM_GCC_541\Debug\GPIB USB 1.a(PWM_1.o)
 .debug_info    0x00007bf2      0x21d .\CortexM0\ARM_GCC_541\Debug\GPIB USB 1.a(EEPROM.o)
 .debug_info    0x00007e0f      0x6fb .\CortexM0\ARM_GCC_541\Debug\GPIB USB 1.a(Timer1.o)
 .debug_info    0x0000850a       0x8f .\CortexM0\ARM_GCC_541\Debug\GPIB USB 1.a(CyBootAsmGnu.o)
 .debug_info    0x00008599      0x1d4 .\CortexM0\ARM_GCC_541\Debug\GPIB USB 1.a(USBUART_cls.o)
 .debug_info    0x0000876d      0x2a3 .\CortexM0\ARM_GCC_541\Debug\GPIB USB 1.a(USBUART_descr.o)

.debug_abbrev   0x00000000     0x2467
 *(.debug_abbrev)
 .debug_abbrev  0x00000000       0x84 .\CortexM0\ARM_GCC_541\Debug\main.o
 .debug_abbrev  0x00000084      0x271 .\CortexM0\ARM_GCC_541\Debug\gpib.o
 .debug_abbrev  0x000002f5      0x1b8 .\CortexM0\ARM_GCC_541\Debug\serial.o
 .debug_abbrev  0x000004ad      0x15b .\CortexM0\ARM_GCC_541\Debug\input.o
 .debug_abbrev  0x00000608      0x206 .\CortexM0\ARM_GCC_541\Debug\command.o
 .debug_abbrev  0x0000080e      0x11f .\CortexM0\ARM_GCC_541\Debug\settings.o
 .debug_abbrev  0x0000092d       0xbb .\CortexM0\ARM_GCC_541\Debug\utils.o
 .debug_abbrev  0x000009e8       0x26 .\CortexM0\ARM_GCC_541\Debug\usb_tmc.o
 .debug_abbrev  0x00000a0e      0x18a .\CortexM0\ARM_GCC_541\Debug\cyfitter_cfg.o
 .debug_abbrev  0x00000b98       0x5d .\CortexM0\ARM_GCC_541\Debug\cymetadata.o
 .debug_abbrev  0x00000bf5      0x1c8 .\CortexM0\ARM_GCC_541\Debug\Cm0Start.o
 .debug_abbrev  0x00000dbd      0x1e5 .\CortexM0\ARM_GCC_541\Debug\GPIB USB 1.a(cy_em_eeprom.o)
 .debug_abbrev  0x00000fa2      0x120 .\CortexM0\ARM_GCC_541\Debug\GPIB USB 1.a(CyFlash.o)
 .debug_abbrev  0x000010c2      0x224 .\CortexM0\ARM_GCC_541\Debug\GPIB USB 1.a(CyLib.o)
 .debug_abbrev  0x000012e6      0x22a .\CortexM0\ARM_GCC_541\Debug\GPIB USB 1.a(CyLFClk.o)
 .debug_abbrev  0x00001510      0x218 .\CortexM0\ARM_GCC_541\Debug\GPIB USB 1.a(USBUART.o)
 .debug_abbrev  0x00001728      0x233 .\CortexM0\ARM_GCC_541\Debug\GPIB USB 1.a(USBUART_cdc.o)
 .debug_abbrev  0x0000195b      0x161 .\CortexM0\ARM_GCC_541\Debug\GPIB USB 1.a(USBUART_drv.o)
 .debug_abbrev  0x00001abc      0x14a .\CortexM0\ARM_GCC_541\Debug\GPIB USB 1.a(USBUART_episr.o)
 .debug_abbrev  0x00001c06       0xd1 .\CortexM0\ARM_GCC_541\Debug\GPIB USB 1.a(USBUART_pm.o)
 .debug_abbrev  0x00001cd7      0x1de .\CortexM0\ARM_GCC_541\Debug\GPIB USB 1.a(USBUART_std.o)
 .debug_abbrev  0x00001eb5       0x9b .\CortexM0\ARM_GCC_541\Debug\GPIB USB 1.a(USBUART_vnd.o)
 .debug_abbrev  0x00001f50       0xaa .\CortexM0\ARM_GCC_541\Debug\GPIB USB 1.a(USBUART_Dp.o)
 .debug_abbrev  0x00001ffa       0xfc .\CortexM0\ARM_GCC_541\Debug\GPIB USB 1.a(PWM_1.o)
 .debug_abbrev  0x000020f6       0xe8 .\CortexM0\ARM_GCC_541\Debug\GPIB USB 1.a(EEPROM.o)
 .debug_abbrev  0x000021de       0xfc .\CortexM0\ARM_GCC_541\Debug\GPIB USB 1.a(Timer1.o)
 .debug_abbrev  0x000022da       0x14 .\CortexM0\ARM_GCC_541\Debug\GPIB USB 1.a(CyBootAsmGnu.o)
 .debug_abbrev  0x000022ee       0xc5 .\CortexM0\ARM_GCC_541\Debug\GPIB USB 1.a(USBUART_cls.o)
 .debug_abbrev  0x000023b3       0xb4 .\CortexM0\ARM_GCC_541\Debug\GPIB USB 1.a(USBUART_descr.o)

.debug_line     0x00000000     0x4716
 *(.debug_line)
 .debug_line    0x00000000      0x151 .\CortexM0\ARM_GCC_541\Debug\main.o
 .debug_line    0x00000151      0x3bd .\CortexM0\ARM_GCC_541\Debug\gpib.o
 .debug_line    0x0000050e      0x3b4 .\CortexM0\ARM_GCC_541\Debug\serial.o
 .debug_line    0x000008c2      0x2b1 .\CortexM0\ARM_GCC_541\Debug\input.o
 .debug_line    0x00000b73      0x310 .\CortexM0\ARM_GCC_541\Debug\command.o
 .debug_line    0x00000e83      0x1c2 .\CortexM0\ARM_GCC_541\Debug\settings.o
 .debug_line    0x00001045      0x174 .\CortexM0\ARM_GCC_541\Debug\utils.o
 .debug_line    0x000011b9       0x1d .\CortexM0\ARM_GCC_541\Debug\usb_tmc.o
 .debug_line    0x000011d6      0x19e .\CortexM0\ARM_GCC_541\Debug\cyfitter_cfg.o
 .debug_line    0x00001374      0x141 .\CortexM0\ARM_GCC_541\Debug\cymetadata.o
 .debug_line    0x000014b5      0x1d0 .\CortexM0\ARM_GCC_541\Debug\Cm0Start.o
 .debug_line    0x00001685      0x4e8 .\CortexM0\ARM_GCC_541\Debug\GPIB USB 1.a(cy_em_eeprom.o)
 .debug_line    0x00001b6d      0x1a3 .\CortexM0\ARM_GCC_541\Debug\GPIB USB 1.a(CyFlash.o)
 .debug_line    0x00001d10      0x952 .\CortexM0\ARM_GCC_541\Debug\GPIB USB 1.a(CyLib.o)
 .debug_line    0x00002662      0x708 .\CortexM0\ARM_GCC_541\Debug\GPIB USB 1.a(CyLFClk.o)
 .debug_line    0x00002d6a      0x3e1 .\CortexM0\ARM_GCC_541\Debug\GPIB USB 1.a(USBUART.o)
 .debug_line    0x0000314b      0x30e .\CortexM0\ARM_GCC_541\Debug\GPIB USB 1.a(USBUART_cdc.o)
 .debug_line    0x00003459      0x23a .\CortexM0\ARM_GCC_541\Debug\GPIB USB 1.a(USBUART_drv.o)
 .debug_line    0x00003693      0x14d .\CortexM0\ARM_GCC_541\Debug\GPIB USB 1.a(USBUART_episr.o)
 .debug_line    0x000037e0       0xd8 .\CortexM0\ARM_GCC_541\Debug\GPIB USB 1.a(USBUART_pm.o)
 .debug_line    0x000038b8      0x46c .\CortexM0\ARM_GCC_541\Debug\GPIB USB 1.a(USBUART_std.o)
 .debug_line    0x00003d24       0x79 .\CortexM0\ARM_GCC_541\Debug\GPIB USB 1.a(USBUART_vnd.o)
 .debug_line    0x00003d9d       0xc2 .\CortexM0\ARM_GCC_541\Debug\GPIB USB 1.a(USBUART_Dp.o)
 .debug_line    0x00003e5f      0x373 .\CortexM0\ARM_GCC_541\Debug\GPIB USB 1.a(PWM_1.o)
 .debug_line    0x000041d2       0x77 .\CortexM0\ARM_GCC_541\Debug\GPIB USB 1.a(EEPROM.o)
 .debug_line    0x00004249      0x36f .\CortexM0\ARM_GCC_541\Debug\GPIB USB 1.a(Timer1.o)
 .debug_line    0x000045b8       0x68 .\CortexM0\ARM_GCC_541\Debug\GPIB USB 1.a(CyBootAsmGnu.o)
 .debug_line    0x00004620       0x95 .\CortexM0\ARM_GCC_541\Debug\GPIB USB 1.a(USBUART_cls.o)
 .debug_line    0x000046b5       0x61 .\CortexM0\ARM_GCC_541\Debug\GPIB USB 1.a(USBUART_descr.o)

.debug_frame    0x00000000     0x378c
 *(.debug_frame)
 .debug_frame   0x00000000       0x2c .\CortexM0\ARM_GCC_541\Debug\main.o
 .debug_frame   0x0000002c      0x2f4 .\CortexM0\ARM_GCC_541\Debug\gpib.o
 .debug_frame   0x00000320      0x160 .\CortexM0\ARM_GCC_541\Debug\serial.o
 .debug_frame   0x00000480      0x120 .\CortexM0\ARM_GCC_541\Debug\input.o
 .debug_frame   0x000005a0      0x200 .\CortexM0\ARM_GCC_541\Debug\command.o
 .debug_frame   0x000007a0       0x74 .\CortexM0\ARM_GCC_541\Debug\settings.o
 .debug_frame   0x00000814       0x50 .\CortexM0\ARM_GCC_541\Debug\utils.o
 .debug_frame   0x00000864       0xe8 .\CortexM0\ARM_GCC_541\Debug\cyfitter_cfg.o
 .debug_frame   0x0000094c       0xc8 .\CortexM0\ARM_GCC_541\Debug\Cm0Start.o
 .debug_frame   0x00000a14      0x214 .\CortexM0\ARM_GCC_541\Debug\GPIB USB 1.a(cy_em_eeprom.o)
 .debug_frame   0x00000c28       0xbc .\CortexM0\ARM_GCC_541\Debug\GPIB USB 1.a(CyFlash.o)
 .debug_frame   0x00000ce4      0x928 .\CortexM0\ARM_GCC_541\Debug\GPIB USB 1.a(CyLib.o)
 .debug_frame   0x0000160c      0x5dc .\CortexM0\ARM_GCC_541\Debug\GPIB USB 1.a(CyLFClk.o)
 .debug_frame   0x00001be8      0x334 .\CortexM0\ARM_GCC_541\Debug\GPIB USB 1.a(USBUART.o)
 .debug_frame   0x00001f1c      0x340 .\CortexM0\ARM_GCC_541\Debug\GPIB USB 1.a(USBUART_cdc.o)
 .debug_frame   0x0000225c      0x1f0 .\CortexM0\ARM_GCC_541\Debug\GPIB USB 1.a(USBUART_drv.o)
 .debug_frame   0x0000244c      0x110 .\CortexM0\ARM_GCC_541\Debug\GPIB USB 1.a(USBUART_episr.o)
 .debug_frame   0x0000255c       0xac .\CortexM0\ARM_GCC_541\Debug\GPIB USB 1.a(USBUART_pm.o)
 .debug_frame   0x00002608      0x1c0 .\CortexM0\ARM_GCC_541\Debug\GPIB USB 1.a(USBUART_std.o)
 .debug_frame   0x000027c8       0x30 .\CortexM0\ARM_GCC_541\Debug\GPIB USB 1.a(USBUART_vnd.o)
 .debug_frame   0x000027f8       0xc8 .\CortexM0\ARM_GCC_541\Debug\GPIB USB 1.a(USBUART_Dp.o)
 .debug_frame   0x000028c0      0x52c .\CortexM0\ARM_GCC_541\Debug\GPIB USB 1.a(PWM_1.o)
 .debug_frame   0x00002dec       0x34 .\CortexM0\ARM_GCC_541\Debug\GPIB USB 1.a(EEPROM.o)
 .debug_frame   0x00002e20      0x52c .\CortexM0\ARM_GCC_541\Debug\GPIB USB 1.a(Timer1.o)
 .debug_frame   0x0000334c       0x34 .\CortexM0\ARM_GCC_541\Debug\GPIB USB 1.a(USBUART_cls.o)
 .debug_frame   0x00003380       0x20 c:/program files (x86)/cypress/psoc creator/4.2/psoc creator/import/gnu/arm/5.4.1/bin/../lib/gcc/arm-none-eabi/5.4.1/armv6-m\libgcc.a(_udivsi3.o)
 .debug_frame   0x000033a0       0x20 c:/program files (x86)/cypress/psoc creator/4.2/psoc creator/import/gnu/arm/5.4.1/bin/../lib/gcc/arm-none-eabi/5.4.1/armv6-m\libgcc.a(_divsi3.o)
 .debug_frame   0x000033c0       0x20 c:/program files (x86)/cypress/psoc creator/4.2/psoc creator/import/gnu/arm/5.4.1/bin/../lib/gcc/arm-none-eabi/5.4.1/../../../../arm-none-eabi/lib/armv6-m\libg_nano.a(lib_a-errno.o)
 .debug_frame   0x000033e0       0x28 c:/program files (x86)/cypress/psoc creator/4.2/psoc creator/import/gnu/arm/5.4.1/bin/../lib/gcc/arm-none-eabi/5.4.1/../../../../arm-none-eabi/lib/armv6-m\libg_nano.a(lib_a-exit.o)
 .debug_frame   0x00003408       0x2c c:/program files (x86)/cypress/psoc creator/4.2/psoc creator/import/gnu/arm/5.4.1/bin/../lib/gcc/arm-none-eabi/5.4.1/../../../../arm-none-eabi/lib/armv6-m\libg_nano.a(lib_a-init.o)
 .debug_frame   0x00003434       0x2c c:/program files (x86)/cypress/psoc creator/4.2/psoc creator/import/gnu/arm/5.4.1/bin/../lib/gcc/arm-none-eabi/5.4.1/../../../../arm-none-eabi/lib/armv6-m\libg_nano.a(lib_a-memcmp.o)
 .debug_frame   0x00003460       0x28 c:/program files (x86)/cypress/psoc creator/4.2/psoc creator/import/gnu/arm/5.4.1/bin/../lib/gcc/arm-none-eabi/5.4.1/../../../../arm-none-eabi/lib/armv6-m\libg_nano.a(lib_a-memcpy-stub.o)
 .debug_frame   0x00003488       0x20 c:/program files (x86)/cypress/psoc creator/4.2/psoc creator/import/gnu/arm/5.4.1/bin/../lib/gcc/arm-none-eabi/5.4.1/../../../../arm-none-eabi/lib/armv6-m\libg_nano.a(lib_a-memset.o)
 .debug_frame   0x000034a8       0x20 c:/program files (x86)/cypress/psoc creator/4.2/psoc creator/import/gnu/arm/5.4.1/bin/../lib/gcc/arm-none-eabi/5.4.1/../../../../arm-none-eabi/lib/armv6-m\libg_nano.a(lib_a-strchr.o)
 .debug_frame   0x000034c8       0x20 c:/program files (x86)/cypress/psoc creator/4.2/psoc creator/import/gnu/arm/5.4.1/bin/../lib/gcc/arm-none-eabi/5.4.1/../../../../arm-none-eabi/lib/armv6-m\libg_nano.a(lib_a-strcmp.o)
 .debug_frame   0x000034e8       0x48 c:/program files (x86)/cypress/psoc creator/4.2/psoc creator/import/gnu/arm/5.4.1/bin/../lib/gcc/arm-none-eabi/5.4.1/../../../../arm-none-eabi/lib/armv6-m\libg_nano.a(lib_a-vsnprintf.o)
 .debug_frame   0x00003530       0x74 c:/program files (x86)/cypress/psoc creator/4.2/psoc creator/import/gnu/arm/5.4.1/bin/../lib/gcc/arm-none-eabi/5.4.1/../../../../arm-none-eabi/lib/armv6-m\libg_nano.a(lib_a-nano-svfprintf.o)
 .debug_frame   0x000035a4       0x54 c:/program files (x86)/cypress/psoc creator/4.2/psoc creator/import/gnu/arm/5.4.1/bin/../lib/gcc/arm-none-eabi/5.4.1/../../../../arm-none-eabi/lib/armv6-m\libg_nano.a(lib_a-nano-vfprintf_i.o)
 .debug_frame   0x000035f8       0x20 c:/program files (x86)/cypress/psoc creator/4.2/psoc creator/import/gnu/arm/5.4.1/bin/../lib/gcc/arm-none-eabi/5.4.1/../../../../arm-none-eabi/lib/armv6-m\libg_nano.a(lib_a-memchr-stub.o)
 .debug_frame   0x00003618       0x28 c:/program files (x86)/cypress/psoc creator/4.2/psoc creator/import/gnu/arm/5.4.1/bin/../lib/gcc/arm-none-eabi/5.4.1/../../../../arm-none-eabi/lib/armv6-m\libg_nano.a(lib_a-memmove.o)
 .debug_frame   0x00003640       0x2c c:/program files (x86)/cypress/psoc creator/4.2/psoc creator/import/gnu/arm/5.4.1/bin/../lib/gcc/arm-none-eabi/5.4.1/../../../../arm-none-eabi/lib/armv6-m\libg_nano.a(lib_a-nano-freer.o)
 .debug_frame   0x0000366c       0x2c c:/program files (x86)/cypress/psoc creator/4.2/psoc creator/import/gnu/arm/5.4.1/bin/../lib/gcc/arm-none-eabi/5.4.1/../../../../arm-none-eabi/lib/armv6-m\libg_nano.a(lib_a-nano-mallocr.o)
 .debug_frame   0x00003698       0x30 c:/program files (x86)/cypress/psoc creator/4.2/psoc creator/import/gnu/arm/5.4.1/bin/../lib/gcc/arm-none-eabi/5.4.1/../../../../arm-none-eabi/lib/armv6-m\libg_nano.a(lib_a-nano-reallocr.o)
 .debug_frame   0x000036c8       0x2c c:/program files (x86)/cypress/psoc creator/4.2/psoc creator/import/gnu/arm/5.4.1/bin/../lib/gcc/arm-none-eabi/5.4.1/../../../../arm-none-eabi/lib/armv6-m\libg_nano.a(lib_a-sbrkr.o)
 .debug_frame   0x000036f4       0x30 c:/program files (x86)/cypress/psoc creator/4.2/psoc creator/import/gnu/arm/5.4.1/bin/../lib/gcc/arm-none-eabi/5.4.1/../../../../arm-none-eabi/lib/armv6-m\libg_nano.a(lib_a-mlock.o)
 .debug_frame   0x00003724       0x20 c:/program files (x86)/cypress/psoc creator/4.2/psoc creator/import/gnu/arm/5.4.1/bin/../lib/gcc/arm-none-eabi/5.4.1/../../../../arm-none-eabi/lib/armv6-m\libg_nano.a(lib_a-nano-msizer.o)
 .debug_frame   0x00003744       0x48 c:/program files (x86)/cypress/psoc creator/4.2/psoc creator/import/gnu/arm/5.4.1/bin/../lib/gcc/arm-none-eabi/5.4.1/../../../../arm-none-eabi/lib/armv6-m\libg_nano.a(lib_a-reent.o)

.debug_str      0x00000000     0x393e
 *(.debug_str)
 .debug_str     0x00000000      0x16f .\CortexM0\ARM_GCC_541\Debug\main.o
                                0x1b7 (size before relaxing)
 .debug_str     0x0000016f      0x249 .\CortexM0\ARM_GCC_541\Debug\gpib.o
                                0x40e (size before relaxing)
 .debug_str     0x000003b8      0x14c .\CortexM0\ARM_GCC_541\Debug\serial.o
                                0x385 (size before relaxing)
 .debug_str     0x00000504       0xf4 .\CortexM0\ARM_GCC_541\Debug\input.o
                                0x2b9 (size before relaxing)
 .debug_str     0x000005f8      0x15a .\CortexM0\ARM_GCC_541\Debug\command.o
                                0x386 (size before relaxing)
 .debug_str     0x00000752      0x163 .\CortexM0\ARM_GCC_541\Debug\settings.o
                                0x361 (size before relaxing)
 .debug_str     0x000008b5       0x23 .\CortexM0\ARM_GCC_541\Debug\utils.o
                                0x1b4 (size before relaxing)
 .debug_str     0x000008d8        0xa .\CortexM0\ARM_GCC_541\Debug\usb_tmc.o
                                0x184 (size before relaxing)
 .debug_str     0x000008e2       0xfe .\CortexM0\ARM_GCC_541\Debug\cyfitter_cfg.o
                                0x2bf (size before relaxing)
 .debug_str     0x000009e0       0x59 .\CortexM0\ARM_GCC_541\Debug\cymetadata.o
                                0x1c7 (size before relaxing)
 .debug_str     0x00000a39      0x114 .\CortexM0\ARM_GCC_541\Debug\Cm0Start.o
                                0x2cd (size before relaxing)
 .debug_str     0x00000b4d      0x34b .\CortexM0\ARM_GCC_541\Debug\GPIB USB 1.a(cy_em_eeprom.o)
                                0x614 (size before relaxing)
 .debug_str     0x00000e98       0xc8 .\CortexM0\ARM_GCC_541\Debug\GPIB USB 1.a(CyFlash.o)
                                0x274 (size before relaxing)
 .debug_str     0x00000f60      0x8b7 .\CortexM0\ARM_GCC_541\Debug\GPIB USB 1.a(CyLib.o)
                                0xabf (size before relaxing)
 .debug_str     0x00001817      0x6f5 .\CortexM0\ARM_GCC_541\Debug\GPIB USB 1.a(CyLFClk.o)
                                0x8de (size before relaxing)
 .debug_str     0x00001f0c      0x4d2 .\CortexM0\ARM_GCC_541\Debug\GPIB USB 1.a(USBUART.o)
                                0x694 (size before relaxing)
 .debug_str     0x000023de      0x4d2 .\CortexM0\ARM_GCC_541\Debug\GPIB USB 1.a(USBUART_cdc.o)
                                0x719 (size before relaxing)
 .debug_str     0x000028b0      0x296 .\CortexM0\ARM_GCC_541\Debug\GPIB USB 1.a(USBUART_drv.o)
                                0x601 (size before relaxing)
 .debug_str     0x00002b46       0xf6 .\CortexM0\ARM_GCC_541\Debug\GPIB USB 1.a(USBUART_episr.o)
                                0x351 (size before relaxing)
 .debug_str     0x00002c3c       0xb8 .\CortexM0\ARM_GCC_541\Debug\GPIB USB 1.a(USBUART_pm.o)
                                0x271 (size before relaxing)
 .debug_str     0x00002cf4      0x29a .\CortexM0\ARM_GCC_541\Debug\GPIB USB 1.a(USBUART_std.o)
                                0x7a4 (size before relaxing)
 .debug_str     0x00002f8e       0x3e .\CortexM0\ARM_GCC_541\Debug\GPIB USB 1.a(USBUART_vnd.o)
                                0x1f3 (size before relaxing)
 .debug_str     0x00002fcc       0xce .\CortexM0\ARM_GCC_541\Debug\GPIB USB 1.a(USBUART_Dp.o)
                                0x258 (size before relaxing)
 .debug_str     0x0000309a      0x3d5 .\CortexM0\ARM_GCC_541\Debug\GPIB USB 1.a(PWM_1.o)
                                0x583 (size before relaxing)
 .debug_str     0x0000346f       0x3b .\CortexM0\ARM_GCC_541\Debug\GPIB USB 1.a(EEPROM.o)
                                0x312 (size before relaxing)
 .debug_str     0x000034aa      0x351 .\CortexM0\ARM_GCC_541\Debug\GPIB USB 1.a(Timer1.o)
                                0x5ad (size before relaxing)
 .debug_str     0x000037fb       0x3f .\CortexM0\ARM_GCC_541\Debug\GPIB USB 1.a(USBUART_cls.o)
                                0x295 (size before relaxing)
 .debug_str     0x0000383a      0x104 .\CortexM0\ARM_GCC_541\Debug\GPIB USB 1.a(USBUART_descr.o)
                                0x358 (size before relaxing)

.debug_loc
 *(.debug_loc)

.debug_macinfo
 *(.debug_macinfo)

.debug_ranges   0x00000000      0xd70
 *(.debug_ranges)
 .debug_ranges  0x00000000       0x10 .\CortexM0\ARM_GCC_541\Debug\main.o
 .debug_ranges  0x00000010       0xc8 .\CortexM0\ARM_GCC_541\Debug\gpib.o
 .debug_ranges  0x000000d8       0x60 .\CortexM0\ARM_GCC_541\Debug\serial.o
 .debug_ranges  0x00000138       0x50 .\CortexM0\ARM_GCC_541\Debug\input.o
 .debug_ranges  0x00000188       0x88 .\CortexM0\ARM_GCC_541\Debug\command.o
 .debug_ranges  0x00000210       0x20 .\CortexM0\ARM_GCC_541\Debug\settings.o
 .debug_ranges  0x00000230       0x18 .\CortexM0\ARM_GCC_541\Debug\utils.o
 .debug_ranges  0x00000248       0x40 .\CortexM0\ARM_GCC_541\Debug\cyfitter_cfg.o
 .debug_ranges  0x00000288       0x38 .\CortexM0\ARM_GCC_541\Debug\Cm0Start.o
 .debug_ranges  0x000002c0       0x98 .\CortexM0\ARM_GCC_541\Debug\GPIB USB 1.a(cy_em_eeprom.o)
 .debug_ranges  0x00000358       0x30 .\CortexM0\ARM_GCC_541\Debug\GPIB USB 1.a(CyFlash.o)
 .debug_ranges  0x00000388      0x250 .\CortexM0\ARM_GCC_541\Debug\GPIB USB 1.a(CyLib.o)
 .debug_ranges  0x000005d8      0x180 .\CortexM0\ARM_GCC_541\Debug\GPIB USB 1.a(CyLFClk.o)
 .debug_ranges  0x00000758       0xd0 .\CortexM0\ARM_GCC_541\Debug\GPIB USB 1.a(USBUART.o)
 .debug_ranges  0x00000828       0xd8 .\CortexM0\ARM_GCC_541\Debug\GPIB USB 1.a(USBUART_cdc.o)
 .debug_ranges  0x00000900       0x88 .\CortexM0\ARM_GCC_541\Debug\GPIB USB 1.a(USBUART_drv.o)
 .debug_ranges  0x00000988       0x50 .\CortexM0\ARM_GCC_541\Debug\GPIB USB 1.a(USBUART_episr.o)
 .debug_ranges  0x000009d8       0x30 .\CortexM0\ARM_GCC_541\Debug\GPIB USB 1.a(USBUART_pm.o)
 .debug_ranges  0x00000a08       0x70 .\CortexM0\ARM_GCC_541\Debug\GPIB USB 1.a(USBUART_std.o)
 .debug_ranges  0x00000a78       0x10 .\CortexM0\ARM_GCC_541\Debug\GPIB USB 1.a(USBUART_vnd.o)
 .debug_ranges  0x00000a88       0x38 .\CortexM0\ARM_GCC_541\Debug\GPIB USB 1.a(USBUART_Dp.o)
 .debug_ranges  0x00000ac0      0x148 .\CortexM0\ARM_GCC_541\Debug\GPIB USB 1.a(PWM_1.o)
 .debug_ranges  0x00000c08       0x10 .\CortexM0\ARM_GCC_541\Debug\GPIB USB 1.a(EEPROM.o)
 .debug_ranges  0x00000c18      0x148 .\CortexM0\ARM_GCC_541\Debug\GPIB USB 1.a(Timer1.o)
 .debug_ranges  0x00000d60       0x10 .\CortexM0\ARM_GCC_541\Debug\GPIB USB 1.a(USBUART_cls.o)

.comment        0x00000000       0x6e
 .comment       0x00000000       0x6e .\CortexM0\ARM_GCC_541\Debug\main.o
                                 0x6f (size before relaxing)
 .comment       0x0000006e       0x6f .\CortexM0\ARM_GCC_541\Debug\gpib.o
 .comment       0x0000006e       0x6f .\CortexM0\ARM_GCC_541\Debug\serial.o
 .comment       0x0000006e       0x6f .\CortexM0\ARM_GCC_541\Debug\input.o
 .comment       0x0000006e       0x6f .\CortexM0\ARM_GCC_541\Debug\command.o
 .comment       0x0000006e       0x6f .\CortexM0\ARM_GCC_541\Debug\settings.o
 .comment       0x0000006e       0x6f .\CortexM0\ARM_GCC_541\Debug\utils.o
 .comment       0x0000006e       0x6f .\CortexM0\ARM_GCC_541\Debug\usb_tmc.o
 .comment       0x0000006e       0x6f .\CortexM0\ARM_GCC_541\Debug\cyfitter_cfg.o
 .comment       0x0000006e       0x6f .\CortexM0\ARM_GCC_541\Debug\cymetadata.o
 .comment       0x0000006e       0x6f .\CortexM0\ARM_GCC_541\Debug\Cm0Start.o
 .comment       0x0000006e       0x6f .\CortexM0\ARM_GCC_541\Debug\GPIB USB 1.a(cy_em_eeprom.o)
 .comment       0x0000006e       0x6f .\CortexM0\ARM_GCC_541\Debug\GPIB USB 1.a(CyFlash.o)
 .comment       0x0000006e       0x6f .\CortexM0\ARM_GCC_541\Debug\GPIB USB 1.a(CyLib.o)
 .comment       0x0000006e       0x6f .\CortexM0\ARM_GCC_541\Debug\GPIB USB 1.a(CyLFClk.o)
 .comment       0x0000006e       0x6f .\CortexM0\ARM_GCC_541\Debug\GPIB USB 1.a(USBUART.o)
 .comment       0x0000006e       0x6f .\CortexM0\ARM_GCC_541\Debug\GPIB USB 1.a(USBUART_cdc.o)
 .comment       0x0000006e       0x6f .\CortexM0\ARM_GCC_541\Debug\GPIB USB 1.a(USBUART_drv.o)
 .comment       0x0000006e       0x6f .\CortexM0\ARM_GCC_541\Debug\GPIB USB 1.a(USBUART_episr.o)
 .comment       0x0000006e       0x6f .\CortexM0\ARM_GCC_541\Debug\GPIB USB 1.a(USBUART_pm.o)
 .comment       0x0000006e       0x6f .\CortexM0\ARM_GCC_541\Debug\GPIB USB 1.a(USBUART_std.o)
 .comment       0x0000006e       0x6f .\CortexM0\ARM_GCC_541\Debug\GPIB USB 1.a(USBUART_vnd.o)
 .comment       0x0000006e       0x6f .\CortexM0\ARM_GCC_541\Debug\GPIB USB 1.a(USBUART_Dp.o)
 .comment       0x0000006e       0x6f .\CortexM0\ARM_GCC_541\Debug\GPIB USB 1.a(PWM_1.o)
 .comment       0x0000006e       0x6f .\CortexM0\ARM_GCC_541\Debug\GPIB USB 1.a(EEPROM.o)
 .comment       0x0000006e       0x6f .\CortexM0\ARM_GCC_541\Debug\GPIB USB 1.a(Timer1.o)
 .comment       0x0000006e       0x6f .\CortexM0\ARM_GCC_541\Debug\GPIB USB 1.a(USBUART_cls.o)
 .comment       0x0000006e       0x6f .\CortexM0\ARM_GCC_541\Debug\GPIB USB 1.a(USBUART_descr.o)

.debug_weaknames
 *(.debug_weaknames)

.debug_funcnames
 *(.debug_funcnames)

.debug_typenames
 *(.debug_typenames)

.debug_varnames
 *(.debug_varnames)

.note.gnu.arm.ident
 *(.note.gnu.arm.ident)

.ARM.attributes
                0x00000000       0x28
 *(.ARM.attributes)
 .ARM.attributes
                0x00000000       0x1e c:/program files (x86)/cypress/psoc creator/4.2/psoc creator/import/gnu/arm/5.4.1/bin/../lib/gcc/arm-none-eabi/5.4.1/armv6-m/crti.o
 .ARM.attributes
                0x0000001e       0x2c c:/program files (x86)/cypress/psoc creator/4.2/psoc creator/import/gnu/arm/5.4.1/bin/../lib/gcc/arm-none-eabi/5.4.1/armv6-m/crtbegin.o
 .ARM.attributes
                0x0000004a       0x1b c:/program files (x86)/cypress/psoc creator/4.2/psoc creator/import/gnu/arm/5.4.1/bin/../lib/gcc/arm-none-eabi/5.4.1/../../../../arm-none-eabi/lib/armv6-m/crt0.o
 .ARM.attributes
                0x00000065       0x31 .\CortexM0\ARM_GCC_541\Debug\main.o
 .ARM.attributes
                0x00000096       0x31 .\CortexM0\ARM_GCC_541\Debug\gpib.o
 .ARM.attributes
                0x000000c7       0x31 .\CortexM0\ARM_GCC_541\Debug\serial.o
 .ARM.attributes
                0x000000f8       0x31 .\CortexM0\ARM_GCC_541\Debug\input.o
 .ARM.attributes
                0x00000129       0x31 .\CortexM0\ARM_GCC_541\Debug\command.o
 .ARM.attributes
                0x0000015a       0x31 .\CortexM0\ARM_GCC_541\Debug\settings.o
 .ARM.attributes
                0x0000018b       0x31 .\CortexM0\ARM_GCC_541\Debug\utils.o
 .ARM.attributes
                0x000001bc       0x31 .\CortexM0\ARM_GCC_541\Debug\usb_tmc.o
 .ARM.attributes
                0x000001ed       0x31 .\CortexM0\ARM_GCC_541\Debug\cyfitter_cfg.o
 .ARM.attributes
                0x0000021e       0x31 .\CortexM0\ARM_GCC_541\Debug\cymetadata.o
 .ARM.attributes
                0x0000024f       0x31 .\CortexM0\ARM_GCC_541\Debug\Cm0Start.o
 .ARM.attributes
                0x00000280       0x31 .\CortexM0\ARM_GCC_541\Debug\GPIB USB 1.a(cy_em_eeprom.o)
 .ARM.attributes
                0x000002b1       0x31 .\CortexM0\ARM_GCC_541\Debug\GPIB USB 1.a(CyFlash.o)
 .ARM.attributes
                0x000002e2       0x31 .\CortexM0\ARM_GCC_541\Debug\GPIB USB 1.a(CyLib.o)
 .ARM.attributes
                0x00000313       0x31 .\CortexM0\ARM_GCC_541\Debug\GPIB USB 1.a(CyLFClk.o)
 .ARM.attributes
                0x00000344       0x31 .\CortexM0\ARM_GCC_541\Debug\GPIB USB 1.a(USBUART.o)
 .ARM.attributes
                0x00000375       0x31 .\CortexM0\ARM_GCC_541\Debug\GPIB USB 1.a(USBUART_cdc.o)
 .ARM.attributes
                0x000003a6       0x31 .\CortexM0\ARM_GCC_541\Debug\GPIB USB 1.a(USBUART_drv.o)
 .ARM.attributes
                0x000003d7       0x31 .\CortexM0\ARM_GCC_541\Debug\GPIB USB 1.a(USBUART_episr.o)
 .ARM.attributes
                0x00000408       0x31 .\CortexM0\ARM_GCC_541\Debug\GPIB USB 1.a(USBUART_pm.o)
 .ARM.attributes
                0x00000439       0x31 .\CortexM0\ARM_GCC_541\Debug\GPIB USB 1.a(USBUART_std.o)
 .ARM.attributes
                0x0000046a       0x31 .\CortexM0\ARM_GCC_541\Debug\GPIB USB 1.a(USBUART_vnd.o)
 .ARM.attributes
                0x0000049b       0x31 .\CortexM0\ARM_GCC_541\Debug\GPIB USB 1.a(USBUART_Dp.o)
 .ARM.attributes
                0x000004cc       0x31 .\CortexM0\ARM_GCC_541\Debug\GPIB USB 1.a(PWM_1.o)
 .ARM.attributes
                0x000004fd       0x31 .\CortexM0\ARM_GCC_541\Debug\GPIB USB 1.a(EEPROM.o)
 .ARM.attributes
                0x0000052e       0x31 .\CortexM0\ARM_GCC_541\Debug\GPIB USB 1.a(Timer1.o)
 .ARM.attributes
                0x0000055f       0x21 .\CortexM0\ARM_GCC_541\Debug\GPIB USB 1.a(CyBootAsmGnu.o)
 .ARM.attributes
                0x00000580       0x31 .\CortexM0\ARM_GCC_541\Debug\GPIB USB 1.a(USBUART_cls.o)
 .ARM.attributes