Archive member included to satisfy reference by file (symbol)

.\CortexM0\ARM_GCC_541\Debug\GPIB USB 1.a(cy_em_eeprom.o)
                              .\CortexM0\ARM_GCC_541\Debug\settings.o (Cy_Em_EEPROM_Read)
.\CortexM0\ARM_GCC_541\Debug\GPIB USB 1.a(CyFlash.o)
                              .\CortexM0\ARM_GCC_541\Debug\GPIB USB 1.a(cy_em_eeprom.o) (CySysFlashWriteRow)
.\CortexM0\ARM_GCC_541\Debug\GPIB USB 1.a(CyLib.o)
                              .\CortexM0\ARM_GCC_541\Debug\cyfitter_cfg.o (CySysClkImoEnableUsbLock)
.\CortexM0\ARM_GCC_541\Debug\GPIB USB 1.a(CyLFClk.o)
                              .\CortexM0\ARM_GCC_541\Debug\GPIB USB 1.a(CyLib.o) (CySysClkWcoEnabled)
.\CortexM0\ARM_GCC_541\Debug\GPIB USB 1.a(USBUART.o)
                              .\CortexM0\ARM_GCC_541\Debug\main.o (USBUART_Start)
.\CortexM0\ARM_GCC_541\Debug\GPIB USB 1.a(USBUART_cdc.o)
                              .\CortexM0\ARM_GCC_541\Debug\main.o (USBUART_CDC_Init)
.\CortexM0\ARM_GCC_541\Debug\GPIB USB 1.a(USBUART_drv.o)
                              .\CortexM0\ARM_GCC_541\Debug\GPIB USB 1.a(USBUART.o) (USBUART_lastPacketSize)
.\CortexM0\ARM_GCC_541\Debug\GPIB USB 1.a(USBUART_episr.o)
                              .\CortexM0\ARM_GCC_541\Debug\GPIB USB 1.a(USBUART.o) (USBUART_INTR_HI_ISR)
.\CortexM0\ARM_GCC_541\Debug\GPIB USB 1.a(USBUART_pm.o)
                              .\CortexM0\ARM_GCC_541\Debug\GPIB USB 1.a(USBUART.o) (USBUART_DP_ISR)
.\CortexM0\ARM_GCC_541\Debug\GPIB USB 1.a(USBUART_std.o)
                              .\CortexM0\ARM_GCC_541\Debug\GPIB USB 1.a(USBUART_pm.o) (USBUART_ConfigReg)
.\CortexM0\ARM_GCC_541\Debug\GPIB USB 1.a(USBUART_vnd.o)
                              .\CortexM0\ARM_GCC_541\Debug\GPIB USB 1.a(USBUART_drv.o) (USBUART_HandleVendorRqst)
.\CortexM0\ARM_GCC_541\Debug\GPIB USB 1.a(USBUART_Dp.o)
                              .\CortexM0\ARM_GCC_541\Debug\GPIB USB 1.a(USBUART_pm.o) (USBUART_Dp_ClearInterrupt)
.\CortexM0\ARM_GCC_541\Debug\GPIB USB 1.a(PWM_1.o)
                              .\CortexM0\ARM_GCC_541\Debug\main.o (PWM_1_Start)
.\CortexM0\ARM_GCC_541\Debug\GPIB USB 1.a(EEPROM.o)
                              .\CortexM0\ARM_GCC_541\Debug\settings.o (EEPROM_Init)
.\CortexM0\ARM_GCC_541\Debug\GPIB USB 1.a(Timer1.o)
                              .\CortexM0\ARM_GCC_541\Debug\gpib.o (Timer1_WriteCounter)
.\CortexM0\ARM_GCC_541\Debug\GPIB USB 1.a(CyBootAsmGnu.o)
                              .\CortexM0\ARM_GCC_541\Debug\GPIB USB 1.a(CyLib.o) (CyDelayCycles)
.\CortexM0\ARM_GCC_541\Debug\GPIB USB 1.a(USBUART_cls.o)
                              .\CortexM0\ARM_GCC_541\Debug\GPIB USB 1.a(USBUART_drv.o) (USBUART_DispatchClassRqst)
.\CortexM0\ARM_GCC_541\Debug\GPIB USB 1.a(USBUART_descr.o)
                              .\CortexM0\ARM_GCC_541\Debug\GPIB USB 1.a(USBUART_std.o) (USBUART_idSerialNumberStringDescriptor)
c:/program files (x86)/cypress/psoc creator/4.2/psoc creator/import/gnu/arm/5.4.1/bin/../lib/gcc/arm-none-eabi/5.4.1/armv6-m\libgcc.a(_udivsi3.o)
                              .\CortexM0\ARM_GCC_541\Debug\GPIB USB 1.a(cy_em_eeprom.o) (__aeabi_uidiv)
c:/program files (x86)/cypress/psoc creator/4.2/psoc creator/import/gnu/arm/5.4.1/bin/../lib/gcc/arm-none-eabi/5.4.1/armv6-m\libgcc.a(_divsi3.o)
                              .\CortexM0\ARM_GCC_541\Debug\GPIB USB 1.a(CyLib.o) (__aeabi_idiv)
c:/program files (x86)/cypress/psoc creator/4.2/psoc creator/import/gnu/arm/5.4.1/bin/../lib/gcc/arm-none-eabi/5.4.1/armv6-m\libgcc.a(_dvmd_tls.o)
                              c:/program files (x86)/cypress/psoc creator/4.2/psoc creator/import/gnu/arm/5.4.1/bin/../lib/gcc/arm-none-eabi/5.4.1/armv6-m\libgcc.a(_udivsi3.o) (__aeabi_idiv0)
c:/program files (x86)/cypress/psoc creator/4.2/psoc creator/import/gnu/arm/5.4.1/bin/../lib/gcc/arm-none-eabi/5.4.1/../../../../arm-none-eabi/lib/armv6-m\libg_nano.a(lib_a-errno.o)
                              .\CortexM0\ARM_GCC_541\Debug\Cm0Start.o (__errno)
c:/program files (x86)/cypress/psoc creator/4.2/psoc creator/import/gnu/arm/5.4.1/bin/../lib/gcc/arm-none-eabi/5.4.1/../../../../arm-none-eabi/lib/armv6-m\libg_nano.a(lib_a-exit.o)
                              c:/program files (x86)/cypress/psoc creator/4.2/psoc creator/import/gnu/arm/5.4.1/bin/../lib/gcc/arm-none-eabi/5.4.1/../../../../arm-none-eabi/lib/armv6-m/crt0.o (exit)
c:/program files (x86)/cypress/psoc creator/4.2/psoc creator/import/gnu/arm/5.4.1/bin/../lib/gcc/arm-none-eabi/5.4.1/../../../../arm-none-eabi/lib/armv6-m\libg_nano.a(lib_a-impure.o)
                              c:/program files (x86)/cypress/psoc creator/4.2/psoc creator/import/gnu/arm/5.4.1/bin/../lib/gcc/arm-none-eabi/5.4.1/../../../../arm-none-eabi/lib/armv6-m\libg_nano.a(lib_a-exit.o) (_global_impure_ptr)
c:/program files (x86)/cypress/psoc creator/4.2/psoc creator/import/gnu/arm/5.4.1/bin/../lib/gcc/arm-none-eabi/5.4.1/../../../../arm-none-eabi/lib/armv6-m\libg_nano.a(lib_a-init.o)
[...]
Memory Configuration

Name             Origin             Length             Attributes
rom              0x00000000         0x00010000         xr
ram              0x20000000         0x00002000         xrw
*default*        0x00000000         0xffffffff

Linker script and memory map

LOAD c:/program files (x86)/cypress/psoc creator/4.2/psoc creator/import/gnu/arm/5.4.1/bin/../lib/gcc/arm-none-eabi/5.4.1/armv6-m/crti.o
LOAD c:/program files (x86)/cypress/psoc creator/4.2/psoc creator/import/gnu/arm/5.4.1/bin/../lib/gcc/arm-none-eabi/5.4.1/armv6-m/crtbegin.o
LOAD c:/program files (x86)/cypress/psoc creator/4.2/psoc creator/import/gnu/arm/5.4.1/bin/../lib/gcc/arm-none-eabi/5.4.1/../../../../arm-none-eabi/lib/armv6-m/crt0.o
START GROUP
LOAD .\CortexM0\ARM_GCC_541\Debug\main.o
LOAD .\CortexM0\ARM_GCC_541\Debug\gpib.o
LOAD .\CortexM0\ARM_GCC_541\Debug\serial.o
LOAD .\CortexM0\ARM_GCC_541\Debug\input.o
LOAD .\CortexM0\ARM_GCC_541\Debug\command.o
LOAD .\CortexM0\ARM_GCC_541\Debug\settings.o
LOAD .\CortexM0\ARM_GCC_541\Debug\utils.o
LOAD .\CortexM0\ARM_GCC_541\Debug\cyfitter_cfg.o
LOAD .\CortexM0\ARM_GCC_541\Debug\cymetadata.o
LOAD .\CortexM0\ARM_GCC_541\Debug\Cm0Start.o
LOAD .\CortexM0\ARM_GCC_541\Debug\GPIB USB 1.a
END GROUP
START GROUP
LOAD c:/program files (x86)/cypress/psoc creator/4.2/psoc creator/import/gnu/arm/5.4.1/bin/../lib/gcc/arm-none-eabi/5.4.1/armv6-m\libgcc.a
LOAD c:/program files (x86)/cypress/psoc creator/4.2/psoc creator/import/gnu/arm/5.4.1/bin/../lib/gcc/arm-none-eabi/5.4.1/../../../../arm-none-eabi/lib/armv6-m\libg_nano.a
LOAD c:/program files (x86)/cypress/psoc creator/4.2/psoc creator/import/gnu/arm/5.4.1/bin/../lib/gcc/arm-none-eabi/5.4.1/../../../../arm-none-eabi/lib/armv6-m\libc_nano.a
END GROUP
START GROUP
LOAD c:/program files (x86)/cypress/psoc creator/4.2/psoc creator/import/gnu/arm/5.4.1/bin/../lib/gcc/arm-none-eabi/5.4.1/armv6-m\libgcc.a
LOAD c:/program files (x86)/cypress/psoc creator/4.2/psoc creator/import/gnu/arm/5.4.1/bin/../lib/gcc/arm-none-eabi/5.4.1/../../../../arm-none-eabi/lib/armv6-m\libc_nano.a
END GROUP
LOAD c:/program files (x86)/cypress/psoc creator/4.2/psoc creator/import/gnu/arm/5.4.1/bin/../lib/gcc/arm-none-eabi/5.4.1/armv6-m/crtend.o
LOAD c:/program files (x86)/cypress/psoc creator/4.2/psoc creator/import/gnu/arm/5.4.1/bin/../lib/gcc/arm-none-eabi/5.4.1/armv6-m/crtn.o
START GROUP
LOAD c:/program files (x86)/cypress/psoc creator/4.2/psoc creator/import/gnu/arm/5.4.1/bin/../lib/gcc/arm-none-eabi/5.4.1/armv6-m\libgcc.a
LOAD c:/program files (x86)/cypress/psoc creator/4.2/psoc creator/import/gnu/arm/5.4.1/bin/../lib/gcc/arm-none-eabi/5.4.1/../../../../arm-none-eabi/lib/armv6-m\libc.a
LOAD c:/program files (x86)/cypress/psoc creator/4.2/psoc creator/import/gnu/arm/5.4.1/bin/../lib/gcc/arm-none-eabi/5.4.1/../../../../arm-none-eabi/lib/armv6-m\libnosys.a
END GROUP
                0x00000000                CY_APPL_ORIGIN = 0x0
                0x00000100                CY_FLASH_ROW_SIZE = 0x100
                0x00000001                CY_APPL_NUM = 0x1
                0x00000001                CY_APPL_MAX = 0x1
                0x00000040                CY_METADATA_SIZE = 0x40
                0x00000000                CY_APPL_LOADABLE = 0x0
                0x00000000                CY_CHECKSUM_EXCLUDE_SIZE = ALIGN (0x0, CY_FLASH_ROW_SIZE)
                0x00000000                CY_APP_FOR_STACK_AND_COPIER = 0x0
                [!provide]                PROVIDE (__cy_heap_start, _end)
                0x00000001                PROVIDE (__cy_region_num, ((__cy_regions_end - __cy_regions) / 0x10))
                0x20002000                PROVIDE (__cy_stack, (ORIGIN (ram) + LENGTH (ram)))
                [!provide]                PROVIDE (__cy_heap_end, (__cy_stack - 0x800))

.cybootloader   0x00000000        0x0
 *(.cybootloader)
                0x00000000                appl1_start = CY_APPL_ORIGIN?CY_APPL_ORIGIN:ALIGN (CY_FLASH_ROW_SIZE)
                0x00007f00                appl2_start = (appl1_start + ALIGN ((((LENGTH (rom) - appl1_start) - (0x2 * CY_FLASH_ROW_SIZE)) / 0x2), CY_FLASH_ROW_SIZE))
                0x00000000                appl_start = (CY_APPL_NUM == 0x1)?appl1_start:appl2_start
                0x00000001                cy_project_type_bootloader = (appl_start == 0x0)?0x1:0x0
                0x00000000                cy_project_type_app_for_stack_and_copier = (CY_APP_FOR_STACK_AND_COPIER == 0x1)?0x1:0x0

.text           0x00000000     0x3fbe
 CREATE_OBJECT_SYMBOLS
                0x00000000                PROVIDE (__cy_interrupt_vector, RomVectors)
 *(.romvectors)
 .romvectors    0x00000000       0x10 .\CortexM0\ARM_GCC_541\Debug\Cm0Start.o
                0x00000000                RomVectors
                0x00000001                ASSERT ((. != __cy_interrupt_vector), No interrupt vector)
                0x00000001                ASSERT (CY_APPL_ORIGIN?(SIZEOF (.cybootloader) <= CY_APPL_ORIGIN):0x1, Wrong image location)
                0x00000010                PROVIDE (__cy_reset, Reset)
 *(.text.Reset)
 .text.Reset    0x00000010        0x8 .\CortexM0\ARM_GCC_541\Debug\Cm0Start.o
                0x00000010                Reset
                0x00000001                ASSERT ((. != __cy_reset), No reset code)
 *(.psocinit)
 .psocinit      0x00000018      0x1a8 .\CortexM0\ARM_GCC_541\Debug\cyfitter_cfg.o
                0x000000b8                cyfitter_cfg
                0x000001c0                . = MAX (., 0x100)
 *(.text .text.* .gnu.linkonce.t.*)
 .text          0x000001c0       0x60 c:/program files (x86)/cypress/psoc creator/4.2/psoc creator/import/gnu/arm/5.4.1/bin/../lib/gcc/arm-none-eabi/5.4.1/armv6-m/crtbegin.o
 .text.main     0x00000220      0x134 .\CortexM0\ARM_GCC_541\Debug\main.o
                0x00000220                main
 .text.gpib_get_buffer
                0x00000354        0x8 .\CortexM0\ARM_GCC_541\Debug\gpib.o
                0x00000354                gpib_get_buffer
 .text.gpib_init_pins
                0x0000035c        0x4 .\CortexM0\ARM_GCC_541\Debug\gpib.o
                0x0000035c                gpib_init_pins
 .text.gpib_readall
                0x00000360       0x20 .\CortexM0\ARM_GCC_541\Debug\gpib.o
                0x00000360                gpib_readall
 .text.gpib_poll
                0x00000380       0x64 .\CortexM0\ARM_GCC_541\Debug\gpib.o
                0x00000380                gpib_poll
 .text.gpib_get_mode
                0x000003e4        0xc .\CortexM0\ARM_GCC_541\Debug\gpib.o
                0x000003e4                gpib_get_mode
 .text.gpib_send_byte
                0x000003f0       0x88 .\CortexM0\ARM_GCC_541\Debug\gpib.o
                0x000003f0                gpib_send_byte
 .text.gpib_receive_byte
                0x00000478       0xb4 .\CortexM0\ARM_GCC_541\Debug\gpib.o
                0x00000478                gpib_receive_byte
 .text.gpib_LAD
                0x0000052c       0x10 .\CortexM0\ARM_GCC_541\Debug\gpib.o
                0x0000052c                gpib_LAD
 .text.gpib_TAD
                0x0000053c       0x10 .\CortexM0\ARM_GCC_541\Debug\gpib.o
                0x0000053c                gpib_TAD
 .text.gpib_UNL
                0x0000054c        0xc .\CortexM0\ARM_GCC_541\Debug\gpib.o
                0x0000054c                gpib_UNL
 .text.gpib_UNT
                0x00000558        0xc .\CortexM0\ARM_GCC_541\Debug\gpib.o
                0x00000558                gpib_UNT
 .text.gpib_address_listener
                0x00000564       0x50 .\CortexM0\ARM_GCC_541\Debug\gpib.o
                0x00000564                gpib_address_listener
 .text.gpib_address_talker
                0x000005b4       0x5c .\CortexM0\ARM_GCC_541\Debug\gpib.o
                0x000005b4                gpib_address_talker
 .text.gpib_talking
                0x00000610       0x18 .\CortexM0\ARM_GCC_541\Debug\gpib.o
                0x00000610                gpib_talking
 .text.gpib_send
                0x00000628       0x20 .\CortexM0\ARM_GCC_541\Debug\gpib.o
                0x00000628                gpib_send
 .text.gpib_read2
                0x00000648       0x80 .\CortexM0\ARM_GCC_541\Debug\gpib.o
                0x00000648                gpib_read2
 .text.serial_flush
                0x000006c8       0x28 .\CortexM0\ARM_GCC_541\Debug\serial.o
                0x000006c8                serial_flush
 .text.serial_add
                0x000006f0       0x44 .\CortexM0\ARM_GCC_541\Debug\serial.o
                0x000006f0                serial_add
 .text.serial_add_string
                0x00000734       0x14 .\CortexM0\ARM_GCC_541\Debug\serial.o
                0x00000734                serial_add_string
 .text.serial_printf
                0x00000748       0x34 .\CortexM0\ARM_GCC_541\Debug\serial.o
                0x00000748                serial_printf
 .text.serial_available
                0x0000077c       0x20 .\CortexM0\ARM_GCC_541\Debug\serial.o
                0x0000077c                serial_available
 .text.serial_getbyte
                0x0000079c       0x44 .\CortexM0\ARM_GCC_541\Debug\serial.o
                0x0000079c                serial_getbyte
 .text.valid_escape
                0x000007e0       0x50 .\CortexM0\ARM_GCC_541\Debug\input.o
                0x000007e0                valid_escape
 .text.input_start
                0x00000830       0x24 .\CortexM0\ARM_GCC_541\Debug\input.o
                0x00000830                input_start
 .text.input_getbuffer
                0x00000854        0x8 .\CortexM0\ARM_GCC_541\Debug\input.o
                0x00000854                input_getbuffer
 .text.input_getlength
                0x0000085c        0xc .\CortexM0\ARM_GCC_541\Debug\input.o
                0x0000085c                input_getlength
 .text.input_data
                0x00000868      0x168 .\CortexM0\ARM_GCC_541\Debug\input.o
                0x00000868                input_data
 .text.input_show_output
                0x000009d0       0x44 .\CortexM0\ARM_GCC_541\Debug\input.o
                0x000009d0                input_show_output
 .text.helper_version
                0x00000a14       0x14 .\CortexM0\ARM_GCC_541\Debug\command.o
                0x00000a14                helper_version
 .text.helper_gpiball
                0x00000a28       0x18 .\CortexM0\ARM_GCC_541\Debug\command.o
                0x00000a28                helper_gpiball
 .text.tokenise
                0x00000a40       0x88 .\CortexM0\ARM_GCC_541\Debug\command.o
                0x00000a40                tokenise
 .text.is_int   0x00000ac8       0x24 .\CortexM0\ARM_GCC_541\Debug\command.o
                0x00000ac8                is_int
 .text.to_int   0x00000aec       0x20 .\CortexM0\ARM_GCC_541\Debug\command.o
                0x00000aec                to_int
 .text.cmd_process
                0x00000b0c       0x50 .\CortexM0\ARM_GCC_541\Debug\command.o
                0x00000b0c                cmd_process
 .text.cmd_usage
                0x00000b5c       0x78 .\CortexM0\ARM_GCC_541\Debug\command.o
                0x00000b5c                cmd_usage
 .text.cmd_uint
                0x00000bd4       0x70 .\CortexM0\ARM_GCC_541\Debug\command.o
                0x00000bd4                cmd_uint
 .text.cmd_noargs
                0x00000c44       0x20 .\CortexM0\ARM_GCC_541\Debug\command.o
                0x00000c44                cmd_noargs
 .text.cmd_help
                0x00000c64       0x7c .\CortexM0\ARM_GCC_541\Debug\command.o
                0x00000c64                cmd_help
 .text.cmd_read
                0x00000ce0       0xb0 .\CortexM0\ARM_GCC_541\Debug\command.o
                0x00000ce0                cmd_read
 .text.cmd_config
                0x00000d90       0x78 .\CortexM0\ARM_GCC_541\Debug\command.o
                0x00000d90                cmd_config
 .text.defaults
                0x00000e08       0x24 .\CortexM0\ARM_GCC_541\Debug\settings.o
                0x00000e08                defaults
 .text.settings_init
                0x00000e2c       0x5c .\CortexM0\ARM_GCC_541\Debug\settings.o
                0x00000e2c                settings_init
 .text.contains_byte
                0x00000e88       0x20 .\CortexM0\ARM_GCC_541\Debug\utils.o
                0x00000e88                contains_byte
 .text.chomp    0x00000ea8       0x2c .\CortexM0\ARM_GCC_541\Debug\utils.o
                0x00000ea8                chomp
 .text.cfg_write_bytes32
                0x00000ed4       0x34 .\CortexM0\ARM_GCC_541\Debug\cyfitter_cfg.o
 .text.AnalogSetDefault
                0x00000f08       0x20 .\CortexM0\ARM_GCC_541\Debug\cyfitter_cfg.o
 .text.CYMEMZERO
                0x00000f28        0xc .\CortexM0\ARM_GCC_541\Debug\cyfitter_cfg.o
 .text.IntDefaultHandler
                0x00000f34       0x10 .\CortexM0\ARM_GCC_541\Debug\Cm0Start.o
                0x00000f34                IntDefaultHandler
 .text._sbrk    0x00000f44       0x30 .\CortexM0\ARM_GCC_541\Debug\Cm0Start.o
                0x00000f44                _sbrk
 .text.Start_c  0x00000f74       0x48 .\CortexM0\ARM_GCC_541\Debug\Cm0Start.o
                0x00000f74                Start_c
 .text.initialize_psoc
                0x00000fbc       0x4c .\CortexM0\ARM_GCC_541\Debug\Cm0Start.o
                0x00000fbc                initialize_psoc
 .text.FindLastWrittenRow
                0x00001008       0x2c .\CortexM0\ARM_GCC_541\Debug\GPIB USB 1.a(cy_em_eeprom.o)
 .text.GetRowAddrBySeqNum
                0x00001034       0x1c .\CortexM0\ARM_GCC_541\Debug\GPIB USB 1.a(cy_em_eeprom.o)
 .text.GetNextRowToWrite
                0x00001050       0x58 .\CortexM0\ARM_GCC_541\Debug\GPIB USB 1.a(cy_em_eeprom.o)
 .text.CalcChecksum
                0x000010a8       0x3c .\CortexM0\ARM_GCC_541\Debug\GPIB USB 1.a(cy_em_eeprom.o)
 .text.CheckRanges
                0x000010e4       0x38 .\CortexM0\ARM_GCC_541\Debug\GPIB USB 1.a(cy_em_eeprom.o)
 .text.WriteRow
                0x0000111c       0x14 .\CortexM0\ARM_GCC_541\Debug\GPIB USB 1.a(cy_em_eeprom.o)
 .text.FillChecksum
                0x00001130       0x6c .\CortexM0\ARM_GCC_541\Debug\GPIB USB 1.a(cy_em_eeprom.o)
 .text.CheckCrcAndCopy
                0x0000119c       0x7c .\CortexM0\ARM_GCC_541\Debug\GPIB USB 1.a(cy_em_eeprom.o)
 .text.Cy_Em_EEPROM_Init
                0x00001218       0x98 .\CortexM0\ARM_GCC_541\Debug\GPIB USB 1.a(cy_em_eeprom.o)
                0x00001218                Cy_Em_EEPROM_Init
 .text.Cy_Em_EEPROM_Read
                0x000012b0      0x230 .\CortexM0\ARM_GCC_541\Debug\GPIB USB 1.a(cy_em_eeprom.o)
                0x000012b0                Cy_Em_EEPROM_Read
 .text.CySysFlashClockBackup
                0x000014e0        0x4 .\CortexM0\ARM_GCC_541\Debug\GPIB USB 1.a(CyFlash.o)
 .text.CySysFlashClockRestore
                0x000014e4        0x4 .\CortexM0\ARM_GCC_541\Debug\GPIB USB 1.a(CyFlash.o)
 .text.CySysFlashWriteRow
                0x000014e8      0x120 .\CortexM0\ARM_GCC_541\Debug\GPIB USB 1.a(CyFlash.o)
                0x000014e8                CySysFlashWriteRow
 .text.CySysFlashSetWaitCycles
                0x00001608       0x54 .\CortexM0\ARM_GCC_541\Debug\GPIB USB 1.a(CyFlash.o)
                0x00001608                CySysFlashSetWaitCycles
 .text.CySysClkImoDisableWcoLock
                0x0000165c       0x54 .\CortexM0\ARM_GCC_541\Debug\GPIB USB 1.a(CyLib.o)
                0x0000165c                CySysClkImoDisableWcoLock
 .text.CySysClkImoGetWcoLock
                0x000016b0       0x14 .\CortexM0\ARM_GCC_541\Debug\GPIB USB 1.a(CyLib.o)
                0x000016b0                CySysClkImoGetWcoLock
 .text.CySysClkImoEnableUsbLock
                0x000016c4       0xf4 .\CortexM0\ARM_GCC_541\Debug\GPIB USB 1.a(CyLib.o)
                0x000016c4                CySysClkImoEnableUsbLock
 .text.CySysClkImoDisableUsbLock
                0x000017b8       0x90 .\CortexM0\ARM_GCC_541\Debug\GPIB USB 1.a(CyLib.o)
                0x000017b8                CySysClkImoDisableUsbLock
 .text.CySysClkImoGetUsbLock
                0x00001848       0x14 .\CortexM0\ARM_GCC_541\Debug\GPIB USB 1.a(CyLib.o)
                0x00001848                CySysClkImoGetUsbLock
 .text.CyIntEnable
                0x0000185c       0x14 .\CortexM0\ARM_GCC_541\Debug\GPIB USB 1.a(CyLib.o)
                0x0000185c                CyIntEnable
 .text.CyHalt   0x00001870        0x4 .\CortexM0\ARM_GCC_541\Debug\GPIB USB 1.a(CyLib.o)
                0x00001870                CyHalt
 .text.CyIntSetVector
                0x00001874       0x24 .\CortexM0\ARM_GCC_541\Debug\GPIB USB 1.a(CyLib.o)
                0x00001874                CyIntSetVector
 .text.CyIntSetPriority
                0x00001898       0x4c .\CortexM0\ARM_GCC_541\Debug\GPIB USB 1.a(CyLib.o)
                0x00001898                CyIntSetPriority
 .text.CyDelay  0x000018e4       0x30 .\CortexM0\ARM_GCC_541\Debug\GPIB USB 1.a(CyLib.o)
                0x000018e4                CyDelay
 .text.CySysClkImoEnableWcoLock
                0x00001914      0x104 .\CortexM0\ARM_GCC_541\Debug\GPIB USB 1.a(CyLib.o)
                0x00001914                CySysClkImoEnableWcoLock
 .text.CyDelayUs
                0x00001a18       0x14 .\CortexM0\ARM_GCC_541\Debug\GPIB USB 1.a(CyLib.o)
                0x00001a18                CyDelayUs
 .text.CySysClkWriteImoFreq
                0x00001a2c      0x1ac .\CortexM0\ARM_GCC_541\Debug\GPIB USB 1.a(CyLib.o)
                0x00001a2c                CySysClkWriteImoFreq
 .text.CyGetUniqueId
                0x00001bd8       0x70 .\CortexM0\ARM_GCC_541\Debug\GPIB USB 1.a(CyLib.o)
                0x00001bd8                CyGetUniqueId
 .text.CySysWdtLocked
                0x00001c48       0x14 .\CortexM0\ARM_GCC_541\Debug\GPIB USB 1.a(CyLFClk.o)
 .text.CySysClkWcoEnabled
                0x00001c5c       0x14 .\CortexM0\ARM_GCC_541\Debug\GPIB USB 1.a(CyLFClk.o)
                0x00001c5c                CySysClkWcoEnabled
 .text.CySysWdtLock
                0x00001c70       0x1c .\CortexM0\ARM_GCC_541\Debug\GPIB USB 1.a(CyLFClk.o)
                0x00001c70                CySysWdtLock
 .text.CySysWdtUnlock
                0x00001c8c       0x30 .\CortexM0\ARM_GCC_541\Debug\GPIB USB 1.a(CyLFClk.o)
                0x00001c8c                CySysWdtUnlock
 .text.CySysWdtClearInterrupt
                0x00001cbc       0x4c .\CortexM0\ARM_GCC_541\Debug\GPIB USB 1.a(CyLFClk.o)
                0x00001cbc                CySysWdtClearInterrupt
 .text.CySysWdtIsr
                0x00001d08       0xa4 .\CortexM0\ARM_GCC_541\Debug\GPIB USB 1.a(CyLFClk.o)
                0x00001d08                CySysWdtIsr
 .text.USBUART_Init
                0x00001dac       0xd0 .\CortexM0\ARM_GCC_541\Debug\GPIB USB 1.a(USBUART.o)
                0x00001dac                USBUART_Init
 .text.USBUART_InitComponent
                0x00001e7c       0xbc .\CortexM0\ARM_GCC_541\Debug\GPIB USB 1.a(USBUART.o)
                0x00001e7c                USBUART_InitComponent
 .text.USBUART_Start
                0x00001f38       0x28 .\CortexM0\ARM_GCC_541\Debug\GPIB USB 1.a(USBUART.o)
                0x00001f38                USBUART_Start
 .text.USBUART_ReInitComponent
                0x00001f60       0x50 .\CortexM0\ARM_GCC_541\Debug\GPIB USB 1.a(USBUART.o)
                0x00001f60                USBUART_ReInitComponent
 .text.USBUART_GetConfiguration
                0x00001fb0        0xc .\CortexM0\ARM_GCC_541\Debug\GPIB USB 1.a(USBUART.o)
                0x00001fb0                USBUART_GetConfiguration
 .text.USBUART_IsConfigurationChanged
                0x00001fbc       0x1c .\CortexM0\ARM_GCC_541\Debug\GPIB USB 1.a(USBUART.o)
                0x00001fbc                USBUART_IsConfigurationChanged
 .text.USBUART_GetEPState
                0x00001fd8       0x14 .\CortexM0\ARM_GCC_541\Debug\GPIB USB 1.a(USBUART.o)
                0x00001fd8                USBUART_GetEPState
 .text.USBUART_GetEPCount
                0x00001fec       0x34 .\CortexM0\ARM_GCC_541\Debug\GPIB USB 1.a(USBUART.o)
                0x00001fec                USBUART_GetEPCount
 .text.USBUART_LoadInEP
                0x00002020       0x9c .\CortexM0\ARM_GCC_541\Debug\GPIB USB 1.a(USBUART.o)
                0x00002020                USBUART_LoadInEP
 .text.USBUART_EnableOutEP
                0x000020bc       0x30 .\CortexM0\ARM_GCC_541\Debug\GPIB USB 1.a(USBUART.o)
                0x000020bc                USBUART_EnableOutEP
 .text.USBUART_ReadOutEP
                0x000020ec       0x58 .\CortexM0\ARM_GCC_541\Debug\GPIB USB 1.a(USBUART.o)
                0x000020ec                USBUART_ReadOutEP
 .text.USBUART_GetInterfaceComPort
                0x00002144       0x38 .\CortexM0\ARM_GCC_541\Debug\GPIB USB 1.a(USBUART_cdc.o)
                0x00002144                USBUART_GetInterfaceComPort
 .text.USBUART_DispatchCDCClassRqst
                0x0000217c       0x98 .\CortexM0\ARM_GCC_541\Debug\GPIB USB 1.a(USBUART_cdc.o)
                0x0000217c                USBUART_DispatchCDCClassRqst
 .text.USBUART_CDC_Init
                0x00002214       0x94 .\CortexM0\ARM_GCC_541\Debug\GPIB USB 1.a(USBUART_cdc.o)
                0x00002214                USBUART_CDC_Init
 .text.USBUART_PutData
                0x000022a8       0x50 .\CortexM0\ARM_GCC_541\Debug\GPIB USB 1.a(USBUART_cdc.o)
                0x000022a8                USBUART_PutData
 .text.USBUART_DataIsReady
                0x000022f8       0x1c .\CortexM0\ARM_GCC_541\Debug\GPIB USB 1.a(USBUART_cdc.o)
                0x000022f8                USBUART_DataIsReady
 .text.USBUART_CDCIsReady
                0x00002314       0x1c .\CortexM0\ARM_GCC_541\Debug\GPIB USB 1.a(USBUART_cdc.o)
                0x00002314                USBUART_CDCIsReady
 .text.USBUART_GetAll
                0x00002330       0x30 .\CortexM0\ARM_GCC_541\Debug\GPIB USB 1.a(USBUART_cdc.o)
                0x00002330                USBUART_GetAll
 .text.USBUART_Cdc_EpInit
                0x00002360       0x5c .\CortexM0\ARM_GCC_541\Debug\GPIB USB 1.a(USBUART_cdc.o)
                0x00002360                USBUART_Cdc_EpInit
 .text.USBUART_LoadEP0
                0x000023bc       0xa0 .\CortexM0\ARM_GCC_541\Debug\GPIB USB 1.a(USBUART_drv.o)
                0x000023bc                USBUART_LoadEP0
 .text.USBUART_InitZeroLengthControlTransfer
                0x0000245c       0x34 .\CortexM0\ARM_GCC_541\Debug\GPIB USB 1.a(USBUART_drv.o)
                0x0000245c                USBUART_InitZeroLengthControlTransfer
 .text.USBUART_ControlReadDataStage
                0x00002490        0x8 .\CortexM0\ARM_GCC_541\Debug\GPIB USB 1.a(USBUART_drv.o)
                0x00002490                USBUART_ControlReadDataStage
 .text.USBUART_ControlWriteDataStage
                0x00002498       0x84 .\CortexM0\ARM_GCC_541\Debug\GPIB USB 1.a(USBUART_drv.o)
                0x00002498                USBUART_ControlWriteDataStage
 .text.USBUART_InitNoDataControlTransfer
                0x0000251c       0x2c .\CortexM0\ARM_GCC_541\Debug\GPIB USB 1.a(USBUART_drv.o)
                0x0000251c                USBUART_InitNoDataControlTransfer
 .text.USBUART_UpdateStatusBlock
                0x00002548       0x24 .\CortexM0\ARM_GCC_541\Debug\GPIB USB 1.a(USBUART_drv.o)
                0x00002548                USBUART_UpdateStatusBlock
 .text.USBUART_HandleSetup
                0x0000256c       0x60 .\CortexM0\ARM_GCC_541\Debug\GPIB USB 1.a(USBUART_drv.o)
                0x0000256c                USBUART_HandleSetup
 .text.USBUART_ControlReadStatusStage
                0x000025cc       0x34 .\CortexM0\ARM_GCC_541\Debug\GPIB USB 1.a(USBUART_drv.o)
                0x000025cc                USBUART_ControlReadStatusStage
 .text.USBUART_HandleOUT
                0x00002600       0x38 .\CortexM0\ARM_GCC_541\Debug\GPIB USB 1.a(USBUART_drv.o)
                0x00002600                USBUART_HandleOUT
 .text.USBUART_ControlWriteStatusStage
                0x00002638       0x20 .\CortexM0\ARM_GCC_541\Debug\GPIB USB 1.a(USBUART_drv.o)
                0x00002638                USBUART_ControlWriteStatusStage
 .text.USBUART_NoDataControlStatusStage
                0x00002658       0x44 .\CortexM0\ARM_GCC_541\Debug\GPIB USB 1.a(USBUART_drv.o)
                0x00002658                USBUART_NoDataControlStatusStage
 .text.USBUART_HandleIN
                0x0000269c       0x2c .\CortexM0\ARM_GCC_541\Debug\GPIB USB 1.a(USBUART_drv.o)
                0x0000269c                USBUART_HandleIN
 .text.USBUART_EP_0_ISR
                0x000026c8       0xb4 .\CortexM0\ARM_GCC_541\Debug\GPIB USB 1.a(USBUART_drv.o)
                0x000026c8                USBUART_EP_0_ISR
 .text.USBUART_InitializeStatusBlock
                0x0000277c       0x24 .\CortexM0\ARM_GCC_541\Debug\GPIB USB 1.a(USBUART_drv.o)
                0x0000277c                USBUART_InitializeStatusBlock
 .text.USBUART_InitControlRead
                0x000027a0       0x58 .\CortexM0\ARM_GCC_541\Debug\GPIB USB 1.a(USBUART_drv.o)
                0x000027a0                USBUART_InitControlRead
 .text.USBUART_InitControlWrite
                0x000027f8       0x4c .\CortexM0\ARM_GCC_541\Debug\GPIB USB 1.a(USBUART_drv.o)
                0x000027f8                USBUART_InitControlWrite
 .text.USBUART_EP_1_ISR
                0x00002844       0x38 .\CortexM0\ARM_GCC_541\Debug\GPIB USB 1.a(USBUART_episr.o)
                0x00002844                USBUART_EP_1_ISR
 .text.USBUART_EP_2_ISR
                0x0000287c       0x3c .\CortexM0\ARM_GCC_541\Debug\GPIB USB 1.a(USBUART_episr.o)
                0x0000287c                USBUART_EP_2_ISR
 .text.USBUART_EP_3_ISR
                0x000028b8       0x40 .\CortexM0\ARM_GCC_541\Debug\GPIB USB 1.a(USBUART_episr.o)
                0x000028b8                USBUART_EP_3_ISR
 .text.USBUART_SOF_ISR
                0x000028f8        0xc .\CortexM0\ARM_GCC_541\Debug\GPIB USB 1.a(USBUART_episr.o)
                0x000028f8                USBUART_SOF_ISR
 .text.USBUART_BUS_RESET_ISR
                0x00002904       0x14 .\CortexM0\ARM_GCC_541\Debug\GPIB USB 1.a(USBUART_episr.o)
                0x00002904                USBUART_BUS_RESET_ISR
 .text.USBUART_INTR_HI_ISR
                0x00002918       0x40 .\CortexM0\ARM_GCC_541\Debug\GPIB USB 1.a(USBUART_episr.o)
                0x00002918                USBUART_INTR_HI_ISR
 .text.USBUART_INTR_MED_ISR
                0x00002958       0x40 .\CortexM0\ARM_GCC_541\Debug\GPIB USB 1.a(USBUART_episr.o)
                0x00002958                USBUART_INTR_MED_ISR
 .text.USBUART_INTR_LO_ISR
                0x00002998       0x40 .\CortexM0\ARM_GCC_541\Debug\GPIB USB 1.a(USBUART_episr.o)
                0x00002998                USBUART_INTR_LO_ISR
 .text.USBUART_DP_ISR
                0x000029d8        0x8 .\CortexM0\ARM_GCC_541\Debug\GPIB USB 1.a(USBUART_pm.o)
                0x000029d8                USBUART_DP_ISR
 .text.USBUART_ReadDieID
                0x000029e0       0x64 .\CortexM0\ARM_GCC_541\Debug\GPIB USB 1.a(USBUART_std.o)
                0x000029e0                USBUART_ReadDieID
 .text.USBUART_ConfigReg
                0x00002a44       0x98 .\CortexM0\ARM_GCC_541\Debug\GPIB USB 1.a(USBUART_std.o)
                0x00002a44                USBUART_ConfigReg
 .text.USBUART_GetConfigTablePtr
                0x00002adc       0x28 .\CortexM0\ARM_GCC_541\Debug\GPIB USB 1.a(USBUART_std.o)
                0x00002adc                USBUART_GetConfigTablePtr
 .text.USBUART_ConfigAltChanged
                0x00002b04      0x120 .\CortexM0\ARM_GCC_541\Debug\GPIB USB 1.a(USBUART_std.o)
                0x00002b04                USBUART_ConfigAltChanged
 .text.USBUART_GetDeviceTablePtr
                0x00002c24       0x18 .\CortexM0\ARM_GCC_541\Debug\GPIB USB 1.a(USBUART_std.o)
                0x00002c24                USBUART_GetDeviceTablePtr
 .text.USBUART_GetInterfaceClassTablePtr
                0x00002c3c       0x28 .\CortexM0\ARM_GCC_541\Debug\GPIB USB 1.a(USBUART_std.o)
                0x00002c3c                USBUART_GetInterfaceClassTablePtr
 .text.USBUART_Config
                0x00002c64      0x1fc .\CortexM0\ARM_GCC_541\Debug\GPIB USB 1.a(USBUART_std.o)
                0x00002c64                USBUART_Config
 .text.USBUART_SetEndpointHalt
                0x00002e60       0x6c .\CortexM0\ARM_GCC_541\Debug\GPIB USB 1.a(USBUART_std.o)
                0x00002e60                USBUART_SetEndpointHalt
 .text.USBUART_ClearEndpointHalt
                0x00002ecc       0xb0 .\CortexM0\ARM_GCC_541\Debug\GPIB USB 1.a(USBUART_std.o)
                0x00002ecc                USBUART_ClearEndpointHalt
 .text.USBUART_ValidateAlternateSetting
                0x00002f7c       0x50 .\CortexM0\ARM_GCC_541\Debug\GPIB USB 1.a(USBUART_std.o)
                0x00002f7c                USBUART_ValidateAlternateSetting
 .text.USBUART_HandleStandardRqst
                0x00002fcc      0x310 .\CortexM0\ARM_GCC_541\Debug\GPIB USB 1.a(USBUART_std.o)
                0x00002fcc                USBUART_HandleStandardRqst
 .text.USBUART_HandleVendorRqst
                0x000032dc       0x14 .\CortexM0\ARM_GCC_541\Debug\GPIB USB 1.a(USBUART_vnd.o)
                0x000032dc                USBUART_HandleVendorRqst
 .text.USBUART_Dp_ClearInterrupt
                0x000032f0       0x10 .\CortexM0\ARM_GCC_541\Debug\GPIB USB 1.a(USBUART_Dp.o)
                0x000032f0                USBUART_Dp_ClearInterrupt
 .text.PWM_1_WriteCounter
                0x00003300       0x10 .\CortexM0\ARM_GCC_541\Debug\GPIB USB 1.a(PWM_1.o)
                0x00003300                PWM_1_WriteCounter
 .text.PWM_1_WritePeriod
                0x00003310       0x10 .\CortexM0\ARM_GCC_541\Debug\GPIB USB 1.a(PWM_1.o)
                0x00003310                PWM_1_WritePeriod
 .text.PWM_1_WriteCompare
                0x00003320       0x10 .\CortexM0\ARM_GCC_541\Debug\GPIB USB 1.a(PWM_1.o)
                0x00003320                PWM_1_WriteCompare
 .text.PWM_1_TriggerCommand
                0x00003330       0x1c .\CortexM0\ARM_GCC_541\Debug\GPIB USB 1.a(PWM_1.o)
                0x00003330                PWM_1_TriggerCommand
 .text.PWM_1_Enable
                0x0000334c       0x24 .\CortexM0\ARM_GCC_541\Debug\GPIB USB 1.a(PWM_1.o)
                0x0000334c                PWM_1_Enable
 .text.PWM_1_SetInterruptMode
                0x00003370        0xc .\CortexM0\ARM_GCC_541\Debug\GPIB USB 1.a(PWM_1.o)
                0x00003370                PWM_1_SetInterruptMode
 .text.PWM_1_Init
                0x0000337c       0x4c .\CortexM0\ARM_GCC_541\Debug\GPIB USB 1.a(PWM_1.o)
                0x0000337c                PWM_1_Init
 .text.PWM_1_Start
                0x000033c8       0x20 .\CortexM0\ARM_GCC_541\Debug\GPIB USB 1.a(PWM_1.o)
                0x000033c8                PWM_1_Start
 .text.EEPROM_Init
                0x000033e8       0x2c .\CortexM0\ARM_GCC_541\Debug\GPIB USB 1.a(EEPROM.o)
                0x000033e8                EEPROM_Init
 .text.Timer1_WriteCounter
                0x00003414       0x10 .\CortexM0\ARM_GCC_541\Debug\GPIB USB 1.a(Timer1.o)
                0x00003414                Timer1_WriteCounter
 .text.Timer1_ReadCounter
                0x00003424       0x10 .\CortexM0\ARM_GCC_541\Debug\GPIB USB 1.a(Timer1.o)
                0x00003424                Timer1_ReadCounter
 .text.Timer1_WritePeriod
                0x00003434       0x10 .\CortexM0\ARM_GCC_541\Debug\GPIB USB 1.a(Timer1.o)
                0x00003434                Timer1_WritePeriod
 .text.Timer1_TriggerCommand
                0x00003444       0x1c .\CortexM0\ARM_GCC_541\Debug\GPIB USB 1.a(Timer1.o)
                0x00003444                Timer1_TriggerCommand
 .text.Timer1_Enable
                0x00003460       0x24 .\CortexM0\ARM_GCC_541\Debug\GPIB USB 1.a(Timer1.o)
                0x00003460                Timer1_Enable
 .text.Timer1_SetInterruptMode
                0x00003484        0xc .\CortexM0\ARM_GCC_541\Debug\GPIB USB 1.a(Timer1.o)
                0x00003484                Timer1_SetInterruptMode
 .text.Timer1_Init
                0x00003490       0x30 .\CortexM0\ARM_GCC_541\Debug\GPIB USB 1.a(Timer1.o)
                0x00003490                Timer1_Init
 .text.Timer1_Start
                0x000034c0       0x20 .\CortexM0\ARM_GCC_541\Debug\GPIB USB 1.a(Timer1.o)
                0x000034c0                Timer1_Start
 .text          0x000034e0       0x20 .\CortexM0\ARM_GCC_541\Debug\GPIB USB 1.a(CyBootAsmGnu.o)
                0x000034e0                CyDelayCycles
                0x000034f2                CyEnterCriticalSection
                0x000034fa                CyExitCriticalSection
 .text.USBUART_DispatchClassRqst
                0x00003500       0x60 .\CortexM0\ARM_GCC_541\Debug\GPIB USB 1.a(USBUART_cls.o)
                0x00003500                USBUART_DispatchClassRqst
 .text          0x00003560      0x114 c:/program files (x86)/cypress/psoc creator/4.2/psoc creator/import/gnu/arm/5.4.1/bin/../lib/gcc/arm-none-eabi/5.4.1/armv6-m\libgcc.a(_udivsi3.o)
                0x00003560                __aeabi_uidiv
                0x00003560                __udivsi3
                0x0000366c                __aeabi_uidivmod
 .text          0x00003674        0x4 c:/program files (x86)/cypress/psoc creator/4.2/psoc creator/import/gnu/arm/5.4.1/bin/../lib/gcc/arm-none-eabi/5.4.1/armv6-m\libgcc.a(_dvmd_tls.o)
                0x00003674                __aeabi_idiv0
                0x00003674                __aeabi_ldiv0
 .text.__errno  0x00003678        0xc c:/program files (x86)/cypress/psoc creator/4.2/psoc creator/import/gnu/arm/5.4.1/bin/../lib/gcc/arm-none-eabi/5.4.1/../../../../arm-none-eabi/lib/armv6-m\libg_nano.a(lib_a-errno.o)
                0x00003678                __errno
 .text.__libc_init_array
                0x00003684       0x4c c:/program files (x86)/cypress/psoc creator/4.2/psoc creator/import/gnu/arm/5.4.1/bin/../lib/gcc/arm-none-eabi/5.4.1/../../../../arm-none-eabi/lib/armv6-m\libg_nano.a(lib_a-init.o)
                0x00003684                __libc_init_array
 .text.memcmp   0x000036d0       0x1e c:/program files (x86)/cypress/psoc creator/4.2/psoc creator/import/gnu/arm/5.4.1/bin/../lib/gcc/arm-none-eabi/5.4.1/../../../../arm-none-eabi/lib/armv6-m\libg_nano.a(lib_a-memcmp.o)
                0x000036d0                memcmp
 .text.memcpy   0x000036ee       0x12 c:/program files (x86)/cypress/psoc creator/4.2/psoc creator/import/gnu/arm/5.4.1/bin/../lib/gcc/arm-none-eabi/5.4.1/../../../../arm-none-eabi/lib/armv6-m\libg_nano.a(lib_a-memcpy-stub.o)
                0x000036ee                memcpy
 .text.memset   0x00003700       0x10 c:/program files (x86)/cypress/psoc creator/4.2/psoc creator/import/gnu/arm/5.4.1/bin/../lib/gcc/arm-none-eabi/5.4.1/../../../../arm-none-eabi/lib/armv6-m\libg_nano.a(lib_a-memset.o)
                0x00003700                memset
 .text.strchr   0x00003710       0x1c c:/program files (x86)/cypress/psoc creator/4.2/psoc creator/import/gnu/arm/5.4.1/bin/../lib/gcc/arm-none-eabi/5.4.1/../../../../arm-none-eabi/lib/armv6-m\libg_nano.a(lib_a-strchr.o)
                0x00003710                strchr
 .text          0x0000372c       0x14 c:/program files (x86)/cypress/psoc creator/4.2/psoc creator/import/gnu/arm/5.4.1/bin/../lib/gcc/arm-none-eabi/5.4.1/../../../../arm-none-eabi/lib/armv6-m\libg_nano.a(lib_a-strcmp.o)
                0x0000372c                strcmp
 .text          0x00003740        0xe c:/program files (x86)/cypress/psoc creator/4.2/psoc creator/import/gnu/arm/5.4.1/bin/../lib/gcc/arm-none-eabi/5.4.1/../../../../arm-none-eabi/lib/armv6-m\libg_nano.a(lib_a-strlen.o)
                0x00003740                strlen
 .text._vsnprintf_r
                0x0000374e       0x56 c:/program files (x86)/cypress/psoc creator/4.2/psoc creator/import/gnu/arm/5.4.1/bin/../lib/gcc/arm-none-eabi/5.4.1/../../../../arm-none-eabi/lib/armv6-m\libg_nano.a(lib_a-vsnprintf.o)
                0x0000374e                _vsniprintf_r
                0x0000374e                _vsnprintf_r
 .text.vsnprintf
                0x000037a4       0x18 c:/program files (x86)/cypress/psoc creator/4.2/psoc creator/import/gnu/arm/5.4.1/bin/../lib/gcc/arm-none-eabi/5.4.1/../../../../arm-none-eabi/lib/armv6-m\libg_nano.a(lib_a-vsnprintf.o)
                0x000037a4                vsniprintf
                0x000037a4                vsnprintf
 .text.__ssputs_r
                0x000037bc       0xc4 c:/program files (x86)/cypress/psoc creator/4.2/psoc creator/import/gnu/arm/5.4.1/bin/../lib/gcc/arm-none-eabi/5.4.1/../../../../arm-none-eabi/lib/armv6-m\libg_nano.a(lib_a-nano-svfprintf.o)
                0x000037bc                __ssputs_r
 .text._svfprintf_r
                0x00003880      0x1fc c:/program files (x86)/cypress/psoc creator/4.2/psoc creator/import/gnu/arm/5.4.1/bin/../lib/gcc/arm-none-eabi/5.4.1/../../../../arm-none-eabi/lib/armv6-m\libg_nano.a(lib_a-nano-svfprintf.o)
                0x00003880                _svfiprintf_r
                0x00003880                _svfprintf_r
 .text._printf_common
                0x00003a7c       0xdc c:/program files (x86)/cypress/psoc creator/4.2/psoc creator/import/gnu/arm/5.4.1/bin/../lib/gcc/arm-none-eabi/5.4.1/../../../../arm-none-eabi/lib/armv6-m\libg_nano.a(lib_a-nano-vfprintf_i.o)
                0x00003a7c                _printf_common
 .text._printf_i
                0x00003b58      0x244 c:/program files (x86)/cypress/psoc creator/4.2/psoc creator/import/gnu/arm/5.4.1/bin/../lib/gcc/arm-none-eabi/5.4.1/../../../../arm-none-eabi/lib/armv6-m\libg_nano.a(lib_a-nano-vfprintf_i.o)
                0x00003b58                _printf_i
 .text.memchr   0x00003d9c       0x16 c:/program files (x86)/cypress/psoc creator/4.2/psoc creator/import/gnu/arm/5.4.1/bin/../lib/gcc/arm-none-eabi/5.4.1/../../../../arm-none-eabi/lib/armv6-m\libg_nano.a(lib_a-memchr-stub.o)
                0x00003d9c                memchr
 .text.memmove  0x00003db2       0x2a c:/program files (x86)/cypress/psoc creator/4.2/psoc creator/import/gnu/arm/5.4.1/bin/../lib/gcc/arm-none-eabi/5.4.1/../../../../arm-none-eabi/lib/armv6-m\libg_nano.a(lib_a-memmove.o)
                0x00003db2                memmove
 .text._free_r  0x00003ddc       0x98 c:/program files (x86)/cypress/psoc creator/4.2/psoc creator/import/gnu/arm/5.4.1/bin/../lib/gcc/arm-none-eabi/5.4.1/../../../../arm-none-eabi/lib/armv6-m\libg_nano.a(lib_a-nano-freer.o)
                0x00003ddc                _free_r
 .text._malloc_r
                0x00003e74       0xc0 c:/program files (x86)/cypress/psoc creator/4.2/psoc creator/import/gnu/arm/5.4.1/bin/../lib/gcc/arm-none-eabi/5.4.1/../../../../arm-none-eabi/lib/armv6-m\libg_nano.a(lib_a-nano-mallocr.o)
                0x00003e74                _malloc_r
 .text._realloc_r
                0x00003f34       0x4c c:/program files (x86)/cypress/psoc creator/4.2/psoc creator/import/gnu/arm/5.4.1/bin/../lib/gcc/arm-none-eabi/5.4.1/../../../../arm-none-eabi/lib/armv6-m\libg_nano.a(lib_a-nano-reallocr.o)
                0x00003f34                _realloc_r
 .text._sbrk_r  0x00003f80       0x24 c:/program files (x86)/cypress/psoc creator/4.2/psoc creator/import/gnu/arm/5.4.1/bin/../lib/gcc/arm-none-eabi/5.4.1/../../../../arm-none-eabi/lib/armv6-m\libg_nano.a(lib_a-sbrkr.o)
                0x00003f80                _sbrk_r
 .text.__malloc_lock
                0x00003fa4        0x2 c:/program files (x86)/cypress/psoc creator/4.2/psoc creator/import/gnu/arm/5.4.1/bin/../lib/gcc/arm-none-eabi/5.4.1/../../../../arm-none-eabi/lib/armv6-m\libg_nano.a(lib_a-mlock.o)
                0x00003fa4                __malloc_lock
 .text.__malloc_unlock
                0x00003fa6        0x2 c:/program files (x86)/cypress/psoc creator/4.2/psoc creator/import/gnu/arm/5.4.1/bin/../lib/gcc/arm-none-eabi/5.4.1/../../../../arm-none-eabi/lib/armv6-m\libg_nano.a(lib_a-mlock.o)
                0x00003fa6                __malloc_unlock
 .text._malloc_usable_size_r
                0x00003fa8       0x16 c:/program files (x86)/cypress/psoc creator/4.2/psoc creator/import/gnu/arm/5.4.1/bin/../lib/gcc/arm-none-eabi/5.4.1/../../../../arm-none-eabi/lib/armv6-m\libg_nano.a(lib_a-nano-msizer.o)
                0x00003fa8                _malloc_usable_size_r
 *(.plt)
 *(.gnu.warning)
 *(.glue_7t)
 .glue_7t       0x00003fbe        0x0 linker stubs
 *(.glue_7)
 .glue_7        0x00003fbe        0x0 linker stubs
 *(.vfp11_veneer)
 .vfp11_veneer  0x00003fbe        0x0 linker stubs
 *(.bootloader)
 *(.ARM.extab* .gnu.linkonce.armextab.*)
 *(.gcc_except_table)

.v4_bx          0x00003fc0        0x0
 .v4_bx         0x00003fc0        0x0 linker stubs

.iplt           0x00003fc0        0x0
 .iplt          0x00003fc0        0x0 c:/program files (x86)/cypress/psoc creator/4.2/psoc creator/import/gnu/arm/5.4.1/bin/../lib/gcc/arm-none-eabi/5.4.1/armv6-m/crtbegin.o

.eh_frame_hdr
 *(.eh_frame_hdr)

.eh_frame       0x00003fc0        0x4
 *(.eh_frame)
 .eh_frame      0x00003fc0        0x0 c:/program files (x86)/cypress/psoc creator/4.2/psoc creator/import/gnu/arm/5.4.1/bin/../lib/gcc/arm-none-eabi/5.4.1/armv6-m/crtbegin.o
 .eh_frame      0x00003fc0        0x4 c:/program files (x86)/cypress/psoc creator/4.2/psoc creator/import/gnu/arm/5.4.1/bin/../lib/gcc/arm-none-eabi/5.4.1/armv6-m/crtend.o
                [!provide]                PROVIDE (__exidx_start, .)

.ARM.exidx
 *(.ARM.exidx* .gnu.linkonce.armexidx.*)
                0x00003fc4                __exidx_end = .

.rodata         0x00004000      0xce0
 *(.rodata .rodata.* .gnu.linkonce.r.*)
 .rodata.str1.4
                0x00004000       0x46 .\CortexM0\ARM_GCC_541\Debug\main.o
 *fill*         0x00004046        0x2 
 .rodata        0x00004048       0x28 .\CortexM0\ARM_GCC_541\Debug\input.o
                0x00004048                escapes
 .rodata.str1.4
                0x00004070       0x28 .\CortexM0\ARM_GCC_541\Debug\input.o
                                 0x2c (size before relaxing)
 .rodata        0x00004098      0x200 .\CortexM0\ARM_GCC_541\Debug\command.o
                0x00004098                commands
                0x00004238                eos_means
                0x00004260                enable_disable_means
                0x00004278                auto_means
 .rodata.str1.4
                0x00004298      0x4ba .\CortexM0\ARM_GCC_541\Debug\command.o
                                0x4ce (size before relaxing)
 *fill*         0x00004752       0xae 
 .rodata        0x00004800      0x200 .\CortexM0\ARM_GCC_541\Debug\settings.o
                0x00004800                eeprom
 .rodata        0x00004a00       0x70 .\CortexM0\ARM_GCC_541\Debug\cyfitter_cfg.o
 .rodata        0x00004a70       0x2e .\CortexM0\ARM_GCC_541\Debug\GPIB USB 1.a(CyLib.o)
                0x00004a70                cyImoFreqMhz2Reg
 *fill*         0x00004a9e        0x2 
 .rodata        0x00004aa0       0x34 .\CortexM0\ARM_GCC_541\Debug\GPIB USB 1.a(USBUART_episr.o)
 .rodata        0x00004ad4       0x30 .\CortexM0\ARM_GCC_541\Debug\GPIB USB 1.a(USBUART_std.o)
 .rodata.str1.4
                0x00004b04       0x14 .\CortexM0\ARM_GCC_541\Debug\GPIB USB 1.a(USBUART_std.o)
                                 0x11 (size before relaxing)
 .rodata        0x00004b18      0x15e .\CortexM0\ARM_GCC_541\Debug\GPIB USB 1.a(USBUART_descr.o)
                0x00004b18                USBUART_TABLE
                0x00004b20                USBUART_DEVICE0_TABLE
                0x00004b38                USBUART_DEVICE0_CONFIGURATION0_TABLE
                0x00004b60                USBUART_DEVICE0_CONFIGURATION0_INTERFACE_CLASS
                0x00004b64                USBUART_DEVICE0_CONFIGURATION0_EP_SETTINGS_TABLE
                0x00004b7c                USBUART_SN_STRING_DESCRIPTOR
                0x00004b80                USBUART_STRING_DESCRIPTORS
                0x00004c20                USBUART_DEVICE0_CONFIGURATION0_DESCR
                0x00004c64                USBUART_DEVICE0_DESCR
 .rodata.str1.1
                0x00004c76        0x2 c:/program files (x86)/cypress/psoc creator/4.2/psoc creator/import/gnu/arm/5.4.1/bin/../lib/gcc/arm-none-eabi/5.4.1/../../../../arm-none-eabi/lib/armv6-m\libg_nano.a(lib_a-impure.o)
 .rodata.str1.1
                0x00004c78       0x11 c:/program files (x86)/cypress/psoc creator/4.2/psoc creator/import/gnu/arm/5.4.1/bin/../lib/gcc/arm-none-eabi/5.4.1/../../../../arm-none-eabi/lib/armv6-m\libg_nano.a(lib_a-nano-svfprintf.o)
 .rodata.str1.1
                0x00004c89       0x22 c:/program files (x86)/cypress/psoc creator/4.2/psoc creator/import/gnu/arm/5.4.1/bin/../lib/gcc/arm-none-eabi/5.4.1/../../../../arm-none-eabi/lib/armv6-m\libg_nano.a(lib_a-nano-vfprintf_i.o)
                0x00004cac                . = ALIGN (0x4)
 *fill*         0x00004cab        0x1 
 *(.init)
 .init          0x00004cac        0x4 c:/program files (x86)/cypress/psoc creator/4.2/psoc creator/import/gnu/arm/5.4.1/bin/../lib/gcc/arm-none-eabi/5.4.1/armv6-m/crti.o
                0x00004cac                _init
 .init          0x00004cb0        0x8 c:/program files (x86)/cypress/psoc creator/4.2/psoc creator/import/gnu/arm/5.4.1/bin/../lib/gcc/arm-none-eabi/5.4.1/armv6-m/crtn.o
                0x00004cb8                . = ALIGN (0x4)
                0x00004cb8                __preinit_array_start = .
 *(.preinit_array)
                0x00004cb8                __preinit_array_end = .
                0x00004cb8                . = ALIGN (0x4)
                0x00004cb8                __init_array_start = .
 *(SORT(.init_array.*))
 *(.init_array)
 .init_array    0x00004cb8        0x4 c:/program files (x86)/cypress/psoc creator/4.2/psoc creator/import/gnu/arm/5.4.1/bin/../lib/gcc/arm-none-eabi/5.4.1/armv6-m/crtbegin.o
 .init_array    0x00004cbc        0x4 .\CortexM0\ARM_GCC_541\Debug\Cm0Start.o
                0x00004cc0                __init_array_end = .
                0x00004cc0                . = ALIGN (0x4)
 *(.fini)
 .fini          0x00004cc0        0x4 c:/program files (x86)/cypress/psoc creator/4.2/psoc creator/import/gnu/arm/5.4.1/bin/../lib/gcc/arm-none-eabi/5.4.1/armv6-m/crti.o
                0x00004cc0                _fini
 .fini          0x00004cc4        0x8 c:/program files (x86)/cypress/psoc creator/4.2/psoc creator/import/gnu/arm/5.4.1/bin/../lib/gcc/arm-none-eabi/5.4.1/armv6-m/crtn.o
                0x00004ccc                . = ALIGN (0x4)
                0x00004ccc                __fini_array_start = .
 *(.fini_array)
 .fini_array    0x00004ccc        0x4 c:/program files (x86)/cypress/psoc creator/4.2/psoc creator/import/gnu/arm/5.4.1/bin/../lib/gcc/arm-none-eabi/5.4.1/armv6-m/crtbegin.o
 *(SORT(.fini_array.*))
                0x00004cd0                __fini_array_end = .
                0x00004cd0                . = ALIGN (0x4)
 *crtbegin.o(.ctors)
 *(EXCLUDE_FILE(*crtend.o) .ctors)
 *(SORT(.ctors.*))
 *crtend.o(.ctors)
                0x00004cd0                . = ALIGN (0x4)
 *crtbegin.o(.dtors)
 *(EXCLUDE_FILE(*crtend.o) .dtors)
 *(SORT(.dtors.*))
 *crtend.o(.dtors)
                0x00004cd0                . = ALIGN (0x4)
                0x00004cd0                __cy_regions = .
                0x00004cd0        0x4 LONG 0x4ce0 __cy_region_init_ram
                0x00004cd4        0x4 LONG 0x200000c0 __cy_region_start_data
                0x00004cd8        0x4 LONG 0x108 __cy_region_init_size_ram
                0x00004cdc        0x4 LONG 0x678 __cy_region_zero_size_ram
                0x00004ce0                __cy_regions_end = .
                0x00004ce0                . = ALIGN (0x8)
                0x00004ce0                _etext = .

.cy_checksum_exclude
                0x00004ce0        0x0
 *(.cy_checksum_exclude)

.ramvectors     0x20000000       0xc0
                0x20000000                __cy_region_start_ram = .
 *(.ramvectors)
 .ramvectors    0x20000000       0xc0 .\CortexM0\ARM_GCC_541\Debug\Cm0Start.o
                0x20000000                CyRamVectors

.noinit
 *(.noinit)

.data           0x200000c0      0x108 load address 0x00004ce0
                0x200000c0                __cy_region_start_data = .
 *(.jcr)
 .jcr           0x200000c0        0x0 c:/program files (x86)/cypress/psoc creator/4.2/psoc creator/import/gnu/arm/5.4.1/bin/../lib/gcc/arm-none-eabi/5.4.1/armv6-m/crtbegin.o
 .jcr           0x200000c0        0x4 c:/program files (x86)/cypress/psoc creator/4.2/psoc creator/import/gnu/arm/5.4.1/bin/../lib/gcc/arm-none-eabi/5.4.1/armv6-m/crtend.o
 *(.got.plt)
 *(.got)
 *(.shdata)
 *(.data .data.* .gnu.linkonce.d.*)
 .data          0x200000c4        0x1 .\CortexM0\ARM_GCC_541\Debug\gpib.o
                0x200000c4                my_address
 *fill*         0x200000c5        0x3 
 .data          0x200000c8        0x8 .\CortexM0\ARM_GCC_541\Debug\serial.o
                0x200000c8                output_free
                0x200000cc                input_p
 .data          0x200000d0       0x58 .\CortexM0\ARM_GCC_541\Debug\command.o
                0x20000118                enable_disable_usage
                0x20000120                no_usage_args
 .data          0x20000128        0x4 .\CortexM0\ARM_GCC_541\Debug\Cm0Start.o
 .data          0x2000012c       0x14 .\CortexM0\ARM_GCC_541\Debug\GPIB USB 1.a(CyLib.o)
                0x2000012c                CySysClkPumpConfig
                0x20000130                cydelay32kMs
                0x20000134                cydelayFreqKhz
                0x20000138                cydelayFreqMhz
                0x2000013c                cydelayFreqHz
 .data          0x20000140        0x8 .\CortexM0\ARM_GCC_541\Debug\GPIB USB 1.a(CyLFClk.o)
 .data          0x20000148       0x1a .\CortexM0\ARM_GCC_541\Debug\GPIB USB 1.a(USBUART_cdc.o)
                0x20000148                USBUART_linesCoding
 *fill*         0x20000162        0x2 
 .data.impure_data
                0x20000164       0x60 c:/program files (x86)/cypress/psoc creator/4.2/psoc creator/import/gnu/arm/5.4.1/bin/../lib/gcc/arm-none-eabi/5.4.1/../../../../arm-none-eabi/lib/armv6-m\libg_nano.a(lib_a-impure.o)
 .data._impure_ptr
                0x200001c4        0x4 c:/program files (x86)/cypress/psoc creator/4.2/psoc creator/import/gnu/arm/5.4.1/bin/../lib/gcc/arm-none-eabi/5.4.1/../../../../arm-none-eabi/lib/armv6-m\libg_nano.a(lib_a-impure.o)
                0x200001c4                _impure_ptr
                0x200001c8                . = ALIGN (0x8)
 *(.ram)
                0x200001c8                _edata = .

.igot.plt       0x200001c8        0x0 load address 0x00004de8
 .igot.plt      0x200001c8        0x0 c:/program files (x86)/cypress/psoc creator/4.2/psoc creator/import/gnu/arm/5.4.1/bin/../lib/gcc/arm-none-eabi/5.4.1/armv6-m/crtbegin.o

.bss            0x200001c8      0x678 load address 0x00004de8
                0x200001c8                PROVIDE (__bss_start__, .)
 *(.shbss)
 *(.bss .bss.* .gnu.linkonce.b.*)
 .bss           0x200001c8       0x1c c:/program files (x86)/cypress/psoc creator/4.2/psoc creator/import/gnu/arm/5.4.1/bin/../lib/gcc/arm-none-eabi/5.4.1/armv6-m/crtbegin.o
 .bss           0x200001e4        0x4 .\CortexM0\ARM_GCC_541\Debug\gpib.o
                0x200001e4                _gpib_mode
 .bss           0x200001e8        0x4 .\CortexM0\ARM_GCC_541\Debug\serial.o
                0x200001e8                input_avail
 .bss           0x200001ec       0x10 .\CortexM0\ARM_GCC_541\Debug\input.o
                0x200001ec                input_buf_len
                0x200001f0                escape
                0x200001f4                last_buf_len
                0x200001f8                input_cursor_pos
 .bss           0x200001fc        0x4 .\CortexM0\ARM_GCC_541\Debug\command.o
                0x200001fc                tok_count
 .bss           0x20000200       0x20 .\CortexM0\ARM_GCC_541\Debug\GPIB USB 1.a(CyLib.o)
                0x20000200                CySysClkImoTrim4
                0x20000204                CySysClkImoTrim5
                0x2000021c                CySysTickInitVar
 .bss           0x20000220       0x28 .\CortexM0\ARM_GCC_541\Debug\GPIB USB 1.a(CyLFClk.o)
 .bss           0x20000248        0x1 .\CortexM0\ARM_GCC_541\Debug\GPIB USB 1.a(USBUART.o)
                0x20000248                USBUART_initVar
 .bss           0x20000249        0x1 .\CortexM0\ARM_GCC_541\Debug\GPIB USB 1.a(USBUART_cdc.o)
 *fill*         0x2000024a        0x2 
 .bss           0x2000024c        0x2 .\CortexM0\ARM_GCC_541\Debug\GPIB USB 1.a(USBUART_std.o)
 .bss           0x2000024e        0x1 .\CortexM0\ARM_GCC_541\Debug\GPIB USB 1.a(PWM_1.o)
                0x2000024e                PWM_1_initVar
 .bss           0x2000024f        0x1 .\CortexM0\ARM_GCC_541\Debug\GPIB USB 1.a(Timer1.o)
                0x2000024f                Timer1_initVar
 .bss.__malloc_sbrk_start
                0x20000250        0x4 c:/program files (x86)/cypress/psoc creator/4.2/psoc creator/import/gnu/arm/5.4.1/bin/../lib/gcc/arm-none-eabi/5.4.1/../../../../arm-none-eabi/lib/armv6-m\libg_nano.a(lib_a-nano-mallocr.o)
                0x20000250                __malloc_sbrk_start
 .bss.__malloc_free_list
                0x20000254        0x4 c:/program files (x86)/cypress/psoc creator/4.2/psoc creator/import/gnu/arm/5.4.1/bin/../lib/gcc/arm-none-eabi/5.4.1/../../../../arm-none-eabi/lib/armv6-m\libg_nano.a(lib_a-nano-mallocr.o)
                0x20000254                __malloc_free_list
 *(COMMON)
 COMMON         0x20000258      0x100 .\CortexM0\ARM_GCC_541\Debug\gpib.o
                0x20000258                gpib_buffer
 COMMON         0x20000358      0x280 .\CortexM0\ARM_GCC_541\Debug\serial.o
                0x20000358                output_buffer
                0x20000398                input_buffer
                0x200003d8                general_buffer
 COMMON         0x200005d8      0x108 .\CortexM0\ARM_GCC_541\Debug\input.o
                0x200005d8                esc_buf
                0x200005e0                input_buf
                0x20000660                last_buf
 COMMON         0x200006e0       0x50 .\CortexM0\ARM_GCC_541\Debug\command.o
                0x200006e0                toks
 COMMON         0x20000730       0x14 .\CortexM0\ARM_GCC_541\Debug\settings.o
                0x20000730                settings
 COMMON         0x20000744       0x18 .\CortexM0\ARM_GCC_541\Debug\GPIB USB 1.a(USBUART_cdc.o)
                0x20000744                USBUART_linesChanged
                0x20000748                USBUART_cdcDataInEp
                0x2000074c                USBUART_cdcCommInInterruptEp
                0x20000750                USBUART_cdcDataOutEp
                0x20000754                USBUART_serialStateBitmap
                0x20000758                USBUART_linesControlBitmap
 COMMON         0x2000075c       0x9a .\CortexM0\ARM_GCC_541\Debug\GPIB USB 1.a(USBUART_drv.o)
                0x2000075c                USBUART_lastPacketSize
                0x2000075d                USBUART_device
                0x2000075e                USBUART_transferByteCount
                0x20000760                USBUART_transferState
                0x20000764                USBUART_interfaceSettingLast
                0x20000768                USBUART_currentTD
                0x20000774                USBUART_interfaceNumber
                0x20000778                USBUART_interfaceClass
                0x2000077c                USBUART_configurationChanged
                0x2000077d                USBUART_ep0Mode
                0x2000077e                USBUART_deviceAddress
                0x2000077f                USBUART_configuration
                0x20000780                USBUART_ep0Count
                0x20000781                USBUART_deviceStatus
                0x20000784                USBUART_EP
                0x200007f0                USBUART_interfaceSetting
                0x200007f2                USBUART_ep0Toggle
                0x200007f4                USBUART_interfaceStatus
 *fill*         0x200007f6        0x2 
 COMMON         0x200007f8       0x1c .\CortexM0\ARM_GCC_541\Debug\GPIB USB 1.a(EEPROM.o)
                0x200007f8                EEPROM_context
 COMMON         0x20000814       0x22 .\CortexM0\ARM_GCC_541\Debug\GPIB USB 1.a(USBUART_descr.o)
                0x20000814                USBUART_idSerialNumberStringDescriptor
 *fill*         0x20000836        0x2 
 COMMON         0x20000838        0x4 c:/program files (x86)/cypress/psoc creator/4.2/psoc creator/import/gnu/arm/5.4.1/bin/../lib/gcc/arm-none-eabi/5.4.1/../../../../arm-none-eabi/lib/armv6-m\libg_nano.a(lib_a-reent.o)
                0x20000838                errno
                0x20000840                . = ALIGN (0x8)
 *fill*         0x2000083c        0x4 
 *(.ram.b)
                0x20000840                _end = .
                0x20000840                __end = .
                0x20000840                PROVIDE (end, .)
                0x20000840                PROVIDE (__bss_end__, .)
                0x00004ce0                __cy_region_init_ram = LOADADDR (.data)
                0x00000108                __cy_region_init_size_ram = (_edata - ADDR (.data))
                0x00000678                __cy_region_zero_size_ram = (_end - _edata)

.heap           0x20000840       0x80 load address 0x00004de8
                0x20000840                . = _end
                0x200008c0                . = (. + 0x80)
 *fill*         0x20000840       0x80 
                0x200008c0                __cy_heap_limit = .

.stack          0x20001800      0x800
                0x20001800                __cy_stack_limit = .
                0x20002000                . = (. + 0x800)
 *fill*         0x20001800      0x800 
                0x00000001                ASSERT ((__cy_stack_limit >= __cy_heap_limit), region RAM overflowed with stack)
                0x00000000                cy_checksum_exclude_size = (CY_APPL_LOADABLE == 0x1)?SIZEOF (.cy_checksum_exclude):0x0
                0x00000001                ASSERT ((cy_checksum_exclude_size <= CY_CHECKSUM_EXCLUDE_SIZE), CY_BOOT: Section .cy_checksum_exclude size exceedes specified limit.)
                0x0000ffc0                cyloadermeta_start = (cy_project_type_bootloader || cy_project_type_app_for_stack_and_copier)?(LENGTH (rom) - CY_METADATA_SIZE):0xf0000000

.cyloadermeta
 *(.cyloadermeta)
                0x0000ffc0                cyloadablemeta_start = cy_project_type_app_for_stack_and_copier?((LENGTH (rom) - CY_FLASH_ROW_SIZE) - CY_METADATA_SIZE):((LENGTH (rom) - (CY_FLASH_ROW_SIZE * (CY_APPL_NUM - 0x1))) - CY_METADATA_SIZE)

.cyloadablemeta
 *(.cyloadablemeta)

.cyflashprotect
                0x90400000       0x20
 *(.cyflashprotect)
 .cyflashprotect
                0x90400000       0x20 .\CortexM0\ARM_GCC_541\Debug\cymetadata.o
                0x90400000                cy_meta_flashprotect

.cymeta         0x90500000        0xc
 *(.cymeta)
 .cymeta        0x90500000        0xc .\CortexM0\ARM_GCC_541\Debug\cymetadata.o
                0x90500000                cy_metadata

.cychipprotect  0x90600000        0x1
 *(.cychipprotect)
 .cychipprotect
                0x90600000        0x1 .\CortexM0\ARM_GCC_541\Debug\cymetadata.o
                0x90600000                cy_meta_chipprotect

.rel.dyn        0x00004de8        0x0 load address 0x90600004
 .rel.iplt      0x00004de8        0x0 c:/program files (x86)/cypress/psoc creator/4.2/psoc creator/import/gnu/arm/5.4.1/bin/../lib/gcc/arm-none-eabi/5.4.1/armv6-m/crtbegin.o

.stab
 *(.stab)

.stabstr
 *(.stabstr)

.debug
 *(.debug)

.line
 *(.line)

.debug_srcinfo
 *(.debug_srcinfo)

.debug_sfnames
 *(.debug_sfnames)

.debug_aranges  0x00000000      0xe98
 *(.debug_aranges)
 .debug_aranges
                0x00000000       0x20 .\CortexM0\ARM_GCC_541\Debug\main.o
 .debug_aranges
                0x00000020       0xa8 .\CortexM0\ARM_GCC_541\Debug\gpib.o
 .debug_aranges
                0x000000c8       0x50 .\CortexM0\ARM_GCC_541\Debug\serial.o
 .debug_aranges
                0x00000118       0x50 .\CortexM0\ARM_GCC_541\Debug\input.o
 .debug_aranges
                0x00000168       0x78 .\CortexM0\ARM_GCC_541\Debug\command.o
 .debug_aranges
                0x000001e0       0x30 .\CortexM0\ARM_GCC_541\Debug\settings.o
 .debug_aranges
                0x00000210       0x28 .\CortexM0\ARM_GCC_541\Debug\utils.o
 .debug_aranges
                0x00000238       0x40 .\CortexM0\ARM_GCC_541\Debug\cyfitter_cfg.o
 .debug_aranges
                0x00000278       0x18 .\CortexM0\ARM_GCC_541\Debug\cymetadata.o
 .debug_aranges
                0x00000290       0x48 .\CortexM0\ARM_GCC_541\Debug\Cm0Start.o
 .debug_aranges
                0x000002d8       0x90 .\CortexM0\ARM_GCC_541\Debug\GPIB USB 1.a(cy_em_eeprom.o)
 .debug_aranges
                0x00000368       0x40 .\CortexM0\ARM_GCC_541\Debug\GPIB USB 1.a(CyFlash.o)
 .debug_aranges
                0x000003a8      0x260 .\CortexM0\ARM_GCC_541\Debug\GPIB USB 1.a(CyLib.o)
 .debug_aranges
                0x00000608      0x188 .\CortexM0\ARM_GCC_541\Debug\GPIB USB 1.a(CyLFClk.o)
 .debug_aranges
                0x00000790       0xe0 .\CortexM0\ARM_GCC_541\Debug\GPIB USB 1.a(USBUART.o)
 .debug_aranges
                0x00000870       0xe8 .\CortexM0\ARM_GCC_541\Debug\GPIB USB 1.a(USBUART_cdc.o)
 .debug_aranges
                0x00000958       0x98 .\CortexM0\ARM_GCC_541\Debug\GPIB USB 1.a(USBUART_drv.o)
 .debug_aranges
                0x000009f0       0x58 .\CortexM0\ARM_GCC_541\Debug\GPIB USB 1.a(USBUART_episr.o)
 .debug_aranges
                0x00000a48       0x40 .\CortexM0\ARM_GCC_541\Debug\GPIB USB 1.a(USBUART_pm.o)
 .debug_aranges
                0x00000a88       0x80 .\CortexM0\ARM_GCC_541\Debug\GPIB USB 1.a(USBUART_std.o)
 .debug_aranges
                0x00000b08       0x20 .\CortexM0\ARM_GCC_541\Debug\GPIB USB 1.a(USBUART_vnd.o)
 .debug_aranges
                0x00000b28       0x48 .\CortexM0\ARM_GCC_541\Debug\GPIB USB 1.a(USBUART_Dp.o)
 .debug_aranges
                0x00000b70      0x158 .\CortexM0\ARM_GCC_541\Debug\GPIB USB 1.a(PWM_1.o)
 .debug_aranges
                0x00000cc8       0x20 .\CortexM0\ARM_GCC_541\Debug\GPIB USB 1.a(EEPROM.o)
 .debug_aranges
                0x00000ce8      0x158 .\CortexM0\ARM_GCC_541\Debug\GPIB USB 1.a(Timer1.o)
 .debug_aranges
                0x00000e40       0x20 .\CortexM0\ARM_GCC_541\Debug\GPIB USB 1.a(CyBootAsmGnu.o)
 .debug_aranges
                0x00000e60       0x20 .\CortexM0\ARM_GCC_541\Debug\GPIB USB 1.a(USBUART_cls.o)
 .debug_aranges
                0x00000e80       0x18 .\CortexM0\ARM_GCC_541\Debug\GPIB USB 1.a(USBUART_descr.o)

.debug_pubnames
 *(.debug_pubnames)

.debug_info     0x00000000     0xba91
 *(.debug_info .gnu.linkonce.wi.*)
 .debug_info    0x00000000      0x513 .\CortexM0\ARM_GCC_541\Debug\main.o
 .debug_info    0x00000513      0xd80 .\CortexM0\ARM_GCC_541\Debug\gpib.o
 .debug_info    0x00001293      0x3f4 .\CortexM0\ARM_GCC_541\Debug\serial.o
 .debug_info    0x00001687      0x5b8 .\CortexM0\ARM_GCC_541\Debug\input.o
 .debug_info    0x00001c3f      0xbe3 .\CortexM0\ARM_GCC_541\Debug\command.o
 .debug_info    0x00002822      0x339 .\CortexM0\ARM_GCC_541\Debug\settings.o
 .debug_info    0x00002b5b      0x17c .\CortexM0\ARM_GCC_541\Debug\utils.o
 .debug_info    0x00002cd7      0x3d0 .\CortexM0\ARM_GCC_541\Debug\cyfitter_cfg.o
 .debug_info    0x000030a7       0xf8 .\CortexM0\ARM_GCC_541\Debug\cymetadata.o
 .debug_info    0x0000319f      0x3a2 .\CortexM0\ARM_GCC_541\Debug\Cm0Start.o
 .debug_info    0x00003541      0xed4 .\CortexM0\ARM_GCC_541\Debug\GPIB USB 1.a(cy_em_eeprom.o)
 .debug_info    0x00004415      0x352 .\CortexM0\ARM_GCC_541\Debug\GPIB USB 1.a(CyFlash.o)
 .debug_info    0x00004767     0x17a4 .\CortexM0\ARM_GCC_541\Debug\GPIB USB 1.a(CyLib.o)
 .debug_info    0x00005f0b     0x1058 .\CortexM0\ARM_GCC_541\Debug\GPIB USB 1.a(CyLFClk.o)
 .debug_info    0x00006f63      0xb26 .\CortexM0\ARM_GCC_541\Debug\GPIB USB 1.a(USBUART.o)
 .debug_info    0x00007a89      0xb21 .\CortexM0\ARM_GCC_541\Debug\GPIB USB 1.a(USBUART_cdc.o)
 .debug_info    0x000085aa      0x666 .\CortexM0\ARM_GCC_541\Debug\GPIB USB 1.a(USBUART_drv.o)
 .debug_info    0x00008c10      0x3f5 .\CortexM0\ARM_GCC_541\Debug\GPIB USB 1.a(USBUART_episr.o)
 .debug_info    0x00009005      0x2af .\CortexM0\ARM_GCC_541\Debug\GPIB USB 1.a(USBUART_pm.o)
 .debug_info    0x000092b4      0xbe7 .\CortexM0\ARM_GCC_541\Debug\GPIB USB 1.a(USBUART_std.o)
 .debug_info    0x00009e9b       0xf9 .\CortexM0\ARM_GCC_541\Debug\GPIB USB 1.a(USBUART_vnd.o)
 .debug_info    0x00009f94      0x19b .\CortexM0\ARM_GCC_541\Debug\GPIB USB 1.a(USBUART_Dp.o)
 .debug_info    0x0000a12f      0x90b .\CortexM0\ARM_GCC_541\Debug\GPIB USB 1.a(PWM_1.o)
 .debug_info    0x0000aa3a      0x242 .\CortexM0\ARM_GCC_541\Debug\GPIB USB 1.a(EEPROM.o)
 .debug_info    0x0000ac7c      0x8f6 .\CortexM0\ARM_GCC_541\Debug\GPIB USB 1.a(Timer1.o)
 .debug_info    0x0000b572       0x92 .\CortexM0\ARM_GCC_541\Debug\GPIB USB 1.a(CyBootAsmGnu.o)
 .debug_info    0x0000b604      0x1ea .\CortexM0\ARM_GCC_541\Debug\GPIB USB 1.a(USBUART_cls.o)
 .debug_info    0x0000b7ee      0x2a3 .\CortexM0\ARM_GCC_541\Debug\GPIB USB 1.a(USBUART_descr.o)

.debug_abbrev   0x00000000     0x2a14
 *(.debug_abbrev)
 .debug_abbrev  0x00000000      0x168 .\CortexM0\ARM_GCC_541\Debug\main.o
 .debug_abbrev  0x00000168      0x348 .\CortexM0\ARM_GCC_541\Debug\gpib.o
 .debug_abbrev  0x000004b0      0x181 .\CortexM0\ARM_GCC_541\Debug\serial.o
 .debug_abbrev  0x00000631      0x1c8 .\CortexM0\ARM_GCC_541\Debug\input.o
 .debug_abbrev  0x000007f9      0x254 .\CortexM0\ARM_GCC_541\Debug\command.o
 .debug_abbrev  0x00000a4d      0x170 .\CortexM0\ARM_GCC_541\Debug\settings.o
 .debug_abbrev  0x00000bbd       0xc8 .\CortexM0\ARM_GCC_541\Debug\utils.o
 .debug_abbrev  0x00000c85      0x1af .\CortexM0\ARM_GCC_541\Debug\cyfitter_cfg.o
 .debug_abbrev  0x00000e34       0x5d .\CortexM0\ARM_GCC_541\Debug\cymetadata.o
 .debug_abbrev  0x00000e91      0x1d7 .\CortexM0\ARM_GCC_541\Debug\Cm0Start.o
 .debug_abbrev  0x00001068      0x238 .\CortexM0\ARM_GCC_541\Debug\GPIB USB 1.a(cy_em_eeprom.o)
 .debug_abbrev  0x000012a0      0x182 .\CortexM0\ARM_GCC_541\Debug\GPIB USB 1.a(CyFlash.o)
 .debug_abbrev  0x00001422      0x270 .\CortexM0\ARM_GCC_541\Debug\GPIB USB 1.a(CyLib.o)
 .debug_abbrev  0x00001692      0x248 .\CortexM0\ARM_GCC_541\Debug\GPIB USB 1.a(CyLFClk.o)
 .debug_abbrev  0x000018da      0x247 .\CortexM0\ARM_GCC_541\Debug\GPIB USB 1.a(USBUART.o)
 .debug_abbrev  0x00001b21      0x252 .\CortexM0\ARM_GCC_541\Debug\GPIB USB 1.a(USBUART_cdc.o)
 .debug_abbrev  0x00001d73      0x189 .\CortexM0\ARM_GCC_541\Debug\GPIB USB 1.a(USBUART_drv.o)
 .debug_abbrev  0x00001efc      0x19c .\CortexM0\ARM_GCC_541\Debug\GPIB USB 1.a(USBUART_episr.o)
 .debug_abbrev  0x00002098      0x108 .\CortexM0\ARM_GCC_541\Debug\GPIB USB 1.a(USBUART_pm.o)
 .debug_abbrev  0x000021a0      0x226 .\CortexM0\ARM_GCC_541\Debug\GPIB USB 1.a(USBUART_std.o)
 .debug_abbrev  0x000023c6       0x9b .\CortexM0\ARM_GCC_541\Debug\GPIB USB 1.a(USBUART_vnd.o)
 .debug_abbrev  0x00002461       0xc8 .\CortexM0\ARM_GCC_541\Debug\GPIB USB 1.a(USBUART_Dp.o)
 .debug_abbrev  0x00002529      0x119 .\CortexM0\ARM_GCC_541\Debug\GPIB USB 1.a(PWM_1.o)
 .debug_abbrev  0x00002642      0x110 .\CortexM0\ARM_GCC_541\Debug\GPIB USB 1.a(EEPROM.o)
 .debug_abbrev  0x00002752      0x119 .\CortexM0\ARM_GCC_541\Debug\GPIB USB 1.a(Timer1.o)
 .debug_abbrev  0x0000286b       0x14 .\CortexM0\ARM_GCC_541\Debug\GPIB USB 1.a(CyBootAsmGnu.o)
 .debug_abbrev  0x0000287f       0xe1 .\CortexM0\ARM_GCC_541\Debug\GPIB USB 1.a(USBUART_cls.o)
 .debug_abbrev  0x00002960       0xb4 .\CortexM0\ARM_GCC_541\Debug\GPIB USB 1.a(USBUART_descr.o)

.debug_line     0x00000000     0x4544
 *(.debug_line)
 .debug_line    0x00000000      0x237 .\CortexM0\ARM_GCC_541\Debug\main.o
 .debug_line    0x00000237      0x3cd .\CortexM0\ARM_GCC_541\Debug\gpib.o
 .debug_line    0x00000604      0x2fc .\CortexM0\ARM_GCC_541\Debug\serial.o
 .debug_line    0x00000900      0x311 .\CortexM0\ARM_GCC_541\Debug\input.o
 .debug_line    0x00000c11      0x345 .\CortexM0\ARM_GCC_541\Debug\command.o
 .debug_line    0x00000f56      0x1c5 .\CortexM0\ARM_GCC_541\Debug\settings.o
 .debug_line    0x0000111b      0x177 .\CortexM0\ARM_GCC_541\Debug\utils.o
 .debug_line    0x00001292      0x17e .\CortexM0\ARM_GCC_541\Debug\cyfitter_cfg.o
 .debug_line    0x00001410      0x141 .\CortexM0\ARM_GCC_541\Debug\cymetadata.o
 .debug_line    0x00001551      0x236 .\CortexM0\ARM_GCC_541\Debug\Cm0Start.o
 .debug_line    0x00001787      0x495 .\CortexM0\ARM_GCC_541\Debug\GPIB USB 1.a(cy_em_eeprom.o)
 .debug_line    0x00001c1c      0x173 .\CortexM0\ARM_GCC_541\Debug\GPIB USB 1.a(CyFlash.o)
 .debug_line    0x00001d8f      0x8e9 .\CortexM0\ARM_GCC_541\Debug\GPIB USB 1.a(CyLib.o)
 .debug_line    0x00002678      0x5d1 .\CortexM0\ARM_GCC_541\Debug\GPIB USB 1.a(CyLFClk.o)
 .debug_line    0x00002c49      0x38b .\CortexM0\ARM_GCC_541\Debug\GPIB USB 1.a(USBUART.o)
 .debug_line    0x00002fd4      0x2f7 .\CortexM0\ARM_GCC_541\Debug\GPIB USB 1.a(USBUART_cdc.o)
 .debug_line    0x000032cb      0x22f .\CortexM0\ARM_GCC_541\Debug\GPIB USB 1.a(USBUART_drv.o)
 .debug_line    0x000034fa      0x169 .\CortexM0\ARM_GCC_541\Debug\GPIB USB 1.a(USBUART_episr.o)
 .debug_line    0x00003663      0x104 .\CortexM0\ARM_GCC_541\Debug\GPIB USB 1.a(USBUART_pm.o)
 .debug_line    0x00003767      0x3dd .\CortexM0\ARM_GCC_541\Debug\GPIB USB 1.a(USBUART_std.o)
 .debug_line    0x00003b44       0x73 .\CortexM0\ARM_GCC_541\Debug\GPIB USB 1.a(USBUART_vnd.o)
 .debug_line    0x00003bb7       0xc1 .\CortexM0\ARM_GCC_541\Debug\GPIB USB 1.a(USBUART_Dp.o)
 .debug_line    0x00003c78      0x37e .\CortexM0\ARM_GCC_541\Debug\GPIB USB 1.a(PWM_1.o)
 .debug_line    0x00003ff6       0x76 .\CortexM0\ARM_GCC_541\Debug\GPIB USB 1.a(EEPROM.o)
 .debug_line    0x0000406c      0x37a .\CortexM0\ARM_GCC_541\Debug\GPIB USB 1.a(Timer1.o)
 .debug_line    0x000043e6       0x68 .\CortexM0\ARM_GCC_541\Debug\GPIB USB 1.a(CyBootAsmGnu.o)
 .debug_line    0x0000444e       0x95 .\CortexM0\ARM_GCC_541\Debug\GPIB USB 1.a(USBUART_cls.o)
 .debug_line    0x000044e3       0x61 .\CortexM0\ARM_GCC_541\Debug\GPIB USB 1.a(USBUART_descr.o)

.debug_frame    0x00000000     0x2b38
 *(.debug_frame)
 .debug_frame   0x00000000       0x34 .\CortexM0\ARM_GCC_541\Debug\main.o
 .debug_frame   0x00000034      0x208 .\CortexM0\ARM_GCC_541\Debug\gpib.o
 .debug_frame   0x0000023c       0xdc .\CortexM0\ARM_GCC_541\Debug\serial.o
 .debug_frame   0x00000318       0xd8 .\CortexM0\ARM_GCC_541\Debug\input.o
 .debug_frame   0x000003f0      0x194 .\CortexM0\ARM_GCC_541\Debug\command.o
 .debug_frame   0x00000584       0x58 .\CortexM0\ARM_GCC_541\Debug\settings.o
 .debug_frame   0x000005dc       0x48 .\CortexM0\ARM_GCC_541\Debug\utils.o
 .debug_frame   0x00000624       0x98 .\CortexM0\ARM_GCC_541\Debug\cyfitter_cfg.o
 .debug_frame   0x000006bc       0xbc .\CortexM0\ARM_GCC_541\Debug\Cm0Start.o
 .debug_frame   0x00000778      0x210 .\CortexM0\ARM_GCC_541\Debug\GPIB USB 1.a(cy_em_eeprom.o)
 .debug_frame   0x00000988       0x90 .\CortexM0\ARM_GCC_541\Debug\GPIB USB 1.a(CyFlash.o)
 .debug_frame   0x00000a18      0x704 .\CortexM0\ARM_GCC_541\Debug\GPIB USB 1.a(CyLib.o)
 .debug_frame   0x0000111c      0x4a4 .\CortexM0\ARM_GCC_541\Debug\GPIB USB 1.a(CyLFClk.o)
 .debug_frame   0x000015c0      0x228 .\CortexM0\ARM_GCC_541\Debug\GPIB USB 1.a(USBUART.o)
 .debug_frame   0x000017e8      0x28c .\CortexM0\ARM_GCC_541\Debug\GPIB USB 1.a(USBUART_cdc.o)
 .debug_frame   0x00001a74      0x1a0 .\CortexM0\ARM_GCC_541\Debug\GPIB USB 1.a(USBUART_drv.o)
 .debug_frame   0x00001c14       0xcc .\CortexM0\ARM_GCC_541\Debug\GPIB USB 1.a(USBUART_episr.o)
 .debug_frame   0x00001ce0       0x98 .\CortexM0\ARM_GCC_541\Debug\GPIB USB 1.a(USBUART_pm.o)
 .debug_frame   0x00001d78      0x18c .\CortexM0\ARM_GCC_541\Debug\GPIB USB 1.a(USBUART_std.o)
 .debug_frame   0x00001f04       0x20 .\CortexM0\ARM_GCC_541\Debug\GPIB USB 1.a(USBUART_vnd.o)
 .debug_frame   0x00001f24       0x70 .\CortexM0\ARM_GCC_541\Debug\GPIB USB 1.a(USBUART_Dp.o)
 .debug_frame   0x00001f94      0x3a0 .\CortexM0\ARM_GCC_541\Debug\GPIB USB 1.a(PWM_1.o)
 .debug_frame   0x00002334       0x2c .\CortexM0\ARM_GCC_541\Debug\GPIB USB 1.a(EEPROM.o)
 .debug_frame   0x00002360      0x3a0 .\CortexM0\ARM_GCC_541\Debug\GPIB USB 1.a(Timer1.o)
 .debug_frame   0x00002700       0x2c .\CortexM0\ARM_GCC_541\Debug\GPIB USB 1.a(USBUART_cls.o)
 .debug_frame   0x0000272c       0x20 c:/program files (x86)/cypress/psoc creator/4.2/psoc creator/import/gnu/arm/5.4.1/bin/../lib/gcc/arm-none-eabi/5.4.1/armv6-m\libgcc.a(_udivsi3.o)
 .debug_frame   0x0000274c       0x20 c:/program files (x86)/cypress/psoc creator/4.2/psoc creator/import/gnu/arm/5.4.1/bin/../lib/gcc/arm-none-eabi/5.4.1/armv6-m\libgcc.a(_divsi3.o)
 .debug_frame   0x0000276c       0x20 c:/program files (x86)/cypress/psoc creator/4.2/psoc creator/import/gnu/arm/5.4.1/bin/../lib/gcc/arm-none-eabi/5.4.1/../../../../arm-none-eabi/lib/armv6-m\libg_nano.a(lib_a-errno.o)
 .debug_frame   0x0000278c       0x28 c:/program files (x86)/cypress/psoc creator/4.2/psoc creator/import/gnu/arm/5.4.1/bin/../lib/gcc/arm-none-eabi/5.4.1/../../../../arm-none-eabi/lib/armv6-m\libg_nano.a(lib_a-exit.o)
 .debug_frame   0x000027b4       0x2c c:/program files (x86)/cypress/psoc creator/4.2/psoc creator/import/gnu/arm/5.4.1/bin/../lib/gcc/arm-none-eabi/5.4.1/../../../../arm-none-eabi/lib/armv6-m\libg_nano.a(lib_a-init.o)
 .debug_frame   0x000027e0       0x2c c:/program files (x86)/cypress/psoc creator/4.2/psoc creator/import/gnu/arm/5.4.1/bin/../lib/gcc/arm-none-eabi/5.4.1/../../../../arm-none-eabi/lib/armv6-m\libg_nano.a(lib_a-memcmp.o)
 .debug_frame   0x0000280c       0x28 c:/program files (x86)/cypress/psoc creator/4.2/psoc creator/import/gnu/arm/5.4.1/bin/../lib/gcc/arm-none-eabi/5.4.1/../../../../arm-none-eabi/lib/armv6-m\libg_nano.a(lib_a-memcpy-stub.o)
 .debug_frame   0x00002834       0x20 c:/program files (x86)/cypress/psoc creator/4.2/psoc creator/import/gnu/arm/5.4.1/bin/../lib/gcc/arm-none-eabi/5.4.1/../../../../arm-none-eabi/lib/armv6-m\libg_nano.a(lib_a-memset.o)
 .debug_frame   0x00002854       0x20 c:/program files (x86)/cypress/psoc creator/4.2/psoc creator/import/gnu/arm/5.4.1/bin/../lib/gcc/arm-none-eabi/5.4.1/../../../../arm-none-eabi/lib/armv6-m\libg_nano.a(lib_a-strchr.o)
 .debug_frame   0x00002874       0x20 c:/program files (x86)/cypress/psoc creator/4.2/psoc creator/import/gnu/arm/5.4.1/bin/../lib/gcc/arm-none-eabi/5.4.1/../../../../arm-none-eabi/lib/armv6-m\libg_nano.a(lib_a-strcmp.o)
 .debug_frame   0x00002894       0x48 c:/program files (x86)/cypress/psoc creator/4.2/psoc creator/import/gnu/arm/5.4.1/bin/../lib/gcc/arm-none-eabi/5.4.1/../../../../arm-none-eabi/lib/armv6-m\libg_nano.a(lib_a-vsnprintf.o)
 .debug_frame   0x000028dc       0x74 c:/program files (x86)/cypress/psoc creator/4.2/psoc creator/import/gnu/arm/5.4.1/bin/../lib/gcc/arm-none-eabi/5.4.1/../../../../arm-none-eabi/lib/armv6-m\libg_nano.a(lib_a-nano-svfprintf.o)
 .debug_frame   0x00002950       0x54 c:/program files (x86)/cypress/psoc creator/4.2/psoc creator/import/gnu/arm/5.4.1/bin/../lib/gcc/arm-none-eabi/5.4.1/../../../../arm-none-eabi/lib/armv6-m\libg_nano.a(lib_a-nano-vfprintf_i.o)
 .debug_frame   0x000029a4       0x20 c:/program files (x86)/cypress/psoc creator/4.2/psoc creator/import/gnu/arm/5.4.1/bin/../lib/gcc/arm-none-eabi/5.4.1/../../../../arm-none-eabi/lib/armv6-m\libg_nano.a(lib_a-memchr-stub.o)
 .debug_frame   0x000029c4       0x28 c:/program files (x86)/cypress/psoc creator/4.2/psoc creator/import/gnu/arm/5.4.1/bin/../lib/gcc/arm-none-eabi/5.4.1/../../../../arm-none-eabi/lib/armv6-m\libg_nano.a(lib_a-memmove.o)
 .debug_frame   0x000029ec       0x2c c:/program files (x86)/cypress/psoc creator/4.2/psoc creator/import/gnu/arm/5.4.1/bin/../lib/gcc/arm-none-eabi/5.4.1/../../../../arm-none-eabi/lib/armv6-m\libg_nano.a(lib_a-nano-freer.o)
 .debug_frame   0x00002a18       0x2c c:/program files (x86)/cypress/psoc creator/4.2/psoc creator/import/gnu/arm/5.4.1/bin/../lib/gcc/arm-none-eabi/5.4.1/../../../../arm-none-eabi/lib/armv6-m\libg_nano.a(lib_a-nano-mallocr.o)
 .debug_frame   0x00002a44       0x30 c:/program files (x86)/cypress/psoc creator/4.2/psoc creator/import/gnu/arm/5.4.1/bin/../lib/gcc/arm-none-eabi/5.4.1/../../../../arm-none-eabi/lib/armv6-m\libg_nano.a(lib_a-nano-reallocr.o)
 .debug_frame   0x00002a74       0x2c c:/program files (x86)/cypress/psoc creator/4.2/psoc creator/import/gnu/arm/5.4.1/bin/../lib/gcc/arm-none-eabi/5.4.1/../../../../arm-none-eabi/lib/armv6-m\libg_nano.a(lib_a-sbrkr.o)
 .debug_frame   0x00002aa0       0x30 c:/program files (x86)/cypress/psoc creator/4.2/psoc creator/import/gnu/arm/5.4.1/bin/../lib/gcc/arm-none-eabi/5.4.1/../../../../arm-none-eabi/lib/armv6-m\libg_nano.a(lib_a-mlock.o)
 .debug_frame   0x00002ad0       0x20 c:/program files (x86)/cypress/psoc creator/4.2/psoc creator/import/gnu/arm/5.4.1/bin/../lib/gcc/arm-none-eabi/5.4.1/../../../../arm-none-eabi/lib/armv6-m\libg_nano.a(lib_a-nano-msizer.o)
 .debug_frame   0x00002af0       0x48 c:/program files (x86)/cypress/psoc creator/4.2/psoc creator/import/gnu/arm/5.4.1/bin/../lib/gcc/arm-none-eabi/5.4.1/../../../../arm-none-eabi/lib/armv6-m\libg_nano.a(lib_a-reent.o)

.debug_str      0x00000000     0x391b
 *(.debug_str)
 .debug_str     0x00000000      0x345 .\CortexM0\ARM_GCC_541\Debug\main.o
                                0x3af (size before relaxing)
 .debug_str     0x00000345      0x1e9 .\CortexM0\ARM_GCC_541\Debug\gpib.o
                                0x41f (size before relaxing)
 .debug_str     0x0000052e      0x12a .\CortexM0\ARM_GCC_541\Debug\serial.o
                                0x2f2 (size before relaxing)
 .debug_str     0x00000658       0x88 .\CortexM0\ARM_GCC_541\Debug\input.o
                                0x2ef (size before relaxing)
 .debug_str     0x000006e0      0x12a .\CortexM0\ARM_GCC_541\Debug\command.o
                                0x3d6 (size before relaxing)
 .debug_str     0x0000080a      0x17a .\CortexM0\ARM_GCC_541\Debug\settings.o
                                0x38c (size before relaxing)
 .debug_str     0x00000984        0xf .\CortexM0\ARM_GCC_541\Debug\utils.o
                                0x1b7 (size before relaxing)
 .debug_str     0x00000993      0x132 .\CortexM0\ARM_GCC_541\Debug\cyfitter_cfg.o
                                0x2f1 (size before relaxing)
 .debug_str     0x00000ac5       0x59 .\CortexM0\ARM_GCC_541\Debug\cymetadata.o
                                0x1ca (size before relaxing)
 .debug_str     0x00000b1e      0x135 .\CortexM0\ARM_GCC_541\Debug\Cm0Start.o
                                0x303 (size before relaxing)
 .debug_str     0x00000c53      0x339 .\CortexM0\ARM_GCC_541\Debug\GPIB USB 1.a(cy_em_eeprom.o)
                                0x638 (size before relaxing)
 .debug_str     0x00000f8c       0xe2 .\CortexM0\ARM_GCC_541\Debug\GPIB USB 1.a(CyFlash.o)
                                0x2b2 (size before relaxing)
 .debug_str     0x0000106e      0x876 .\CortexM0\ARM_GCC_541\Debug\GPIB USB 1.a(CyLib.o)
                                0xb28 (size before relaxing)
 .debug_str     0x000018e4      0x6e2 .\CortexM0\ARM_GCC_541\Debug\GPIB USB 1.a(CyLFClk.o)
                                0x91f (size before relaxing)
 .debug_str     0x00001fc6      0x48c .\CortexM0\ARM_GCC_541\Debug\GPIB USB 1.a(USBUART.o)
                                0x724 (size before relaxing)
 .debug_str     0x00002452      0x4ce .\CortexM0\ARM_GCC_541\Debug\GPIB USB 1.a(USBUART_cdc.o)
                                0x7da (size before relaxing)
 .debug_str     0x00002920      0x291 .\CortexM0\ARM_GCC_541\Debug\GPIB USB 1.a(USBUART_drv.o)
                                0x652 (size before relaxing)
 .debug_str     0x00002bb1       0xf6 .\CortexM0\ARM_GCC_541\Debug\GPIB USB 1.a(USBUART_episr.o)
                                0x36c (size before relaxing)
 .debug_str     0x00002ca7       0xf8 .\CortexM0\ARM_GCC_541\Debug\GPIB USB 1.a(USBUART_pm.o)
                                0x316 (size before relaxing)
 .debug_str     0x00002d9f      0x259 .\CortexM0\ARM_GCC_541\Debug\GPIB USB 1.a(USBUART_std.o)
                                0x81c (size before relaxing)
 .debug_str     0x00002ff8       0x25 .\CortexM0\ARM_GCC_541\Debug\GPIB USB 1.a(USBUART_vnd.o)
                                0x1f6 (size before relaxing)
 .debug_str     0x0000301d       0xb4 .\CortexM0\ARM_GCC_541\Debug\GPIB USB 1.a(USBUART_Dp.o)
                                0x25b (size before relaxing)
 .debug_str     0x000030d1      0x3c9 .\CortexM0\ARM_GCC_541\Debug\GPIB USB 1.a(PWM_1.o)
                                0x5b3 (size before relaxing)
 .debug_str     0x0000349a       0x3b .\CortexM0\ARM_GCC_541\Debug\GPIB USB 1.a(EEPROM.o)
                                0x327 (size before relaxing)
 .debug_str     0x000034d5      0x31d .\CortexM0\ARM_GCC_541\Debug\GPIB USB 1.a(Timer1.o)
                                0x5dd (size before relaxing)
 .debug_str     0x000037f2       0x25 .\CortexM0\ARM_GCC_541\Debug\GPIB USB 1.a(USBUART_cls.o)
                                0x2b5 (size before relaxing)
 .debug_str     0x00003817      0x104 .\CortexM0\ARM_GCC_541\Debug\GPIB USB 1.a(USBUART_descr.o)
                                0x35b (size before relaxing)

.debug_loc      0x00000000     0x709d
 *(.debug_loc)
 .debug_loc     0x00000000       0xea .\CortexM0\ARM_GCC_541\Debug\main.o
 .debug_loc     0x000000ea      0x6dc .\CortexM0\ARM_GCC_541\Debug\gpib.o
 .debug_loc     0x000007c6       0xe3 .\CortexM0\ARM_GCC_541\Debug\serial.o
 .debug_loc     0x000008a9       0xc1 .\CortexM0\ARM_GCC_541\Debug\input.o
 .debug_loc     0x0000096a      0x775 .\CortexM0\ARM_GCC_541\Debug\command.o
 .debug_loc     0x000010df       0x52 .\CortexM0\ARM_GCC_541\Debug\settings.o
 .debug_loc     0x00001131      0x127 .\CortexM0\ARM_GCC_541\Debug\utils.o
 .debug_loc     0x00001258      0x118 .\CortexM0\ARM_GCC_541\Debug\cyfitter_cfg.o
 .debug_loc     0x00001370      0x14f .\CortexM0\ARM_GCC_541\Debug\Cm0Start.o
 .debug_loc     0x000014bf     0x120d .\CortexM0\ARM_GCC_541\Debug\GPIB USB 1.a(cy_em_eeprom.o)
 .debug_loc     0x000026cc      0x160 .\CortexM0\ARM_GCC_541\Debug\GPIB USB 1.a(CyFlash.o)
 .debug_loc     0x0000282c     0x188b .\CortexM0\ARM_GCC_541\Debug\GPIB USB 1.a(CyLib.o)
 .debug_loc     0x000040b7      0xdb7 .\CortexM0\ARM_GCC_541\Debug\GPIB USB 1.a(CyLFClk.o)
 .debug_loc     0x00004e6e      0x576 .\CortexM0\ARM_GCC_541\Debug\GPIB USB 1.a(USBUART.o)
 .debug_loc     0x000053e4      0x59a .\CortexM0\ARM_GCC_541\Debug\GPIB USB 1.a(USBUART_cdc.o)
 .debug_loc     0x0000597e      0x145 .\CortexM0\ARM_GCC_541\Debug\GPIB USB 1.a(USBUART_drv.o)
 .debug_loc     0x00005ac3       0xb7 .\CortexM0\ARM_GCC_541\Debug\GPIB USB 1.a(USBUART_episr.o)
 .debug_loc     0x00005b7a       0x26 .\CortexM0\ARM_GCC_541\Debug\GPIB USB 1.a(USBUART_pm.o)
 .debug_loc     0x00005ba0      0x957 .\CortexM0\ARM_GCC_541\Debug\GPIB USB 1.a(USBUART_std.o)
 .debug_loc     0x000064f7       0x81 .\CortexM0\ARM_GCC_541\Debug\GPIB USB 1.a(USBUART_Dp.o)
 .debug_loc     0x00006578      0x547 .\CortexM0\ARM_GCC_541\Debug\GPIB USB 1.a(PWM_1.o)
 .debug_loc     0x00006abf       0x2d .\CortexM0\ARM_GCC_541\Debug\GPIB USB 1.a(EEPROM.o)
 .debug_loc     0x00006aec      0x547 .\CortexM0\ARM_GCC_541\Debug\GPIB USB 1.a(Timer1.o)
 .debug_loc     0x00007033       0x6a .\CortexM0\ARM_GCC_541\Debug\GPIB USB 1.a(USBUART_cls.o)

.debug_macinfo
 *(.debug_macinfo)

.debug_ranges   0x00000000      0xdd0
 *(.debug_ranges)
 .debug_ranges  0x00000000       0x10 .\CortexM0\ARM_GCC_541\Debug\main.o
 .debug_ranges  0x00000010       0x98 .\CortexM0\ARM_GCC_541\Debug\gpib.o
 .debug_ranges  0x000000a8       0x40 .\CortexM0\ARM_GCC_541\Debug\serial.o
 .debug_ranges  0x000000e8       0x40 .\CortexM0\ARM_GCC_541\Debug\input.o
 .debug_ranges  0x00000128       0x80 .\CortexM0\ARM_GCC_541\Debug\command.o
 .debug_ranges  0x000001a8       0x20 .\CortexM0\ARM_GCC_541\Debug\settings.o
 .debug_ranges  0x000001c8       0x48 .\CortexM0\ARM_GCC_541\Debug\utils.o
 .debug_ranges  0x00000210       0x30 .\CortexM0\ARM_GCC_541\Debug\cyfitter_cfg.o
 .debug_ranges  0x00000240       0x38 .\CortexM0\ARM_GCC_541\Debug\Cm0Start.o
 .debug_ranges  0x00000278      0x120 .\CortexM0\ARM_GCC_541\Debug\GPIB USB 1.a(cy_em_eeprom.o)
 .debug_ranges  0x00000398       0x30 .\CortexM0\ARM_GCC_541\Debug\GPIB USB 1.a(CyFlash.o)
 .debug_ranges  0x000003c8      0x250 .\CortexM0\ARM_GCC_541\Debug\GPIB USB 1.a(CyLib.o)
 .debug_ranges  0x00000618      0x178 .\CortexM0\ARM_GCC_541\Debug\GPIB USB 1.a(CyLFClk.o)
 .debug_ranges  0x00000790      0x100 .\CortexM0\ARM_GCC_541\Debug\GPIB USB 1.a(USBUART.o)
 .debug_ranges  0x00000890       0xd8 .\CortexM0\ARM_GCC_541\Debug\GPIB USB 1.a(USBUART_cdc.o)
 .debug_ranges  0x00000968       0x88 .\CortexM0\ARM_GCC_541\Debug\GPIB USB 1.a(USBUART_drv.o)
 .debug_ranges  0x000009f0       0x48 .\CortexM0\ARM_GCC_541\Debug\GPIB USB 1.a(USBUART_episr.o)
 .debug_ranges  0x00000a38       0x30 .\CortexM0\ARM_GCC_541\Debug\GPIB USB 1.a(USBUART_pm.o)
 .debug_ranges  0x00000a68       0x70 .\CortexM0\ARM_GCC_541\Debug\GPIB USB 1.a(USBUART_std.o)
 .debug_ranges  0x00000ad8       0x10 .\CortexM0\ARM_GCC_541\Debug\GPIB USB 1.a(USBUART_vnd.o)
 .debug_ranges  0x00000ae8       0x38 .\CortexM0\ARM_GCC_541\Debug\GPIB USB 1.a(USBUART_Dp.o)
 .debug_ranges  0x00000b20      0x148 .\CortexM0\ARM_GCC_541\Debug\GPIB USB 1.a(PWM_1.o)
 .debug_ranges  0x00000c68       0x10 .\CortexM0\ARM_GCC_541\Debug\GPIB USB 1.a(EEPROM.o)
 .debug_ranges  0x00000c78      0x148 .\CortexM0\ARM_GCC_541\Debug\GPIB USB 1.a(Timer1.o)
 .debug_ranges  0x00000dc0       0x10 .\CortexM0\ARM_GCC_541\Debug\GPIB USB 1.a(USBUART_cls.o)

.comment        0x00000000       0x6e
 .comment       0x00000000       0x6e .\CortexM0\ARM_GCC_541\Debug\main.o
                                 0x6f (size before relaxing)
 .comment       0x0000006e       0x6f .\CortexM0\ARM_GCC_541\Debug\gpib.o
 .comment       0x0000006e       0x6f .\CortexM0\ARM_GCC_541\Debug\serial.o
 .comment       0x0000006e       0x6f .\CortexM0\ARM_GCC_541\Debug\input.o
 .comment       0x0000006e       0x6f .\CortexM0\ARM_GCC_541\Debug\command.o
 .comment       0x0000006e       0x6f .\CortexM0\ARM_GCC_541\Debug\settings.o
 .comment       0x0000006e       0x6f .\CortexM0\ARM_GCC_541\Debug\utils.o
 .comment       0x0000006e       0x6f .\CortexM0\ARM_GCC_541\Debug\cyfitter_cfg.o
 .comment       0x0000006e       0x6f .\CortexM0\ARM_GCC_541\Debug\cymetadata.o
 .comment       0x0000006e       0x6f .\CortexM0\ARM_GCC_541\Debug\Cm0Start.o
 .comment       0x0000006e       0x6f .\CortexM0\ARM_GCC_541\Debug\GPIB USB 1.a(cy_em_eeprom.o)
 .comment       0x0000006e       0x6f .\CortexM0\ARM_GCC_541\Debug\GPIB USB 1.a(CyFlash.o)
 .comment       0x0000006e       0x6f .\CortexM0\ARM_GCC_541\Debug\GPIB USB 1.a(CyLib.o)
 .comment       0x0000006e       0x6f .\CortexM0\ARM_GCC_541\Debug\GPIB USB 1.a(CyLFClk.o)
 .comment       0x0000006e       0x6f .\CortexM0\ARM_GCC_541\Debug\GPIB USB 1.a(USBUART.o)
 .comment       0x0000006e       0x6f .\CortexM0\ARM_GCC_541\Debug\GPIB USB 1.a(USBUART_cdc.o)
 .comment       0x0000006e       0x6f .\CortexM0\ARM_GCC_541\Debug\GPIB USB 1.a(USBUART_drv.o)
 .comment       0x0000006e       0x6f .\CortexM0\ARM_GCC_541\Debug\GPIB USB 1.a(USBUART_episr.o)
 .comment       0x0000006e       0x6f .\CortexM0\ARM_GCC_541\Debug\GPIB USB 1.a(USBUART_pm.o)
 .comment       0x0000006e       0x6f .\CortexM0\ARM_GCC_541\Debug\GPIB USB 1.a(USBUART_std.o)
 .comment       0x0000006e       0x6f .\CortexM0\ARM_GCC_541\Debug\GPIB USB 1.a(USBUART_vnd.o)
 .comment       0x0000006e       0x6f .\CortexM0\ARM_GCC_541\Debug\GPIB USB 1.a(USBUART_Dp.o)
 .comment       0x0000006e       0x6f .\CortexM0\ARM_GCC_541\Debug\GPIB USB 1.a(PWM_1.o)
 .comment       0x0000006e       0x6f .\CortexM0\ARM_GCC_541\Debug\GPIB USB 1.a(EEPROM.o)
 .comment       0x0000006e       0x6f .\CortexM0\ARM_GCC_541\Debug\GPIB USB 1.a(Timer1.o)
 .comment       0x0000006e       0x6f .\CortexM0\ARM_GCC_541\Debug\GPIB USB 1.a(USBUART_cls.o)
 .comment       0x0000006e       0x6f .\CortexM0\ARM_GCC_541\Debug\GPIB USB 1.a(USBUART_descr.o)

.debug_weaknames
 *(.debug_weaknames)

.debug_funcnames
 *(.debug_funcnames)

.debug_typenames
 *(.debug_typenames)

.debug_varnames
 *(.debug_varnames)

.note.gnu.arm.ident
 *(.note.gnu.arm.ident)

.ARM.attributes
                0x00000000       0x28
 *(.ARM.attributes)
 .ARM.attributes
                0x00000000       0x1e c:/program files (x86)/cypress/psoc creator/4.2/psoc creator/import/gnu/arm/5.4.1/bin/../lib/gcc/arm-none-eabi/5.4.1/armv6-m/crti.o
 .ARM.attributes
                0x0000001e       0x2c c:/program files (x86)/cypress/psoc creator/4.2/psoc creator/import/gnu/arm/5.4.1/bin/../lib/gcc/arm-none-eabi/5.4.1/armv6-m/crtbegin.o
 .ARM.attributes
                0x0000004a       0x1b c:/program files (x86)/cypress/psoc creator/4.2/psoc creator/import/gnu/arm/5.4.1/bin/../lib/gcc/arm-none-eabi/5.4.1/../../../../arm-none-eabi/lib/armv6-m/crt0.o
 .ARM.attributes
                0x00000065       0x31 .\CortexM0\ARM_GCC_541\Debug\main.o
 .ARM.attributes
                0x00000096       0x31 .\CortexM0\ARM_GCC_541\Debug\gpib.o
 .ARM.attributes
                0x000000c7       0x31 .\CortexM0\ARM_GCC_541\Debug\serial.o
 .ARM.attributes
                0x000000f8       0x31 .\CortexM0\ARM_GCC_541\Debug\input.o
 .ARM.attributes
                0x00000129       0x31 .\CortexM0\ARM_GCC_541\Debug\command.o
 .ARM.attributes
                0x0000015a       0x31 .\CortexM0\ARM_GCC_541\Debug\settings.o
 .ARM.attributes
                0x0000018b       0x31 .\CortexM0\ARM_GCC_541\Debug\utils.o
 .ARM.attributes
                0x000001bc       0x31 .\CortexM0\ARM_GCC_541\Debug\cyfitter_cfg.o
 .ARM.attributes
                0x000001ed       0x31 .\CortexM0\ARM_GCC_541\Debug\cymetadata.o
 .ARM.attributes
                0x0000021e       0x31 .\CortexM0\ARM_GCC_541\Debug\Cm0Start.o
 .ARM.attributes
                0x0000024f       0x31 .\CortexM0\ARM_GCC_541\Debug\GPIB USB 1.a(cy_em_eeprom.o)
 .ARM.attributes
                0x00000280       0x31 .\CortexM0\ARM_GCC_541\Debug\GPIB USB 1.a(CyFlash.o)
 .ARM.attributes
                0x000002b1       0x31 .\CortexM0\ARM_GCC_541\Debug\GPIB USB 1.a(CyLib.o)
 .ARM.attributes
                0x000002e2       0x31 .\CortexM0\ARM_GCC_541\Debug\GPIB USB 1.a(CyLFClk.o)
 .ARM.attributes
                0x00000313       0x31 .\CortexM0\ARM_GCC_541\Debug\GPIB USB 1.a(USBUART.o)
 .ARM.attributes
                0x00000344       0x31 .\CortexM0\ARM_GCC_541\Debug\GPIB USB 1.a(USBUART_cdc.o)
 .ARM.attributes
                0x00000375       0x31 .\CortexM0\ARM_GCC_541\Debug\GPIB USB 1.a(USBUART_drv.o)
 .ARM.attributes
                0x000003a6       0x31 .\CortexM0\ARM_GCC_541\Debug\GPIB USB 1.a(USBUART_episr.o)
 .ARM.attributes
                0x000003d7       0x31 .\CortexM0\ARM_GCC_541\Debug\GPIB USB 1.a(USBUART_pm.o)
 .ARM.attributes
                0x00000408       0x31 .\CortexM0\ARM_GCC_541\Debug\GPIB USB 1.a(USBUART_std.o)
 .ARM.attributes
                0x00000439       0x31 .\CortexM0\ARM_GCC_541\Debug\GPIB USB 1.a(USBUART_vnd.o)
 .ARM.attributes
                0x0000046a       0x31 .\CortexM0\ARM_GCC_541\Debug\GPIB USB 1.a(USBUART_Dp.o)
 .ARM.attributes
                0x0000049b       0x31 .\CortexM0\ARM_GCC_541\Debug\GPIB USB 1.a(PWM_1.o)
 .ARM.attributes
                0x000004cc       0x31 .\CortexM0\ARM_GCC_541\Debug\GPIB USB 1.a(EEPROM.o)
 .ARM.attributes
                0x000004fd       0x31 .\CortexM0\ARM_GCC_541\Debug\GPIB USB 1.a(Timer1.o)
 .ARM.attributes
                0x0000052e       0x21 .\CortexM0\ARM_GCC_541\Debug\GPIB USB 1.a(CyBootAsmGnu.o)
 .ARM.attributes
                0x0000054f       0x31 .\CortexM0\ARM_GCC_541\Debug\GPIB USB 1.a(USBUART_cls.o)
 .ARM.attributes
                0x00000580       0x31 .\CortexM0\ARM_GCC_541\Debug\GPIB USB 1.a(USBUART_descr.o)
 .ARM.attributes
                0x000005b1       0x1e c:/program files (x86)/cypress/psoc creator/4.2/psoc creator/import/gnu/arm/5.4.1/bin/../lib/gcc/arm-none-eabi/5.4.1/armv6-m\libgcc.a(_udivsi3.o)
 .ARM.attributes
                0x000005cf       0x1e c:/program files (x86)/cypress/psoc creator/4.2/psoc creator/import/gnu/arm/5.4.1/bin/../lib/gcc/arm-none-eabi/5.4.1/armv6-m\libgcc.a(_divsi3.o)
 .ARM.attributes
                0x000005ed       0x1e c:/program files (x86)/cypress/psoc creator/4.2/psoc creator/import/gnu/arm/5.4.1/bin/../lib/gcc/arm-none-eabi/5.4.1/armv6-m\libgcc.a(_dvmd_tls.o)
 .ARM.attributes
                0x0000060b       0x2c c:/program files (x86)/cypress/psoc creator/4.2/psoc creator/import/gnu/arm/5.4.1/bin/../lib/gcc/arm-none-eabi/5.4.1/../../../../arm-none-eabi/lib/armv6-m\libg_nano.a(lib_a-errno.o)
 .ARM.attributes
                0x00000637       0x2c c:/program files (x86)/cypress/psoc creator/4.2/psoc creator/import/gnu/arm/5.4.1/bin/../lib/gcc/arm-none-eabi/5.4.1/../../../../arm-none-eabi/lib/armv6-m\libg_nano.a(lib_a-exit.o)
 .ARM.attributes
                0x00000663       0x2c c:/program files (x86)/cypress/psoc creator/4.2/psoc creator/import/gnu/arm/5.4.1/bin/../lib/gcc/arm-none-eabi/5.4.1/../../../../arm-none-eabi/lib/armv6-m\libg_nano.a(lib_a-impure.o)
 .ARM.attributes
                0x0000068f       0x2c c:/program files (x86)/cypress/psoc creator/4.2/psoc creator/import/gnu/arm/5.4.1/bin/../lib/gcc/arm-none-eabi/5.4.1/../../../../arm-none-eabi/lib/armv6-m\libg_nano.a(lib_a-init.o)
 .ARM.attributes