Archive member included to satisfy reference by file (symbol)

.\CortexM0\ARM_GCC_541\Debug\GPIB USB 1.a(cy_em_eeprom.o)
                              .\CortexM0\ARM_GCC_541\Debug\settings.o (Cy_Em_EEPROM_Read)
.\CortexM0\ARM_GCC_541\Debug\GPIB USB 1.a(CyFlash.o)
                              .\CortexM0\ARM_GCC_541\Debug\GPIB USB 1.a(cy_em_eeprom.o) (CySysFlashWriteRow)
.\CortexM0\ARM_GCC_541\Debug\GPIB USB 1.a(CyLib.o)
                              .\CortexM0\ARM_GCC_541\Debug\cyfitter_cfg.o (CySysClkImoEnableUsbLock)
.\CortexM0\ARM_GCC_541\Debug\GPIB USB 1.a(CyLFClk.o)
                              .\CortexM0\ARM_GCC_541\Debug\GPIB USB 1.a(CyLib.o) (CySysClkWcoEnabled)
.\CortexM0\ARM_GCC_541\Debug\GPIB USB 1.a(USBUART.o)
                              .\CortexM0\ARM_GCC_541\Debug\main.o (USBUART_Start)
.\CortexM0\ARM_GCC_541\Debug\GPIB USB 1.a(USBUART_cdc.o)
                              .\CortexM0\ARM_GCC_541\Debug\serial.o (USBUART_CDC_Init)
.\CortexM0\ARM_GCC_541\Debug\GPIB USB 1.a(USBUART_drv.o)
                              .\CortexM0\ARM_GCC_541\Debug\GPIB USB 1.a(USBUART.o) (USBUART_EP)
.\CortexM0\ARM_GCC_541\Debug\GPIB USB 1.a(USBUART_episr.o)
                              .\CortexM0\ARM_GCC_541\Debug\GPIB USB 1.a(USBUART.o) (USBUART_INTR_HI_ISR)
.\CortexM0\ARM_GCC_541\Debug\GPIB USB 1.a(USBUART_pm.o)
                              .\CortexM0\ARM_GCC_541\Debug\GPIB USB 1.a(USBUART.o) (USBUART_DP_ISR)
.\CortexM0\ARM_GCC_541\Debug\GPIB USB 1.a(USBUART_std.o)
                              .\CortexM0\ARM_GCC_541\Debug\GPIB USB 1.a(USBUART_drv.o) (USBUART_HandleStandardRqst)
.\CortexM0\ARM_GCC_541\Debug\GPIB USB 1.a(USBUART_vnd.o)
                              .\CortexM0\ARM_GCC_541\Debug\GPIB USB 1.a(USBUART_drv.o) (USBUART_HandleVendorRqst)
.\CortexM0\ARM_GCC_541\Debug\GPIB USB 1.a(USBUART_Dp.o)
                              .\CortexM0\ARM_GCC_541\Debug\GPIB USB 1.a(USBUART_pm.o) (USBUART_Dp_ClearInterrupt)
.\CortexM0\ARM_GCC_541\Debug\GPIB USB 1.a(PWM_1.o)
                              .\CortexM0\ARM_GCC_541\Debug\main.o (PWM_1_Start)
.\CortexM0\ARM_GCC_541\Debug\GPIB USB 1.a(EEPROM.o)
                              .\CortexM0\ARM_GCC_541\Debug\settings.o (EEPROM_context)
.\CortexM0\ARM_GCC_541\Debug\GPIB USB 1.a(Timer1.o)
                              .\CortexM0\ARM_GCC_541\Debug\gpib.o (Timer1_WriteCounter)
.\CortexM0\ARM_GCC_541\Debug\GPIB USB 1.a(CyBootAsmGnu.o)
                              .\CortexM0\ARM_GCC_541\Debug\GPIB USB 1.a(CyLib.o) (CyDelayCycles)
.\CortexM0\ARM_GCC_541\Debug\GPIB USB 1.a(USBUART_cls.o)
                              .\CortexM0\ARM_GCC_541\Debug\GPIB USB 1.a(USBUART_drv.o) (USBUART_DispatchClassRqst)
.\CortexM0\ARM_GCC_541\Debug\GPIB USB 1.a(USBUART_descr.o)
                              .\CortexM0\ARM_GCC_541\Debug\GPIB USB 1.a(USBUART_std.o) (USBUART_DEVICE0_DESCR)
c:/program files (x86)/cypress/psoc creator/4.2/psoc creator/import/gnu/arm/5.4.1/bin/../lib/gcc/arm-none-eabi/5.4.1/armv6-m\libgcc.a(_udivsi3.o)
                              .\CortexM0\ARM_GCC_541\Debug\GPIB USB 1.a(cy_em_eeprom.o) (__aeabi_uidiv)
c:/program files (x86)/cypress/psoc creator/4.2/psoc creator/import/gnu/arm/5.4.1/bin/../lib/gcc/arm-none-eabi/5.4.1/armv6-m\libgcc.a(_divsi3.o)
                              .\CortexM0\ARM_GCC_541\Debug\GPIB USB 1.a(CyLib.o) (__aeabi_idiv)
c:/program files (x86)/cypress/psoc creator/4.2/psoc creator/import/gnu/arm/5.4.1/bin/../lib/gcc/arm-none-eabi/5.4.1/armv6-m\libgcc.a(_dvmd_tls.o)
                              c:/program files (x86)/cypress/psoc creator/4.2/psoc creator/import/gnu/arm/5.4.1/bin/../lib/gcc/arm-none-eabi/5.4.1/armv6-m\libgcc.a(_udivsi3.o) (__aeabi_idiv0)
c:/program files (x86)/cypress/psoc creator/4.2/psoc creator/import/gnu/arm/5.4.1/bin/../lib/gcc/arm-none-eabi/5.4.1/../../../../arm-none-eabi/lib/armv6-m\libg_nano.a(lib_a-errno.o)
                              .\CortexM0\ARM_GCC_541\Debug\Cm0Start.o (__errno)
c:/program files (x86)/cypress/psoc creator/4.2/psoc creator/import/gnu/arm/5.4.1/bin/../lib/gcc/arm-none-eabi/5.4.1/../../../../arm-none-eabi/lib/armv6-m\libg_nano.a(lib_a-exit.o)
                              c:/program files (x86)/cypress/psoc creator/4.2/psoc creator/import/gnu/arm/5.4.1/bin/../lib/gcc/arm-none-eabi/5.4.1/../../../../arm-none-eabi/lib/armv6-m/crt0.o (exit)
c:/program files (x86)/cypress/psoc creator/4.2/psoc creator/import/gnu/arm/5.4.1/bin/../lib/gcc/arm-none-eabi/5.4.1/../../../../arm-none-eabi/lib/armv6-m\libg_nano.a(lib_a-impure.o)
                              c:/program files (x86)/cypress/psoc creator/4.2/psoc creator/import/gnu/arm/5.4.1/bin/../lib/gcc/arm-none-eabi/5.4.1/../../../../arm-none-eabi/lib/armv6-m\libg_nano.a(lib_a-exit.o) (_global_impure_ptr)
c:/program files (x86)/cypress/psoc creator/4.2/psoc creator/import/gnu/arm/5.4.1/bin/../lib/gcc/arm-none-eabi/5.4.1/../../../../arm-none-eabi/lib/armv6-m\libg_nano.a(lib_a-init.o)
[...]
Memory Configuration

Name             Origin             Length             Attributes
rom              0x00000000         0x00010000         xr
ram              0x20000000         0x00002000         xrw
*default*        0x00000000         0xffffffff

Linker script and memory map

LOAD c:/program files (x86)/cypress/psoc creator/4.2/psoc creator/import/gnu/arm/5.4.1/bin/../lib/gcc/arm-none-eabi/5.4.1/armv6-m/crti.o
LOAD c:/program files (x86)/cypress/psoc creator/4.2/psoc creator/import/gnu/arm/5.4.1/bin/../lib/gcc/arm-none-eabi/5.4.1/armv6-m/crtbegin.o
LOAD c:/program files (x86)/cypress/psoc creator/4.2/psoc creator/import/gnu/arm/5.4.1/bin/../lib/gcc/arm-none-eabi/5.4.1/../../../../arm-none-eabi/lib/armv6-m/crt0.o
START GROUP
LOAD .\CortexM0\ARM_GCC_541\Debug\main.o
LOAD .\CortexM0\ARM_GCC_541\Debug\gpib.o
LOAD .\CortexM0\ARM_GCC_541\Debug\serial.o
LOAD .\CortexM0\ARM_GCC_541\Debug\input.o
LOAD .\CortexM0\ARM_GCC_541\Debug\command.o
LOAD .\CortexM0\ARM_GCC_541\Debug\settings.o
LOAD .\CortexM0\ARM_GCC_541\Debug\utils.o
LOAD .\CortexM0\ARM_GCC_541\Debug\usbtmc.o
LOAD .\CortexM0\ARM_GCC_541\Debug\cyfitter_cfg.o
LOAD .\CortexM0\ARM_GCC_541\Debug\cymetadata.o
LOAD .\CortexM0\ARM_GCC_541\Debug\Cm0Start.o
LOAD .\CortexM0\ARM_GCC_541\Debug\GPIB USB 1.a
END GROUP
START GROUP
LOAD c:/program files (x86)/cypress/psoc creator/4.2/psoc creator/import/gnu/arm/5.4.1/bin/../lib/gcc/arm-none-eabi/5.4.1/armv6-m\libgcc.a
LOAD c:/program files (x86)/cypress/psoc creator/4.2/psoc creator/import/gnu/arm/5.4.1/bin/../lib/gcc/arm-none-eabi/5.4.1/../../../../arm-none-eabi/lib/armv6-m\libg_nano.a
LOAD c:/program files (x86)/cypress/psoc creator/4.2/psoc creator/import/gnu/arm/5.4.1/bin/../lib/gcc/arm-none-eabi/5.4.1/../../../../arm-none-eabi/lib/armv6-m\libc_nano.a
END GROUP
START GROUP
LOAD c:/program files (x86)/cypress/psoc creator/4.2/psoc creator/import/gnu/arm/5.4.1/bin/../lib/gcc/arm-none-eabi/5.4.1/armv6-m\libgcc.a
LOAD c:/program files (x86)/cypress/psoc creator/4.2/psoc creator/import/gnu/arm/5.4.1/bin/../lib/gcc/arm-none-eabi/5.4.1/../../../../arm-none-eabi/lib/armv6-m\libc_nano.a
END GROUP
LOAD c:/program files (x86)/cypress/psoc creator/4.2/psoc creator/import/gnu/arm/5.4.1/bin/../lib/gcc/arm-none-eabi/5.4.1/armv6-m/crtend.o
LOAD c:/program files (x86)/cypress/psoc creator/4.2/psoc creator/import/gnu/arm/5.4.1/bin/../lib/gcc/arm-none-eabi/5.4.1/armv6-m/crtn.o
START GROUP
LOAD c:/program files (x86)/cypress/psoc creator/4.2/psoc creator/import/gnu/arm/5.4.1/bin/../lib/gcc/arm-none-eabi/5.4.1/armv6-m\libgcc.a
LOAD c:/program files (x86)/cypress/psoc creator/4.2/psoc creator/import/gnu/arm/5.4.1/bin/../lib/gcc/arm-none-eabi/5.4.1/../../../../arm-none-eabi/lib/armv6-m\libc.a
LOAD c:/program files (x86)/cypress/psoc creator/4.2/psoc creator/import/gnu/arm/5.4.1/bin/../lib/gcc/arm-none-eabi/5.4.1/../../../../arm-none-eabi/lib/armv6-m\libnosys.a
END GROUP
                0x00000000                CY_APPL_ORIGIN = 0x0
                0x00000100                CY_FLASH_ROW_SIZE = 0x100
                0x00000001                CY_APPL_NUM = 0x1
                0x00000001                CY_APPL_MAX = 0x1
                0x00000040                CY_METADATA_SIZE = 0x40
                0x00000000                CY_APPL_LOADABLE = 0x0
                0x00000000                CY_CHECKSUM_EXCLUDE_SIZE = ALIGN (0x0, CY_FLASH_ROW_SIZE)
                0x00000000                CY_APP_FOR_STACK_AND_COPIER = 0x0
                [!provide]                PROVIDE (__cy_heap_start, _end)
                0x00000001                PROVIDE (__cy_region_num, ((__cy_regions_end - __cy_regions) / 0x10))
                0x20002000                PROVIDE (__cy_stack, (ORIGIN (ram) + LENGTH (ram)))
                [!provide]                PROVIDE (__cy_heap_end, (__cy_stack - 0x800))

.cybootloader   0x00000000        0x0
 *(.cybootloader)
                0x00000000                appl1_start = CY_APPL_ORIGIN?CY_APPL_ORIGIN:ALIGN (CY_FLASH_ROW_SIZE)
                0x00007f00                appl2_start = (appl1_start + ALIGN ((((LENGTH (rom) - appl1_start) - (0x2 * CY_FLASH_ROW_SIZE)) / 0x2), CY_FLASH_ROW_SIZE))
                0x00000000                appl_start = (CY_APPL_NUM == 0x1)?appl1_start:appl2_start
                0x00000001                cy_project_type_bootloader = (appl_start == 0x0)?0x1:0x0
                0x00000000                cy_project_type_app_for_stack_and_copier = (CY_APP_FOR_STACK_AND_COPIER == 0x1)?0x1:0x0

.text           0x00000000     0x6182
 CREATE_OBJECT_SYMBOLS
                0x00000000                PROVIDE (__cy_interrupt_vector, RomVectors)
 *(.romvectors)
 .romvectors    0x00000000       0x10 .\CortexM0\ARM_GCC_541\Debug\Cm0Start.o
                0x00000000                RomVectors
                0x00000001                ASSERT ((. != __cy_interrupt_vector), No interrupt vector)
                0x00000001                ASSERT (CY_APPL_ORIGIN?(SIZEOF (.cybootloader) <= CY_APPL_ORIGIN):0x1, Wrong image location)
                0x00000010                PROVIDE (__cy_reset, Reset)
 *(.text.Reset)
 .text.Reset    0x00000010        0x8 .\CortexM0\ARM_GCC_541\Debug\Cm0Start.o
                0x00000010                Reset
                0x00000001                ASSERT ((. != __cy_reset), No reset code)
 *(.psocinit)
 .psocinit      0x00000018      0x20c .\CortexM0\ARM_GCC_541\Debug\cyfitter_cfg.o
                0x000000c4                cyfitter_cfg
                0x00000224                . = MAX (., 0x100)
 *(.text .text.* .gnu.linkonce.t.*)
 .text          0x00000224       0x60 c:/program files (x86)/cypress/psoc creator/4.2/psoc creator/import/gnu/arm/5.4.1/bin/../lib/gcc/arm-none-eabi/5.4.1/armv6-m/crtbegin.o
 .text.main     0x00000284       0x7c .\CortexM0\ARM_GCC_541\Debug\main.o
                0x00000284                main
 .text.gpib_get_buffer
                0x00000300       0x10 .\CortexM0\ARM_GCC_541\Debug\gpib.o
                0x00000300                gpib_get_buffer
 .text.gpib_init_pins
                0x00000310        0xc .\CortexM0\ARM_GCC_541\Debug\gpib.o
                0x00000310                gpib_init_pins
 .text.gpib_settle
                0x0000031c       0x10 .\CortexM0\ARM_GCC_541\Debug\gpib.o
                0x0000031c                gpib_settle
 .text.gpib_assert_line
                0x0000032c       0x28 .\CortexM0\ARM_GCC_541\Debug\gpib.o
                0x0000032c                gpib_assert_line
 .text.gpib_unassert_line
                0x00000354       0x28 .\CortexM0\ARM_GCC_541\Debug\gpib.o
                0x00000354                gpib_unassert_line
 .text.gpib_readall
                0x0000037c       0x40 .\CortexM0\ARM_GCC_541\Debug\gpib.o
                0x0000037c                gpib_readall
 .text.gpib_read_line
                0x000003bc       0x34 .\CortexM0\ARM_GCC_541\Debug\gpib.o
                0x000003bc                gpib_read_line
 .text.gpib_poll
                0x000003f0       0x8c .\CortexM0\ARM_GCC_541\Debug\gpib.o
                0x000003f0                gpib_poll
 .text.gpib_get_mode
                0x0000047c       0x14 .\CortexM0\ARM_GCC_541\Debug\gpib.o
                0x0000047c                gpib_get_mode
 .text.gpib_wait_for_line_to_assert
                0x00000490       0x40 .\CortexM0\ARM_GCC_541\Debug\gpib.o
                0x00000490                gpib_wait_for_line_to_assert
 .text.gpib_wait_for_line_to_unassert
                0x000004d0       0x4c .\CortexM0\ARM_GCC_541\Debug\gpib.o
                0x000004d0                gpib_wait_for_line_to_unassert
 .text.gpib_send_byte
                0x0000051c       0x88 .\CortexM0\ARM_GCC_541\Debug\gpib.o
                0x0000051c                gpib_send_byte
 .text.gpib_receive_byte
                0x000005a4       0x90 .\CortexM0\ARM_GCC_541\Debug\gpib.o
                0x000005a4                gpib_receive_byte
 .text.gpib_interface_clear
                0x00000634       0x24 .\CortexM0\ARM_GCC_541\Debug\gpib.o
                0x00000634                gpib_interface_clear
 .text.gpib_LAD
                0x00000658       0x24 .\CortexM0\ARM_GCC_541\Debug\gpib.o
                0x00000658                gpib_LAD
 .text.gpib_TAD
                0x0000067c       0x24 .\CortexM0\ARM_GCC_541\Debug\gpib.o
                0x0000067c                gpib_TAD
 .text.gpib_UNL
                0x000006a0       0x10 .\CortexM0\ARM_GCC_541\Debug\gpib.o
                0x000006a0                gpib_UNL
 .text.gpib_UNT
                0x000006b0       0x10 .\CortexM0\ARM_GCC_541\Debug\gpib.o
                0x000006b0                gpib_UNT
 .text.gpib_send_SDC
                0x000006c0       0x28 .\CortexM0\ARM_GCC_541\Debug\gpib.o
                0x000006c0                gpib_send_SDC
 .text.gpib_send_LLO
                0x000006e8       0x28 .\CortexM0\ARM_GCC_541\Debug\gpib.o
                0x000006e8                gpib_send_LLO
 .text.gpib_send_GTL
                0x00000710       0x2c .\CortexM0\ARM_GCC_541\Debug\gpib.o
                0x00000710                gpib_send_GTL
 .text.gpib_address_listener
                0x0000073c       0x60 .\CortexM0\ARM_GCC_541\Debug\gpib.o
                0x0000073c                gpib_address_listener
 .text.gpib_address_talker
                0x0000079c       0x68 .\CortexM0\ARM_GCC_541\Debug\gpib.o
                0x0000079c                gpib_address_talker
 .text.gpib_talking
                0x00000804       0x14 .\CortexM0\ARM_GCC_541\Debug\gpib.o
                0x00000804                gpib_talking
 .text.gpib_send
                0x00000818       0x70 .\CortexM0\ARM_GCC_541\Debug\gpib.o
                0x00000818                gpib_send
 .text.gpib_read
                0x00000888       0xbc .\CortexM0\ARM_GCC_541\Debug\gpib.o
                0x00000888                gpib_read
 .text.serial_printf
                0x00000944       0x3c .\CortexM0\ARM_GCC_541\Debug\serial.o
                0x00000944                serial_printf
 .text.serial_add
                0x00000980       0x74 .\CortexM0\ARM_GCC_541\Debug\serial.o
                0x00000980                serial_add
 .text.serial_add_string
                0x000009f4       0x28 .\CortexM0\ARM_GCC_541\Debug\serial.o
                0x000009f4                serial_add_string
 .text.serial_flush
                0x00000a1c       0x38 .\CortexM0\ARM_GCC_541\Debug\serial.o
                0x00000a1c                serial_flush
 .text.serial_available
                0x00000a54       0x28 .\CortexM0\ARM_GCC_541\Debug\serial.o
                0x00000a54                serial_available
 .text.serial_getbyte
                0x00000a7c       0x58 .\CortexM0\ARM_GCC_541\Debug\serial.o
                0x00000a7c                serial_getbyte
 .text.usbuart_reconfig
                0x00000ad4       0x10 .\CortexM0\ARM_GCC_541\Debug\serial.o
                0x00000ad4                usbuart_reconfig
 .text.usbuart_poll
                0x00000ae4      0x184 .\CortexM0\ARM_GCC_541\Debug\serial.o
                0x00000ae4                usbuart_poll
 .text.valid_escape
                0x00000c68       0x74 .\CortexM0\ARM_GCC_541\Debug\input.o
                0x00000c68                valid_escape
 .text.input_start
                0x00000cdc       0x30 .\CortexM0\ARM_GCC_541\Debug\input.o
                0x00000cdc                input_start
 .text.input_getbuffer
                0x00000d0c       0x10 .\CortexM0\ARM_GCC_541\Debug\input.o
                0x00000d0c                input_getbuffer
 .text.input_getlength
                0x00000d1c       0x14 .\CortexM0\ARM_GCC_541\Debug\input.o
                0x00000d1c                input_getlength
 .text.input_data
                0x00000d30      0x1c0 .\CortexM0\ARM_GCC_541\Debug\input.o
                0x00000d30                input_data
 .text.input_show_output
                0x00000ef0       0x5c .\CortexM0\ARM_GCC_541\Debug\input.o
                0x00000ef0                input_show_output
 .text.tokenise
                0x00000f4c       0xdc .\CortexM0\ARM_GCC_541\Debug\command.o
                0x00000f4c                tokenise
 .text.is_int   0x00001028       0x40 .\CortexM0\ARM_GCC_541\Debug\command.o
                0x00001028                is_int
 .text.to_int   0x00001068       0x3c .\CortexM0\ARM_GCC_541\Debug\command.o
                0x00001068                to_int
 .text.cmd_process
                0x000010a4       0x94 .\CortexM0\ARM_GCC_541\Debug\command.o
                0x000010a4                cmd_process
 .text.cmd_usage
                0x00001138       0xd4 .\CortexM0\ARM_GCC_541\Debug\command.o
                0x00001138                cmd_usage
 .text.cmd_uint
                0x0000120c       0xb8 .\CortexM0\ARM_GCC_541\Debug\command.o
                0x0000120c                cmd_uint
 .text.cmd_noargs
                0x000012c4       0x44 .\CortexM0\ARM_GCC_541\Debug\command.o
                0x000012c4                cmd_noargs
 .text.cmd_help
                0x00001308       0xcc .\CortexM0\ARM_GCC_541\Debug\command.o
                0x00001308                cmd_help
 .text.cmd_read
                0x000013d4      0x100 .\CortexM0\ARM_GCC_541\Debug\command.o
                0x000013d4                cmd_read
 .text.cmd_config
                0x000014d4       0xf0 .\CortexM0\ARM_GCC_541\Debug\command.o
                0x000014d4                cmd_config
 .text.helper_version
                0x000015c4       0x1c .\CortexM0\ARM_GCC_541\Debug\command.o
                0x000015c4                helper_version
 .text.helper_gpiball
                0x000015e0       0x2c .\CortexM0\ARM_GCC_541\Debug\command.o
                0x000015e0                helper_gpiball
 .text.helper_clr
                0x0000160c       0x10 .\CortexM0\ARM_GCC_541\Debug\command.o
                0x0000160c                helper_clr
 .text.helper_ifc
                0x0000161c       0x10 .\CortexM0\ARM_GCC_541\Debug\command.o
                0x0000161c                helper_ifc
 .text.helper_llo
                0x0000162c       0x10 .\CortexM0\ARM_GCC_541\Debug\command.o
                0x0000162c                helper_llo
 .text.helper_loc
                0x0000163c       0x10 .\CortexM0\ARM_GCC_541\Debug\command.o
                0x0000163c                helper_loc
 .text.defaults
                0x0000164c       0x3c .\CortexM0\ARM_GCC_541\Debug\settings.o
                0x0000164c                defaults
 .text.settings_init
                0x00001688       0x80 .\CortexM0\ARM_GCC_541\Debug\settings.o
                0x00001688                settings_init
 .text.contains_byte
                0x00001708       0x44 .\CortexM0\ARM_GCC_541\Debug\utils.o
                0x00001708                contains_byte
 .text.chomp    0x0000174c       0x64 .\CortexM0\ARM_GCC_541\Debug\utils.o
                0x0000174c                chomp
 .text.CYMEMZERO
                0x000017b0       0x20 .\CortexM0\ARM_GCC_541\Debug\cyfitter_cfg.o
 .text.cfg_write_bytes32
                0x000017d0       0x84 .\CortexM0\ARM_GCC_541\Debug\cyfitter_cfg.o
 .text.AnalogSetDefault
                0x00001854       0x28 .\CortexM0\ARM_GCC_541\Debug\cyfitter_cfg.o
 .text.IntDefaultHandler
                0x0000187c       0x14 .\CortexM0\ARM_GCC_541\Debug\Cm0Start.o
                0x0000187c                IntDefaultHandler
 .text._sbrk    0x00001890       0x50 .\CortexM0\ARM_GCC_541\Debug\Cm0Start.o
                0x00001890                _sbrk
 .text.Start_c  0x000018e0       0x98 .\CortexM0\ARM_GCC_541\Debug\Cm0Start.o
                0x000018e0                Start_c
 .text.initialize_psoc
                0x00001978       0x70 .\CortexM0\ARM_GCC_541\Debug\Cm0Start.o
                0x00001978                initialize_psoc
 .text.Cy_Em_EEPROM_Init
                0x000019e8       0xf8 .\CortexM0\ARM_GCC_541\Debug\GPIB USB 1.a(cy_em_eeprom.o)
                0x000019e8                Cy_Em_EEPROM_Init
 .text.Cy_Em_EEPROM_Read
                0x00001ae0      0x32c .\CortexM0\ARM_GCC_541\Debug\GPIB USB 1.a(cy_em_eeprom.o)
                0x00001ae0                Cy_Em_EEPROM_Read
 .text.FindLastWrittenRow
                0x00001e0c       0x68 .\CortexM0\ARM_GCC_541\Debug\GPIB USB 1.a(cy_em_eeprom.o)
 .text.GetRowAddrBySeqNum
                0x00001e74       0x40 .\CortexM0\ARM_GCC_541\Debug\GPIB USB 1.a(cy_em_eeprom.o)
 .text.GetNextRowToWrite
                0x00001eb4       0xb0 .\CortexM0\ARM_GCC_541\Debug\GPIB USB 1.a(cy_em_eeprom.o)
 .text.CalcChecksum
                0x00001f64       0xb0 .\CortexM0\ARM_GCC_541\Debug\GPIB USB 1.a(cy_em_eeprom.o)
 .text.CheckRanges
                0x00002014       0x6c .\CortexM0\ARM_GCC_541\Debug\GPIB USB 1.a(cy_em_eeprom.o)
 .text.WriteRow
                0x00002080       0x48 .\CortexM0\ARM_GCC_541\Debug\GPIB USB 1.a(cy_em_eeprom.o)
 .text.CheckCrcAndCopy
                0x000020c8       0xfc .\CortexM0\ARM_GCC_541\Debug\GPIB USB 1.a(cy_em_eeprom.o)
 .text.FillChecksum
                0x000021c4      0x12c .\CortexM0\ARM_GCC_541\Debug\GPIB USB 1.a(cy_em_eeprom.o)
 .text.CySysFlashWriteRow
                0x000022f0      0x1f4 .\CortexM0\ARM_GCC_541\Debug\GPIB USB 1.a(CyFlash.o)
                0x000022f0                CySysFlashWriteRow
 .text.CySysFlashSetWaitCycles
                0x000024e4       0x78 .\CortexM0\ARM_GCC_541\Debug\GPIB USB 1.a(CyFlash.o)
                0x000024e4                CySysFlashSetWaitCycles
 .text.CySysFlashClockBackup
                0x0000255c       0x14 .\CortexM0\ARM_GCC_541\Debug\GPIB USB 1.a(CyFlash.o)
 .text.CySysFlashClockRestore
                0x00002570       0x14 .\CortexM0\ARM_GCC_541\Debug\GPIB USB 1.a(CyFlash.o)
 .text.CySysClkImoEnableWcoLock
                0x00002584      0x154 .\CortexM0\ARM_GCC_541\Debug\GPIB USB 1.a(CyLib.o)
                0x00002584                CySysClkImoEnableWcoLock
 .text.CySysClkImoDisableWcoLock
                0x000026d8       0x78 .\CortexM0\ARM_GCC_541\Debug\GPIB USB 1.a(CyLib.o)
                0x000026d8                CySysClkImoDisableWcoLock
 .text.CySysClkImoGetWcoLock
                0x00002750       0x20 .\CortexM0\ARM_GCC_541\Debug\GPIB USB 1.a(CyLib.o)
                0x00002750                CySysClkImoGetWcoLock
 .text.CySysClkImoEnableUsbLock
                0x00002770      0x138 .\CortexM0\ARM_GCC_541\Debug\GPIB USB 1.a(CyLib.o)
                0x00002770                CySysClkImoEnableUsbLock
 .text.CySysClkImoDisableUsbLock
                0x000028a8       0xc4 .\CortexM0\ARM_GCC_541\Debug\GPIB USB 1.a(CyLib.o)
                0x000028a8                CySysClkImoDisableUsbLock
 .text.CySysClkImoGetUsbLock
                0x0000296c       0x20 .\CortexM0\ARM_GCC_541\Debug\GPIB USB 1.a(CyLib.o)
                0x0000296c                CySysClkImoGetUsbLock
 .text.CySysClkWriteImoFreq
                0x0000298c      0x224 .\CortexM0\ARM_GCC_541\Debug\GPIB USB 1.a(CyLib.o)
                0x0000298c                CySysClkWriteImoFreq
 .text.CyIntSetVector
                0x00002bb0       0x4c .\CortexM0\ARM_GCC_541\Debug\GPIB USB 1.a(CyLib.o)
                0x00002bb0                CyIntSetVector
 .text.CyIntSetPriority
                0x00002bfc       0xa8 .\CortexM0\ARM_GCC_541\Debug\GPIB USB 1.a(CyLib.o)
                0x00002bfc                CyIntSetPriority
 .text.CyIntEnable
                0x00002ca4       0x2c .\CortexM0\ARM_GCC_541\Debug\GPIB USB 1.a(CyLib.o)
                0x00002ca4                CyIntEnable
 .text.CyHalt   0x00002cd0       0x18 .\CortexM0\ARM_GCC_541\Debug\GPIB USB 1.a(CyLib.o)
                0x00002cd0                CyHalt
 .text.CyDelay  0x00002ce8       0x4c .\CortexM0\ARM_GCC_541\Debug\GPIB USB 1.a(CyLib.o)
                0x00002ce8                CyDelay
 .text.CyDelayUs
                0x00002d34       0x28 .\CortexM0\ARM_GCC_541\Debug\GPIB USB 1.a(CyLib.o)
                0x00002d34                CyDelayUs
 .text.CyGetUniqueId
                0x00002d5c       0xc0 .\CortexM0\ARM_GCC_541\Debug\GPIB USB 1.a(CyLib.o)
                0x00002d5c                CyGetUniqueId
 .text.CySysClkWcoEnabled
                0x00002e1c       0x1c .\CortexM0\ARM_GCC_541\Debug\GPIB USB 1.a(CyLFClk.o)
                0x00002e1c                CySysClkWcoEnabled
 .text.CySysWdtLock
                0x00002e38       0x34 .\CortexM0\ARM_GCC_541\Debug\GPIB USB 1.a(CyLFClk.o)
                0x00002e38                CySysWdtLock
 .text.CySysWdtLocked
                0x00002e6c       0x20 .\CortexM0\ARM_GCC_541\Debug\GPIB USB 1.a(CyLFClk.o)
 .text.CySysWdtUnlock
                0x00002e8c       0x50 .\CortexM0\ARM_GCC_541\Debug\GPIB USB 1.a(CyLFClk.o)
                0x00002e8c                CySysWdtUnlock
 .text.CySysWdtClearInterrupt
                0x00002edc       0x70 .\CortexM0\ARM_GCC_541\Debug\GPIB USB 1.a(CyLFClk.o)
                0x00002edc                CySysWdtClearInterrupt
 .text.CySysWdtIsr
                0x00002f4c       0xec .\CortexM0\ARM_GCC_541\Debug\GPIB USB 1.a(CyLFClk.o)
                0x00002f4c                CySysWdtIsr
 .text.USBUART_Start
                0x00003038       0x40 .\CortexM0\ARM_GCC_541\Debug\GPIB USB 1.a(USBUART.o)
                0x00003038                USBUART_Start
 .text.USBUART_Init
                0x00003078       0xf0 .\CortexM0\ARM_GCC_541\Debug\GPIB USB 1.a(USBUART.o)
                0x00003078                USBUART_Init
 .text.USBUART_InitComponent
                0x00003168       0xf0 .\CortexM0\ARM_GCC_541\Debug\GPIB USB 1.a(USBUART.o)
                0x00003168                USBUART_InitComponent
 .text.USBUART_ReInitComponent
                0x00003258       0x64 .\CortexM0\ARM_GCC_541\Debug\GPIB USB 1.a(USBUART.o)
                0x00003258                USBUART_ReInitComponent
 .text.USBUART_GetConfiguration
                0x000032bc       0x14 .\CortexM0\ARM_GCC_541\Debug\GPIB USB 1.a(USBUART.o)
                0x000032bc                USBUART_GetConfiguration
 .text.USBUART_IsConfigurationChanged
                0x000032d0       0x34 .\CortexM0\ARM_GCC_541\Debug\GPIB USB 1.a(USBUART.o)
                0x000032d0                USBUART_IsConfigurationChanged
 .text.USBUART_GetEPState
                0x00003304       0x30 .\CortexM0\ARM_GCC_541\Debug\GPIB USB 1.a(USBUART.o)
                0x00003304                USBUART_GetEPState
 .text.USBUART_GetEPCount
                0x00003334       0x80 .\CortexM0\ARM_GCC_541\Debug\GPIB USB 1.a(USBUART.o)
                0x00003334                USBUART_GetEPCount
 .text.USBUART_LoadInEP
                0x000033b4      0x14c .\CortexM0\ARM_GCC_541\Debug\GPIB USB 1.a(USBUART.o)
                0x000033b4                USBUART_LoadInEP
 .text.USBUART_ReadOutEP
                0x00003500       0xc0 .\CortexM0\ARM_GCC_541\Debug\GPIB USB 1.a(USBUART.o)
                0x00003500                USBUART_ReadOutEP
 .text.USBUART_EnableOutEP
                0x000035c0       0x68 .\CortexM0\ARM_GCC_541\Debug\GPIB USB 1.a(USBUART.o)
                0x000035c0                USBUART_EnableOutEP
 .text.USBUART_SetPowerStatus
                0x00003628       0x44 .\CortexM0\ARM_GCC_541\Debug\GPIB USB 1.a(USBUART.o)
                0x00003628                USBUART_SetPowerStatus
 .text.USBUART_DispatchCDCClassRqst
                0x0000366c       0xf8 .\CortexM0\ARM_GCC_541\Debug\GPIB USB 1.a(USBUART_cdc.o)
                0x0000366c                USBUART_DispatchCDCClassRqst
 .text.USBUART_GetInterfaceComPort
                0x00003764       0x90 .\CortexM0\ARM_GCC_541\Debug\GPIB USB 1.a(USBUART_cdc.o)
                0x00003764                USBUART_GetInterfaceComPort
 .text.USBUART_CDC_Init
                0x000037f4       0xc0 .\CortexM0\ARM_GCC_541\Debug\GPIB USB 1.a(USBUART_cdc.o)
                0x000037f4                USBUART_CDC_Init
 .text.USBUART_PutData
                0x000038b4       0x84 .\CortexM0\ARM_GCC_541\Debug\GPIB USB 1.a(USBUART_cdc.o)
                0x000038b4                USBUART_PutData
 .text.USBUART_DataIsReady
                0x00003938       0x28 .\CortexM0\ARM_GCC_541\Debug\GPIB USB 1.a(USBUART_cdc.o)
                0x00003938                USBUART_DataIsReady
 .text.USBUART_CDCIsReady
                0x00003960       0x28 .\CortexM0\ARM_GCC_541\Debug\GPIB USB 1.a(USBUART_cdc.o)
                0x00003960                USBUART_CDCIsReady
 .text.USBUART_GetAll
                0x00003988       0x60 .\CortexM0\ARM_GCC_541\Debug\GPIB USB 1.a(USBUART_cdc.o)
                0x00003988                USBUART_GetAll
 .text.USBUART_Cdc_EpInit
                0x000039e8       0xc0 .\CortexM0\ARM_GCC_541\Debug\GPIB USB 1.a(USBUART_cdc.o)
                0x000039e8                USBUART_Cdc_EpInit
 .text.USBUART_EP_0_ISR
                0x00003aa8       0xfc .\CortexM0\ARM_GCC_541\Debug\GPIB USB 1.a(USBUART_drv.o)
                0x00003aa8                USBUART_EP_0_ISR
 .text.USBUART_HandleSetup
                0x00003ba4       0x9c .\CortexM0\ARM_GCC_541\Debug\GPIB USB 1.a(USBUART_drv.o)
                0x00003ba4                USBUART_HandleSetup
 .text.USBUART_HandleIN
                0x00003c40       0x40 .\CortexM0\ARM_GCC_541\Debug\GPIB USB 1.a(USBUART_drv.o)
                0x00003c40                USBUART_HandleIN
 .text.USBUART_HandleOUT
                0x00003c80       0x4c .\CortexM0\ARM_GCC_541\Debug\GPIB USB 1.a(USBUART_drv.o)
                0x00003c80                USBUART_HandleOUT
 .text.USBUART_LoadEP0
                0x00003ccc       0xd8 .\CortexM0\ARM_GCC_541\Debug\GPIB USB 1.a(USBUART_drv.o)
                0x00003ccc                USBUART_LoadEP0
 .text.USBUART_InitControlRead
                0x00003da4       0x74 .\CortexM0\ARM_GCC_541\Debug\GPIB USB 1.a(USBUART_drv.o)
                0x00003da4                USBUART_InitControlRead
 .text.USBUART_InitZeroLengthControlTransfer
                0x00003e18       0x40 .\CortexM0\ARM_GCC_541\Debug\GPIB USB 1.a(USBUART_drv.o)
                0x00003e18                USBUART_InitZeroLengthControlTransfer
 .text.USBUART_ControlReadDataStage
                0x00003e58       0x10 .\CortexM0\ARM_GCC_541\Debug\GPIB USB 1.a(USBUART_drv.o)
                0x00003e58                USBUART_ControlReadDataStage
 .text.USBUART_ControlReadStatusStage
                0x00003e68       0x44 .\CortexM0\ARM_GCC_541\Debug\GPIB USB 1.a(USBUART_drv.o)
                0x00003e68                USBUART_ControlReadStatusStage
 .text.USBUART_InitControlWrite
                0x00003eac       0x6c .\CortexM0\ARM_GCC_541\Debug\GPIB USB 1.a(USBUART_drv.o)
                0x00003eac                USBUART_InitControlWrite
 .text.USBUART_ControlWriteDataStage
                0x00003f18       0xb8 .\CortexM0\ARM_GCC_541\Debug\GPIB USB 1.a(USBUART_drv.o)
                0x00003f18                USBUART_ControlWriteDataStage
 .text.USBUART_ControlWriteStatusStage
                0x00003fd0       0x24 .\CortexM0\ARM_GCC_541\Debug\GPIB USB 1.a(USBUART_drv.o)
                0x00003fd0                USBUART_ControlWriteStatusStage
 .text.USBUART_InitNoDataControlTransfer
                0x00003ff4       0x34 .\CortexM0\ARM_GCC_541\Debug\GPIB USB 1.a(USBUART_drv.o)
                0x00003ff4                USBUART_InitNoDataControlTransfer
 .text.USBUART_NoDataControlStatusStage
                0x00004028       0x50 .\CortexM0\ARM_GCC_541\Debug\GPIB USB 1.a(USBUART_drv.o)
                0x00004028                USBUART_NoDataControlStatusStage
 .text.USBUART_UpdateStatusBlock
                0x00004078       0x40 .\CortexM0\ARM_GCC_541\Debug\GPIB USB 1.a(USBUART_drv.o)
                0x00004078                USBUART_UpdateStatusBlock
 .text.USBUART_InitializeStatusBlock
                0x000040b8       0x30 .\CortexM0\ARM_GCC_541\Debug\GPIB USB 1.a(USBUART_drv.o)
                0x000040b8                USBUART_InitializeStatusBlock
 .text.USBUART_EP_1_ISR
                0x000040e8       0x48 .\CortexM0\ARM_GCC_541\Debug\GPIB USB 1.a(USBUART_episr.o)
                0x000040e8                USBUART_EP_1_ISR
 .text.USBUART_EP_2_ISR
                0x00004130       0x4c .\CortexM0\ARM_GCC_541\Debug\GPIB USB 1.a(USBUART_episr.o)
                0x00004130                USBUART_EP_2_ISR
 .text.USBUART_EP_3_ISR
                0x0000417c       0x54 .\CortexM0\ARM_GCC_541\Debug\GPIB USB 1.a(USBUART_episr.o)
                0x0000417c                USBUART_EP_3_ISR
 .text.USBUART_SOF_ISR
                0x000041d0       0x14 .\CortexM0\ARM_GCC_541\Debug\GPIB USB 1.a(USBUART_episr.o)
                0x000041d0                USBUART_SOF_ISR
 .text.USBUART_BUS_RESET_ISR
                0x000041e4       0x18 .\CortexM0\ARM_GCC_541\Debug\GPIB USB 1.a(USBUART_episr.o)
                0x000041e4                USBUART_BUS_RESET_ISR
 .text.USBUART_IntrHandler
                0x000041fc       0x60 .\CortexM0\ARM_GCC_541\Debug\GPIB USB 1.a(USBUART_episr.o)
 .text.USBUART_INTR_HI_ISR
                0x0000425c       0x18 .\CortexM0\ARM_GCC_541\Debug\GPIB USB 1.a(USBUART_episr.o)
                0x0000425c                USBUART_INTR_HI_ISR
 .text.USBUART_INTR_MED_ISR
                0x00004274       0x18 .\CortexM0\ARM_GCC_541\Debug\GPIB USB 1.a(USBUART_episr.o)
                0x00004274                USBUART_INTR_MED_ISR
 .text.USBUART_INTR_LO_ISR
                0x0000428c       0x18 .\CortexM0\ARM_GCC_541\Debug\GPIB USB 1.a(USBUART_episr.o)
                0x0000428c                USBUART_INTR_LO_ISR
 .text.USBUART_DP_ISR
                0x000042a4       0x10 .\CortexM0\ARM_GCC_541\Debug\GPIB USB 1.a(USBUART_pm.o)
                0x000042a4                USBUART_DP_ISR
 .text.USBUART_HandleStandardRqst
                0x000042b4      0x484 .\CortexM0\ARM_GCC_541\Debug\GPIB USB 1.a(USBUART_std.o)
                0x000042b4                USBUART_HandleStandardRqst
 .text.USBUART_ReadDieID
                0x00004738       0xb8 .\CortexM0\ARM_GCC_541\Debug\GPIB USB 1.a(USBUART_std.o)
                0x00004738                USBUART_ReadDieID
 .text.USBUART_ConfigReg
                0x000047f0       0xe4 .\CortexM0\ARM_GCC_541\Debug\GPIB USB 1.a(USBUART_std.o)
                0x000047f0                USBUART_ConfigReg
 .text.USBUART_Config
                0x000048d4      0x454 .\CortexM0\ARM_GCC_541\Debug\GPIB USB 1.a(USBUART_std.o)
                0x000048d4                USBUART_Config
 .text.USBUART_ConfigAltChanged
                0x00004d28      0x220 .\CortexM0\ARM_GCC_541\Debug\GPIB USB 1.a(USBUART_std.o)
                0x00004d28                USBUART_ConfigAltChanged
 .text.USBUART_GetConfigTablePtr
                0x00004f48       0x58 .\CortexM0\ARM_GCC_541\Debug\GPIB USB 1.a(USBUART_std.o)
                0x00004f48                USBUART_GetConfigTablePtr
 .text.USBUART_GetDeviceTablePtr
                0x00004fa0       0x24 .\CortexM0\ARM_GCC_541\Debug\GPIB USB 1.a(USBUART_std.o)
                0x00004fa0                USBUART_GetDeviceTablePtr
 .text.USBUART_GetInterfaceClassTablePtr
                0x00004fc4       0x54 .\CortexM0\ARM_GCC_541\Debug\GPIB USB 1.a(USBUART_std.o)
                0x00004fc4                USBUART_GetInterfaceClassTablePtr
 .text.USBUART_SetEndpointHalt
                0x00005018       0xec .\CortexM0\ARM_GCC_541\Debug\GPIB USB 1.a(USBUART_std.o)
                0x00005018                USBUART_SetEndpointHalt
 .text.USBUART_ClearEndpointHalt
                0x00005104      0x158 .\CortexM0\ARM_GCC_541\Debug\GPIB USB 1.a(USBUART_std.o)
                0x00005104                USBUART_ClearEndpointHalt
 .text.USBUART_ValidateAlternateSetting
                0x0000525c       0x9c .\CortexM0\ARM_GCC_541\Debug\GPIB USB 1.a(USBUART_std.o)
                0x0000525c                USBUART_ValidateAlternateSetting
 .text.USBUART_HandleVendorRqst
                0x000052f8       0x34 .\CortexM0\ARM_GCC_541\Debug\GPIB USB 1.a(USBUART_vnd.o)
                0x000052f8                USBUART_HandleVendorRqst
 .text.USBUART_Dp_ClearInterrupt
                0x0000532c       0x2c .\CortexM0\ARM_GCC_541\Debug\GPIB USB 1.a(USBUART_Dp.o)
                0x0000532c                USBUART_Dp_ClearInterrupt
 .text.PWM_1_Init
                0x00005358       0x5c .\CortexM0\ARM_GCC_541\Debug\GPIB USB 1.a(PWM_1.o)
                0x00005358                PWM_1_Init
 .text.PWM_1_Enable
                0x000053b4       0x3c .\CortexM0\ARM_GCC_541\Debug\GPIB USB 1.a(PWM_1.o)
                0x000053b4                PWM_1_Enable
 .text.PWM_1_Start
                0x000053f0       0x24 .\CortexM0\ARM_GCC_541\Debug\GPIB USB 1.a(PWM_1.o)
                0x000053f0                PWM_1_Start
 .text.PWM_1_WriteCounter
                0x00005414       0x20 .\CortexM0\ARM_GCC_541\Debug\GPIB USB 1.a(PWM_1.o)
                0x00005414                PWM_1_WriteCounter
 .text.PWM_1_WritePeriod
                0x00005434       0x20 .\CortexM0\ARM_GCC_541\Debug\GPIB USB 1.a(PWM_1.o)
                0x00005434                PWM_1_WritePeriod
 .text.PWM_1_WriteCompare
                0x00005454       0x20 .\CortexM0\ARM_GCC_541\Debug\GPIB USB 1.a(PWM_1.o)
                0x00005454                PWM_1_WriteCompare
 .text.PWM_1_TriggerCommand
                0x00005474       0x3c .\CortexM0\ARM_GCC_541\Debug\GPIB USB 1.a(PWM_1.o)
                0x00005474                PWM_1_TriggerCommand
 .text.PWM_1_SetInterruptMode
                0x000054b0       0x1c .\CortexM0\ARM_GCC_541\Debug\GPIB USB 1.a(PWM_1.o)
                0x000054b0                PWM_1_SetInterruptMode
 .text.EEPROM_Init
                0x000054cc       0x5c .\CortexM0\ARM_GCC_541\Debug\GPIB USB 1.a(EEPROM.o)
                0x000054cc                EEPROM_Init
 .text.Timer1_Init
                0x00005528       0x38 .\CortexM0\ARM_GCC_541\Debug\GPIB USB 1.a(Timer1.o)
                0x00005528                Timer1_Init
 .text.Timer1_Enable
                0x00005560       0x3c .\CortexM0\ARM_GCC_541\Debug\GPIB USB 1.a(Timer1.o)
                0x00005560                Timer1_Enable
 .text.Timer1_Start
                0x0000559c       0x24 .\CortexM0\ARM_GCC_541\Debug\GPIB USB 1.a(Timer1.o)
                0x0000559c                Timer1_Start
 .text.Timer1_WriteCounter
                0x000055c0       0x20 .\CortexM0\ARM_GCC_541\Debug\GPIB USB 1.a(Timer1.o)
                0x000055c0                Timer1_WriteCounter
 .text.Timer1_ReadCounter
                0x000055e0       0x18 .\CortexM0\ARM_GCC_541\Debug\GPIB USB 1.a(Timer1.o)
                0x000055e0                Timer1_ReadCounter
 .text.Timer1_WritePeriod
                0x000055f8       0x20 .\CortexM0\ARM_GCC_541\Debug\GPIB USB 1.a(Timer1.o)
                0x000055f8                Timer1_WritePeriod
 .text.Timer1_TriggerCommand
                0x00005618       0x3c .\CortexM0\ARM_GCC_541\Debug\GPIB USB 1.a(Timer1.o)
                0x00005618                Timer1_TriggerCommand
 .text.Timer1_SetInterruptMode
                0x00005654       0x1c .\CortexM0\ARM_GCC_541\Debug\GPIB USB 1.a(Timer1.o)
                0x00005654                Timer1_SetInterruptMode
 .text          0x00005670       0x20 .\CortexM0\ARM_GCC_541\Debug\GPIB USB 1.a(CyBootAsmGnu.o)
                0x00005670                CyDelayCycles
                0x00005682                CyEnterCriticalSection
                0x0000568a                CyExitCriticalSection
 .text.USBUART_DispatchClassRqst
                0x00005690       0x94 .\CortexM0\ARM_GCC_541\Debug\GPIB USB 1.a(USBUART_cls.o)
                0x00005690                USBUART_DispatchClassRqst
 .text          0x00005724      0x114 c:/program files (x86)/cypress/psoc creator/4.2/psoc creator/import/gnu/arm/5.4.1/bin/../lib/gcc/arm-none-eabi/5.4.1/armv6-m\libgcc.a(_udivsi3.o)
                0x00005724                __aeabi_uidiv
                0x00005724                __udivsi3
                0x00005830                __aeabi_uidivmod
 .text          0x00005838        0x4 c:/program files (x86)/cypress/psoc creator/4.2/psoc creator/import/gnu/arm/5.4.1/bin/../lib/gcc/arm-none-eabi/5.4.1/armv6-m\libgcc.a(_dvmd_tls.o)
                0x00005838                __aeabi_idiv0
                0x00005838                __aeabi_ldiv0
 .text.__errno  0x0000583c        0xc c:/program files (x86)/cypress/psoc creator/4.2/psoc creator/import/gnu/arm/5.4.1/bin/../lib/gcc/arm-none-eabi/5.4.1/../../../../arm-none-eabi/lib/armv6-m\libg_nano.a(lib_a-errno.o)
                0x0000583c                __errno
 .text.__libc_init_array
                0x00005848       0x4c c:/program files (x86)/cypress/psoc creator/4.2/psoc creator/import/gnu/arm/5.4.1/bin/../lib/gcc/arm-none-eabi/5.4.1/../../../../arm-none-eabi/lib/armv6-m\libg_nano.a(lib_a-init.o)
                0x00005848                __libc_init_array
 .text.memcmp   0x00005894       0x1e c:/program files (x86)/cypress/psoc creator/4.2/psoc creator/import/gnu/arm/5.4.1/bin/../lib/gcc/arm-none-eabi/5.4.1/../../../../arm-none-eabi/lib/armv6-m\libg_nano.a(lib_a-memcmp.o)
                0x00005894                memcmp
 .text.memcpy   0x000058b2       0x12 c:/program files (x86)/cypress/psoc creator/4.2/psoc creator/import/gnu/arm/5.4.1/bin/../lib/gcc/arm-none-eabi/5.4.1/../../../../arm-none-eabi/lib/armv6-m\libg_nano.a(lib_a-memcpy-stub.o)
                0x000058b2                memcpy
 .text.memset   0x000058c4       0x10 c:/program files (x86)/cypress/psoc creator/4.2/psoc creator/import/gnu/arm/5.4.1/bin/../lib/gcc/arm-none-eabi/5.4.1/../../../../arm-none-eabi/lib/armv6-m\libg_nano.a(lib_a-memset.o)
                0x000058c4                memset
 .text.strchr   0x000058d4       0x1c c:/program files (x86)/cypress/psoc creator/4.2/psoc creator/import/gnu/arm/5.4.1/bin/../lib/gcc/arm-none-eabi/5.4.1/../../../../arm-none-eabi/lib/armv6-m\libg_nano.a(lib_a-strchr.o)
                0x000058d4                strchr
 .text          0x000058f0       0x14 c:/program files (x86)/cypress/psoc creator/4.2/psoc creator/import/gnu/arm/5.4.1/bin/../lib/gcc/arm-none-eabi/5.4.1/../../../../arm-none-eabi/lib/armv6-m\libg_nano.a(lib_a-strcmp.o)
                0x000058f0                strcmp
 .text          0x00005904        0xe c:/program files (x86)/cypress/psoc creator/4.2/psoc creator/import/gnu/arm/5.4.1/bin/../lib/gcc/arm-none-eabi/5.4.1/../../../../arm-none-eabi/lib/armv6-m\libg_nano.a(lib_a-strlen.o)
                0x00005904                strlen
 .text._vsnprintf_r
                0x00005912       0x56 c:/program files (x86)/cypress/psoc creator/4.2/psoc creator/import/gnu/arm/5.4.1/bin/../lib/gcc/arm-none-eabi/5.4.1/../../../../arm-none-eabi/lib/armv6-m\libg_nano.a(lib_a-vsnprintf.o)
                0x00005912                _vsniprintf_r
                0x00005912                _vsnprintf_r
 .text.vsnprintf
                0x00005968       0x18 c:/program files (x86)/cypress/psoc creator/4.2/psoc creator/import/gnu/arm/5.4.1/bin/../lib/gcc/arm-none-eabi/5.4.1/../../../../arm-none-eabi/lib/armv6-m\libg_nano.a(lib_a-vsnprintf.o)
                0x00005968                vsniprintf
                0x00005968                vsnprintf
 .text.__ssputs_r
                0x00005980       0xc4 c:/program files (x86)/cypress/psoc creator/4.2/psoc creator/import/gnu/arm/5.4.1/bin/../lib/gcc/arm-none-eabi/5.4.1/../../../../arm-none-eabi/lib/armv6-m\libg_nano.a(lib_a-nano-svfprintf.o)
                0x00005980                __ssputs_r
 .text._svfprintf_r
                0x00005a44      0x1fc c:/program files (x86)/cypress/psoc creator/4.2/psoc creator/import/gnu/arm/5.4.1/bin/../lib/gcc/arm-none-eabi/5.4.1/../../../../arm-none-eabi/lib/armv6-m\libg_nano.a(lib_a-nano-svfprintf.o)
                0x00005a44                _svfiprintf_r
                0x00005a44                _svfprintf_r
 .text._printf_common
                0x00005c40       0xdc c:/program files (x86)/cypress/psoc creator/4.2/psoc creator/import/gnu/arm/5.4.1/bin/../lib/gcc/arm-none-eabi/5.4.1/../../../../arm-none-eabi/lib/armv6-m\libg_nano.a(lib_a-nano-vfprintf_i.o)
                0x00005c40                _printf_common
 .text._printf_i
                0x00005d1c      0x244 c:/program files (x86)/cypress/psoc creator/4.2/psoc creator/import/gnu/arm/5.4.1/bin/../lib/gcc/arm-none-eabi/5.4.1/../../../../arm-none-eabi/lib/armv6-m\libg_nano.a(lib_a-nano-vfprintf_i.o)
                0x00005d1c                _printf_i
 .text.memchr   0x00005f60       0x16 c:/program files (x86)/cypress/psoc creator/4.2/psoc creator/import/gnu/arm/5.4.1/bin/../lib/gcc/arm-none-eabi/5.4.1/../../../../arm-none-eabi/lib/armv6-m\libg_nano.a(lib_a-memchr-stub.o)
                0x00005f60                memchr
 .text.memmove  0x00005f76       0x2a c:/program files (x86)/cypress/psoc creator/4.2/psoc creator/import/gnu/arm/5.4.1/bin/../lib/gcc/arm-none-eabi/5.4.1/../../../../arm-none-eabi/lib/armv6-m\libg_nano.a(lib_a-memmove.o)
                0x00005f76                memmove
 .text._free_r  0x00005fa0       0x98 c:/program files (x86)/cypress/psoc creator/4.2/psoc creator/import/gnu/arm/5.4.1/bin/../lib/gcc/arm-none-eabi/5.4.1/../../../../arm-none-eabi/lib/armv6-m\libg_nano.a(lib_a-nano-freer.o)
                0x00005fa0                _free_r
 .text._malloc_r
                0x00006038       0xc0 c:/program files (x86)/cypress/psoc creator/4.2/psoc creator/import/gnu/arm/5.4.1/bin/../lib/gcc/arm-none-eabi/5.4.1/../../../../arm-none-eabi/lib/armv6-m\libg_nano.a(lib_a-nano-mallocr.o)
                0x00006038                _malloc_r
 .text._realloc_r
                0x000060f8       0x4c c:/program files (x86)/cypress/psoc creator/4.2/psoc creator/import/gnu/arm/5.4.1/bin/../lib/gcc/arm-none-eabi/5.4.1/../../../../arm-none-eabi/lib/armv6-m\libg_nano.a(lib_a-nano-reallocr.o)
                0x000060f8                _realloc_r
 .text._sbrk_r  0x00006144       0x24 c:/program files (x86)/cypress/psoc creator/4.2/psoc creator/import/gnu/arm/5.4.1/bin/../lib/gcc/arm-none-eabi/5.4.1/../../../../arm-none-eabi/lib/armv6-m\libg_nano.a(lib_a-sbrkr.o)
                0x00006144                _sbrk_r
 .text.__malloc_lock
                0x00006168        0x2 c:/program files (x86)/cypress/psoc creator/4.2/psoc creator/import/gnu/arm/5.4.1/bin/../lib/gcc/arm-none-eabi/5.4.1/../../../../arm-none-eabi/lib/armv6-m\libg_nano.a(lib_a-mlock.o)
                0x00006168                __malloc_lock
 .text.__malloc_unlock
                0x0000616a        0x2 c:/program files (x86)/cypress/psoc creator/4.2/psoc creator/import/gnu/arm/5.4.1/bin/../lib/gcc/arm-none-eabi/5.4.1/../../../../arm-none-eabi/lib/armv6-m\libg_nano.a(lib_a-mlock.o)
                0x0000616a                __malloc_unlock
 .text._malloc_usable_size_r
                0x0000616c       0x16 c:/program files (x86)/cypress/psoc creator/4.2/psoc creator/import/gnu/arm/5.4.1/bin/../lib/gcc/arm-none-eabi/5.4.1/../../../../arm-none-eabi/lib/armv6-m\libg_nano.a(lib_a-nano-msizer.o)
                0x0000616c                _malloc_usable_size_r
 *(.plt)
 *(.gnu.warning)
 *(.glue_7t)
 .glue_7t       0x00006182        0x0 linker stubs
 *(.glue_7)
 .glue_7        0x00006182        0x0 linker stubs
 *(.vfp11_veneer)
 .vfp11_veneer  0x00006182        0x0 linker stubs
 *(.bootloader)
 *(.ARM.extab* .gnu.linkonce.armextab.*)
 *(.gcc_except_table)

.v4_bx          0x00006184        0x0
 .v4_bx         0x00006184        0x0 linker stubs

.iplt           0x00006184        0x0
 .iplt          0x00006184        0x0 c:/program files (x86)/cypress/psoc creator/4.2/psoc creator/import/gnu/arm/5.4.1/bin/../lib/gcc/arm-none-eabi/5.4.1/armv6-m/crtbegin.o

.eh_frame_hdr
 *(.eh_frame_hdr)

.eh_frame       0x00006184        0x4
 *(.eh_frame)
 .eh_frame      0x00006184        0x0 c:/program files (x86)/cypress/psoc creator/4.2/psoc creator/import/gnu/arm/5.4.1/bin/../lib/gcc/arm-none-eabi/5.4.1/armv6-m/crtbegin.o
 .eh_frame      0x00006184        0x4 c:/program files (x86)/cypress/psoc creator/4.2/psoc creator/import/gnu/arm/5.4.1/bin/../lib/gcc/arm-none-eabi/5.4.1/armv6-m/crtend.o
                [!provide]                PROVIDE (__exidx_start, .)

.ARM.exidx
 *(.ARM.exidx* .gnu.linkonce.armexidx.*)
                0x00006188                __exidx_end = .

.rodata         0x00006200      0xde8
 *(.rodata .rodata.* .gnu.linkonce.r.*)
 .rodata        0x00006200       0x46 .\CortexM0\ARM_GCC_541\Debug\main.o
                0x00006200                read_err
                0x0000621c                read_err_len
 *fill*         0x00006246        0x2 
 .rodata        0x00006248       0x1d .\CortexM0\ARM_GCC_541\Debug\serial.o
 *fill*         0x00006265        0x3 
 .rodata        0x00006268       0x51 .\CortexM0\ARM_GCC_541\Debug\input.o
                0x00006278                escapes
 *fill*         0x000062b9        0x3 
 .rodata        0x000062bc      0x7fa .\CortexM0\ARM_GCC_541\Debug\command.o
                0x00006578                commands
                0x00006918                auto_means
                0x0000694c                enable_disable_means
                0x000069d8                eos_means
 *fill*         0x00006ab6       0x4a 
 .rodata        0x00006b00      0x200 .\CortexM0\ARM_GCC_541\Debug\settings.o
                0x00006b00                eeprom
 .rodata        0x00006d00       0x70 .\CortexM0\ARM_GCC_541\Debug\cyfitter_cfg.o
 .rodata        0x00006d70       0x2e .\CortexM0\ARM_GCC_541\Debug\GPIB USB 1.a(CyLib.o)
                0x00006d70                cyImoFreqMhz2Reg
 *fill*         0x00006d9e        0x2 
 .rodata        0x00006da0       0x34 .\CortexM0\ARM_GCC_541\Debug\GPIB USB 1.a(USBUART_episr.o)
 .rodata        0x00006dd4       0x41 .\CortexM0\ARM_GCC_541\Debug\GPIB USB 1.a(USBUART_std.o)
 *fill*         0x00006e15        0x3 
 .rodata        0x00006e18      0x160 .\CortexM0\ARM_GCC_541\Debug\GPIB USB 1.a(USBUART_descr.o)
                0x00006e18                USBUART_DEVICE0_DESCR
                0x00006e2c                USBUART_DEVICE0_CONFIGURATION0_DESCR
                0x00006e70                USBUART_STRING_DESCRIPTORS
                0x00006f10                USBUART_SN_STRING_DESCRIPTOR
                0x00006f14                USBUART_DEVICE0_CONFIGURATION0_EP_SETTINGS_TABLE
                0x00006f2c                USBUART_DEVICE0_CONFIGURATION0_INTERFACE_CLASS
                0x00006f30                USBUART_DEVICE0_CONFIGURATION0_TABLE
                0x00006f58                USBUART_DEVICE0_TABLE
                0x00006f70                USBUART_TABLE
 .rodata.str1.1
                0x00006f78        0x2 c:/program files (x86)/cypress/psoc creator/4.2/psoc creator/import/gnu/arm/5.4.1/bin/../lib/gcc/arm-none-eabi/5.4.1/../../../../arm-none-eabi/lib/armv6-m\libg_nano.a(lib_a-impure.o)
 .rodata.str1.1
                0x00006f7a       0x11 c:/program files (x86)/cypress/psoc creator/4.2/psoc creator/import/gnu/arm/5.4.1/bin/../lib/gcc/arm-none-eabi/5.4.1/../../../../arm-none-eabi/lib/armv6-m\libg_nano.a(lib_a-nano-svfprintf.o)
 .rodata.str1.1
                0x00006f8b       0x22 c:/program files (x86)/cypress/psoc creator/4.2/psoc creator/import/gnu/arm/5.4.1/bin/../lib/gcc/arm-none-eabi/5.4.1/../../../../arm-none-eabi/lib/armv6-m\libg_nano.a(lib_a-nano-vfprintf_i.o)
                0x00006fb0                . = ALIGN (0x4)
 *fill*         0x00006fad        0x3 
 *(.init)
 .init          0x00006fb0        0x4 c:/program files (x86)/cypress/psoc creator/4.2/psoc creator/import/gnu/arm/5.4.1/bin/../lib/gcc/arm-none-eabi/5.4.1/armv6-m/crti.o
                0x00006fb0                _init
 .init          0x00006fb4        0x8 c:/program files (x86)/cypress/psoc creator/4.2/psoc creator/import/gnu/arm/5.4.1/bin/../lib/gcc/arm-none-eabi/5.4.1/armv6-m/crtn.o
                0x00006fbc                . = ALIGN (0x4)
                0x00006fbc                __preinit_array_start = .
 *(.preinit_array)
                0x00006fbc                __preinit_array_end = .
                0x00006fbc                . = ALIGN (0x4)
                0x00006fbc                __init_array_start = .
 *(SORT(.init_array.*))
 *(.init_array)
 .init_array    0x00006fbc        0x4 c:/program files (x86)/cypress/psoc creator/4.2/psoc creator/import/gnu/arm/5.4.1/bin/../lib/gcc/arm-none-eabi/5.4.1/armv6-m/crtbegin.o
 .init_array    0x00006fc0        0x4 .\CortexM0\ARM_GCC_541\Debug\Cm0Start.o
                0x00006fc4                __init_array_end = .
                0x00006fc4                . = ALIGN (0x4)
 *(.fini)
 .fini          0x00006fc4        0x4 c:/program files (x86)/cypress/psoc creator/4.2/psoc creator/import/gnu/arm/5.4.1/bin/../lib/gcc/arm-none-eabi/5.4.1/armv6-m/crti.o
                0x00006fc4                _fini
 .fini          0x00006fc8        0x8 c:/program files (x86)/cypress/psoc creator/4.2/psoc creator/import/gnu/arm/5.4.1/bin/../lib/gcc/arm-none-eabi/5.4.1/armv6-m/crtn.o
                0x00006fd0                . = ALIGN (0x4)
                0x00006fd0                __fini_array_start = .
 *(.fini_array)
 .fini_array    0x00006fd0        0x4 c:/program files (x86)/cypress/psoc creator/4.2/psoc creator/import/gnu/arm/5.4.1/bin/../lib/gcc/arm-none-eabi/5.4.1/armv6-m/crtbegin.o
 *(SORT(.fini_array.*))
                0x00006fd4                __fini_array_end = .
                0x00006fd4                . = ALIGN (0x4)
 *crtbegin.o(.ctors)
 *(EXCLUDE_FILE(*crtend.o) .ctors)
 *(SORT(.ctors.*))
 *crtend.o(.ctors)
                0x00006fd4                . = ALIGN (0x4)
 *crtbegin.o(.dtors)
 *(EXCLUDE_FILE(*crtend.o) .dtors)
 *(SORT(.dtors.*))
 *crtend.o(.dtors)
                0x00006fd4                . = ALIGN (0x4)
                0x00006fd4                __cy_regions = .
                0x00006fd4        0x4 LONG 0x6fe8 __cy_region_init_ram
                0x00006fd8        0x4 LONG 0x200000c8 __cy_region_start_data
                0x00006fdc        0x4 LONG 0x108 __cy_region_init_size_ram
                0x00006fe0        0x4 LONG 0x678 __cy_region_zero_size_ram
                0x00006fe4                __cy_regions_end = .
                0x00006fe8                . = ALIGN (0x8)
 *fill*         0x00006fe4        0x4 
                0x00006fe8                _etext = .

.cy_checksum_exclude
                0x00006fe8        0x0
 *(.cy_checksum_exclude)

.ramvectors     0x20000000       0xc0
                0x20000000                __cy_region_start_ram = .
 *(.ramvectors)
 .ramvectors    0x20000000       0xc0 .\CortexM0\ARM_GCC_541\Debug\Cm0Start.o
                0x20000000                CyRamVectors

.noinit         0x200000c0        0x4
 *(.noinit)
 .noinit        0x200000c0        0x4 .\CortexM0\ARM_GCC_541\Debug\Cm0Start.o

.data           0x200000c8      0x108 load address 0x00006fe8
                0x200000c8                __cy_region_start_data = .
 *(.jcr)
 .jcr           0x200000c8        0x0 c:/program files (x86)/cypress/psoc creator/4.2/psoc creator/import/gnu/arm/5.4.1/bin/../lib/gcc/arm-none-eabi/5.4.1/armv6-m/crtbegin.o
 .jcr           0x200000c8        0x4 c:/program files (x86)/cypress/psoc creator/4.2/psoc creator/import/gnu/arm/5.4.1/bin/../lib/gcc/arm-none-eabi/5.4.1/armv6-m/crtend.o
 *(.got.plt)
 *(.got)
 *(.shdata)
 *(.data .data.* .gnu.linkonce.d.*)
 .data          0x200000cc        0x1 .\CortexM0\ARM_GCC_541\Debug\gpib.o
                0x200000cc                my_address
 *fill*         0x200000cd        0x3 
 .data          0x200000d0        0x8 .\CortexM0\ARM_GCC_541\Debug\serial.o
                0x200000d0                output_free
                0x200000d4                input_p
 .data          0x200000d8       0x58 .\CortexM0\ARM_GCC_541\Debug\command.o
                0x200000d8                no_usage_args
                0x200000e0                enable_disable_usage
 .data          0x20000130        0x4 .\CortexM0\ARM_GCC_541\Debug\Cm0Start.o
 .data          0x20000134       0x14 .\CortexM0\ARM_GCC_541\Debug\GPIB USB 1.a(CyLib.o)
                0x20000134                cydelayFreqHz
                0x20000138                cydelayFreqKhz
                0x2000013c                cydelayFreqMhz
                0x20000140                cydelay32kMs
                0x20000144                CySysClkPumpConfig
 .data          0x20000148        0x8 .\CortexM0\ARM_GCC_541\Debug\GPIB USB 1.a(CyLFClk.o)
 .data          0x20000150       0x1a .\CortexM0\ARM_GCC_541\Debug\GPIB USB 1.a(USBUART_cdc.o)
                0x20000150                USBUART_linesCoding
 *fill*         0x2000016a        0x2 
 .data.impure_data
                0x2000016c       0x60 c:/program files (x86)/cypress/psoc creator/4.2/psoc creator/import/gnu/arm/5.4.1/bin/../lib/gcc/arm-none-eabi/5.4.1/../../../../arm-none-eabi/lib/armv6-m\libg_nano.a(lib_a-impure.o)
 .data._impure_ptr
                0x200001cc        0x4 c:/program files (x86)/cypress/psoc creator/4.2/psoc creator/import/gnu/arm/5.4.1/bin/../lib/gcc/arm-none-eabi/5.4.1/../../../../arm-none-eabi/lib/armv6-m\libg_nano.a(lib_a-impure.o)
                0x200001cc                _impure_ptr
                0x200001d0                . = ALIGN (0x8)
 *(.ram)
                0x200001d0                _edata = .

.igot.plt       0x200001d0        0x0 load address 0x000070f0
 .igot.plt      0x200001d0        0x0 c:/program files (x86)/cypress/psoc creator/4.2/psoc creator/import/gnu/arm/5.4.1/bin/../lib/gcc/arm-none-eabi/5.4.1/armv6-m/crtbegin.o

.bss            0x200001d0      0x678 load address 0x000070f0
                0x200001d0                PROVIDE (__bss_start__, .)
 *(.shbss)
 *(.bss .bss.* .gnu.linkonce.b.*)
 .bss           0x200001d0       0x1c c:/program files (x86)/cypress/psoc creator/4.2/psoc creator/import/gnu/arm/5.4.1/bin/../lib/gcc/arm-none-eabi/5.4.1/armv6-m/crtbegin.o
 .bss           0x200001ec        0x4 .\CortexM0\ARM_GCC_541\Debug\gpib.o
                0x200001ec                _gpib_mode
 .bss           0x200001f0        0x8 .\CortexM0\ARM_GCC_541\Debug\serial.o
                0x200001f0                input_avail
                0x200001f4                autoread
 .bss           0x200001f8       0x10 .\CortexM0\ARM_GCC_541\Debug\input.o
                0x200001f8                last_buf_len
                0x200001fc                input_buf_len
                0x20000200                input_cursor_pos
                0x20000204                escape
 .bss           0x20000208        0x4 .\CortexM0\ARM_GCC_541\Debug\command.o
                0x20000208                tok_count
 .bss           0x2000020c       0x20 .\CortexM0\ARM_GCC_541\Debug\GPIB USB 1.a(CyLib.o)
                0x20000220                CySysTickInitVar
                0x20000224                CySysClkImoTrim4
                0x20000228                CySysClkImoTrim5
 .bss           0x2000022c       0x28 .\CortexM0\ARM_GCC_541\Debug\GPIB USB 1.a(CyLFClk.o)
 .bss           0x20000254        0x1 .\CortexM0\ARM_GCC_541\Debug\GPIB USB 1.a(USBUART.o)
                0x20000254                USBUART_initVar
 .bss           0x20000255        0x1 .\CortexM0\ARM_GCC_541\Debug\GPIB USB 1.a(USBUART_cdc.o)
 *fill*         0x20000256        0x2 
 .bss           0x20000258        0x2 .\CortexM0\ARM_GCC_541\Debug\GPIB USB 1.a(USBUART_std.o)
 .bss           0x2000025a        0x1 .\CortexM0\ARM_GCC_541\Debug\GPIB USB 1.a(PWM_1.o)
                0x2000025a                PWM_1_initVar
 .bss           0x2000025b        0x1 .\CortexM0\ARM_GCC_541\Debug\GPIB USB 1.a(Timer1.o)
                0x2000025b                Timer1_initVar
 .bss.__malloc_sbrk_start
                0x2000025c        0x4 c:/program files (x86)/cypress/psoc creator/4.2/psoc creator/import/gnu/arm/5.4.1/bin/../lib/gcc/arm-none-eabi/5.4.1/../../../../arm-none-eabi/lib/armv6-m\libg_nano.a(lib_a-nano-mallocr.o)
                0x2000025c                __malloc_sbrk_start
 .bss.__malloc_free_list
                0x20000260        0x4 c:/program files (x86)/cypress/psoc creator/4.2/psoc creator/import/gnu/arm/5.4.1/bin/../lib/gcc/arm-none-eabi/5.4.1/../../../../arm-none-eabi/lib/armv6-m\libg_nano.a(lib_a-nano-mallocr.o)
                0x20000260                __malloc_free_list
 *(COMMON)
 COMMON         0x20000264      0x100 .\CortexM0\ARM_GCC_541\Debug\gpib.o
                0x20000264                gpib_buffer
 COMMON         0x20000364      0x280 .\CortexM0\ARM_GCC_541\Debug\serial.o
                0x20000364                output_buffer
                0x200003a4                input_buffer
                0x200003e4                general_buffer
 COMMON         0x200005e4      0x108 .\CortexM0\ARM_GCC_541\Debug\input.o
                0x200005e4                esc_buf
                0x200005ec                input_buf
                0x2000066c                last_buf
 COMMON         0x200006ec       0x50 .\CortexM0\ARM_GCC_541\Debug\command.o
                0x200006ec                toks
 COMMON         0x2000073c       0x14 .\CortexM0\ARM_GCC_541\Debug\settings.o
                0x2000073c                settings
 COMMON         0x20000750       0x18 .\CortexM0\ARM_GCC_541\Debug\GPIB USB 1.a(USBUART_cdc.o)
                0x20000750                USBUART_linesChanged
                0x20000754                USBUART_cdcDataInEp
                0x20000758                USBUART_cdcCommInInterruptEp
                0x2000075c                USBUART_cdcDataOutEp
                0x20000760                USBUART_serialStateBitmap
                0x20000764                USBUART_linesControlBitmap
 COMMON         0x20000768       0x9a .\CortexM0\ARM_GCC_541\Debug\GPIB USB 1.a(USBUART_drv.o)
                0x20000768                USBUART_lastPacketSize
                0x20000769                USBUART_device
                0x2000076a                USBUART_transferByteCount
                0x2000076c                USBUART_transferState
                0x20000770                USBUART_interfaceSettingLast
                0x20000774                USBUART_currentTD
                0x20000780                USBUART_interfaceNumber
                0x20000784                USBUART_interfaceClass
                0x20000788                USBUART_configurationChanged
                0x20000789                USBUART_ep0Mode
                0x2000078a                USBUART_deviceAddress
                0x2000078b                USBUART_configuration
                0x2000078c                USBUART_ep0Count
                0x2000078d                USBUART_deviceStatus
                0x20000790                USBUART_EP
                0x200007fc                USBUART_interfaceSetting
                0x200007fe                USBUART_ep0Toggle
                0x20000800                USBUART_interfaceStatus
 *fill*         0x20000802        0x2 
 COMMON         0x20000804       0x1c .\CortexM0\ARM_GCC_541\Debug\GPIB USB 1.a(EEPROM.o)
                0x20000804                EEPROM_context
 COMMON         0x20000820       0x22 .\CortexM0\ARM_GCC_541\Debug\GPIB USB 1.a(USBUART_descr.o)
                0x20000820                USBUART_idSerialNumberStringDescriptor
 *fill*         0x20000842        0x2 
 COMMON         0x20000844        0x4 c:/program files (x86)/cypress/psoc creator/4.2/psoc creator/import/gnu/arm/5.4.1/bin/../lib/gcc/arm-none-eabi/5.4.1/../../../../arm-none-eabi/lib/armv6-m\libg_nano.a(lib_a-reent.o)
                0x20000844                errno
                0x20000848                . = ALIGN (0x8)
 *(.ram.b)
                0x20000848                _end = .
                0x20000848                __end = .
                0x20000848                PROVIDE (end, .)
                0x20000848                PROVIDE (__bss_end__, .)
                0x00006fe8                __cy_region_init_ram = LOADADDR (.data)
                0x00000108                __cy_region_init_size_ram = (_edata - ADDR (.data))
                0x00000678                __cy_region_zero_size_ram = (_end - _edata)

.heap           0x20000848       0x80 load address 0x000070f0
                0x20000848                . = _end
                0x200008c8                . = (. + 0x80)
 *fill*         0x20000848       0x80 
                0x200008c8                __cy_heap_limit = .

.stack          0x20001800      0x800
                0x20001800                __cy_stack_limit = .
                0x20002000                . = (. + 0x800)
 *fill*         0x20001800      0x800 
                0x00000001                ASSERT ((__cy_stack_limit >= __cy_heap_limit), region RAM overflowed with stack)
                0x00000000                cy_checksum_exclude_size = (CY_APPL_LOADABLE == 0x1)?SIZEOF (.cy_checksum_exclude):0x0
                0x00000001                ASSERT ((cy_checksum_exclude_size <= CY_CHECKSUM_EXCLUDE_SIZE), CY_BOOT: Section .cy_checksum_exclude size exceedes specified limit.)
                0x0000ffc0                cyloadermeta_start = (cy_project_type_bootloader || cy_project_type_app_for_stack_and_copier)?(LENGTH (rom) - CY_METADATA_SIZE):0xf0000000

.cyloadermeta
 *(.cyloadermeta)
                0x0000ffc0                cyloadablemeta_start = cy_project_type_app_for_stack_and_copier?((LENGTH (rom) - CY_FLASH_ROW_SIZE) - CY_METADATA_SIZE):((LENGTH (rom) - (CY_FLASH_ROW_SIZE * (CY_APPL_NUM - 0x1))) - CY_METADATA_SIZE)

.cyloadablemeta
 *(.cyloadablemeta)

.cyflashprotect
                0x90400000       0x20
 *(.cyflashprotect)
 .cyflashprotect
                0x90400000       0x20 .\CortexM0\ARM_GCC_541\Debug\cymetadata.o
                0x90400000                cy_meta_flashprotect

.cymeta         0x90500000        0xc
 *(.cymeta)
 .cymeta        0x90500000        0xc .\CortexM0\ARM_GCC_541\Debug\cymetadata.o
                0x90500000                cy_metadata

.cychipprotect  0x90600000        0x1
 *(.cychipprotect)
 .cychipprotect
                0x90600000        0x1 .\CortexM0\ARM_GCC_541\Debug\cymetadata.o
                0x90600000                cy_meta_chipprotect

.rel.dyn        0x000070f0        0x0 load address 0x90600004
 .rel.iplt      0x000070f0        0x0 c:/program files (x86)/cypress/psoc creator/4.2/psoc creator/import/gnu/arm/5.4.1/bin/../lib/gcc/arm-none-eabi/5.4.1/armv6-m/crtbegin.o

.stab
 *(.stab)

.stabstr
 *(.stabstr)

.debug
 *(.debug)

.line
 *(.line)

.debug_srcinfo
 *(.debug_srcinfo)

.debug_sfnames
 *(.debug_sfnames)

.debug_aranges  0x00000000      0xf50
 *(.debug_aranges)
 .debug_aranges
                0x00000000       0x20 .\CortexM0\ARM_GCC_541\Debug\main.o
 .debug_aranges
                0x00000020       0xf8 .\CortexM0\ARM_GCC_541\Debug\gpib.o
 .debug_aranges
                0x00000118       0x60 .\CortexM0\ARM_GCC_541\Debug\serial.o
 .debug_aranges
                0x00000178       0x50 .\CortexM0\ARM_GCC_541\Debug\input.o
 .debug_aranges
                0x000001c8       0x98 .\CortexM0\ARM_GCC_541\Debug\command.o
 .debug_aranges
                0x00000260       0x30 .\CortexM0\ARM_GCC_541\Debug\settings.o
 .debug_aranges
                0x00000290       0x28 .\CortexM0\ARM_GCC_541\Debug\utils.o
 .debug_aranges
                0x000002b8       0x18 .\CortexM0\ARM_GCC_541\Debug\usbtmc.o
 .debug_aranges
                0x000002d0       0x50 .\CortexM0\ARM_GCC_541\Debug\cyfitter_cfg.o
 .debug_aranges
                0x00000320       0x18 .\CortexM0\ARM_GCC_541\Debug\cymetadata.o
 .debug_aranges
                0x00000338       0x48 .\CortexM0\ARM_GCC_541\Debug\Cm0Start.o
 .debug_aranges
                0x00000380       0x90 .\CortexM0\ARM_GCC_541\Debug\GPIB USB 1.a(cy_em_eeprom.o)
 .debug_aranges
                0x00000410       0x40 .\CortexM0\ARM_GCC_541\Debug\GPIB USB 1.a(CyFlash.o)
 .debug_aranges
                0x00000450      0x260 .\CortexM0\ARM_GCC_541\Debug\GPIB USB 1.a(CyLib.o)
 .debug_aranges
                0x000006b0      0x190 .\CortexM0\ARM_GCC_541\Debug\GPIB USB 1.a(CyLFClk.o)
 .debug_aranges
                0x00000840       0xe0 .\CortexM0\ARM_GCC_541\Debug\GPIB USB 1.a(USBUART.o)
 .debug_aranges
                0x00000920       0xe8 .\CortexM0\ARM_GCC_541\Debug\GPIB USB 1.a(USBUART_cdc.o)
 .debug_aranges
                0x00000a08       0x98 .\CortexM0\ARM_GCC_541\Debug\GPIB USB 1.a(USBUART_drv.o)
 .debug_aranges
                0x00000aa0       0x60 .\CortexM0\ARM_GCC_541\Debug\GPIB USB 1.a(USBUART_episr.o)
 .debug_aranges
                0x00000b00       0x40 .\CortexM0\ARM_GCC_541\Debug\GPIB USB 1.a(USBUART_pm.o)
 .debug_aranges
                0x00000b40       0x80 .\CortexM0\ARM_GCC_541\Debug\GPIB USB 1.a(USBUART_std.o)
 .debug_aranges
                0x00000bc0       0x20 .\CortexM0\ARM_GCC_541\Debug\GPIB USB 1.a(USBUART_vnd.o)
 .debug_aranges
                0x00000be0       0x48 .\CortexM0\ARM_GCC_541\Debug\GPIB USB 1.a(USBUART_Dp.o)
 .debug_aranges
                0x00000c28      0x158 .\CortexM0\ARM_GCC_541\Debug\GPIB USB 1.a(PWM_1.o)
 .debug_aranges
                0x00000d80       0x20 .\CortexM0\ARM_GCC_541\Debug\GPIB USB 1.a(EEPROM.o)
 .debug_aranges
                0x00000da0      0x158 .\CortexM0\ARM_GCC_541\Debug\GPIB USB 1.a(Timer1.o)
 .debug_aranges
                0x00000ef8       0x20 .\CortexM0\ARM_GCC_541\Debug\GPIB USB 1.a(CyBootAsmGnu.o)
 .debug_aranges
                0x00000f18       0x20 .\CortexM0\ARM_GCC_541\Debug\GPIB USB 1.a(USBUART_cls.o)
 .debug_aranges
                0x00000f38       0x18 .\CortexM0\ARM_GCC_541\Debug\GPIB USB 1.a(USBUART_descr.o)

.debug_pubnames
 *(.debug_pubnames)

.debug_info     0x00000000     0x894f
 *(.debug_info .gnu.linkonce.wi.*)
 .debug_info    0x00000000      0x11d .\CortexM0\ARM_GCC_541\Debug\main.o
 .debug_info    0x0000011d      0x703 .\CortexM0\ARM_GCC_541\Debug\gpib.o
 .debug_info    0x00000820      0x3d0 .\CortexM0\ARM_GCC_541\Debug\serial.o
 .debug_info    0x00000bf0      0x2cf .\CortexM0\ARM_GCC_541\Debug\input.o
 .debug_info    0x00000ebf      0x787 .\CortexM0\ARM_GCC_541\Debug\command.o
 .debug_info    0x00001646      0x2a9 .\CortexM0\ARM_GCC_541\Debug\settings.o
 .debug_info    0x000018ef      0x17f .\CortexM0\ARM_GCC_541\Debug\utils.o
 .debug_info    0x00001a6e       0x87 .\CortexM0\ARM_GCC_541\Debug\usbtmc.o
 .debug_info    0x00001af5      0x35e .\CortexM0\ARM_GCC_541\Debug\cyfitter_cfg.o
 .debug_info    0x00001e53       0xf8 .\CortexM0\ARM_GCC_541\Debug\cymetadata.o
 .debug_info    0x00001f4b      0x312 .\CortexM0\ARM_GCC_541\Debug\Cm0Start.o
 .debug_info    0x0000225d      0xa68 .\CortexM0\ARM_GCC_541\Debug\GPIB USB 1.a(cy_em_eeprom.o)
 .debug_info    0x00002cc5      0x263 .\CortexM0\ARM_GCC_541\Debug\GPIB USB 1.a(CyFlash.o)
 .debug_info    0x00002f28     0x1237 .\CortexM0\ARM_GCC_541\Debug\GPIB USB 1.a(CyLib.o)
 .debug_info    0x0000415f      0xaa1 .\CortexM0\ARM_GCC_541\Debug\GPIB USB 1.a(CyLFClk.o)
 .debug_info    0x00004c00      0x8b0 .\CortexM0\ARM_GCC_541\Debug\GPIB USB 1.a(USBUART.o)
 .debug_info    0x000054b0      0x924 .\CortexM0\ARM_GCC_541\Debug\GPIB USB 1.a(USBUART_cdc.o)
 .debug_info    0x00005dd4      0x53e .\CortexM0\ARM_GCC_541\Debug\GPIB USB 1.a(USBUART_drv.o)
 .debug_info    0x00006312      0x2f2 .\CortexM0\ARM_GCC_541\Debug\GPIB USB 1.a(USBUART_episr.o)
 .debug_info    0x00006604      0x18d .\CortexM0\ARM_GCC_541\Debug\GPIB USB 1.a(USBUART_pm.o)
 .debug_info    0x00006791      0xa10 .\CortexM0\ARM_GCC_541\Debug\GPIB USB 1.a(USBUART_std.o)
 .debug_info    0x000071a1       0xfb .\CortexM0\ARM_GCC_541\Debug\GPIB USB 1.a(USBUART_vnd.o)
 .debug_info    0x0000729c      0x19a .\CortexM0\ARM_GCC_541\Debug\GPIB USB 1.a(USBUART_Dp.o)
 .debug_info    0x00007436      0x6fb .\CortexM0\ARM_GCC_541\Debug\GPIB USB 1.a(PWM_1.o)
 .debug_info    0x00007b31      0x21d .\CortexM0\ARM_GCC_541\Debug\GPIB USB 1.a(EEPROM.o)
 .debug_info    0x00007d4e      0x6fb .\CortexM0\ARM_GCC_541\Debug\GPIB USB 1.a(Timer1.o)
 .debug_info    0x00008449       0x8f .\CortexM0\ARM_GCC_541\Debug\GPIB USB 1.a(CyBootAsmGnu.o)
 .debug_info    0x000084d8      0x1d4 .\CortexM0\ARM_GCC_541\Debug\GPIB USB 1.a(USBUART_cls.o)
 .debug_info    0x000086ac      0x2a3 .\CortexM0\ARM_GCC_541\Debug\GPIB USB 1.a(USBUART_descr.o)

.debug_abbrev   0x00000000     0x2457
 *(.debug_abbrev)
 .debug_abbrev  0x00000000       0x84 .\CortexM0\ARM_GCC_541\Debug\main.o
 .debug_abbrev  0x00000084      0x2a6 .\CortexM0\ARM_GCC_541\Debug\gpib.o
 .debug_abbrev  0x0000032a      0x173 .\CortexM0\ARM_GCC_541\Debug\serial.o
 .debug_abbrev  0x0000049d      0x15b .\CortexM0\ARM_GCC_541\Debug\input.o
 .debug_abbrev  0x000005f8      0x206 .\CortexM0\ARM_GCC_541\Debug\command.o
 .debug_abbrev  0x000007fe      0x11f .\CortexM0\ARM_GCC_541\Debug\settings.o
 .debug_abbrev  0x0000091d       0xbb .\CortexM0\ARM_GCC_541\Debug\utils.o
 .debug_abbrev  0x000009d8       0x26 .\CortexM0\ARM_GCC_541\Debug\usbtmc.o
 .debug_abbrev  0x000009fe      0x18a .\CortexM0\ARM_GCC_541\Debug\cyfitter_cfg.o
 .debug_abbrev  0x00000b88       0x5d .\CortexM0\ARM_GCC_541\Debug\cymetadata.o
 .debug_abbrev  0x00000be5      0x1c8 .\CortexM0\ARM_GCC_541\Debug\Cm0Start.o
 .debug_abbrev  0x00000dad      0x1e5 .\CortexM0\ARM_GCC_541\Debug\GPIB USB 1.a(cy_em_eeprom.o)
 .debug_abbrev  0x00000f92      0x120 .\CortexM0\ARM_GCC_541\Debug\GPIB USB 1.a(CyFlash.o)
 .debug_abbrev  0x000010b2      0x224 .\CortexM0\ARM_GCC_541\Debug\GPIB USB 1.a(CyLib.o)
 .debug_abbrev  0x000012d6      0x22a .\CortexM0\ARM_GCC_541\Debug\GPIB USB 1.a(CyLFClk.o)
 .debug_abbrev  0x00001500      0x218 .\CortexM0\ARM_GCC_541\Debug\GPIB USB 1.a(USBUART.o)
 .debug_abbrev  0x00001718      0x233 .\CortexM0\ARM_GCC_541\Debug\GPIB USB 1.a(USBUART_cdc.o)
 .debug_abbrev  0x0000194b      0x161 .\CortexM0\ARM_GCC_541\Debug\GPIB USB 1.a(USBUART_drv.o)
 .debug_abbrev  0x00001aac      0x14a .\CortexM0\ARM_GCC_541\Debug\GPIB USB 1.a(USBUART_episr.o)
 .debug_abbrev  0x00001bf6       0xd1 .\CortexM0\ARM_GCC_541\Debug\GPIB USB 1.a(USBUART_pm.o)
 .debug_abbrev  0x00001cc7      0x1de .\CortexM0\ARM_GCC_541\Debug\GPIB USB 1.a(USBUART_std.o)
 .debug_abbrev  0x00001ea5       0x9b .\CortexM0\ARM_GCC_541\Debug\GPIB USB 1.a(USBUART_vnd.o)
 .debug_abbrev  0x00001f40       0xaa .\CortexM0\ARM_GCC_541\Debug\GPIB USB 1.a(USBUART_Dp.o)
 .debug_abbrev  0x00001fea       0xfc .\CortexM0\ARM_GCC_541\Debug\GPIB USB 1.a(PWM_1.o)
 .debug_abbrev  0x000020e6       0xe8 .\CortexM0\ARM_GCC_541\Debug\GPIB USB 1.a(EEPROM.o)
 .debug_abbrev  0x000021ce       0xfc .\CortexM0\ARM_GCC_541\Debug\GPIB USB 1.a(Timer1.o)
 .debug_abbrev  0x000022ca       0x14 .\CortexM0\ARM_GCC_541\Debug\GPIB USB 1.a(CyBootAsmGnu.o)
 .debug_abbrev  0x000022de       0xc5 .\CortexM0\ARM_GCC_541\Debug\GPIB USB 1.a(USBUART_cls.o)
 .debug_abbrev  0x000023a3       0xb4 .\CortexM0\ARM_GCC_541\Debug\GPIB USB 1.a(USBUART_descr.o)

.debug_line     0x00000000     0x46ba
 *(.debug_line)
 .debug_line    0x00000000      0x154 .\CortexM0\ARM_GCC_541\Debug\main.o
 .debug_line    0x00000154      0x43b .\CortexM0\ARM_GCC_541\Debug\gpib.o
 .debug_line    0x0000058f      0x2e9 .\CortexM0\ARM_GCC_541\Debug\serial.o
 .debug_line    0x00000878      0x28a .\CortexM0\ARM_GCC_541\Debug\input.o
 .debug_line    0x00000b02      0x325 .\CortexM0\ARM_GCC_541\Debug\command.o
 .debug_line    0x00000e27      0x1c1 .\CortexM0\ARM_GCC_541\Debug\settings.o
 .debug_line    0x00000fe8      0x175 .\CortexM0\ARM_GCC_541\Debug\utils.o
 .debug_line    0x0000115d       0x1d .\CortexM0\ARM_GCC_541\Debug\usbtmc.o
 .debug_line    0x0000117a      0x19e .\CortexM0\ARM_GCC_541\Debug\cyfitter_cfg.o
 .debug_line    0x00001318      0x141 .\CortexM0\ARM_GCC_541\Debug\cymetadata.o
 .debug_line    0x00001459      0x1d0 .\CortexM0\ARM_GCC_541\Debug\Cm0Start.o
 .debug_line    0x00001629      0x4e8 .\CortexM0\ARM_GCC_541\Debug\GPIB USB 1.a(cy_em_eeprom.o)
 .debug_line    0x00001b11      0x1a3 .\CortexM0\ARM_GCC_541\Debug\GPIB USB 1.a(CyFlash.o)
 .debug_line    0x00001cb4      0x952 .\CortexM0\ARM_GCC_541\Debug\GPIB USB 1.a(CyLib.o)
 .debug_line    0x00002606      0x708 .\CortexM0\ARM_GCC_541\Debug\GPIB USB 1.a(CyLFClk.o)
 .debug_line    0x00002d0e      0x3e1 .\CortexM0\ARM_GCC_541\Debug\GPIB USB 1.a(USBUART.o)
 .debug_line    0x000030ef      0x30e .\CortexM0\ARM_GCC_541\Debug\GPIB USB 1.a(USBUART_cdc.o)
 .debug_line    0x000033fd      0x23a .\CortexM0\ARM_GCC_541\Debug\GPIB USB 1.a(USBUART_drv.o)
 .debug_line    0x00003637      0x14d .\CortexM0\ARM_GCC_541\Debug\GPIB USB 1.a(USBUART_episr.o)
 .debug_line    0x00003784       0xd8 .\CortexM0\ARM_GCC_541\Debug\GPIB USB 1.a(USBUART_pm.o)
 .debug_line    0x0000385c      0x46c .\CortexM0\ARM_GCC_541\Debug\GPIB USB 1.a(USBUART_std.o)
 .debug_line    0x00003cc8       0x79 .\CortexM0\ARM_GCC_541\Debug\GPIB USB 1.a(USBUART_vnd.o)
 .debug_line    0x00003d41       0xc2 .\CortexM0\ARM_GCC_541\Debug\GPIB USB 1.a(USBUART_Dp.o)
 .debug_line    0x00003e03      0x373 .\CortexM0\ARM_GCC_541\Debug\GPIB USB 1.a(PWM_1.o)
 .debug_line    0x00004176       0x77 .\CortexM0\ARM_GCC_541\Debug\GPIB USB 1.a(EEPROM.o)
 .debug_line    0x000041ed      0x36f .\CortexM0\ARM_GCC_541\Debug\GPIB USB 1.a(Timer1.o)
 .debug_line    0x0000455c       0x68 .\CortexM0\ARM_GCC_541\Debug\GPIB USB 1.a(CyBootAsmGnu.o)
 .debug_line    0x000045c4       0x95 .\CortexM0\ARM_GCC_541\Debug\GPIB USB 1.a(USBUART_cls.o)
 .debug_line    0x00004659       0x61 .\CortexM0\ARM_GCC_541\Debug\GPIB USB 1.a(USBUART_descr.o)

.debug_frame    0x00000000     0x3790
 *(.debug_frame)
 .debug_frame   0x00000000       0x2c .\CortexM0\ARM_GCC_541\Debug\main.o
 .debug_frame   0x0000002c      0x36c .\CortexM0\ARM_GCC_541\Debug\gpib.o
 .debug_frame   0x00000398      0x124 .\CortexM0\ARM_GCC_541\Debug\serial.o
 .debug_frame   0x000004bc       0xe8 .\CortexM0\ARM_GCC_541\Debug\input.o
 .debug_frame   0x000005a4      0x200 .\CortexM0\ARM_GCC_541\Debug\command.o
 .debug_frame   0x000007a4       0x74 .\CortexM0\ARM_GCC_541\Debug\settings.o
 .debug_frame   0x00000818       0x50 .\CortexM0\ARM_GCC_541\Debug\utils.o
 .debug_frame   0x00000868       0xe8 .\CortexM0\ARM_GCC_541\Debug\cyfitter_cfg.o
 .debug_frame   0x00000950       0xc8 .\CortexM0\ARM_GCC_541\Debug\Cm0Start.o
 .debug_frame   0x00000a18      0x214 .\CortexM0\ARM_GCC_541\Debug\GPIB USB 1.a(cy_em_eeprom.o)
 .debug_frame   0x00000c2c       0xbc .\CortexM0\ARM_GCC_541\Debug\GPIB USB 1.a(CyFlash.o)
 .debug_frame   0x00000ce8      0x928 .\CortexM0\ARM_GCC_541\Debug\GPIB USB 1.a(CyLib.o)
 .debug_frame   0x00001610      0x5dc .\CortexM0\ARM_GCC_541\Debug\GPIB USB 1.a(CyLFClk.o)
 .debug_frame   0x00001bec      0x334 .\CortexM0\ARM_GCC_541\Debug\GPIB USB 1.a(USBUART.o)
 .debug_frame   0x00001f20      0x340 .\CortexM0\ARM_GCC_541\Debug\GPIB USB 1.a(USBUART_cdc.o)
 .debug_frame   0x00002260      0x1f0 .\CortexM0\ARM_GCC_541\Debug\GPIB USB 1.a(USBUART_drv.o)
 .debug_frame   0x00002450      0x110 .\CortexM0\ARM_GCC_541\Debug\GPIB USB 1.a(USBUART_episr.o)
 .debug_frame   0x00002560       0xac .\CortexM0\ARM_GCC_541\Debug\GPIB USB 1.a(USBUART_pm.o)
 .debug_frame   0x0000260c      0x1c0 .\CortexM0\ARM_GCC_541\Debug\GPIB USB 1.a(USBUART_std.o)
 .debug_frame   0x000027cc       0x30 .\CortexM0\ARM_GCC_541\Debug\GPIB USB 1.a(USBUART_vnd.o)
 .debug_frame   0x000027fc       0xc8 .\CortexM0\ARM_GCC_541\Debug\GPIB USB 1.a(USBUART_Dp.o)
 .debug_frame   0x000028c4      0x52c .\CortexM0\ARM_GCC_541\Debug\GPIB USB 1.a(PWM_1.o)
 .debug_frame   0x00002df0       0x34 .\CortexM0\ARM_GCC_541\Debug\GPIB USB 1.a(EEPROM.o)
 .debug_frame   0x00002e24      0x52c .\CortexM0\ARM_GCC_541\Debug\GPIB USB 1.a(Timer1.o)
 .debug_frame   0x00003350       0x34 .\CortexM0\ARM_GCC_541\Debug\GPIB USB 1.a(USBUART_cls.o)
 .debug_frame   0x00003384       0x20 c:/program files (x86)/cypress/psoc creator/4.2/psoc creator/import/gnu/arm/5.4.1/bin/../lib/gcc/arm-none-eabi/5.4.1/armv6-m\libgcc.a(_udivsi3.o)
 .debug_frame   0x000033a4       0x20 c:/program files (x86)/cypress/psoc creator/4.2/psoc creator/import/gnu/arm/5.4.1/bin/../lib/gcc/arm-none-eabi/5.4.1/armv6-m\libgcc.a(_divsi3.o)
 .debug_frame   0x000033c4       0x20 c:/program files (x86)/cypress/psoc creator/4.2/psoc creator/import/gnu/arm/5.4.1/bin/../lib/gcc/arm-none-eabi/5.4.1/../../../../arm-none-eabi/lib/armv6-m\libg_nano.a(lib_a-errno.o)
 .debug_frame   0x000033e4       0x28 c:/program files (x86)/cypress/psoc creator/4.2/psoc creator/import/gnu/arm/5.4.1/bin/../lib/gcc/arm-none-eabi/5.4.1/../../../../arm-none-eabi/lib/armv6-m\libg_nano.a(lib_a-exit.o)
 .debug_frame   0x0000340c       0x2c c:/program files (x86)/cypress/psoc creator/4.2/psoc creator/import/gnu/arm/5.4.1/bin/../lib/gcc/arm-none-eabi/5.4.1/../../../../arm-none-eabi/lib/armv6-m\libg_nano.a(lib_a-init.o)
 .debug_frame   0x00003438       0x2c c:/program files (x86)/cypress/psoc creator/4.2/psoc creator/import/gnu/arm/5.4.1/bin/../lib/gcc/arm-none-eabi/5.4.1/../../../../arm-none-eabi/lib/armv6-m\libg_nano.a(lib_a-memcmp.o)
 .debug_frame   0x00003464       0x28 c:/program files (x86)/cypress/psoc creator/4.2/psoc creator/import/gnu/arm/5.4.1/bin/../lib/gcc/arm-none-eabi/5.4.1/../../../../arm-none-eabi/lib/armv6-m\libg_nano.a(lib_a-memcpy-stub.o)
 .debug_frame   0x0000348c       0x20 c:/program files (x86)/cypress/psoc creator/4.2/psoc creator/import/gnu/arm/5.4.1/bin/../lib/gcc/arm-none-eabi/5.4.1/../../../../arm-none-eabi/lib/armv6-m\libg_nano.a(lib_a-memset.o)
 .debug_frame   0x000034ac       0x20 c:/program files (x86)/cypress/psoc creator/4.2/psoc creator/import/gnu/arm/5.4.1/bin/../lib/gcc/arm-none-eabi/5.4.1/../../../../arm-none-eabi/lib/armv6-m\libg_nano.a(lib_a-strchr.o)
 .debug_frame   0x000034cc       0x20 c:/program files (x86)/cypress/psoc creator/4.2/psoc creator/import/gnu/arm/5.4.1/bin/../lib/gcc/arm-none-eabi/5.4.1/../../../../arm-none-eabi/lib/armv6-m\libg_nano.a(lib_a-strcmp.o)
 .debug_frame   0x000034ec       0x48 c:/program files (x86)/cypress/psoc creator/4.2/psoc creator/import/gnu/arm/5.4.1/bin/../lib/gcc/arm-none-eabi/5.4.1/../../../../arm-none-eabi/lib/armv6-m\libg_nano.a(lib_a-vsnprintf.o)
 .debug_frame   0x00003534       0x74 c:/program files (x86)/cypress/psoc creator/4.2/psoc creator/import/gnu/arm/5.4.1/bin/../lib/gcc/arm-none-eabi/5.4.1/../../../../arm-none-eabi/lib/armv6-m\libg_nano.a(lib_a-nano-svfprintf.o)
 .debug_frame   0x000035a8       0x54 c:/program files (x86)/cypress/psoc creator/4.2/psoc creator/import/gnu/arm/5.4.1/bin/../lib/gcc/arm-none-eabi/5.4.1/../../../../arm-none-eabi/lib/armv6-m\libg_nano.a(lib_a-nano-vfprintf_i.o)
 .debug_frame   0x000035fc       0x20 c:/program files (x86)/cypress/psoc creator/4.2/psoc creator/import/gnu/arm/5.4.1/bin/../lib/gcc/arm-none-eabi/5.4.1/../../../../arm-none-eabi/lib/armv6-m\libg_nano.a(lib_a-memchr-stub.o)
 .debug_frame   0x0000361c       0x28 c:/program files (x86)/cypress/psoc creator/4.2/psoc creator/import/gnu/arm/5.4.1/bin/../lib/gcc/arm-none-eabi/5.4.1/../../../../arm-none-eabi/lib/armv6-m\libg_nano.a(lib_a-memmove.o)
 .debug_frame   0x00003644       0x2c c:/program files (x86)/cypress/psoc creator/4.2/psoc creator/import/gnu/arm/5.4.1/bin/../lib/gcc/arm-none-eabi/5.4.1/../../../../arm-none-eabi/lib/armv6-m\libg_nano.a(lib_a-nano-freer.o)
 .debug_frame   0x00003670       0x2c c:/program files (x86)/cypress/psoc creator/4.2/psoc creator/import/gnu/arm/5.4.1/bin/../lib/gcc/arm-none-eabi/5.4.1/../../../../arm-none-eabi/lib/armv6-m\libg_nano.a(lib_a-nano-mallocr.o)
 .debug_frame   0x0000369c       0x30 c:/program files (x86)/cypress/psoc creator/4.2/psoc creator/import/gnu/arm/5.4.1/bin/../lib/gcc/arm-none-eabi/5.4.1/../../../../arm-none-eabi/lib/armv6-m\libg_nano.a(lib_a-nano-reallocr.o)
 .debug_frame   0x000036cc       0x2c c:/program files (x86)/cypress/psoc creator/4.2/psoc creator/import/gnu/arm/5.4.1/bin/../lib/gcc/arm-none-eabi/5.4.1/../../../../arm-none-eabi/lib/armv6-m\libg_nano.a(lib_a-sbrkr.o)
 .debug_frame   0x000036f8       0x30 c:/program files (x86)/cypress/psoc creator/4.2/psoc creator/import/gnu/arm/5.4.1/bin/../lib/gcc/arm-none-eabi/5.4.1/../../../../arm-none-eabi/lib/armv6-m\libg_nano.a(lib_a-mlock.o)
 .debug_frame   0x00003728       0x20 c:/program files (x86)/cypress/psoc creator/4.2/psoc creator/import/gnu/arm/5.4.1/bin/../lib/gcc/arm-none-eabi/5.4.1/../../../../arm-none-eabi/lib/armv6-m\libg_nano.a(lib_a-nano-msizer.o)
 .debug_frame   0x00003748       0x48 c:/program files (x86)/cypress/psoc creator/4.2/psoc creator/import/gnu/arm/5.4.1/bin/../lib/gcc/arm-none-eabi/5.4.1/../../../../arm-none-eabi/lib/armv6-m\libg_nano.a(lib_a-reent.o)

.debug_str      0x00000000     0x3902
 *(.debug_str)
 .debug_str     0x00000000      0x16f .\CortexM0\ARM_GCC_541\Debug\main.o
                                0x1b7 (size before relaxing)
 .debug_str     0x0000016f      0x27b .\CortexM0\ARM_GCC_541\Debug\gpib.o
                                0x438 (size before relaxing)
 .debug_str     0x000003ea      0x10f .\CortexM0\ARM_GCC_541\Debug\serial.o
                                0x329 (size before relaxing)
 .debug_str     0x000004f9       0xca .\CortexM0\ARM_GCC_541\Debug\input.o
                                0x28f (size before relaxing)
 .debug_str     0x000005c3      0x154 .\CortexM0\ARM_GCC_541\Debug\command.o
                                0x37d (size before relaxing)
 .debug_str     0x00000717      0x163 .\CortexM0\ARM_GCC_541\Debug\settings.o
                                0x358 (size before relaxing)
 .debug_str     0x0000087a       0x23 .\CortexM0\ARM_GCC_541\Debug\utils.o
                                0x1b4 (size before relaxing)
 .debug_str     0x0000089d        0x9 .\CortexM0\ARM_GCC_541\Debug\usbtmc.o
                                0x183 (size before relaxing)
 .debug_str     0x000008a6       0xfe .\CortexM0\ARM_GCC_541\Debug\cyfitter_cfg.o
                                0x2bf (size before relaxing)
 .debug_str     0x000009a4       0x59 .\CortexM0\ARM_GCC_541\Debug\cymetadata.o
                                0x1c7 (size before relaxing)
 .debug_str     0x000009fd      0x114 .\CortexM0\ARM_GCC_541\Debug\Cm0Start.o
                                0x2cd (size before relaxing)
 .debug_str     0x00000b11      0x34b .\CortexM0\ARM_GCC_541\Debug\GPIB USB 1.a(cy_em_eeprom.o)
                                0x614 (size before relaxing)
 .debug_str     0x00000e5c       0xc8 .\CortexM0\ARM_GCC_541\Debug\GPIB USB 1.a(CyFlash.o)
                                0x274 (size before relaxing)
 .debug_str     0x00000f24      0x8b7 .\CortexM0\ARM_GCC_541\Debug\GPIB USB 1.a(CyLib.o)
                                0xabf (size before relaxing)
 .debug_str     0x000017db      0x6f5 .\CortexM0\ARM_GCC_541\Debug\GPIB USB 1.a(CyLFClk.o)
                                0x8de (size before relaxing)
 .debug_str     0x00001ed0      0x4d2 .\CortexM0\ARM_GCC_541\Debug\GPIB USB 1.a(USBUART.o)
                                0x694 (size before relaxing)
 .debug_str     0x000023a2      0x4d2 .\CortexM0\ARM_GCC_541\Debug\GPIB USB 1.a(USBUART_cdc.o)
                                0x719 (size before relaxing)
 .debug_str     0x00002874      0x296 .\CortexM0\ARM_GCC_541\Debug\GPIB USB 1.a(USBUART_drv.o)
                                0x601 (size before relaxing)
 .debug_str     0x00002b0a       0xf6 .\CortexM0\ARM_GCC_541\Debug\GPIB USB 1.a(USBUART_episr.o)
                                0x351 (size before relaxing)
 .debug_str     0x00002c00       0xb8 .\CortexM0\ARM_GCC_541\Debug\GPIB USB 1.a(USBUART_pm.o)
                                0x271 (size before relaxing)
 .debug_str     0x00002cb8      0x29a .\CortexM0\ARM_GCC_541\Debug\GPIB USB 1.a(USBUART_std.o)
                                0x7a4 (size before relaxing)
 .debug_str     0x00002f52       0x3e .\CortexM0\ARM_GCC_541\Debug\GPIB USB 1.a(USBUART_vnd.o)
                                0x1f3 (size before relaxing)
 .debug_str     0x00002f90       0xce .\CortexM0\ARM_GCC_541\Debug\GPIB USB 1.a(USBUART_Dp.o)
                                0x258 (size before relaxing)
 .debug_str     0x0000305e      0x3d5 .\CortexM0\ARM_GCC_541\Debug\GPIB USB 1.a(PWM_1.o)
                                0x583 (size before relaxing)
 .debug_str     0x00003433       0x3b .\CortexM0\ARM_GCC_541\Debug\GPIB USB 1.a(EEPROM.o)
                                0x312 (size before relaxing)
 .debug_str     0x0000346e      0x351 .\CortexM0\ARM_GCC_541\Debug\GPIB USB 1.a(Timer1.o)
                                0x5ad (size before relaxing)
 .debug_str     0x000037bf       0x3f .\CortexM0\ARM_GCC_541\Debug\GPIB USB 1.a(USBUART_cls.o)
                                0x295 (size before relaxing)
 .debug_str     0x000037fe      0x104 .\CortexM0\ARM_GCC_541\Debug\GPIB USB 1.a(USBUART_descr.o)
                                0x358 (size before relaxing)

.debug_loc
 *(.debug_loc)

.debug_macinfo
 *(.debug_macinfo)

.debug_ranges   0x00000000      0xd70
 *(.debug_ranges)
 .debug_ranges  0x00000000       0x10 .\CortexM0\ARM_GCC_541\Debug\main.o
 .debug_ranges  0x00000010       0xe8 .\CortexM0\ARM_GCC_541\Debug\gpib.o
 .debug_ranges  0x000000f8       0x50 .\CortexM0\ARM_GCC_541\Debug\serial.o
 .debug_ranges  0x00000148       0x40 .\CortexM0\ARM_GCC_541\Debug\input.o
 .debug_ranges  0x00000188       0x88 .\CortexM0\ARM_GCC_541\Debug\command.o
 .debug_ranges  0x00000210       0x20 .\CortexM0\ARM_GCC_541\Debug\settings.o
 .debug_ranges  0x00000230       0x18 .\CortexM0\ARM_GCC_541\Debug\utils.o
 .debug_ranges  0x00000248       0x40 .\CortexM0\ARM_GCC_541\Debug\cyfitter_cfg.o
 .debug_ranges  0x00000288       0x38 .\CortexM0\ARM_GCC_541\Debug\Cm0Start.o
 .debug_ranges  0x000002c0       0x98 .\CortexM0\ARM_GCC_541\Debug\GPIB USB 1.a(cy_em_eeprom.o)
 .debug_ranges  0x00000358       0x30 .\CortexM0\ARM_GCC_541\Debug\GPIB USB 1.a(CyFlash.o)
 .debug_ranges  0x00000388      0x250 .\CortexM0\ARM_GCC_541\Debug\GPIB USB 1.a(CyLib.o)
 .debug_ranges  0x000005d8      0x180 .\CortexM0\ARM_GCC_541\Debug\GPIB USB 1.a(CyLFClk.o)
 .debug_ranges  0x00000758       0xd0 .\CortexM0\ARM_GCC_541\Debug\GPIB USB 1.a(USBUART.o)
 .debug_ranges  0x00000828       0xd8 .\CortexM0\ARM_GCC_541\Debug\GPIB USB 1.a(USBUART_cdc.o)
 .debug_ranges  0x00000900       0x88 .\CortexM0\ARM_GCC_541\Debug\GPIB USB 1.a(USBUART_drv.o)
 .debug_ranges  0x00000988       0x50 .\CortexM0\ARM_GCC_541\Debug\GPIB USB 1.a(USBUART_episr.o)
 .debug_ranges  0x000009d8       0x30 .\CortexM0\ARM_GCC_541\Debug\GPIB USB 1.a(USBUART_pm.o)
 .debug_ranges  0x00000a08       0x70 .\CortexM0\ARM_GCC_541\Debug\GPIB USB 1.a(USBUART_std.o)
 .debug_ranges  0x00000a78       0x10 .\CortexM0\ARM_GCC_541\Debug\GPIB USB 1.a(USBUART_vnd.o)
 .debug_ranges  0x00000a88       0x38 .\CortexM0\ARM_GCC_541\Debug\GPIB USB 1.a(USBUART_Dp.o)
 .debug_ranges  0x00000ac0      0x148 .\CortexM0\ARM_GCC_541\Debug\GPIB USB 1.a(PWM_1.o)
 .debug_ranges  0x00000c08       0x10 .\CortexM0\ARM_GCC_541\Debug\GPIB USB 1.a(EEPROM.o)
 .debug_ranges  0x00000c18      0x148 .\CortexM0\ARM_GCC_541\Debug\GPIB USB 1.a(Timer1.o)
 .debug_ranges  0x00000d60       0x10 .\CortexM0\ARM_GCC_541\Debug\GPIB USB 1.a(USBUART_cls.o)

.comment        0x00000000       0x6e
 .comment       0x00000000       0x6e .\CortexM0\ARM_GCC_541\Debug\main.o
                                 0x6f (size before relaxing)
 .comment       0x0000006e       0x6f .\CortexM0\ARM_GCC_541\Debug\gpib.o
 .comment       0x0000006e       0x6f .\CortexM0\ARM_GCC_541\Debug\serial.o
 .comment       0x0000006e       0x6f .\CortexM0\ARM_GCC_541\Debug\input.o
 .comment       0x0000006e       0x6f .\CortexM0\ARM_GCC_541\Debug\command.o
 .comment       0x0000006e       0x6f .\CortexM0\ARM_GCC_541\Debug\settings.o
 .comment       0x0000006e       0x6f .\CortexM0\ARM_GCC_541\Debug\utils.o
 .comment       0x0000006e       0x6f .\CortexM0\ARM_GCC_541\Debug\usbtmc.o
 .comment       0x0000006e       0x6f .\CortexM0\ARM_GCC_541\Debug\cyfitter_cfg.o
 .comment       0x0000006e       0x6f .\CortexM0\ARM_GCC_541\Debug\cymetadata.o
 .comment       0x0000006e       0x6f .\CortexM0\ARM_GCC_541\Debug\Cm0Start.o
 .comment       0x0000006e       0x6f .\CortexM0\ARM_GCC_541\Debug\GPIB USB 1.a(cy_em_eeprom.o)
 .comment       0x0000006e       0x6f .\CortexM0\ARM_GCC_541\Debug\GPIB USB 1.a(CyFlash.o)
 .comment       0x0000006e       0x6f .\CortexM0\ARM_GCC_541\Debug\GPIB USB 1.a(CyLib.o)
 .comment       0x0000006e       0x6f .\CortexM0\ARM_GCC_541\Debug\GPIB USB 1.a(CyLFClk.o)
 .comment       0x0000006e       0x6f .\CortexM0\ARM_GCC_541\Debug\GPIB USB 1.a(USBUART.o)
 .comment       0x0000006e       0x6f .\CortexM0\ARM_GCC_541\Debug\GPIB USB 1.a(USBUART_cdc.o)
 .comment       0x0000006e       0x6f .\CortexM0\ARM_GCC_541\Debug\GPIB USB 1.a(USBUART_drv.o)
 .comment       0x0000006e       0x6f .\CortexM0\ARM_GCC_541\Debug\GPIB USB 1.a(USBUART_episr.o)
 .comment       0x0000006e       0x6f .\CortexM0\ARM_GCC_541\Debug\GPIB USB 1.a(USBUART_pm.o)
 .comment       0x0000006e       0x6f .\CortexM0\ARM_GCC_541\Debug\GPIB USB 1.a(USBUART_std.o)
 .comment       0x0000006e       0x6f .\CortexM0\ARM_GCC_541\Debug\GPIB USB 1.a(USBUART_vnd.o)
 .comment       0x0000006e       0x6f .\CortexM0\ARM_GCC_541\Debug\GPIB USB 1.a(USBUART_Dp.o)
 .comment       0x0000006e       0x6f .\CortexM0\ARM_GCC_541\Debug\GPIB USB 1.a(PWM_1.o)
 .comment       0x0000006e       0x6f .\CortexM0\ARM_GCC_541\Debug\GPIB USB 1.a(EEPROM.o)
 .comment       0x0000006e       0x6f .\CortexM0\ARM_GCC_541\Debug\GPIB USB 1.a(Timer1.o)
 .comment       0x0000006e       0x6f .\CortexM0\ARM_GCC_541\Debug\GPIB USB 1.a(USBUART_cls.o)
 .comment       0x0000006e       0x6f .\CortexM0\ARM_GCC_541\Debug\GPIB USB 1.a(USBUART_descr.o)

.debug_weaknames
 *(.debug_weaknames)

.debug_funcnames
 *(.debug_funcnames)

.debug_typenames
 *(.debug_typenames)

.debug_varnames
 *(.debug_varnames)

.note.gnu.arm.ident
 *(.note.gnu.arm.ident)

.ARM.attributes
                0x00000000       0x28
 *(.ARM.attributes)
 .ARM.attributes
                0x00000000       0x1e c:/program files (x86)/cypress/psoc creator/4.2/psoc creator/import/gnu/arm/5.4.1/bin/../lib/gcc/arm-none-eabi/5.4.1/armv6-m/crti.o
 .ARM.attributes
                0x0000001e       0x2c c:/program files (x86)/cypress/psoc creator/4.2/psoc creator/import/gnu/arm/5.4.1/bin/../lib/gcc/arm-none-eabi/5.4.1/armv6-m/crtbegin.o
 .ARM.attributes
                0x0000004a       0x1b c:/program files (x86)/cypress/psoc creator/4.2/psoc creator/import/gnu/arm/5.4.1/bin/../lib/gcc/arm-none-eabi/5.4.1/../../../../arm-none-eabi/lib/armv6-m/crt0.o
 .ARM.attributes
                0x00000065       0x31 .\CortexM0\ARM_GCC_541\Debug\main.o
 .ARM.attributes
                0x00000096       0x31 .\CortexM0\ARM_GCC_541\Debug\gpib.o
 .ARM.attributes
                0x000000c7       0x31 .\CortexM0\ARM_GCC_541\Debug\serial.o
 .ARM.attributes
                0x000000f8       0x31 .\CortexM0\ARM_GCC_541\Debug\input.o
 .ARM.attributes
                0x00000129       0x31 .\CortexM0\ARM_GCC_541\Debug\command.o
 .ARM.attributes
                0x0000015a       0x31 .\CortexM0\ARM_GCC_541\Debug\settings.o
 .ARM.attributes
                0x0000018b       0x31 .\CortexM0\ARM_GCC_541\Debug\utils.o
 .ARM.attributes
                0x000001bc       0x31 .\CortexM0\ARM_GCC_541\Debug\usbtmc.o
 .ARM.attributes
                0x000001ed       0x31 .\CortexM0\ARM_GCC_541\Debug\cyfitter_cfg.o
 .ARM.attributes
                0x0000021e       0x31 .\CortexM0\ARM_GCC_541\Debug\cymetadata.o
 .ARM.attributes
                0x0000024f       0x31 .\CortexM0\ARM_GCC_541\Debug\Cm0Start.o
 .ARM.attributes
                0x00000280       0x31 .\CortexM0\ARM_GCC_541\Debug\GPIB USB 1.a(cy_em_eeprom.o)
 .ARM.attributes
                0x000002b1       0x31 .\CortexM0\ARM_GCC_541\Debug\GPIB USB 1.a(CyFlash.o)
 .ARM.attributes
                0x000002e2       0x31 .\CortexM0\ARM_GCC_541\Debug\GPIB USB 1.a(CyLib.o)
 .ARM.attributes
                0x00000313       0x31 .\CortexM0\ARM_GCC_541\Debug\GPIB USB 1.a(CyLFClk.o)
 .ARM.attributes
                0x00000344       0x31 .\CortexM0\ARM_GCC_541\Debug\GPIB USB 1.a(USBUART.o)
 .ARM.attributes
                0x00000375       0x31 .\CortexM0\ARM_GCC_541\Debug\GPIB USB 1.a(USBUART_cdc.o)
 .ARM.attributes
                0x000003a6       0x31 .\CortexM0\ARM_GCC_541\Debug\GPIB USB 1.a(USBUART_drv.o)
 .ARM.attributes
                0x000003d7       0x31 .\CortexM0\ARM_GCC_541\Debug\GPIB USB 1.a(USBUART_episr.o)
 .ARM.attributes
                0x00000408       0x31 .\CortexM0\ARM_GCC_541\Debug\GPIB USB 1.a(USBUART_pm.o)
 .ARM.attributes
                0x00000439       0x31 .\CortexM0\ARM_GCC_541\Debug\GPIB USB 1.a(USBUART_std.o)
 .ARM.attributes
                0x0000046a       0x31 .\CortexM0\ARM_GCC_541\Debug\GPIB USB 1.a(USBUART_vnd.o)
 .ARM.attributes
                0x0000049b       0x31 .\CortexM0\ARM_GCC_541\Debug\GPIB USB 1.a(USBUART_Dp.o)
 .ARM.attributes
                0x000004cc       0x31 .\CortexM0\ARM_GCC_541\Debug\GPIB USB 1.a(PWM_1.o)
 .ARM.attributes
                0x000004fd       0x31 .\CortexM0\ARM_GCC_541\Debug\GPIB USB 1.a(EEPROM.o)
 .ARM.attributes
                0x0000052e       0x31 .\CortexM0\ARM_GCC_541\Debug\GPIB USB 1.a(Timer1.o)
 .ARM.attributes
                0x0000055f       0x21 .\CortexM0\ARM_GCC_541\Debug\GPIB USB 1.a(CyBootAsmGnu.o)
 .ARM.attributes
                0x00000580       0x31 .\CortexM0\ARM_GCC_541\Debug\GPIB USB 1.a(USBUART_cls.o)
 .ARM.attributes
                0x000005b1       0x31 .\CortexM0\ARM_GCC_541\Debug\GPIB USB 1.a(USBUART_descr.o)
 .ARM.attributes
                0x000005e2       0x1e c:/program files (x86)/cypress/psoc creator/4.2/psoc creator/import/gnu/arm/5.4.1/bin/../lib/gcc/arm-none-eabi/5.4.1/armv6-m\libgcc.a(_udivsi3.o)
 .ARM.attributes