Archive member included to satisfy reference by file (symbol)

.\CortexM0\ARM_GCC_541\Debug\GPIB USB 1.a(cy_em_eeprom.o)
                              .\CortexM0\ARM_GCC_541\Debug\settings.o (Cy_Em_EEPROM_Read)
.\CortexM0\ARM_GCC_541\Debug\GPIB USB 1.a(CyFlash.o)
                              .\CortexM0\ARM_GCC_541\Debug\GPIB USB 1.a(cy_em_eeprom.o) (CySysFlashWriteRow)
.\CortexM0\ARM_GCC_541\Debug\GPIB USB 1.a(CyLib.o)
                              .\CortexM0\ARM_GCC_541\Debug\cyfitter_cfg.o (CySysClkImoEnableUsbLock)
.\CortexM0\ARM_GCC_541\Debug\GPIB USB 1.a(CyLFClk.o)
                              .\CortexM0\ARM_GCC_541\Debug\GPIB USB 1.a(CyLib.o) (CySysClkWcoEnabled)
.\CortexM0\ARM_GCC_541\Debug\GPIB USB 1.a(USBUART.o)
                              .\CortexM0\ARM_GCC_541\Debug\main.o (USBUART_Start)
.\CortexM0\ARM_GCC_541\Debug\GPIB USB 1.a(USBUART_cdc.o)
                              .\CortexM0\ARM_GCC_541\Debug\serial.o (USBUART_CDC_Init)
.\CortexM0\ARM_GCC_541\Debug\GPIB USB 1.a(USBUART_drv.o)
                              .\CortexM0\ARM_GCC_541\Debug\GPIB USB 1.a(USBUART.o) (USBUART_EP)
.\CortexM0\ARM_GCC_541\Debug\GPIB USB 1.a(USBUART_episr.o)
                              .\CortexM0\ARM_GCC_541\Debug\GPIB USB 1.a(USBUART.o) (USBUART_INTR_HI_ISR)
.\CortexM0\ARM_GCC_541\Debug\GPIB USB 1.a(USBUART_pm.o)
                              .\CortexM0\ARM_GCC_541\Debug\GPIB USB 1.a(USBUART.o) (USBUART_DP_ISR)
.\CortexM0\ARM_GCC_541\Debug\GPIB USB 1.a(USBUART_std.o)
                              .\CortexM0\ARM_GCC_541\Debug\GPIB USB 1.a(USBUART_drv.o) (USBUART_HandleStandardRqst)
.\CortexM0\ARM_GCC_541\Debug\GPIB USB 1.a(USBUART_vnd.o)
                              .\CortexM0\ARM_GCC_541\Debug\GPIB USB 1.a(USBUART_drv.o) (USBUART_HandleVendorRqst)
.\CortexM0\ARM_GCC_541\Debug\GPIB USB 1.a(USBUART_Dp.o)
                              .\CortexM0\ARM_GCC_541\Debug\GPIB USB 1.a(USBUART_pm.o) (USBUART_Dp_ClearInterrupt)
.\CortexM0\ARM_GCC_541\Debug\GPIB USB 1.a(PWM_1.o)
                              .\CortexM0\ARM_GCC_541\Debug\main.o (PWM_1_Start)
.\CortexM0\ARM_GCC_541\Debug\GPIB USB 1.a(EEPROM.o)
                              .\CortexM0\ARM_GCC_541\Debug\settings.o (EEPROM_context)
.\CortexM0\ARM_GCC_541\Debug\GPIB USB 1.a(Timer1.o)
                              .\CortexM0\ARM_GCC_541\Debug\gpib.o (Timer1_WriteCounter)
.\CortexM0\ARM_GCC_541\Debug\GPIB USB 1.a(CyBootAsmGnu.o)
                              .\CortexM0\ARM_GCC_541\Debug\GPIB USB 1.a(CyLib.o) (CyDelayCycles)
.\CortexM0\ARM_GCC_541\Debug\GPIB USB 1.a(USBUART_cls.o)
                              .\CortexM0\ARM_GCC_541\Debug\GPIB USB 1.a(USBUART_drv.o) (USBUART_DispatchClassRqst)
.\CortexM0\ARM_GCC_541\Debug\GPIB USB 1.a(USBUART_descr.o)
                              .\CortexM0\ARM_GCC_541\Debug\GPIB USB 1.a(USBUART_std.o) (USBUART_DEVICE0_DESCR)
c:/program files (x86)/cypress/psoc creator/4.2/psoc creator/import/gnu/arm/5.4.1/bin/../lib/gcc/arm-none-eabi/5.4.1/armv6-m\libgcc.a(_udivsi3.o)
                              .\CortexM0\ARM_GCC_541\Debug\GPIB USB 1.a(cy_em_eeprom.o) (__aeabi_uidiv)
c:/program files (x86)/cypress/psoc creator/4.2/psoc creator/import/gnu/arm/5.4.1/bin/../lib/gcc/arm-none-eabi/5.4.1/armv6-m\libgcc.a(_divsi3.o)
                              .\CortexM0\ARM_GCC_541\Debug\GPIB USB 1.a(CyLib.o) (__aeabi_idiv)
c:/program files (x86)/cypress/psoc creator/4.2/psoc creator/import/gnu/arm/5.4.1/bin/../lib/gcc/arm-none-eabi/5.4.1/armv6-m\libgcc.a(_dvmd_tls.o)
                              c:/program files (x86)/cypress/psoc creator/4.2/psoc creator/import/gnu/arm/5.4.1/bin/../lib/gcc/arm-none-eabi/5.4.1/armv6-m\libgcc.a(_udivsi3.o) (__aeabi_idiv0)
c:/program files (x86)/cypress/psoc creator/4.2/psoc creator/import/gnu/arm/5.4.1/bin/../lib/gcc/arm-none-eabi/5.4.1/../../../../arm-none-eabi/lib/armv6-m\libg_nano.a(lib_a-errno.o)
                              .\CortexM0\ARM_GCC_541\Debug\Cm0Start.o (__errno)
c:/program files (x86)/cypress/psoc creator/4.2/psoc creator/import/gnu/arm/5.4.1/bin/../lib/gcc/arm-none-eabi/5.4.1/../../../../arm-none-eabi/lib/armv6-m\libg_nano.a(lib_a-exit.o)
                              c:/program files (x86)/cypress/psoc creator/4.2/psoc creator/import/gnu/arm/5.4.1/bin/../lib/gcc/arm-none-eabi/5.4.1/../../../../arm-none-eabi/lib/armv6-m/crt0.o (exit)
c:/program files (x86)/cypress/psoc creator/4.2/psoc creator/import/gnu/arm/5.4.1/bin/../lib/gcc/arm-none-eabi/5.4.1/../../../../arm-none-eabi/lib/armv6-m\libg_nano.a(lib_a-impure.o)
                              c:/program files (x86)/cypress/psoc creator/4.2/psoc creator/import/gnu/arm/5.4.1/bin/../lib/gcc/arm-none-eabi/5.4.1/../../../../arm-none-eabi/lib/armv6-m\libg_nano.a(lib_a-exit.o) (_global_impure_ptr)
c:/program files (x86)/cypress/psoc creator/4.2/psoc creator/import/gnu/arm/5.4.1/bin/../lib/gcc/arm-none-eabi/5.4.1/../../../../arm-none-eabi/lib/armv6-m\libg_nano.a(lib_a-init.o)
[...]
Memory Configuration

Name             Origin             Length             Attributes
rom              0x00000000         0x00010000         xr
ram              0x20000000         0x00002000         xrw
*default*        0x00000000         0xffffffff

Linker script and memory map

LOAD c:/program files (x86)/cypress/psoc creator/4.2/psoc creator/import/gnu/arm/5.4.1/bin/../lib/gcc/arm-none-eabi/5.4.1/armv6-m/crti.o
LOAD c:/program files (x86)/cypress/psoc creator/4.2/psoc creator/import/gnu/arm/5.4.1/bin/../lib/gcc/arm-none-eabi/5.4.1/armv6-m/crtbegin.o
LOAD c:/program files (x86)/cypress/psoc creator/4.2/psoc creator/import/gnu/arm/5.4.1/bin/../lib/gcc/arm-none-eabi/5.4.1/../../../../arm-none-eabi/lib/armv6-m/crt0.o
START GROUP
LOAD .\CortexM0\ARM_GCC_541\Debug\main.o
LOAD .\CortexM0\ARM_GCC_541\Debug\gpib.o
LOAD .\CortexM0\ARM_GCC_541\Debug\serial.o
LOAD .\CortexM0\ARM_GCC_541\Debug\input.o
LOAD .\CortexM0\ARM_GCC_541\Debug\command.o
LOAD .\CortexM0\ARM_GCC_541\Debug\settings.o
LOAD .\CortexM0\ARM_GCC_541\Debug\utils.o
LOAD .\CortexM0\ARM_GCC_541\Debug\usb_tmc.o
LOAD .\CortexM0\ARM_GCC_541\Debug\cyfitter_cfg.o
LOAD .\CortexM0\ARM_GCC_541\Debug\cymetadata.o
LOAD .\CortexM0\ARM_GCC_541\Debug\Cm0Start.o
LOAD .\CortexM0\ARM_GCC_541\Debug\GPIB USB 1.a
END GROUP
START GROUP
LOAD c:/program files (x86)/cypress/psoc creator/4.2/psoc creator/import/gnu/arm/5.4.1/bin/../lib/gcc/arm-none-eabi/5.4.1/armv6-m\libgcc.a
LOAD c:/program files (x86)/cypress/psoc creator/4.2/psoc creator/import/gnu/arm/5.4.1/bin/../lib/gcc/arm-none-eabi/5.4.1/../../../../arm-none-eabi/lib/armv6-m\libg_nano.a
LOAD c:/program files (x86)/cypress/psoc creator/4.2/psoc creator/import/gnu/arm/5.4.1/bin/../lib/gcc/arm-none-eabi/5.4.1/../../../../arm-none-eabi/lib/armv6-m\libc_nano.a
END GROUP
START GROUP
LOAD c:/program files (x86)/cypress/psoc creator/4.2/psoc creator/import/gnu/arm/5.4.1/bin/../lib/gcc/arm-none-eabi/5.4.1/armv6-m\libgcc.a
LOAD c:/program files (x86)/cypress/psoc creator/4.2/psoc creator/import/gnu/arm/5.4.1/bin/../lib/gcc/arm-none-eabi/5.4.1/../../../../arm-none-eabi/lib/armv6-m\libc_nano.a
END GROUP
LOAD c:/program files (x86)/cypress/psoc creator/4.2/psoc creator/import/gnu/arm/5.4.1/bin/../lib/gcc/arm-none-eabi/5.4.1/armv6-m/crtend.o
LOAD c:/program files (x86)/cypress/psoc creator/4.2/psoc creator/import/gnu/arm/5.4.1/bin/../lib/gcc/arm-none-eabi/5.4.1/armv6-m/crtn.o
START GROUP
LOAD c:/program files (x86)/cypress/psoc creator/4.2/psoc creator/import/gnu/arm/5.4.1/bin/../lib/gcc/arm-none-eabi/5.4.1/armv6-m\libgcc.a
LOAD c:/program files (x86)/cypress/psoc creator/4.2/psoc creator/import/gnu/arm/5.4.1/bin/../lib/gcc/arm-none-eabi/5.4.1/../../../../arm-none-eabi/lib/armv6-m\libc.a
LOAD c:/program files (x86)/cypress/psoc creator/4.2/psoc creator/import/gnu/arm/5.4.1/bin/../lib/gcc/arm-none-eabi/5.4.1/../../../../arm-none-eabi/lib/armv6-m\libnosys.a
END GROUP
                0x00000000                CY_APPL_ORIGIN = 0x0
                0x00000100                CY_FLASH_ROW_SIZE = 0x100
                0x00000001                CY_APPL_NUM = 0x1
                0x00000001                CY_APPL_MAX = 0x1
                0x00000040                CY_METADATA_SIZE = 0x40
                0x00000000                CY_APPL_LOADABLE = 0x0
                0x00000000                CY_CHECKSUM_EXCLUDE_SIZE = ALIGN (0x0, CY_FLASH_ROW_SIZE)
                0x00000000                CY_APP_FOR_STACK_AND_COPIER = 0x0
                [!provide]                PROVIDE (__cy_heap_start, _end)
                0x00000001                PROVIDE (__cy_region_num, ((__cy_regions_end - __cy_regions) / 0x10))
                0x20002000                PROVIDE (__cy_stack, (ORIGIN (ram) + LENGTH (ram)))
                [!provide]                PROVIDE (__cy_heap_end, (__cy_stack - 0x800))

.cybootloader   0x00000000        0x0
 *(.cybootloader)
                0x00000000                appl1_start = CY_APPL_ORIGIN?CY_APPL_ORIGIN:ALIGN (CY_FLASH_ROW_SIZE)
                0x00007f00                appl2_start = (appl1_start + ALIGN ((((LENGTH (rom) - appl1_start) - (0x2 * CY_FLASH_ROW_SIZE)) / 0x2), CY_FLASH_ROW_SIZE))
                0x00000000                appl_start = (CY_APPL_NUM == 0x1)?appl1_start:appl2_start
                0x00000001                cy_project_type_bootloader = (appl_start == 0x0)?0x1:0x0
                0x00000000                cy_project_type_app_for_stack_and_copier = (CY_APP_FOR_STACK_AND_COPIER == 0x1)?0x1:0x0

.text           0x00000000     0x658a
 CREATE_OBJECT_SYMBOLS
                0x00000000                PROVIDE (__cy_interrupt_vector, RomVectors)
 *(.romvectors)
 .romvectors    0x00000000       0x10 .\CortexM0\ARM_GCC_541\Debug\Cm0Start.o
                0x00000000                RomVectors
                0x00000001                ASSERT ((. != __cy_interrupt_vector), No interrupt vector)
                0x00000001                ASSERT (CY_APPL_ORIGIN?(SIZEOF (.cybootloader) <= CY_APPL_ORIGIN):0x1, Wrong image location)
                0x00000010                PROVIDE (__cy_reset, Reset)
 *(.text.Reset)
 .text.Reset    0x00000010        0x8 .\CortexM0\ARM_GCC_541\Debug\Cm0Start.o
                0x00000010                Reset
                0x00000001                ASSERT ((. != __cy_reset), No reset code)
 *(.psocinit)
 .psocinit      0x00000018      0x20c .\CortexM0\ARM_GCC_541\Debug\cyfitter_cfg.o
                0x000000c4                cyfitter_cfg
                0x00000224                . = MAX (., 0x100)
 *(.text .text.* .gnu.linkonce.t.*)
 .text          0x00000224       0x60 c:/program files (x86)/cypress/psoc creator/4.2/psoc creator/import/gnu/arm/5.4.1/bin/../lib/gcc/arm-none-eabi/5.4.1/armv6-m/crtbegin.o
 .text.main     0x00000284       0x54 .\CortexM0\ARM_GCC_541\Debug\main.o
                0x00000284                main
 .text.gpib_settle
                0x000002d8       0x10 .\CortexM0\ARM_GCC_541\Debug\gpib.o
                0x000002d8                gpib_settle
 .text.gpib_assert_line
                0x000002e8       0x28 .\CortexM0\ARM_GCC_541\Debug\gpib.o
                0x000002e8                gpib_assert_line
 .text.gpib_unassert_line
                0x00000310       0x28 .\CortexM0\ARM_GCC_541\Debug\gpib.o
                0x00000310                gpib_unassert_line
 .text.gpib_readall
                0x00000338       0x40 .\CortexM0\ARM_GCC_541\Debug\gpib.o
                0x00000338                gpib_readall
 .text.gpib_read_line
                0x00000378       0x34 .\CortexM0\ARM_GCC_541\Debug\gpib.o
                0x00000378                gpib_read_line
 .text.gpib_poll
                0x000003ac       0x8c .\CortexM0\ARM_GCC_541\Debug\gpib.o
                0x000003ac                gpib_poll
 .text.gpib_get_mode
                0x00000438       0x14 .\CortexM0\ARM_GCC_541\Debug\gpib.o
                0x00000438                gpib_get_mode
 .text.gpib_wait_for_line_to_assert
                0x0000044c       0x40 .\CortexM0\ARM_GCC_541\Debug\gpib.o
                0x0000044c                gpib_wait_for_line_to_assert
 .text.gpib_wait_for_line_to_unassert
                0x0000048c       0x4c .\CortexM0\ARM_GCC_541\Debug\gpib.o
                0x0000048c                gpib_wait_for_line_to_unassert
 .text.gpib_send_byte
                0x000004d8       0x88 .\CortexM0\ARM_GCC_541\Debug\gpib.o
                0x000004d8                gpib_send_byte
 .text.gpib_receive_byte
                0x00000560       0x90 .\CortexM0\ARM_GCC_541\Debug\gpib.o
                0x00000560                gpib_receive_byte
 .text.gpib_interface_clear
                0x000005f0       0x24 .\CortexM0\ARM_GCC_541\Debug\gpib.o
                0x000005f0                gpib_interface_clear
 .text.gpib_LAD
                0x00000614       0x24 .\CortexM0\ARM_GCC_541\Debug\gpib.o
                0x00000614                gpib_LAD
 .text.gpib_TAD
                0x00000638       0x24 .\CortexM0\ARM_GCC_541\Debug\gpib.o
                0x00000638                gpib_TAD
 .text.gpib_UNL
                0x0000065c       0x10 .\CortexM0\ARM_GCC_541\Debug\gpib.o
                0x0000065c                gpib_UNL
 .text.gpib_UNT
                0x0000066c       0x10 .\CortexM0\ARM_GCC_541\Debug\gpib.o
                0x0000066c                gpib_UNT
 .text.gpib_send_SDC
                0x0000067c       0x28 .\CortexM0\ARM_GCC_541\Debug\gpib.o
                0x0000067c                gpib_send_SDC
 .text.gpib_send_LLO
                0x000006a4       0x28 .\CortexM0\ARM_GCC_541\Debug\gpib.o
                0x000006a4                gpib_send_LLO
 .text.gpib_send_GTL
                0x000006cc       0x2c .\CortexM0\ARM_GCC_541\Debug\gpib.o
                0x000006cc                gpib_send_GTL
 .text.gpib_serial_poll
                0x000006f8       0x80 .\CortexM0\ARM_GCC_541\Debug\gpib.o
                0x000006f8                gpib_serial_poll
 .text.gpib_address_listener
                0x00000778       0x88 .\CortexM0\ARM_GCC_541\Debug\gpib.o
                0x00000778                gpib_address_listener
 .text.gpib_address_talker
                0x00000800       0x90 .\CortexM0\ARM_GCC_541\Debug\gpib.o
                0x00000800                gpib_address_talker
 .text.gpib_talking
                0x00000890       0x14 .\CortexM0\ARM_GCC_541\Debug\gpib.o
                0x00000890                gpib_talking
 .text.gpib_send_bytes
                0x000008a4       0x60 .\CortexM0\ARM_GCC_541\Debug\gpib.o
                0x000008a4                gpib_send_bytes
 .text.gpib_read_bytes
                0x00000904       0x90 .\CortexM0\ARM_GCC_541\Debug\gpib.o
                0x00000904                gpib_read_bytes
 .text.serial_printf
                0x00000994       0x3c .\CortexM0\ARM_GCC_541\Debug\serial.o
                0x00000994                serial_printf
 .text.serial_add
                0x000009d0       0x74 .\CortexM0\ARM_GCC_541\Debug\serial.o
                0x000009d0                serial_add
 .text.serial_add_string
                0x00000a44       0x28 .\CortexM0\ARM_GCC_541\Debug\serial.o
                0x00000a44                serial_add_string
 .text.serial_flush
                0x00000a6c       0x38 .\CortexM0\ARM_GCC_541\Debug\serial.o
                0x00000a6c                serial_flush
 .text.serial_available
                0x00000aa4       0x28 .\CortexM0\ARM_GCC_541\Debug\serial.o
                0x00000aa4                serial_available
 .text.serial_getbyte
                0x00000acc       0x58 .\CortexM0\ARM_GCC_541\Debug\serial.o
                0x00000acc                serial_getbyte
 .text.interactive
                0x00000b24      0x184 .\CortexM0\ARM_GCC_541\Debug\serial.o
                0x00000b24                interactive
 .text.non_interactive
                0x00000ca8      0x36c .\CortexM0\ARM_GCC_541\Debug\serial.o
                0x00000ca8                non_interactive
 .text.usbuart_poll
                0x00001014       0x20 .\CortexM0\ARM_GCC_541\Debug\serial.o
                0x00001014                usbuart_poll
 .text.usbuart_reconfig
                0x00001034       0x10 .\CortexM0\ARM_GCC_541\Debug\serial.o
                0x00001034                usbuart_reconfig
 .text.valid_escape
                0x00001044       0x74 .\CortexM0\ARM_GCC_541\Debug\input.o
                0x00001044                valid_escape
 .text.input_start
                0x000010b8       0x30 .\CortexM0\ARM_GCC_541\Debug\input.o
                0x000010b8                input_start
 .text.input_getbuffer
                0x000010e8       0x10 .\CortexM0\ARM_GCC_541\Debug\input.o
                0x000010e8                input_getbuffer
 .text.input_getlength
                0x000010f8       0x14 .\CortexM0\ARM_GCC_541\Debug\input.o
                0x000010f8                input_getlength
 .text.input_data
                0x0000110c      0x1c0 .\CortexM0\ARM_GCC_541\Debug\input.o
                0x0000110c                input_data
 .text.input_remove_cmdline
                0x000012cc       0x18 .\CortexM0\ARM_GCC_541\Debug\input.o
                0x000012cc                input_remove_cmdline
 .text.input_redraw_cmdline
                0x000012e4       0x3c .\CortexM0\ARM_GCC_541\Debug\input.o
                0x000012e4                input_redraw_cmdline
 .text.tokenise
                0x00001320       0xdc .\CortexM0\ARM_GCC_541\Debug\command.o
                0x00001320                tokenise
 .text.is_int   0x000013fc       0x40 .\CortexM0\ARM_GCC_541\Debug\command.o
                0x000013fc                is_int
 .text.to_int   0x0000143c       0x3c .\CortexM0\ARM_GCC_541\Debug\command.o
                0x0000143c                to_int
 .text.cmd_process
                0x00001478       0x88 .\CortexM0\ARM_GCC_541\Debug\command.o
                0x00001478                cmd_process
 .text.cmd_usage
                0x00001500       0xd4 .\CortexM0\ARM_GCC_541\Debug\command.o
                0x00001500                cmd_usage
 .text.cmd_uint
                0x000015d4       0xb8 .\CortexM0\ARM_GCC_541\Debug\command.o
                0x000015d4                cmd_uint
 .text.cmd_noargs
                0x0000168c       0x44 .\CortexM0\ARM_GCC_541\Debug\command.o
                0x0000168c                cmd_noargs
 .text.cmd_help
                0x000016d0       0xcc .\CortexM0\ARM_GCC_541\Debug\command.o
                0x000016d0                cmd_help
 .text.cmd_read
                0x0000179c      0x114 .\CortexM0\ARM_GCC_541\Debug\command.o
                0x0000179c                cmd_read
 .text.cmd_config
                0x000018b0       0xf0 .\CortexM0\ARM_GCC_541\Debug\command.o
                0x000018b0                cmd_config
 .text.helper_version
                0x000019a0       0x1c .\CortexM0\ARM_GCC_541\Debug\command.o
                0x000019a0                helper_version
 .text.helper_gpiball
                0x000019bc       0x2c .\CortexM0\ARM_GCC_541\Debug\command.o
                0x000019bc                helper_gpiball
 .text.helper_clr
                0x000019e8       0x10 .\CortexM0\ARM_GCC_541\Debug\command.o
                0x000019e8                helper_clr
 .text.helper_ifc
                0x000019f8       0x10 .\CortexM0\ARM_GCC_541\Debug\command.o
                0x000019f8                helper_ifc
 .text.helper_llo
                0x00001a08       0x10 .\CortexM0\ARM_GCC_541\Debug\command.o
                0x00001a08                helper_llo
 .text.helper_loc
                0x00001a18       0x10 .\CortexM0\ARM_GCC_541\Debug\command.o
                0x00001a18                helper_loc
 .text.helper_spoll
                0x00001a28       0x2c .\CortexM0\ARM_GCC_541\Debug\command.o
                0x00001a28                helper_spoll
 .text.defaults
                0x00001a54       0x40 .\CortexM0\ARM_GCC_541\Debug\settings.o
                0x00001a54                defaults
 .text.settings_init
                0x00001a94       0x80 .\CortexM0\ARM_GCC_541\Debug\settings.o
                0x00001a94                settings_init
 .text.contains_byte
                0x00001b14       0x40 .\CortexM0\ARM_GCC_541\Debug\utils.o
                0x00001b14                contains_byte
 .text.chomp    0x00001b54       0x64 .\CortexM0\ARM_GCC_541\Debug\utils.o
                0x00001b54                chomp
 .text.CYMEMZERO
                0x00001bb8       0x20 .\CortexM0\ARM_GCC_541\Debug\cyfitter_cfg.o
 .text.cfg_write_bytes32
                0x00001bd8       0x84 .\CortexM0\ARM_GCC_541\Debug\cyfitter_cfg.o
 .text.AnalogSetDefault
                0x00001c5c       0x28 .\CortexM0\ARM_GCC_541\Debug\cyfitter_cfg.o
 .text.IntDefaultHandler
                0x00001c84       0x14 .\CortexM0\ARM_GCC_541\Debug\Cm0Start.o
                0x00001c84                IntDefaultHandler
 .text._sbrk    0x00001c98       0x50 .\CortexM0\ARM_GCC_541\Debug\Cm0Start.o
                0x00001c98                _sbrk
 .text.Start_c  0x00001ce8       0x98 .\CortexM0\ARM_GCC_541\Debug\Cm0Start.o
                0x00001ce8                Start_c
 .text.initialize_psoc
                0x00001d80       0x70 .\CortexM0\ARM_GCC_541\Debug\Cm0Start.o
                0x00001d80                initialize_psoc
 .text.Cy_Em_EEPROM_Init
                0x00001df0       0xf8 .\CortexM0\ARM_GCC_541\Debug\GPIB USB 1.a(cy_em_eeprom.o)
                0x00001df0                Cy_Em_EEPROM_Init
 .text.Cy_Em_EEPROM_Read
                0x00001ee8      0x32c .\CortexM0\ARM_GCC_541\Debug\GPIB USB 1.a(cy_em_eeprom.o)
                0x00001ee8                Cy_Em_EEPROM_Read
 .text.FindLastWrittenRow
                0x00002214       0x68 .\CortexM0\ARM_GCC_541\Debug\GPIB USB 1.a(cy_em_eeprom.o)
 .text.GetRowAddrBySeqNum
                0x0000227c       0x40 .\CortexM0\ARM_GCC_541\Debug\GPIB USB 1.a(cy_em_eeprom.o)
 .text.GetNextRowToWrite
                0x000022bc       0xb0 .\CortexM0\ARM_GCC_541\Debug\GPIB USB 1.a(cy_em_eeprom.o)
 .text.CalcChecksum
                0x0000236c       0xb0 .\CortexM0\ARM_GCC_541\Debug\GPIB USB 1.a(cy_em_eeprom.o)
 .text.CheckRanges
                0x0000241c       0x6c .\CortexM0\ARM_GCC_541\Debug\GPIB USB 1.a(cy_em_eeprom.o)
 .text.WriteRow
                0x00002488       0x48 .\CortexM0\ARM_GCC_541\Debug\GPIB USB 1.a(cy_em_eeprom.o)
 .text.CheckCrcAndCopy
                0x000024d0       0xfc .\CortexM0\ARM_GCC_541\Debug\GPIB USB 1.a(cy_em_eeprom.o)
 .text.FillChecksum
                0x000025cc      0x12c .\CortexM0\ARM_GCC_541\Debug\GPIB USB 1.a(cy_em_eeprom.o)
 .text.CySysFlashWriteRow
                0x000026f8      0x1f4 .\CortexM0\ARM_GCC_541\Debug\GPIB USB 1.a(CyFlash.o)
                0x000026f8                CySysFlashWriteRow
 .text.CySysFlashSetWaitCycles
                0x000028ec       0x78 .\CortexM0\ARM_GCC_541\Debug\GPIB USB 1.a(CyFlash.o)
                0x000028ec                CySysFlashSetWaitCycles
 .text.CySysFlashClockBackup
                0x00002964       0x14 .\CortexM0\ARM_GCC_541\Debug\GPIB USB 1.a(CyFlash.o)
 .text.CySysFlashClockRestore
                0x00002978       0x14 .\CortexM0\ARM_GCC_541\Debug\GPIB USB 1.a(CyFlash.o)
 .text.CySysClkImoEnableWcoLock
                0x0000298c      0x154 .\CortexM0\ARM_GCC_541\Debug\GPIB USB 1.a(CyLib.o)
                0x0000298c                CySysClkImoEnableWcoLock
 .text.CySysClkImoDisableWcoLock
                0x00002ae0       0x78 .\CortexM0\ARM_GCC_541\Debug\GPIB USB 1.a(CyLib.o)
                0x00002ae0                CySysClkImoDisableWcoLock
 .text.CySysClkImoGetWcoLock
                0x00002b58       0x20 .\CortexM0\ARM_GCC_541\Debug\GPIB USB 1.a(CyLib.o)
                0x00002b58                CySysClkImoGetWcoLock
 .text.CySysClkImoEnableUsbLock
                0x00002b78      0x138 .\CortexM0\ARM_GCC_541\Debug\GPIB USB 1.a(CyLib.o)
                0x00002b78                CySysClkImoEnableUsbLock
 .text.CySysClkImoDisableUsbLock
                0x00002cb0       0xc4 .\CortexM0\ARM_GCC_541\Debug\GPIB USB 1.a(CyLib.o)
                0x00002cb0                CySysClkImoDisableUsbLock
 .text.CySysClkImoGetUsbLock
                0x00002d74       0x20 .\CortexM0\ARM_GCC_541\Debug\GPIB USB 1.a(CyLib.o)
                0x00002d74                CySysClkImoGetUsbLock
 .text.CySysClkWriteImoFreq
                0x00002d94      0x224 .\CortexM0\ARM_GCC_541\Debug\GPIB USB 1.a(CyLib.o)
                0x00002d94                CySysClkWriteImoFreq
 .text.CyIntSetVector
                0x00002fb8       0x4c .\CortexM0\ARM_GCC_541\Debug\GPIB USB 1.a(CyLib.o)
                0x00002fb8                CyIntSetVector
 .text.CyIntSetPriority
                0x00003004       0xa8 .\CortexM0\ARM_GCC_541\Debug\GPIB USB 1.a(CyLib.o)
                0x00003004                CyIntSetPriority
 .text.CyIntEnable
                0x000030ac       0x2c .\CortexM0\ARM_GCC_541\Debug\GPIB USB 1.a(CyLib.o)
                0x000030ac                CyIntEnable
 .text.CyHalt   0x000030d8       0x18 .\CortexM0\ARM_GCC_541\Debug\GPIB USB 1.a(CyLib.o)
                0x000030d8                CyHalt
 .text.CyDelay  0x000030f0       0x4c .\CortexM0\ARM_GCC_541\Debug\GPIB USB 1.a(CyLib.o)
                0x000030f0                CyDelay
 .text.CyDelayUs
                0x0000313c       0x28 .\CortexM0\ARM_GCC_541\Debug\GPIB USB 1.a(CyLib.o)
                0x0000313c                CyDelayUs
 .text.CyGetUniqueId
                0x00003164       0xc0 .\CortexM0\ARM_GCC_541\Debug\GPIB USB 1.a(CyLib.o)
                0x00003164                CyGetUniqueId
 .text.CySysClkWcoEnabled
                0x00003224       0x1c .\CortexM0\ARM_GCC_541\Debug\GPIB USB 1.a(CyLFClk.o)
                0x00003224                CySysClkWcoEnabled
 .text.CySysWdtLock
                0x00003240       0x34 .\CortexM0\ARM_GCC_541\Debug\GPIB USB 1.a(CyLFClk.o)
                0x00003240                CySysWdtLock
 .text.CySysWdtLocked
                0x00003274       0x20 .\CortexM0\ARM_GCC_541\Debug\GPIB USB 1.a(CyLFClk.o)
 .text.CySysWdtUnlock
                0x00003294       0x50 .\CortexM0\ARM_GCC_541\Debug\GPIB USB 1.a(CyLFClk.o)
                0x00003294                CySysWdtUnlock
 .text.CySysWdtClearInterrupt
                0x000032e4       0x70 .\CortexM0\ARM_GCC_541\Debug\GPIB USB 1.a(CyLFClk.o)
                0x000032e4                CySysWdtClearInterrupt
 .text.CySysWdtIsr
                0x00003354       0xec .\CortexM0\ARM_GCC_541\Debug\GPIB USB 1.a(CyLFClk.o)
                0x00003354                CySysWdtIsr
 .text.USBUART_Start
                0x00003440       0x40 .\CortexM0\ARM_GCC_541\Debug\GPIB USB 1.a(USBUART.o)
                0x00003440                USBUART_Start
 .text.USBUART_Init
                0x00003480       0xf0 .\CortexM0\ARM_GCC_541\Debug\GPIB USB 1.a(USBUART.o)
                0x00003480                USBUART_Init
 .text.USBUART_InitComponent
                0x00003570       0xf0 .\CortexM0\ARM_GCC_541\Debug\GPIB USB 1.a(USBUART.o)
                0x00003570                USBUART_InitComponent
 .text.USBUART_ReInitComponent
                0x00003660       0x64 .\CortexM0\ARM_GCC_541\Debug\GPIB USB 1.a(USBUART.o)
                0x00003660                USBUART_ReInitComponent
 .text.USBUART_GetConfiguration
                0x000036c4       0x14 .\CortexM0\ARM_GCC_541\Debug\GPIB USB 1.a(USBUART.o)
                0x000036c4                USBUART_GetConfiguration
 .text.USBUART_IsConfigurationChanged
                0x000036d8       0x34 .\CortexM0\ARM_GCC_541\Debug\GPIB USB 1.a(USBUART.o)
                0x000036d8                USBUART_IsConfigurationChanged
 .text.USBUART_GetEPState
                0x0000370c       0x30 .\CortexM0\ARM_GCC_541\Debug\GPIB USB 1.a(USBUART.o)
                0x0000370c                USBUART_GetEPState
 .text.USBUART_GetEPCount
                0x0000373c       0x80 .\CortexM0\ARM_GCC_541\Debug\GPIB USB 1.a(USBUART.o)
                0x0000373c                USBUART_GetEPCount
 .text.USBUART_LoadInEP
                0x000037bc      0x14c .\CortexM0\ARM_GCC_541\Debug\GPIB USB 1.a(USBUART.o)
                0x000037bc                USBUART_LoadInEP
 .text.USBUART_ReadOutEP
                0x00003908       0xc0 .\CortexM0\ARM_GCC_541\Debug\GPIB USB 1.a(USBUART.o)
                0x00003908                USBUART_ReadOutEP
 .text.USBUART_EnableOutEP
                0x000039c8       0x68 .\CortexM0\ARM_GCC_541\Debug\GPIB USB 1.a(USBUART.o)
                0x000039c8                USBUART_EnableOutEP
 .text.USBUART_SetPowerStatus
                0x00003a30       0x44 .\CortexM0\ARM_GCC_541\Debug\GPIB USB 1.a(USBUART.o)
                0x00003a30                USBUART_SetPowerStatus
 .text.USBUART_DispatchCDCClassRqst
                0x00003a74       0xf8 .\CortexM0\ARM_GCC_541\Debug\GPIB USB 1.a(USBUART_cdc.o)
                0x00003a74                USBUART_DispatchCDCClassRqst
 .text.USBUART_GetInterfaceComPort
                0x00003b6c       0x90 .\CortexM0\ARM_GCC_541\Debug\GPIB USB 1.a(USBUART_cdc.o)
                0x00003b6c                USBUART_GetInterfaceComPort
 .text.USBUART_CDC_Init
                0x00003bfc       0xc0 .\CortexM0\ARM_GCC_541\Debug\GPIB USB 1.a(USBUART_cdc.o)
                0x00003bfc                USBUART_CDC_Init
 .text.USBUART_PutData
                0x00003cbc       0x84 .\CortexM0\ARM_GCC_541\Debug\GPIB USB 1.a(USBUART_cdc.o)
                0x00003cbc                USBUART_PutData
 .text.USBUART_DataIsReady
                0x00003d40       0x28 .\CortexM0\ARM_GCC_541\Debug\GPIB USB 1.a(USBUART_cdc.o)
                0x00003d40                USBUART_DataIsReady
 .text.USBUART_CDCIsReady
                0x00003d68       0x28 .\CortexM0\ARM_GCC_541\Debug\GPIB USB 1.a(USBUART_cdc.o)
                0x00003d68                USBUART_CDCIsReady
 .text.USBUART_GetAll
                0x00003d90       0x60 .\CortexM0\ARM_GCC_541\Debug\GPIB USB 1.a(USBUART_cdc.o)
                0x00003d90                USBUART_GetAll
 .text.USBUART_Cdc_EpInit
                0x00003df0       0xc0 .\CortexM0\ARM_GCC_541\Debug\GPIB USB 1.a(USBUART_cdc.o)
                0x00003df0                USBUART_Cdc_EpInit
 .text.USBUART_EP_0_ISR
                0x00003eb0       0xfc .\CortexM0\ARM_GCC_541\Debug\GPIB USB 1.a(USBUART_drv.o)
                0x00003eb0                USBUART_EP_0_ISR
 .text.USBUART_HandleSetup
                0x00003fac       0x9c .\CortexM0\ARM_GCC_541\Debug\GPIB USB 1.a(USBUART_drv.o)
                0x00003fac                USBUART_HandleSetup
 .text.USBUART_HandleIN
                0x00004048       0x40 .\CortexM0\ARM_GCC_541\Debug\GPIB USB 1.a(USBUART_drv.o)
                0x00004048                USBUART_HandleIN
 .text.USBUART_HandleOUT
                0x00004088       0x4c .\CortexM0\ARM_GCC_541\Debug\GPIB USB 1.a(USBUART_drv.o)
                0x00004088                USBUART_HandleOUT
 .text.USBUART_LoadEP0
                0x000040d4       0xd8 .\CortexM0\ARM_GCC_541\Debug\GPIB USB 1.a(USBUART_drv.o)
                0x000040d4                USBUART_LoadEP0
 .text.USBUART_InitControlRead
                0x000041ac       0x74 .\CortexM0\ARM_GCC_541\Debug\GPIB USB 1.a(USBUART_drv.o)
                0x000041ac                USBUART_InitControlRead
 .text.USBUART_InitZeroLengthControlTransfer
                0x00004220       0x40 .\CortexM0\ARM_GCC_541\Debug\GPIB USB 1.a(USBUART_drv.o)
                0x00004220                USBUART_InitZeroLengthControlTransfer
 .text.USBUART_ControlReadDataStage
                0x00004260       0x10 .\CortexM0\ARM_GCC_541\Debug\GPIB USB 1.a(USBUART_drv.o)
                0x00004260                USBUART_ControlReadDataStage
 .text.USBUART_ControlReadStatusStage
                0x00004270       0x44 .\CortexM0\ARM_GCC_541\Debug\GPIB USB 1.a(USBUART_drv.o)
                0x00004270                USBUART_ControlReadStatusStage
 .text.USBUART_InitControlWrite
                0x000042b4       0x6c .\CortexM0\ARM_GCC_541\Debug\GPIB USB 1.a(USBUART_drv.o)
                0x000042b4                USBUART_InitControlWrite
 .text.USBUART_ControlWriteDataStage
                0x00004320       0xb8 .\CortexM0\ARM_GCC_541\Debug\GPIB USB 1.a(USBUART_drv.o)
                0x00004320                USBUART_ControlWriteDataStage
 .text.USBUART_ControlWriteStatusStage
                0x000043d8       0x24 .\CortexM0\ARM_GCC_541\Debug\GPIB USB 1.a(USBUART_drv.o)
                0x000043d8                USBUART_ControlWriteStatusStage
 .text.USBUART_InitNoDataControlTransfer
                0x000043fc       0x34 .\CortexM0\ARM_GCC_541\Debug\GPIB USB 1.a(USBUART_drv.o)
                0x000043fc                USBUART_InitNoDataControlTransfer
 .text.USBUART_NoDataControlStatusStage
                0x00004430       0x50 .\CortexM0\ARM_GCC_541\Debug\GPIB USB 1.a(USBUART_drv.o)
                0x00004430                USBUART_NoDataControlStatusStage
 .text.USBUART_UpdateStatusBlock
                0x00004480       0x40 .\CortexM0\ARM_GCC_541\Debug\GPIB USB 1.a(USBUART_drv.o)
                0x00004480                USBUART_UpdateStatusBlock
 .text.USBUART_InitializeStatusBlock
                0x000044c0       0x30 .\CortexM0\ARM_GCC_541\Debug\GPIB USB 1.a(USBUART_drv.o)
                0x000044c0                USBUART_InitializeStatusBlock
 .text.USBUART_EP_1_ISR
                0x000044f0       0x48 .\CortexM0\ARM_GCC_541\Debug\GPIB USB 1.a(USBUART_episr.o)
                0x000044f0                USBUART_EP_1_ISR
 .text.USBUART_EP_2_ISR
                0x00004538       0x4c .\CortexM0\ARM_GCC_541\Debug\GPIB USB 1.a(USBUART_episr.o)
                0x00004538                USBUART_EP_2_ISR
 .text.USBUART_EP_3_ISR
                0x00004584       0x54 .\CortexM0\ARM_GCC_541\Debug\GPIB USB 1.a(USBUART_episr.o)
                0x00004584                USBUART_EP_3_ISR
 .text.USBUART_SOF_ISR
                0x000045d8       0x14 .\CortexM0\ARM_GCC_541\Debug\GPIB USB 1.a(USBUART_episr.o)
                0x000045d8                USBUART_SOF_ISR
 .text.USBUART_BUS_RESET_ISR
                0x000045ec       0x18 .\CortexM0\ARM_GCC_541\Debug\GPIB USB 1.a(USBUART_episr.o)
                0x000045ec                USBUART_BUS_RESET_ISR
 .text.USBUART_IntrHandler
                0x00004604       0x60 .\CortexM0\ARM_GCC_541\Debug\GPIB USB 1.a(USBUART_episr.o)
 .text.USBUART_INTR_HI_ISR
                0x00004664       0x18 .\CortexM0\ARM_GCC_541\Debug\GPIB USB 1.a(USBUART_episr.o)
                0x00004664                USBUART_INTR_HI_ISR
 .text.USBUART_INTR_MED_ISR
                0x0000467c       0x18 .\CortexM0\ARM_GCC_541\Debug\GPIB USB 1.a(USBUART_episr.o)
                0x0000467c                USBUART_INTR_MED_ISR
 .text.USBUART_INTR_LO_ISR
                0x00004694       0x18 .\CortexM0\ARM_GCC_541\Debug\GPIB USB 1.a(USBUART_episr.o)
                0x00004694                USBUART_INTR_LO_ISR
 .text.USBUART_DP_ISR
                0x000046ac       0x10 .\CortexM0\ARM_GCC_541\Debug\GPIB USB 1.a(USBUART_pm.o)
                0x000046ac                USBUART_DP_ISR
 .text.USBUART_HandleStandardRqst
                0x000046bc      0x484 .\CortexM0\ARM_GCC_541\Debug\GPIB USB 1.a(USBUART_std.o)
                0x000046bc                USBUART_HandleStandardRqst
 .text.USBUART_ReadDieID
                0x00004b40       0xb8 .\CortexM0\ARM_GCC_541\Debug\GPIB USB 1.a(USBUART_std.o)
                0x00004b40                USBUART_ReadDieID
 .text.USBUART_ConfigReg
                0x00004bf8       0xe4 .\CortexM0\ARM_GCC_541\Debug\GPIB USB 1.a(USBUART_std.o)
                0x00004bf8                USBUART_ConfigReg
 .text.USBUART_Config
                0x00004cdc      0x454 .\CortexM0\ARM_GCC_541\Debug\GPIB USB 1.a(USBUART_std.o)
                0x00004cdc                USBUART_Config
 .text.USBUART_ConfigAltChanged
                0x00005130      0x220 .\CortexM0\ARM_GCC_541\Debug\GPIB USB 1.a(USBUART_std.o)
                0x00005130                USBUART_ConfigAltChanged
 .text.USBUART_GetConfigTablePtr
                0x00005350       0x58 .\CortexM0\ARM_GCC_541\Debug\GPIB USB 1.a(USBUART_std.o)
                0x00005350                USBUART_GetConfigTablePtr
 .text.USBUART_GetDeviceTablePtr
                0x000053a8       0x24 .\CortexM0\ARM_GCC_541\Debug\GPIB USB 1.a(USBUART_std.o)
                0x000053a8                USBUART_GetDeviceTablePtr
 .text.USBUART_GetInterfaceClassTablePtr
                0x000053cc       0x54 .\CortexM0\ARM_GCC_541\Debug\GPIB USB 1.a(USBUART_std.o)
                0x000053cc                USBUART_GetInterfaceClassTablePtr
 .text.USBUART_SetEndpointHalt
                0x00005420       0xec .\CortexM0\ARM_GCC_541\Debug\GPIB USB 1.a(USBUART_std.o)
                0x00005420                USBUART_SetEndpointHalt
 .text.USBUART_ClearEndpointHalt
                0x0000550c      0x158 .\CortexM0\ARM_GCC_541\Debug\GPIB USB 1.a(USBUART_std.o)
                0x0000550c                USBUART_ClearEndpointHalt
 .text.USBUART_ValidateAlternateSetting
                0x00005664       0x9c .\CortexM0\ARM_GCC_541\Debug\GPIB USB 1.a(USBUART_std.o)
                0x00005664                USBUART_ValidateAlternateSetting
 .text.USBUART_HandleVendorRqst
                0x00005700       0x34 .\CortexM0\ARM_GCC_541\Debug\GPIB USB 1.a(USBUART_vnd.o)
                0x00005700                USBUART_HandleVendorRqst
 .text.USBUART_Dp_ClearInterrupt
                0x00005734       0x2c .\CortexM0\ARM_GCC_541\Debug\GPIB USB 1.a(USBUART_Dp.o)
                0x00005734                USBUART_Dp_ClearInterrupt
 .text.PWM_1_Init
                0x00005760       0x5c .\CortexM0\ARM_GCC_541\Debug\GPIB USB 1.a(PWM_1.o)
                0x00005760                PWM_1_Init
 .text.PWM_1_Enable
                0x000057bc       0x3c .\CortexM0\ARM_GCC_541\Debug\GPIB USB 1.a(PWM_1.o)
                0x000057bc                PWM_1_Enable
 .text.PWM_1_Start
                0x000057f8       0x24 .\CortexM0\ARM_GCC_541\Debug\GPIB USB 1.a(PWM_1.o)
                0x000057f8                PWM_1_Start
 .text.PWM_1_WriteCounter
                0x0000581c       0x20 .\CortexM0\ARM_GCC_541\Debug\GPIB USB 1.a(PWM_1.o)
                0x0000581c                PWM_1_WriteCounter
 .text.PWM_1_WritePeriod
                0x0000583c       0x20 .\CortexM0\ARM_GCC_541\Debug\GPIB USB 1.a(PWM_1.o)
                0x0000583c                PWM_1_WritePeriod
 .text.PWM_1_WriteCompare
                0x0000585c       0x20 .\CortexM0\ARM_GCC_541\Debug\GPIB USB 1.a(PWM_1.o)
                0x0000585c                PWM_1_WriteCompare
 .text.PWM_1_TriggerCommand
                0x0000587c       0x3c .\CortexM0\ARM_GCC_541\Debug\GPIB USB 1.a(PWM_1.o)
                0x0000587c                PWM_1_TriggerCommand
 .text.PWM_1_SetInterruptMode
                0x000058b8       0x1c .\CortexM0\ARM_GCC_541\Debug\GPIB USB 1.a(PWM_1.o)
                0x000058b8                PWM_1_SetInterruptMode
 .text.EEPROM_Init
                0x000058d4       0x5c .\CortexM0\ARM_GCC_541\Debug\GPIB USB 1.a(EEPROM.o)
                0x000058d4                EEPROM_Init
 .text.Timer1_Init
                0x00005930       0x38 .\CortexM0\ARM_GCC_541\Debug\GPIB USB 1.a(Timer1.o)
                0x00005930                Timer1_Init
 .text.Timer1_Enable
                0x00005968       0x3c .\CortexM0\ARM_GCC_541\Debug\GPIB USB 1.a(Timer1.o)
                0x00005968                Timer1_Enable
 .text.Timer1_Start
                0x000059a4       0x24 .\CortexM0\ARM_GCC_541\Debug\GPIB USB 1.a(Timer1.o)
                0x000059a4                Timer1_Start
 .text.Timer1_WriteCounter
                0x000059c8       0x20 .\CortexM0\ARM_GCC_541\Debug\GPIB USB 1.a(Timer1.o)
                0x000059c8                Timer1_WriteCounter
 .text.Timer1_ReadCounter
                0x000059e8       0x18 .\CortexM0\ARM_GCC_541\Debug\GPIB USB 1.a(Timer1.o)
                0x000059e8                Timer1_ReadCounter
 .text.Timer1_WritePeriod
                0x00005a00       0x20 .\CortexM0\ARM_GCC_541\Debug\GPIB USB 1.a(Timer1.o)
                0x00005a00                Timer1_WritePeriod
 .text.Timer1_TriggerCommand
                0x00005a20       0x3c .\CortexM0\ARM_GCC_541\Debug\GPIB USB 1.a(Timer1.o)
                0x00005a20                Timer1_TriggerCommand
 .text.Timer1_SetInterruptMode
                0x00005a5c       0x1c .\CortexM0\ARM_GCC_541\Debug\GPIB USB 1.a(Timer1.o)
                0x00005a5c                Timer1_SetInterruptMode
 .text          0x00005a78       0x20 .\CortexM0\ARM_GCC_541\Debug\GPIB USB 1.a(CyBootAsmGnu.o)
                0x00005a78                CyDelayCycles
                0x00005a8a                CyEnterCriticalSection
                0x00005a92                CyExitCriticalSection
 .text.USBUART_DispatchClassRqst
                0x00005a98       0x94 .\CortexM0\ARM_GCC_541\Debug\GPIB USB 1.a(USBUART_cls.o)
                0x00005a98                USBUART_DispatchClassRqst
 .text          0x00005b2c      0x114 c:/program files (x86)/cypress/psoc creator/4.2/psoc creator/import/gnu/arm/5.4.1/bin/../lib/gcc/arm-none-eabi/5.4.1/armv6-m\libgcc.a(_udivsi3.o)
                0x00005b2c                __aeabi_uidiv
                0x00005b2c                __udivsi3
                0x00005c38                __aeabi_uidivmod
 .text          0x00005c40        0x4 c:/program files (x86)/cypress/psoc creator/4.2/psoc creator/import/gnu/arm/5.4.1/bin/../lib/gcc/arm-none-eabi/5.4.1/armv6-m\libgcc.a(_dvmd_tls.o)
                0x00005c40                __aeabi_idiv0
                0x00005c40                __aeabi_ldiv0
 .text.__errno  0x00005c44        0xc c:/program files (x86)/cypress/psoc creator/4.2/psoc creator/import/gnu/arm/5.4.1/bin/../lib/gcc/arm-none-eabi/5.4.1/../../../../arm-none-eabi/lib/armv6-m\libg_nano.a(lib_a-errno.o)
                0x00005c44                __errno
 .text.__libc_init_array
                0x00005c50       0x4c c:/program files (x86)/cypress/psoc creator/4.2/psoc creator/import/gnu/arm/5.4.1/bin/../lib/gcc/arm-none-eabi/5.4.1/../../../../arm-none-eabi/lib/armv6-m\libg_nano.a(lib_a-init.o)
                0x00005c50                __libc_init_array
 .text.memcmp   0x00005c9c       0x1e c:/program files (x86)/cypress/psoc creator/4.2/psoc creator/import/gnu/arm/5.4.1/bin/../lib/gcc/arm-none-eabi/5.4.1/../../../../arm-none-eabi/lib/armv6-m\libg_nano.a(lib_a-memcmp.o)
                0x00005c9c                memcmp
 .text.memcpy   0x00005cba       0x12 c:/program files (x86)/cypress/psoc creator/4.2/psoc creator/import/gnu/arm/5.4.1/bin/../lib/gcc/arm-none-eabi/5.4.1/../../../../arm-none-eabi/lib/armv6-m\libg_nano.a(lib_a-memcpy-stub.o)
                0x00005cba                memcpy
 .text.memset   0x00005ccc       0x10 c:/program files (x86)/cypress/psoc creator/4.2/psoc creator/import/gnu/arm/5.4.1/bin/../lib/gcc/arm-none-eabi/5.4.1/../../../../arm-none-eabi/lib/armv6-m\libg_nano.a(lib_a-memset.o)
                0x00005ccc                memset
 .text.strchr   0x00005cdc       0x1c c:/program files (x86)/cypress/psoc creator/4.2/psoc creator/import/gnu/arm/5.4.1/bin/../lib/gcc/arm-none-eabi/5.4.1/../../../../arm-none-eabi/lib/armv6-m\libg_nano.a(lib_a-strchr.o)
                0x00005cdc                strchr
 .text          0x00005cf8       0x14 c:/program files (x86)/cypress/psoc creator/4.2/psoc creator/import/gnu/arm/5.4.1/bin/../lib/gcc/arm-none-eabi/5.4.1/../../../../arm-none-eabi/lib/armv6-m\libg_nano.a(lib_a-strcmp.o)
                0x00005cf8                strcmp
 .text          0x00005d0c        0xe c:/program files (x86)/cypress/psoc creator/4.2/psoc creator/import/gnu/arm/5.4.1/bin/../lib/gcc/arm-none-eabi/5.4.1/../../../../arm-none-eabi/lib/armv6-m\libg_nano.a(lib_a-strlen.o)
                0x00005d0c                strlen
 .text._vsnprintf_r
                0x00005d1a       0x56 c:/program files (x86)/cypress/psoc creator/4.2/psoc creator/import/gnu/arm/5.4.1/bin/../lib/gcc/arm-none-eabi/5.4.1/../../../../arm-none-eabi/lib/armv6-m\libg_nano.a(lib_a-vsnprintf.o)
                0x00005d1a                _vsniprintf_r
                0x00005d1a                _vsnprintf_r
 .text.vsnprintf
                0x00005d70       0x18 c:/program files (x86)/cypress/psoc creator/4.2/psoc creator/import/gnu/arm/5.4.1/bin/../lib/gcc/arm-none-eabi/5.4.1/../../../../arm-none-eabi/lib/armv6-m\libg_nano.a(lib_a-vsnprintf.o)
                0x00005d70                vsniprintf
                0x00005d70                vsnprintf
 .text.__ssputs_r
                0x00005d88       0xc4 c:/program files (x86)/cypress/psoc creator/4.2/psoc creator/import/gnu/arm/5.4.1/bin/../lib/gcc/arm-none-eabi/5.4.1/../../../../arm-none-eabi/lib/armv6-m\libg_nano.a(lib_a-nano-svfprintf.o)
                0x00005d88                __ssputs_r
 .text._svfprintf_r
                0x00005e4c      0x1fc c:/program files (x86)/cypress/psoc creator/4.2/psoc creator/import/gnu/arm/5.4.1/bin/../lib/gcc/arm-none-eabi/5.4.1/../../../../arm-none-eabi/lib/armv6-m\libg_nano.a(lib_a-nano-svfprintf.o)
                0x00005e4c                _svfiprintf_r
                0x00005e4c                _svfprintf_r
 .text._printf_common
                0x00006048       0xdc c:/program files (x86)/cypress/psoc creator/4.2/psoc creator/import/gnu/arm/5.4.1/bin/../lib/gcc/arm-none-eabi/5.4.1/../../../../arm-none-eabi/lib/armv6-m\libg_nano.a(lib_a-nano-vfprintf_i.o)
                0x00006048                _printf_common
 .text._printf_i
                0x00006124      0x244 c:/program files (x86)/cypress/psoc creator/4.2/psoc creator/import/gnu/arm/5.4.1/bin/../lib/gcc/arm-none-eabi/5.4.1/../../../../arm-none-eabi/lib/armv6-m\libg_nano.a(lib_a-nano-vfprintf_i.o)
                0x00006124                _printf_i
 .text.memchr   0x00006368       0x16 c:/program files (x86)/cypress/psoc creator/4.2/psoc creator/import/gnu/arm/5.4.1/bin/../lib/gcc/arm-none-eabi/5.4.1/../../../../arm-none-eabi/lib/armv6-m\libg_nano.a(lib_a-memchr-stub.o)
                0x00006368                memchr
 .text.memmove  0x0000637e       0x2a c:/program files (x86)/cypress/psoc creator/4.2/psoc creator/import/gnu/arm/5.4.1/bin/../lib/gcc/arm-none-eabi/5.4.1/../../../../arm-none-eabi/lib/armv6-m\libg_nano.a(lib_a-memmove.o)
                0x0000637e                memmove
 .text._free_r  0x000063a8       0x98 c:/program files (x86)/cypress/psoc creator/4.2/psoc creator/import/gnu/arm/5.4.1/bin/../lib/gcc/arm-none-eabi/5.4.1/../../../../arm-none-eabi/lib/armv6-m\libg_nano.a(lib_a-nano-freer.o)
                0x000063a8                _free_r
 .text._malloc_r
                0x00006440       0xc0 c:/program files (x86)/cypress/psoc creator/4.2/psoc creator/import/gnu/arm/5.4.1/bin/../lib/gcc/arm-none-eabi/5.4.1/../../../../arm-none-eabi/lib/armv6-m\libg_nano.a(lib_a-nano-mallocr.o)
                0x00006440                _malloc_r
 .text._realloc_r
                0x00006500       0x4c c:/program files (x86)/cypress/psoc creator/4.2/psoc creator/import/gnu/arm/5.4.1/bin/../lib/gcc/arm-none-eabi/5.4.1/../../../../arm-none-eabi/lib/armv6-m\libg_nano.a(lib_a-nano-reallocr.o)
                0x00006500                _realloc_r
 .text._sbrk_r  0x0000654c       0x24 c:/program files (x86)/cypress/psoc creator/4.2/psoc creator/import/gnu/arm/5.4.1/bin/../lib/gcc/arm-none-eabi/5.4.1/../../../../arm-none-eabi/lib/armv6-m\libg_nano.a(lib_a-sbrkr.o)
                0x0000654c                _sbrk_r
 .text.__malloc_lock
                0x00006570        0x2 c:/program files (x86)/cypress/psoc creator/4.2/psoc creator/import/gnu/arm/5.4.1/bin/../lib/gcc/arm-none-eabi/5.4.1/../../../../arm-none-eabi/lib/armv6-m\libg_nano.a(lib_a-mlock.o)
                0x00006570                __malloc_lock
 .text.__malloc_unlock
                0x00006572        0x2 c:/program files (x86)/cypress/psoc creator/4.2/psoc creator/import/gnu/arm/5.4.1/bin/../lib/gcc/arm-none-eabi/5.4.1/../../../../arm-none-eabi/lib/armv6-m\libg_nano.a(lib_a-mlock.o)
                0x00006572                __malloc_unlock
 .text._malloc_usable_size_r
                0x00006574       0x16 c:/program files (x86)/cypress/psoc creator/4.2/psoc creator/import/gnu/arm/5.4.1/bin/../lib/gcc/arm-none-eabi/5.4.1/../../../../arm-none-eabi/lib/armv6-m\libg_nano.a(lib_a-nano-msizer.o)
                0x00006574                _malloc_usable_size_r
 *(.plt)
 *(.gnu.warning)
 *(.glue_7t)
 .glue_7t       0x0000658a        0x0 linker stubs
 *(.glue_7)
 .glue_7        0x0000658a        0x0 linker stubs
 *(.vfp11_veneer)
 .vfp11_veneer  0x0000658a        0x0 linker stubs
 *(.bootloader)
 *(.ARM.extab* .gnu.linkonce.armextab.*)
 *(.gcc_except_table)

.v4_bx          0x0000658c        0x0
 .v4_bx         0x0000658c        0x0 linker stubs

.iplt           0x0000658c        0x0
 .iplt          0x0000658c        0x0 c:/program files (x86)/cypress/psoc creator/4.2/psoc creator/import/gnu/arm/5.4.1/bin/../lib/gcc/arm-none-eabi/5.4.1/armv6-m/crtbegin.o

.eh_frame_hdr
 *(.eh_frame_hdr)

.eh_frame       0x0000658c        0x4
 *(.eh_frame)
 .eh_frame      0x0000658c        0x0 c:/program files (x86)/cypress/psoc creator/4.2/psoc creator/import/gnu/arm/5.4.1/bin/../lib/gcc/arm-none-eabi/5.4.1/armv6-m/crtbegin.o
 .eh_frame      0x0000658c        0x4 c:/program files (x86)/cypress/psoc creator/4.2/psoc creator/import/gnu/arm/5.4.1/bin/../lib/gcc/arm-none-eabi/5.4.1/armv6-m/crtend.o
                [!provide]                PROVIDE (__exidx_start, .)

.ARM.exidx
 *(.ARM.exidx* .gnu.linkonce.armexidx.*)
                0x00006590                __exidx_end = .

.rodata         0x00006600      0xee8
 *(.rodata .rodata.* .gnu.linkonce.r.*)
 .rodata        0x00006600       0x3a .\CortexM0\ARM_GCC_541\Debug\serial.o
 *fill*         0x0000663a        0x2 
 .rodata        0x0000663c       0x51 .\CortexM0\ARM_GCC_541\Debug\input.o
                0x0000664c                escapes
 *fill*         0x0000668d        0x3 
 .rodata        0x00006690      0x8a6 .\CortexM0\ARM_GCC_541\Debug\command.o
                0x000069b0                commands
                0x00006d98                auto_means
                0x00006dcc                enable_disable_means
                0x00006e58                eos_means
 *fill*         0x00006f36       0xca 
 .rodata        0x00007000      0x200 .\CortexM0\ARM_GCC_541\Debug\settings.o
                0x00007000                eeprom
 .rodata        0x00007200       0x70 .\CortexM0\ARM_GCC_541\Debug\cyfitter_cfg.o
 .rodata        0x00007270       0x2e .\CortexM0\ARM_GCC_541\Debug\GPIB USB 1.a(CyLib.o)
                0x00007270                cyImoFreqMhz2Reg
 *fill*         0x0000729e        0x2 
 .rodata        0x000072a0       0x34 .\CortexM0\ARM_GCC_541\Debug\GPIB USB 1.a(USBUART_episr.o)
 .rodata        0x000072d4       0x41 .\CortexM0\ARM_GCC_541\Debug\GPIB USB 1.a(USBUART_std.o)
 *fill*         0x00007315        0x3 
 .rodata        0x00007318      0x160 .\CortexM0\ARM_GCC_541\Debug\GPIB USB 1.a(USBUART_descr.o)
                0x00007318                USBUART_DEVICE0_DESCR
                0x0000732c                USBUART_DEVICE0_CONFIGURATION0_DESCR
                0x00007370                USBUART_STRING_DESCRIPTORS
                0x00007410                USBUART_SN_STRING_DESCRIPTOR
                0x00007414                USBUART_DEVICE0_CONFIGURATION0_EP_SETTINGS_TABLE
                0x0000742c                USBUART_DEVICE0_CONFIGURATION0_INTERFACE_CLASS
                0x00007430                USBUART_DEVICE0_CONFIGURATION0_TABLE
                0x00007458                USBUART_DEVICE0_TABLE
                0x00007470                USBUART_TABLE
 .rodata.str1.1
                0x00007478        0x2 c:/program files (x86)/cypress/psoc creator/4.2/psoc creator/import/gnu/arm/5.4.1/bin/../lib/gcc/arm-none-eabi/5.4.1/../../../../arm-none-eabi/lib/armv6-m\libg_nano.a(lib_a-impure.o)
 .rodata.str1.1
                0x0000747a       0x11 c:/program files (x86)/cypress/psoc creator/4.2/psoc creator/import/gnu/arm/5.4.1/bin/../lib/gcc/arm-none-eabi/5.4.1/../../../../arm-none-eabi/lib/armv6-m\libg_nano.a(lib_a-nano-svfprintf.o)
 .rodata.str1.1
                0x0000748b       0x22 c:/program files (x86)/cypress/psoc creator/4.2/psoc creator/import/gnu/arm/5.4.1/bin/../lib/gcc/arm-none-eabi/5.4.1/../../../../arm-none-eabi/lib/armv6-m\libg_nano.a(lib_a-nano-vfprintf_i.o)
                0x000074b0                . = ALIGN (0x4)
 *fill*         0x000074ad        0x3 
 *(.init)
 .init          0x000074b0        0x4 c:/program files (x86)/cypress/psoc creator/4.2/psoc creator/import/gnu/arm/5.4.1/bin/../lib/gcc/arm-none-eabi/5.4.1/armv6-m/crti.o
                0x000074b0                _init
 .init          0x000074b4        0x8 c:/program files (x86)/cypress/psoc creator/4.2/psoc creator/import/gnu/arm/5.4.1/bin/../lib/gcc/arm-none-eabi/5.4.1/armv6-m/crtn.o
                0x000074bc                . = ALIGN (0x4)
                0x000074bc                __preinit_array_start = .
 *(.preinit_array)
                0x000074bc                __preinit_array_end = .
                0x000074bc                . = ALIGN (0x4)
                0x000074bc                __init_array_start = .
 *(SORT(.init_array.*))
 *(.init_array)
 .init_array    0x000074bc        0x4 c:/program files (x86)/cypress/psoc creator/4.2/psoc creator/import/gnu/arm/5.4.1/bin/../lib/gcc/arm-none-eabi/5.4.1/armv6-m/crtbegin.o
 .init_array    0x000074c0        0x4 .\CortexM0\ARM_GCC_541\Debug\Cm0Start.o
                0x000074c4                __init_array_end = .
                0x000074c4                . = ALIGN (0x4)
 *(.fini)
 .fini          0x000074c4        0x4 c:/program files (x86)/cypress/psoc creator/4.2/psoc creator/import/gnu/arm/5.4.1/bin/../lib/gcc/arm-none-eabi/5.4.1/armv6-m/crti.o
                0x000074c4                _fini
 .fini          0x000074c8        0x8 c:/program files (x86)/cypress/psoc creator/4.2/psoc creator/import/gnu/arm/5.4.1/bin/../lib/gcc/arm-none-eabi/5.4.1/armv6-m/crtn.o
                0x000074d0                . = ALIGN (0x4)
                0x000074d0                __fini_array_start = .
 *(.fini_array)
 .fini_array    0x000074d0        0x4 c:/program files (x86)/cypress/psoc creator/4.2/psoc creator/import/gnu/arm/5.4.1/bin/../lib/gcc/arm-none-eabi/5.4.1/armv6-m/crtbegin.o
 *(SORT(.fini_array.*))
                0x000074d4                __fini_array_end = .
                0x000074d4                . = ALIGN (0x4)
 *crtbegin.o(.ctors)
 *(EXCLUDE_FILE(*crtend.o) .ctors)
 *(SORT(.ctors.*))
 *crtend.o(.ctors)
                0x000074d4                . = ALIGN (0x4)
 *crtbegin.o(.dtors)
 *(EXCLUDE_FILE(*crtend.o) .dtors)
 *(SORT(.dtors.*))
 *crtend.o(.dtors)
                0x000074d4                . = ALIGN (0x4)
                0x000074d4                __cy_regions = .
                0x000074d4        0x4 LONG 0x74e8 __cy_region_init_ram
                0x000074d8        0x4 LONG 0x200000c8 __cy_region_start_data
                0x000074dc        0x4 LONG 0x110 __cy_region_init_size_ram
                0x000074e0        0x4 LONG 0x5e0 __cy_region_zero_size_ram
                0x000074e4                __cy_regions_end = .
                0x000074e8                . = ALIGN (0x8)
 *fill*         0x000074e4        0x4 
                0x000074e8                _etext = .

.cy_checksum_exclude
                0x000074e8        0x0
 *(.cy_checksum_exclude)

.ramvectors     0x20000000       0xc0
                0x20000000                __cy_region_start_ram = .
 *(.ramvectors)
 .ramvectors    0x20000000       0xc0 .\CortexM0\ARM_GCC_541\Debug\Cm0Start.o
                0x20000000                CyRamVectors

.noinit         0x200000c0        0x4
 *(.noinit)
 .noinit        0x200000c0        0x4 .\CortexM0\ARM_GCC_541\Debug\Cm0Start.o

.data           0x200000c8      0x110 load address 0x000074e8
                0x200000c8                __cy_region_start_data = .
 *(.jcr)
 .jcr           0x200000c8        0x0 c:/program files (x86)/cypress/psoc creator/4.2/psoc creator/import/gnu/arm/5.4.1/bin/../lib/gcc/arm-none-eabi/5.4.1/armv6-m/crtbegin.o
 .jcr           0x200000c8        0x4 c:/program files (x86)/cypress/psoc creator/4.2/psoc creator/import/gnu/arm/5.4.1/bin/../lib/gcc/arm-none-eabi/5.4.1/armv6-m/crtend.o
 *(.got.plt)
 *(.got)
 *(.shdata)
 *(.data .data.* .gnu.linkonce.d.*)
 .data          0x200000cc        0xc .\CortexM0\ARM_GCC_541\Debug\gpib.o
                0x200000cc                my_address
                0x200000d0                listening
                0x200000d4                talking
 .data          0x200000d8        0x8 .\CortexM0\ARM_GCC_541\Debug\serial.o
                0x200000d8                output_free
                0x200000dc                input_p
 .data          0x200000e0       0x58 .\CortexM0\ARM_GCC_541\Debug\command.o
                0x200000e0                no_usage_args
                0x200000e8                enable_disable_usage
 .data          0x20000138        0x4 .\CortexM0\ARM_GCC_541\Debug\Cm0Start.o
 .data          0x2000013c       0x14 .\CortexM0\ARM_GCC_541\Debug\GPIB USB 1.a(CyLib.o)
                0x2000013c                cydelayFreqHz
                0x20000140                cydelayFreqKhz
                0x20000144                cydelayFreqMhz
                0x20000148                cydelay32kMs
                0x2000014c                CySysClkPumpConfig
 .data          0x20000150        0x8 .\CortexM0\ARM_GCC_541\Debug\GPIB USB 1.a(CyLFClk.o)
 .data          0x20000158       0x1a .\CortexM0\ARM_GCC_541\Debug\GPIB USB 1.a(USBUART_cdc.o)
                0x20000158                USBUART_linesCoding
 *fill*         0x20000172        0x2 
 .data.impure_data
                0x20000174       0x60 c:/program files (x86)/cypress/psoc creator/4.2/psoc creator/import/gnu/arm/5.4.1/bin/../lib/gcc/arm-none-eabi/5.4.1/../../../../arm-none-eabi/lib/armv6-m\libg_nano.a(lib_a-impure.o)
 .data._impure_ptr
                0x200001d4        0x4 c:/program files (x86)/cypress/psoc creator/4.2/psoc creator/import/gnu/arm/5.4.1/bin/../lib/gcc/arm-none-eabi/5.4.1/../../../../arm-none-eabi/lib/armv6-m\libg_nano.a(lib_a-impure.o)
                0x200001d4                _impure_ptr
                0x200001d8                . = ALIGN (0x8)
 *(.ram)
                0x200001d8                _edata = .

.igot.plt       0x200001d8        0x0 load address 0x000075f8
 .igot.plt      0x200001d8        0x0 c:/program files (x86)/cypress/psoc creator/4.2/psoc creator/import/gnu/arm/5.4.1/bin/../lib/gcc/arm-none-eabi/5.4.1/armv6-m/crtbegin.o

.bss            0x200001d8      0x5e0 load address 0x000075f8
                0x200001d8                PROVIDE (__bss_start__, .)
 *(.shbss)
 *(.bss .bss.* .gnu.linkonce.b.*)
 .bss           0x200001d8       0x1c c:/program files (x86)/cypress/psoc creator/4.2/psoc creator/import/gnu/arm/5.4.1/bin/../lib/gcc/arm-none-eabi/5.4.1/armv6-m/crtbegin.o
 .bss           0x200001f4        0x4 .\CortexM0\ARM_GCC_541\Debug\gpib.o
                0x200001f4                _gpib_mode
 .bss           0x200001f8       0x1c .\CortexM0\ARM_GCC_541\Debug\serial.o
                0x200001f8                input_avail
                0x200001fc                autoread
                0x20000200                cmdbuf_len
                0x20000204                mode
                0x20000208                charmode
                0x2000020c                last
                0x20000210                was_query
 .bss           0x20000214       0x10 .\CortexM0\ARM_GCC_541\Debug\input.o
                0x20000214                last_buf_len
                0x20000218                input_buf_len
                0x2000021c                input_cursor_pos
                0x20000220                escape
 .bss           0x20000224        0x4 .\CortexM0\ARM_GCC_541\Debug\command.o
                0x20000224                tok_count
 .bss           0x20000228       0x20 .\CortexM0\ARM_GCC_541\Debug\GPIB USB 1.a(CyLib.o)
                0x2000023c                CySysTickInitVar
                0x20000240                CySysClkImoTrim4
                0x20000244                CySysClkImoTrim5
 .bss           0x20000248       0x28 .\CortexM0\ARM_GCC_541\Debug\GPIB USB 1.a(CyLFClk.o)
 .bss           0x20000270        0x1 .\CortexM0\ARM_GCC_541\Debug\GPIB USB 1.a(USBUART.o)
                0x20000270                USBUART_initVar
 .bss           0x20000271        0x1 .\CortexM0\ARM_GCC_541\Debug\GPIB USB 1.a(USBUART_cdc.o)
 *fill*         0x20000272        0x2 
 .bss           0x20000274        0x2 .\CortexM0\ARM_GCC_541\Debug\GPIB USB 1.a(USBUART_std.o)
 .bss           0x20000276        0x1 .\CortexM0\ARM_GCC_541\Debug\GPIB USB 1.a(PWM_1.o)
                0x20000276                PWM_1_initVar
 .bss           0x20000277        0x1 .\CortexM0\ARM_GCC_541\Debug\GPIB USB 1.a(Timer1.o)
                0x20000277                Timer1_initVar
 .bss.__malloc_sbrk_start
                0x20000278        0x4 c:/program files (x86)/cypress/psoc creator/4.2/psoc creator/import/gnu/arm/5.4.1/bin/../lib/gcc/arm-none-eabi/5.4.1/../../../../arm-none-eabi/lib/armv6-m\libg_nano.a(lib_a-nano-mallocr.o)
                0x20000278                __malloc_sbrk_start
 .bss.__malloc_free_list
                0x2000027c        0x4 c:/program files (x86)/cypress/psoc creator/4.2/psoc creator/import/gnu/arm/5.4.1/bin/../lib/gcc/arm-none-eabi/5.4.1/../../../../arm-none-eabi/lib/armv6-m\libg_nano.a(lib_a-nano-mallocr.o)
                0x2000027c                __malloc_free_list
 *(COMMON)
 COMMON         0x20000280      0x2cc .\CortexM0\ARM_GCC_541\Debug\serial.o
                0x20000280                cmdbuf
                0x200002c0                end
                0x200002c4                output_buffer
                0x20000304                input_buffer
                0x20000344                d
                0x20000348                s
                0x2000034c                general_buffer
 COMMON         0x2000054c      0x108 .\CortexM0\ARM_GCC_541\Debug\input.o
                0x2000054c                esc_buf
                0x20000554                input_buf
                0x200005d4                last_buf
 COMMON         0x20000654       0x50 .\CortexM0\ARM_GCC_541\Debug\command.o
                0x20000654                toks
 COMMON         0x200006a4       0x18 .\CortexM0\ARM_GCC_541\Debug\settings.o
                0x200006a4                settings
 COMMON         0x200006bc       0x18 .\CortexM0\ARM_GCC_541\Debug\GPIB USB 1.a(USBUART_cdc.o)
                0x200006bc                USBUART_linesChanged
                0x200006c0                USBUART_cdcDataInEp
                0x200006c4                USBUART_cdcCommInInterruptEp
                0x200006c8                USBUART_cdcDataOutEp
                0x200006cc                USBUART_serialStateBitmap
                0x200006d0                USBUART_linesControlBitmap
 COMMON         0x200006d4       0x9a .\CortexM0\ARM_GCC_541\Debug\GPIB USB 1.a(USBUART_drv.o)
                0x200006d4                USBUART_lastPacketSize
                0x200006d5                USBUART_device
                0x200006d6                USBUART_transferByteCount
                0x200006d8                USBUART_transferState
                0x200006dc                USBUART_interfaceSettingLast
                0x200006e0                USBUART_currentTD
                0x200006ec                USBUART_interfaceNumber
                0x200006f0                USBUART_interfaceClass
                0x200006f4                USBUART_configurationChanged
                0x200006f5                USBUART_ep0Mode
                0x200006f6                USBUART_deviceAddress
                0x200006f7                USBUART_configuration
                0x200006f8                USBUART_ep0Count
                0x200006f9                USBUART_deviceStatus
                0x200006fc                USBUART_EP
                0x20000768                USBUART_interfaceSetting
                0x2000076a                USBUART_ep0Toggle
                0x2000076c                USBUART_interfaceStatus
 *fill*         0x2000076e        0x2 
 COMMON         0x20000770       0x1c .\CortexM0\ARM_GCC_541\Debug\GPIB USB 1.a(EEPROM.o)
                0x20000770                EEPROM_context
 COMMON         0x2000078c       0x22 .\CortexM0\ARM_GCC_541\Debug\GPIB USB 1.a(USBUART_descr.o)
                0x2000078c                USBUART_idSerialNumberStringDescriptor
 *fill*         0x200007ae        0x2 
 COMMON         0x200007b0        0x4 c:/program files (x86)/cypress/psoc creator/4.2/psoc creator/import/gnu/arm/5.4.1/bin/../lib/gcc/arm-none-eabi/5.4.1/../../../../arm-none-eabi/lib/armv6-m\libg_nano.a(lib_a-reent.o)
                0x200007b0                errno
                0x200007b8                . = ALIGN (0x8)
 *fill*         0x200007b4        0x4 
 *(.ram.b)
                0x200007b8                _end = .
                0x200007b8                __end = .
                [!provide]                PROVIDE (end, .)
                0x200007b8                PROVIDE (__bss_end__, .)
                0x000074e8                __cy_region_init_ram = LOADADDR (.data)
                0x00000110                __cy_region_init_size_ram = (_edata - ADDR (.data))
                0x000005e0                __cy_region_zero_size_ram = (_end - _edata)

.heap           0x200007b8       0x80 load address 0x000075f8
                0x200007b8                . = _end
                0x20000838                . = (. + 0x80)
 *fill*         0x200007b8       0x80 
                0x20000838                __cy_heap_limit = .

.stack          0x20001800      0x800
                0x20001800                __cy_stack_limit = .
                0x20002000                . = (. + 0x800)
 *fill*         0x20001800      0x800 
                0x00000001                ASSERT ((__cy_stack_limit >= __cy_heap_limit), region RAM overflowed with stack)
                0x00000000                cy_checksum_exclude_size = (CY_APPL_LOADABLE == 0x1)?SIZEOF (.cy_checksum_exclude):0x0
                0x00000001                ASSERT ((cy_checksum_exclude_size <= CY_CHECKSUM_EXCLUDE_SIZE), CY_BOOT: Section .cy_checksum_exclude size exceedes specified limit.)
                0x0000ffc0                cyloadermeta_start = (cy_project_type_bootloader || cy_project_type_app_for_stack_and_copier)?(LENGTH (rom) - CY_METADATA_SIZE):0xf0000000

.cyloadermeta
 *(.cyloadermeta)
                0x0000ffc0                cyloadablemeta_start = cy_project_type_app_for_stack_and_copier?((LENGTH (rom) - CY_FLASH_ROW_SIZE) - CY_METADATA_SIZE):((LENGTH (rom) - (CY_FLASH_ROW_SIZE * (CY_APPL_NUM - 0x1))) - CY_METADATA_SIZE)

.cyloadablemeta
 *(.cyloadablemeta)

.cyflashprotect
                0x90400000       0x20
 *(.cyflashprotect)
 .cyflashprotect
                0x90400000       0x20 .\CortexM0\ARM_GCC_541\Debug\cymetadata.o
                0x90400000                cy_meta_flashprotect

.cymeta         0x90500000        0xc
 *(.cymeta)
 .cymeta        0x90500000        0xc .\CortexM0\ARM_GCC_541\Debug\cymetadata.o
                0x90500000                cy_metadata

.cychipprotect  0x90600000        0x1
 *(.cychipprotect)
 .cychipprotect
                0x90600000        0x1 .\CortexM0\ARM_GCC_541\Debug\cymetadata.o
                0x90600000                cy_meta_chipprotect

.rel.dyn        0x000075f8        0x0 load address 0x90600004
 .rel.iplt      0x000075f8        0x0 c:/program files (x86)/cypress/psoc creator/4.2/psoc creator/import/gnu/arm/5.4.1/bin/../lib/gcc/arm-none-eabi/5.4.1/armv6-m/crtbegin.o

.stab
 *(.stab)

.stabstr
 *(.stabstr)

.debug
 *(.debug)

.line
 *(.line)

.debug_srcinfo
 *(.debug_srcinfo)

.debug_sfnames
 *(.debug_sfnames)

.debug_aranges  0x00000000      0xf60
 *(.debug_aranges)
 .debug_aranges
                0x00000000       0x20 .\CortexM0\ARM_GCC_541\Debug\main.o
 .debug_aranges
                0x00000020       0xe0 .\CortexM0\ARM_GCC_541\Debug\gpib.o
 .debug_aranges
                0x00000100       0x70 .\CortexM0\ARM_GCC_541\Debug\serial.o
 .debug_aranges
                0x00000170       0x60 .\CortexM0\ARM_GCC_541\Debug\input.o
 .debug_aranges
                0x000001d0       0xa0 .\CortexM0\ARM_GCC_541\Debug\command.o
 .debug_aranges
                0x00000270       0x30 .\CortexM0\ARM_GCC_541\Debug\settings.o
 .debug_aranges
                0x000002a0       0x28 .\CortexM0\ARM_GCC_541\Debug\utils.o
 .debug_aranges
                0x000002c8       0x18 .\CortexM0\ARM_GCC_541\Debug\usb_tmc.o
 .debug_aranges
                0x000002e0       0x50 .\CortexM0\ARM_GCC_541\Debug\cyfitter_cfg.o
 .debug_aranges
                0x00000330       0x18 .\CortexM0\ARM_GCC_541\Debug\cymetadata.o
 .debug_aranges
                0x00000348       0x48 .\CortexM0\ARM_GCC_541\Debug\Cm0Start.o
 .debug_aranges
                0x00000390       0x90 .\CortexM0\ARM_GCC_541\Debug\GPIB USB 1.a(cy_em_eeprom.o)
 .debug_aranges
                0x00000420       0x40 .\CortexM0\ARM_GCC_541\Debug\GPIB USB 1.a(CyFlash.o)
 .debug_aranges
                0x00000460      0x260 .\CortexM0\ARM_GCC_541\Debug\GPIB USB 1.a(CyLib.o)
 .debug_aranges
                0x000006c0      0x190 .\CortexM0\ARM_GCC_541\Debug\GPIB USB 1.a(CyLFClk.o)
 .debug_aranges
                0x00000850       0xe0 .\CortexM0\ARM_GCC_541\Debug\GPIB USB 1.a(USBUART.o)
 .debug_aranges
                0x00000930       0xe8 .\CortexM0\ARM_GCC_541\Debug\GPIB USB 1.a(USBUART_cdc.o)
 .debug_aranges
                0x00000a18       0x98 .\CortexM0\ARM_GCC_541\Debug\GPIB USB 1.a(USBUART_drv.o)
 .debug_aranges
                0x00000ab0       0x60 .\CortexM0\ARM_GCC_541\Debug\GPIB USB 1.a(USBUART_episr.o)
 .debug_aranges
                0x00000b10       0x40 .\CortexM0\ARM_GCC_541\Debug\GPIB USB 1.a(USBUART_pm.o)
 .debug_aranges
                0x00000b50       0x80 .\CortexM0\ARM_GCC_541\Debug\GPIB USB 1.a(USBUART_std.o)
 .debug_aranges
                0x00000bd0       0x20 .\CortexM0\ARM_GCC_541\Debug\GPIB USB 1.a(USBUART_vnd.o)
 .debug_aranges
                0x00000bf0       0x48 .\CortexM0\ARM_GCC_541\Debug\GPIB USB 1.a(USBUART_Dp.o)
 .debug_aranges
                0x00000c38      0x158 .\CortexM0\ARM_GCC_541\Debug\GPIB USB 1.a(PWM_1.o)
 .debug_aranges
                0x00000d90       0x20 .\CortexM0\ARM_GCC_541\Debug\GPIB USB 1.a(EEPROM.o)
 .debug_aranges
                0x00000db0      0x158 .\CortexM0\ARM_GCC_541\Debug\GPIB USB 1.a(Timer1.o)
 .debug_aranges
                0x00000f08       0x20 .\CortexM0\ARM_GCC_541\Debug\GPIB USB 1.a(CyBootAsmGnu.o)
 .debug_aranges
                0x00000f28       0x20 .\CortexM0\ARM_GCC_541\Debug\GPIB USB 1.a(USBUART_cls.o)
 .debug_aranges
                0x00000f48       0x18 .\CortexM0\ARM_GCC_541\Debug\GPIB USB 1.a(USBUART_descr.o)

.debug_pubnames
 *(.debug_pubnames)

.debug_info     0x00000000     0x8a7f
 *(.debug_info .gnu.linkonce.wi.*)
 .debug_info    0x00000000      0x11d .\CortexM0\ARM_GCC_541\Debug\main.o
 .debug_info    0x0000011d      0x644 .\CortexM0\ARM_GCC_541\Debug\gpib.o
 .debug_info    0x00000761      0x54b .\CortexM0\ARM_GCC_541\Debug\serial.o
 .debug_info    0x00000cac      0x2f1 .\CortexM0\ARM_GCC_541\Debug\input.o
 .debug_info    0x00000f9d      0x7d9 .\CortexM0\ARM_GCC_541\Debug\command.o
 .debug_info    0x00001776      0x2b5 .\CortexM0\ARM_GCC_541\Debug\settings.o
 .debug_info    0x00001a2b      0x173 .\CortexM0\ARM_GCC_541\Debug\utils.o
 .debug_info    0x00001b9e       0x87 .\CortexM0\ARM_GCC_541\Debug\usb_tmc.o
 .debug_info    0x00001c25      0x35e .\CortexM0\ARM_GCC_541\Debug\cyfitter_cfg.o
 .debug_info    0x00001f83       0xf8 .\CortexM0\ARM_GCC_541\Debug\cymetadata.o
 .debug_info    0x0000207b      0x312 .\CortexM0\ARM_GCC_541\Debug\Cm0Start.o
 .debug_info    0x0000238d      0xa68 .\CortexM0\ARM_GCC_541\Debug\GPIB USB 1.a(cy_em_eeprom.o)
 .debug_info    0x00002df5      0x263 .\CortexM0\ARM_GCC_541\Debug\GPIB USB 1.a(CyFlash.o)
 .debug_info    0x00003058     0x1237 .\CortexM0\ARM_GCC_541\Debug\GPIB USB 1.a(CyLib.o)
 .debug_info    0x0000428f      0xaa1 .\CortexM0\ARM_GCC_541\Debug\GPIB USB 1.a(CyLFClk.o)
 .debug_info    0x00004d30      0x8b0 .\CortexM0\ARM_GCC_541\Debug\GPIB USB 1.a(USBUART.o)
 .debug_info    0x000055e0      0x924 .\CortexM0\ARM_GCC_541\Debug\GPIB USB 1.a(USBUART_cdc.o)
 .debug_info    0x00005f04      0x53e .\CortexM0\ARM_GCC_541\Debug\GPIB USB 1.a(USBUART_drv.o)
 .debug_info    0x00006442      0x2f2 .\CortexM0\ARM_GCC_541\Debug\GPIB USB 1.a(USBUART_episr.o)
 .debug_info    0x00006734      0x18d .\CortexM0\ARM_GCC_541\Debug\GPIB USB 1.a(USBUART_pm.o)
 .debug_info    0x000068c1      0xa10 .\CortexM0\ARM_GCC_541\Debug\GPIB USB 1.a(USBUART_std.o)
 .debug_info    0x000072d1       0xfb .\CortexM0\ARM_GCC_541\Debug\GPIB USB 1.a(USBUART_vnd.o)
 .debug_info    0x000073cc      0x19a .\CortexM0\ARM_GCC_541\Debug\GPIB USB 1.a(USBUART_Dp.o)
 .debug_info    0x00007566      0x6fb .\CortexM0\ARM_GCC_541\Debug\GPIB USB 1.a(PWM_1.o)
 .debug_info    0x00007c61      0x21d .\CortexM0\ARM_GCC_541\Debug\GPIB USB 1.a(EEPROM.o)
 .debug_info    0x00007e7e      0x6fb .\CortexM0\ARM_GCC_541\Debug\GPIB USB 1.a(Timer1.o)
 .debug_info    0x00008579       0x8f .\CortexM0\ARM_GCC_541\Debug\GPIB USB 1.a(CyBootAsmGnu.o)
 .debug_info    0x00008608      0x1d4 .\CortexM0\ARM_GCC_541\Debug\GPIB USB 1.a(USBUART_cls.o)
 .debug_info    0x000087dc      0x2a3 .\CortexM0\ARM_GCC_541\Debug\GPIB USB 1.a(USBUART_descr.o)

.debug_abbrev   0x00000000     0x2481
 *(.debug_abbrev)
 .debug_abbrev  0x00000000       0x84 .\CortexM0\ARM_GCC_541\Debug\main.o
 .debug_abbrev  0x00000084      0x28b .\CortexM0\ARM_GCC_541\Debug\gpib.o
 .debug_abbrev  0x0000030f      0x1b8 .\CortexM0\ARM_GCC_541\Debug\serial.o
 .debug_abbrev  0x000004c7      0x15b .\CortexM0\ARM_GCC_541\Debug\input.o
 .debug_abbrev  0x00000622      0x206 .\CortexM0\ARM_GCC_541\Debug\command.o
 .debug_abbrev  0x00000828      0x11f .\CortexM0\ARM_GCC_541\Debug\settings.o
 .debug_abbrev  0x00000947       0xbb .\CortexM0\ARM_GCC_541\Debug\utils.o
 .debug_abbrev  0x00000a02       0x26 .\CortexM0\ARM_GCC_541\Debug\usb_tmc.o
 .debug_abbrev  0x00000a28      0x18a .\CortexM0\ARM_GCC_541\Debug\cyfitter_cfg.o
 .debug_abbrev  0x00000bb2       0x5d .\CortexM0\ARM_GCC_541\Debug\cymetadata.o
 .debug_abbrev  0x00000c0f      0x1c8 .\CortexM0\ARM_GCC_541\Debug\Cm0Start.o
 .debug_abbrev  0x00000dd7      0x1e5 .\CortexM0\ARM_GCC_541\Debug\GPIB USB 1.a(cy_em_eeprom.o)
 .debug_abbrev  0x00000fbc      0x120 .\CortexM0\ARM_GCC_541\Debug\GPIB USB 1.a(CyFlash.o)
 .debug_abbrev  0x000010dc      0x224 .\CortexM0\ARM_GCC_541\Debug\GPIB USB 1.a(CyLib.o)
 .debug_abbrev  0x00001300      0x22a .\CortexM0\ARM_GCC_541\Debug\GPIB USB 1.a(CyLFClk.o)
 .debug_abbrev  0x0000152a      0x218 .\CortexM0\ARM_GCC_541\Debug\GPIB USB 1.a(USBUART.o)
 .debug_abbrev  0x00001742      0x233 .\CortexM0\ARM_GCC_541\Debug\GPIB USB 1.a(USBUART_cdc.o)
 .debug_abbrev  0x00001975      0x161 .\CortexM0\ARM_GCC_541\Debug\GPIB USB 1.a(USBUART_drv.o)
 .debug_abbrev  0x00001ad6      0x14a .\CortexM0\ARM_GCC_541\Debug\GPIB USB 1.a(USBUART_episr.o)
 .debug_abbrev  0x00001c20       0xd1 .\CortexM0\ARM_GCC_541\Debug\GPIB USB 1.a(USBUART_pm.o)
 .debug_abbrev  0x00001cf1      0x1de .\CortexM0\ARM_GCC_541\Debug\GPIB USB 1.a(USBUART_std.o)
 .debug_abbrev  0x00001ecf       0x9b .\CortexM0\ARM_GCC_541\Debug\GPIB USB 1.a(USBUART_vnd.o)
 .debug_abbrev  0x00001f6a       0xaa .\CortexM0\ARM_GCC_541\Debug\GPIB USB 1.a(USBUART_Dp.o)
 .debug_abbrev  0x00002014       0xfc .\CortexM0\ARM_GCC_541\Debug\GPIB USB 1.a(PWM_1.o)
 .debug_abbrev  0x00002110       0xe8 .\CortexM0\ARM_GCC_541\Debug\GPIB USB 1.a(EEPROM.o)
 .debug_abbrev  0x000021f8       0xfc .\CortexM0\ARM_GCC_541\Debug\GPIB USB 1.a(Timer1.o)
 .debug_abbrev  0x000022f4       0x14 .\CortexM0\ARM_GCC_541\Debug\GPIB USB 1.a(CyBootAsmGnu.o)
 .debug_abbrev  0x00002308       0xc5 .\CortexM0\ARM_GCC_541\Debug\GPIB USB 1.a(USBUART_cls.o)
 .debug_abbrev  0x000023cd       0xb4 .\CortexM0\ARM_GCC_541\Debug\GPIB USB 1.a(USBUART_descr.o)

.debug_line     0x00000000     0x4748
 *(.debug_line)
 .debug_line    0x00000000      0x151 .\CortexM0\ARM_GCC_541\Debug\main.o
 .debug_line    0x00000151      0x3db .\CortexM0\ARM_GCC_541\Debug\gpib.o
 .debug_line    0x0000052c      0x3b4 .\CortexM0\ARM_GCC_541\Debug\serial.o
 .debug_line    0x000008e0      0x2b1 .\CortexM0\ARM_GCC_541\Debug\input.o
 .debug_line    0x00000b91      0x324 .\CortexM0\ARM_GCC_541\Debug\command.o
 .debug_line    0x00000eb5      0x1c2 .\CortexM0\ARM_GCC_541\Debug\settings.o
 .debug_line    0x00001077      0x174 .\CortexM0\ARM_GCC_541\Debug\utils.o
 .debug_line    0x000011eb       0x1d .\CortexM0\ARM_GCC_541\Debug\usb_tmc.o
 .debug_line    0x00001208      0x19e .\CortexM0\ARM_GCC_541\Debug\cyfitter_cfg.o
 .debug_line    0x000013a6      0x141 .\CortexM0\ARM_GCC_541\Debug\cymetadata.o
 .debug_line    0x000014e7      0x1d0 .\CortexM0\ARM_GCC_541\Debug\Cm0Start.o
 .debug_line    0x000016b7      0x4e8 .\CortexM0\ARM_GCC_541\Debug\GPIB USB 1.a(cy_em_eeprom.o)
 .debug_line    0x00001b9f      0x1a3 .\CortexM0\ARM_GCC_541\Debug\GPIB USB 1.a(CyFlash.o)
 .debug_line    0x00001d42      0x952 .\CortexM0\ARM_GCC_541\Debug\GPIB USB 1.a(CyLib.o)
 .debug_line    0x00002694      0x708 .\CortexM0\ARM_GCC_541\Debug\GPIB USB 1.a(CyLFClk.o)
 .debug_line    0x00002d9c      0x3e1 .\CortexM0\ARM_GCC_541\Debug\GPIB USB 1.a(USBUART.o)
 .debug_line    0x0000317d      0x30e .\CortexM0\ARM_GCC_541\Debug\GPIB USB 1.a(USBUART_cdc.o)
 .debug_line    0x0000348b      0x23a .\CortexM0\ARM_GCC_541\Debug\GPIB USB 1.a(USBUART_drv.o)
 .debug_line    0x000036c5      0x14d .\CortexM0\ARM_GCC_541\Debug\GPIB USB 1.a(USBUART_episr.o)
 .debug_line    0x00003812       0xd8 .\CortexM0\ARM_GCC_541\Debug\GPIB USB 1.a(USBUART_pm.o)
 .debug_line    0x000038ea      0x46c .\CortexM0\ARM_GCC_541\Debug\GPIB USB 1.a(USBUART_std.o)
 .debug_line    0x00003d56       0x79 .\CortexM0\ARM_GCC_541\Debug\GPIB USB 1.a(USBUART_vnd.o)
 .debug_line    0x00003dcf       0xc2 .\CortexM0\ARM_GCC_541\Debug\GPIB USB 1.a(USBUART_Dp.o)
 .debug_line    0x00003e91      0x373 .\CortexM0\ARM_GCC_541\Debug\GPIB USB 1.a(PWM_1.o)
 .debug_line    0x00004204       0x77 .\CortexM0\ARM_GCC_541\Debug\GPIB USB 1.a(EEPROM.o)
 .debug_line    0x0000427b      0x36f .\CortexM0\ARM_GCC_541\Debug\GPIB USB 1.a(Timer1.o)
 .debug_line    0x000045ea       0x68 .\CortexM0\ARM_GCC_541\Debug\GPIB USB 1.a(CyBootAsmGnu.o)
 .debug_line    0x00004652       0x95 .\CortexM0\ARM_GCC_541\Debug\GPIB USB 1.a(USBUART_cls.o)
 .debug_line    0x000046e7       0x61 .\CortexM0\ARM_GCC_541\Debug\GPIB USB 1.a(USBUART_descr.o)

.debug_frame    0x00000000     0x37d0
 *(.debug_frame)
 .debug_frame   0x00000000       0x2c .\CortexM0\ARM_GCC_541\Debug\main.o
 .debug_frame   0x0000002c      0x314 .\CortexM0\ARM_GCC_541\Debug\gpib.o
 .debug_frame   0x00000340      0x160 .\CortexM0\ARM_GCC_541\Debug\serial.o
 .debug_frame   0x000004a0      0x120 .\CortexM0\ARM_GCC_541\Debug\input.o
 .debug_frame   0x000005c0      0x224 .\CortexM0\ARM_GCC_541\Debug\command.o
 .debug_frame   0x000007e4       0x74 .\CortexM0\ARM_GCC_541\Debug\settings.o
 .debug_frame   0x00000858       0x50 .\CortexM0\ARM_GCC_541\Debug\utils.o
 .debug_frame   0x000008a8       0xe8 .\CortexM0\ARM_GCC_541\Debug\cyfitter_cfg.o
 .debug_frame   0x00000990       0xc8 .\CortexM0\ARM_GCC_541\Debug\Cm0Start.o
 .debug_frame   0x00000a58      0x214 .\CortexM0\ARM_GCC_541\Debug\GPIB USB 1.a(cy_em_eeprom.o)
 .debug_frame   0x00000c6c       0xbc .\CortexM0\ARM_GCC_541\Debug\GPIB USB 1.a(CyFlash.o)
 .debug_frame   0x00000d28      0x928 .\CortexM0\ARM_GCC_541\Debug\GPIB USB 1.a(CyLib.o)
 .debug_frame   0x00001650      0x5dc .\CortexM0\ARM_GCC_541\Debug\GPIB USB 1.a(CyLFClk.o)
 .debug_frame   0x00001c2c      0x334 .\CortexM0\ARM_GCC_541\Debug\GPIB USB 1.a(USBUART.o)
 .debug_frame   0x00001f60      0x340 .\CortexM0\ARM_GCC_541\Debug\GPIB USB 1.a(USBUART_cdc.o)
 .debug_frame   0x000022a0      0x1f0 .\CortexM0\ARM_GCC_541\Debug\GPIB USB 1.a(USBUART_drv.o)
 .debug_frame   0x00002490      0x110 .\CortexM0\ARM_GCC_541\Debug\GPIB USB 1.a(USBUART_episr.o)
 .debug_frame   0x000025a0       0xac .\CortexM0\ARM_GCC_541\Debug\GPIB USB 1.a(USBUART_pm.o)
 .debug_frame   0x0000264c      0x1c0 .\CortexM0\ARM_GCC_541\Debug\GPIB USB 1.a(USBUART_std.o)
 .debug_frame   0x0000280c       0x30 .\CortexM0\ARM_GCC_541\Debug\GPIB USB 1.a(USBUART_vnd.o)
 .debug_frame   0x0000283c       0xc8 .\CortexM0\ARM_GCC_541\Debug\GPIB USB 1.a(USBUART_Dp.o)
 .debug_frame   0x00002904      0x52c .\CortexM0\ARM_GCC_541\Debug\GPIB USB 1.a(PWM_1.o)
 .debug_frame   0x00002e30       0x34 .\CortexM0\ARM_GCC_541\Debug\GPIB USB 1.a(EEPROM.o)
 .debug_frame   0x00002e64      0x52c .\CortexM0\ARM_GCC_541\Debug\GPIB USB 1.a(Timer1.o)
 .debug_frame   0x00003390       0x34 .\CortexM0\ARM_GCC_541\Debug\GPIB USB 1.a(USBUART_cls.o)
 .debug_frame   0x000033c4       0x20 c:/program files (x86)/cypress/psoc creator/4.2/psoc creator/import/gnu/arm/5.4.1/bin/../lib/gcc/arm-none-eabi/5.4.1/armv6-m\libgcc.a(_udivsi3.o)
 .debug_frame   0x000033e4       0x20 c:/program files (x86)/cypress/psoc creator/4.2/psoc creator/import/gnu/arm/5.4.1/bin/../lib/gcc/arm-none-eabi/5.4.1/armv6-m\libgcc.a(_divsi3.o)
 .debug_frame   0x00003404       0x20 c:/program files (x86)/cypress/psoc creator/4.2/psoc creator/import/gnu/arm/5.4.1/bin/../lib/gcc/arm-none-eabi/5.4.1/../../../../arm-none-eabi/lib/armv6-m\libg_nano.a(lib_a-errno.o)
 .debug_frame   0x00003424       0x28 c:/program files (x86)/cypress/psoc creator/4.2/psoc creator/import/gnu/arm/5.4.1/bin/../lib/gcc/arm-none-eabi/5.4.1/../../../../arm-none-eabi/lib/armv6-m\libg_nano.a(lib_a-exit.o)
 .debug_frame   0x0000344c       0x2c c:/program files (x86)/cypress/psoc creator/4.2/psoc creator/import/gnu/arm/5.4.1/bin/../lib/gcc/arm-none-eabi/5.4.1/../../../../arm-none-eabi/lib/armv6-m\libg_nano.a(lib_a-init.o)
 .debug_frame   0x00003478       0x2c c:/program files (x86)/cypress/psoc creator/4.2/psoc creator/import/gnu/arm/5.4.1/bin/../lib/gcc/arm-none-eabi/5.4.1/../../../../arm-none-eabi/lib/armv6-m\libg_nano.a(lib_a-memcmp.o)
 .debug_frame   0x000034a4       0x28 c:/program files (x86)/cypress/psoc creator/4.2/psoc creator/import/gnu/arm/5.4.1/bin/../lib/gcc/arm-none-eabi/5.4.1/../../../../arm-none-eabi/lib/armv6-m\libg_nano.a(lib_a-memcpy-stub.o)
 .debug_frame   0x000034cc       0x20 c:/program files (x86)/cypress/psoc creator/4.2/psoc creator/import/gnu/arm/5.4.1/bin/../lib/gcc/arm-none-eabi/5.4.1/../../../../arm-none-eabi/lib/armv6-m\libg_nano.a(lib_a-memset.o)
 .debug_frame   0x000034ec       0x20 c:/program files (x86)/cypress/psoc creator/4.2/psoc creator/import/gnu/arm/5.4.1/bin/../lib/gcc/arm-none-eabi/5.4.1/../../../../arm-none-eabi/lib/armv6-m\libg_nano.a(lib_a-strchr.o)
 .debug_frame   0x0000350c       0x20 c:/program files (x86)/cypress/psoc creator/4.2/psoc creator/import/gnu/arm/5.4.1/bin/../lib/gcc/arm-none-eabi/5.4.1/../../../../arm-none-eabi/lib/armv6-m\libg_nano.a(lib_a-strcmp.o)
 .debug_frame   0x0000352c       0x48 c:/program files (x86)/cypress/psoc creator/4.2/psoc creator/import/gnu/arm/5.4.1/bin/../lib/gcc/arm-none-eabi/5.4.1/../../../../arm-none-eabi/lib/armv6-m\libg_nano.a(lib_a-vsnprintf.o)
 .debug_frame   0x00003574       0x74 c:/program files (x86)/cypress/psoc creator/4.2/psoc creator/import/gnu/arm/5.4.1/bin/../lib/gcc/arm-none-eabi/5.4.1/../../../../arm-none-eabi/lib/armv6-m\libg_nano.a(lib_a-nano-svfprintf.o)
 .debug_frame   0x000035e8       0x54 c:/program files (x86)/cypress/psoc creator/4.2/psoc creator/import/gnu/arm/5.4.1/bin/../lib/gcc/arm-none-eabi/5.4.1/../../../../arm-none-eabi/lib/armv6-m\libg_nano.a(lib_a-nano-vfprintf_i.o)
 .debug_frame   0x0000363c       0x20 c:/program files (x86)/cypress/psoc creator/4.2/psoc creator/import/gnu/arm/5.4.1/bin/../lib/gcc/arm-none-eabi/5.4.1/../../../../arm-none-eabi/lib/armv6-m\libg_nano.a(lib_a-memchr-stub.o)
 .debug_frame   0x0000365c       0x28 c:/program files (x86)/cypress/psoc creator/4.2/psoc creator/import/gnu/arm/5.4.1/bin/../lib/gcc/arm-none-eabi/5.4.1/../../../../arm-none-eabi/lib/armv6-m\libg_nano.a(lib_a-memmove.o)
 .debug_frame   0x00003684       0x2c c:/program files (x86)/cypress/psoc creator/4.2/psoc creator/import/gnu/arm/5.4.1/bin/../lib/gcc/arm-none-eabi/5.4.1/../../../../arm-none-eabi/lib/armv6-m\libg_nano.a(lib_a-nano-freer.o)
 .debug_frame   0x000036b0       0x2c c:/program files (x86)/cypress/psoc creator/4.2/psoc creator/import/gnu/arm/5.4.1/bin/../lib/gcc/arm-none-eabi/5.4.1/../../../../arm-none-eabi/lib/armv6-m\libg_nano.a(lib_a-nano-mallocr.o)
 .debug_frame   0x000036dc       0x30 c:/program files (x86)/cypress/psoc creator/4.2/psoc creator/import/gnu/arm/5.4.1/bin/../lib/gcc/arm-none-eabi/5.4.1/../../../../arm-none-eabi/lib/armv6-m\libg_nano.a(lib_a-nano-reallocr.o)
 .debug_frame   0x0000370c       0x2c c:/program files (x86)/cypress/psoc creator/4.2/psoc creator/import/gnu/arm/5.4.1/bin/../lib/gcc/arm-none-eabi/5.4.1/../../../../arm-none-eabi/lib/armv6-m\libg_nano.a(lib_a-sbrkr.o)
 .debug_frame   0x00003738       0x30 c:/program files (x86)/cypress/psoc creator/4.2/psoc creator/import/gnu/arm/5.4.1/bin/../lib/gcc/arm-none-eabi/5.4.1/../../../../arm-none-eabi/lib/armv6-m\libg_nano.a(lib_a-mlock.o)
 .debug_frame   0x00003768       0x20 c:/program files (x86)/cypress/psoc creator/4.2/psoc creator/import/gnu/arm/5.4.1/bin/../lib/gcc/arm-none-eabi/5.4.1/../../../../arm-none-eabi/lib/armv6-m\libg_nano.a(lib_a-nano-msizer.o)
 .debug_frame   0x00003788       0x48 c:/program files (x86)/cypress/psoc creator/4.2/psoc creator/import/gnu/arm/5.4.1/bin/../lib/gcc/arm-none-eabi/5.4.1/../../../../arm-none-eabi/lib/armv6-m\libg_nano.a(lib_a-reent.o)

.debug_str      0x00000000     0x395c
 *(.debug_str)
 .debug_str     0x00000000      0x16f .\CortexM0\ARM_GCC_541\Debug\main.o
                                0x1b7 (size before relaxing)
 .debug_str     0x0000016f      0x25a .\CortexM0\ARM_GCC_541\Debug\gpib.o
                                0x41f (size before relaxing)
 .debug_str     0x000003c9      0x14c .\CortexM0\ARM_GCC_541\Debug\serial.o
                                0x385 (size before relaxing)
 .debug_str     0x00000515       0xf4 .\CortexM0\ARM_GCC_541\Debug\input.o
                                0x2b9 (size before relaxing)
 .debug_str     0x00000609      0x167 .\CortexM0\ARM_GCC_541\Debug\command.o
                                0x393 (size before relaxing)
 .debug_str     0x00000770      0x163 .\CortexM0\ARM_GCC_541\Debug\settings.o
                                0x361 (size before relaxing)
 .debug_str     0x000008d3       0x23 .\CortexM0\ARM_GCC_541\Debug\utils.o
                                0x1b4 (size before relaxing)
 .debug_str     0x000008f6        0xa .\CortexM0\ARM_GCC_541\Debug\usb_tmc.o
                                0x184 (size before relaxing)
 .debug_str     0x00000900       0xfe .\CortexM0\ARM_GCC_541\Debug\cyfitter_cfg.o
                                0x2bf (size before relaxing)
 .debug_str     0x000009fe       0x59 .\CortexM0\ARM_GCC_541\Debug\cymetadata.o
                                0x1c7 (size before relaxing)
 .debug_str     0x00000a57      0x114 .\CortexM0\ARM_GCC_541\Debug\Cm0Start.o
                                0x2cd (size before relaxing)
 .debug_str     0x00000b6b      0x34b .\CortexM0\ARM_GCC_541\Debug\GPIB USB 1.a(cy_em_eeprom.o)
                                0x614 (size before relaxing)
 .debug_str     0x00000eb6       0xc8 .\CortexM0\ARM_GCC_541\Debug\GPIB USB 1.a(CyFlash.o)
                                0x274 (size before relaxing)
 .debug_str     0x00000f7e      0x8b7 .\CortexM0\ARM_GCC_541\Debug\GPIB USB 1.a(CyLib.o)
                                0xabf (size before relaxing)
 .debug_str     0x00001835      0x6f5 .\CortexM0\ARM_GCC_541\Debug\GPIB USB 1.a(CyLFClk.o)
                                0x8de (size before relaxing)
 .debug_str     0x00001f2a      0x4d2 .\CortexM0\ARM_GCC_541\Debug\GPIB USB 1.a(USBUART.o)
                                0x694 (size before relaxing)
 .debug_str     0x000023fc      0x4d2 .\CortexM0\ARM_GCC_541\Debug\GPIB USB 1.a(USBUART_cdc.o)
                                0x719 (size before relaxing)
 .debug_str     0x000028ce      0x296 .\CortexM0\ARM_GCC_541\Debug\GPIB USB 1.a(USBUART_drv.o)
                                0x601 (size before relaxing)
 .debug_str     0x00002b64       0xf6 .\CortexM0\ARM_GCC_541\Debug\GPIB USB 1.a(USBUART_episr.o)
                                0x351 (size before relaxing)
 .debug_str     0x00002c5a       0xb8 .\CortexM0\ARM_GCC_541\Debug\GPIB USB 1.a(USBUART_pm.o)
                                0x271 (size before relaxing)
 .debug_str     0x00002d12      0x29a .\CortexM0\ARM_GCC_541\Debug\GPIB USB 1.a(USBUART_std.o)
                                0x7a4 (size before relaxing)
 .debug_str     0x00002fac       0x3e .\CortexM0\ARM_GCC_541\Debug\GPIB USB 1.a(USBUART_vnd.o)
                                0x1f3 (size before relaxing)
 .debug_str     0x00002fea       0xce .\CortexM0\ARM_GCC_541\Debug\GPIB USB 1.a(USBUART_Dp.o)
                                0x258 (size before relaxing)
 .debug_str     0x000030b8      0x3d5 .\CortexM0\ARM_GCC_541\Debug\GPIB USB 1.a(PWM_1.o)
                                0x583 (size before relaxing)
 .debug_str     0x0000348d       0x3b .\CortexM0\ARM_GCC_541\Debug\GPIB USB 1.a(EEPROM.o)
                                0x312 (size before relaxing)
 .debug_str     0x000034c8      0x351 .\CortexM0\ARM_GCC_541\Debug\GPIB USB 1.a(Timer1.o)
                                0x5ad (size before relaxing)
 .debug_str     0x00003819       0x3f .\CortexM0\ARM_GCC_541\Debug\GPIB USB 1.a(USBUART_cls.o)
                                0x295 (size before relaxing)
 .debug_str     0x00003858      0x104 .\CortexM0\ARM_GCC_541\Debug\GPIB USB 1.a(USBUART_descr.o)
                                0x358 (size before relaxing)

.debug_loc
 *(.debug_loc)

.debug_macinfo
 *(.debug_macinfo)

.debug_ranges   0x00000000      0xd80
 *(.debug_ranges)
 .debug_ranges  0x00000000       0x10 .\CortexM0\ARM_GCC_541\Debug\main.o
 .debug_ranges  0x00000010       0xd0 .\CortexM0\ARM_GCC_541\Debug\gpib.o
 .debug_ranges  0x000000e0       0x60 .\CortexM0\ARM_GCC_541\Debug\serial.o
 .debug_ranges  0x00000140       0x50 .\CortexM0\ARM_GCC_541\Debug\input.o
 .debug_ranges  0x00000190       0x90 .\CortexM0\ARM_GCC_541\Debug\command.o
 .debug_ranges  0x00000220       0x20 .\CortexM0\ARM_GCC_541\Debug\settings.o
 .debug_ranges  0x00000240       0x18 .\CortexM0\ARM_GCC_541\Debug\utils.o
 .debug_ranges  0x00000258       0x40 .\CortexM0\ARM_GCC_541\Debug\cyfitter_cfg.o
 .debug_ranges  0x00000298       0x38 .\CortexM0\ARM_GCC_541\Debug\Cm0Start.o
 .debug_ranges  0x000002d0       0x98 .\CortexM0\ARM_GCC_541\Debug\GPIB USB 1.a(cy_em_eeprom.o)
 .debug_ranges  0x00000368       0x30 .\CortexM0\ARM_GCC_541\Debug\GPIB USB 1.a(CyFlash.o)
 .debug_ranges  0x00000398      0x250 .\CortexM0\ARM_GCC_541\Debug\GPIB USB 1.a(CyLib.o)
 .debug_ranges  0x000005e8      0x180 .\CortexM0\ARM_GCC_541\Debug\GPIB USB 1.a(CyLFClk.o)
 .debug_ranges  0x00000768       0xd0 .\CortexM0\ARM_GCC_541\Debug\GPIB USB 1.a(USBUART.o)
 .debug_ranges  0x00000838       0xd8 .\CortexM0\ARM_GCC_541\Debug\GPIB USB 1.a(USBUART_cdc.o)
 .debug_ranges  0x00000910       0x88 .\CortexM0\ARM_GCC_541\Debug\GPIB USB 1.a(USBUART_drv.o)
 .debug_ranges  0x00000998       0x50 .\CortexM0\ARM_GCC_541\Debug\GPIB USB 1.a(USBUART_episr.o)
 .debug_ranges  0x000009e8       0x30 .\CortexM0\ARM_GCC_541\Debug\GPIB USB 1.a(USBUART_pm.o)
 .debug_ranges  0x00000a18       0x70 .\CortexM0\ARM_GCC_541\Debug\GPIB USB 1.a(USBUART_std.o)
 .debug_ranges  0x00000a88       0x10 .\CortexM0\ARM_GCC_541\Debug\GPIB USB 1.a(USBUART_vnd.o)
 .debug_ranges  0x00000a98       0x38 .\CortexM0\ARM_GCC_541\Debug\GPIB USB 1.a(USBUART_Dp.o)
 .debug_ranges  0x00000ad0      0x148 .\CortexM0\ARM_GCC_541\Debug\GPIB USB 1.a(PWM_1.o)
 .debug_ranges  0x00000c18       0x10 .\CortexM0\ARM_GCC_541\Debug\GPIB USB 1.a(EEPROM.o)
 .debug_ranges  0x00000c28      0x148 .\CortexM0\ARM_GCC_541\Debug\GPIB USB 1.a(Timer1.o)
 .debug_ranges  0x00000d70       0x10 .\CortexM0\ARM_GCC_541\Debug\GPIB USB 1.a(USBUART_cls.o)

.comment        0x00000000       0x6e
 .comment       0x00000000       0x6e .\CortexM0\ARM_GCC_541\Debug\main.o
                                 0x6f (size before relaxing)
 .comment       0x0000006e       0x6f .\CortexM0\ARM_GCC_541\Debug\gpib.o
 .comment       0x0000006e       0x6f .\CortexM0\ARM_GCC_541\Debug\serial.o
 .comment       0x0000006e       0x6f .\CortexM0\ARM_GCC_541\Debug\input.o
 .comment       0x0000006e       0x6f .\CortexM0\ARM_GCC_541\Debug\command.o
 .comment       0x0000006e       0x6f .\CortexM0\ARM_GCC_541\Debug\settings.o
 .comment       0x0000006e       0x6f .\CortexM0\ARM_GCC_541\Debug\utils.o
 .comment       0x0000006e       0x6f .\CortexM0\ARM_GCC_541\Debug\usb_tmc.o
 .comment       0x0000006e       0x6f .\CortexM0\ARM_GCC_541\Debug\cyfitter_cfg.o
 .comment       0x0000006e       0x6f .\CortexM0\ARM_GCC_541\Debug\cymetadata.o
 .comment       0x0000006e       0x6f .\CortexM0\ARM_GCC_541\Debug\Cm0Start.o
 .comment       0x0000006e       0x6f .\CortexM0\ARM_GCC_541\Debug\GPIB USB 1.a(cy_em_eeprom.o)
 .comment       0x0000006e       0x6f .\CortexM0\ARM_GCC_541\Debug\GPIB USB 1.a(CyFlash.o)
 .comment       0x0000006e       0x6f .\CortexM0\ARM_GCC_541\Debug\GPIB USB 1.a(CyLib.o)
 .comment       0x0000006e       0x6f .\CortexM0\ARM_GCC_541\Debug\GPIB USB 1.a(CyLFClk.o)
 .comment       0x0000006e       0x6f .\CortexM0\ARM_GCC_541\Debug\GPIB USB 1.a(USBUART.o)
 .comment       0x0000006e       0x6f .\CortexM0\ARM_GCC_541\Debug\GPIB USB 1.a(USBUART_cdc.o)
 .comment       0x0000006e       0x6f .\CortexM0\ARM_GCC_541\Debug\GPIB USB 1.a(USBUART_drv.o)
 .comment       0x0000006e       0x6f .\CortexM0\ARM_GCC_541\Debug\GPIB USB 1.a(USBUART_episr.o)
 .comment       0x0000006e       0x6f .\CortexM0\ARM_GCC_541\Debug\GPIB USB 1.a(USBUART_pm.o)
 .comment       0x0000006e       0x6f .\CortexM0\ARM_GCC_541\Debug\GPIB USB 1.a(USBUART_std.o)
 .comment       0x0000006e       0x6f .\CortexM0\ARM_GCC_541\Debug\GPIB USB 1.a(USBUART_vnd.o)
 .comment       0x0000006e       0x6f .\CortexM0\ARM_GCC_541\Debug\GPIB USB 1.a(USBUART_Dp.o)
 .comment       0x0000006e       0x6f .\CortexM0\ARM_GCC_541\Debug\GPIB USB 1.a(PWM_1.o)
 .comment       0x0000006e       0x6f .\CortexM0\ARM_GCC_541\Debug\GPIB USB 1.a(EEPROM.o)
 .comment       0x0000006e       0x6f .\CortexM0\ARM_GCC_541\Debug\GPIB USB 1.a(Timer1.o)
 .comment       0x0000006e       0x6f .\CortexM0\ARM_GCC_541\Debug\GPIB USB 1.a(USBUART_cls.o)
 .comment       0x0000006e       0x6f .\CortexM0\ARM_GCC_541\Debug\GPIB USB 1.a(USBUART_descr.o)

.debug_weaknames
 *(.debug_weaknames)

.debug_funcnames
 *(.debug_funcnames)

.debug_typenames
 *(.debug_typenames)

.debug_varnames
 *(.debug_varnames)

.note.gnu.arm.ident
 *(.note.gnu.arm.ident)

.ARM.attributes
                0x00000000       0x28
 *(.ARM.attributes)
 .ARM.attributes
                0x00000000       0x1e c:/program files (x86)/cypress/psoc creator/4.2/psoc creator/import/gnu/arm/5.4.1/bin/../lib/gcc/arm-none-eabi/5.4.1/armv6-m/crti.o
 .ARM.attributes
                0x0000001e       0x2c c:/program files (x86)/cypress/psoc creator/4.2/psoc creator/import/gnu/arm/5.4.1/bin/../lib/gcc/arm-none-eabi/5.4.1/armv6-m/crtbegin.o
 .ARM.attributes
                0x0000004a       0x1b c:/program files (x86)/cypress/psoc creator/4.2/psoc creator/import/gnu/arm/5.4.1/bin/../lib/gcc/arm-none-eabi/5.4.1/../../../../arm-none-eabi/lib/armv6-m/crt0.o
 .ARM.attributes
                0x00000065       0x31 .\CortexM0\ARM_GCC_541\Debug\main.o
 .ARM.attributes
                0x00000096       0x31 .\CortexM0\ARM_GCC_541\Debug\gpib.o
 .ARM.attributes
                0x000000c7       0x31 .\CortexM0\ARM_GCC_541\Debug\serial.o
 .ARM.attributes
                0x000000f8       0x31 .\CortexM0\ARM_GCC_541\Debug\input.o
 .ARM.attributes
                0x00000129       0x31 .\CortexM0\ARM_GCC_541\Debug\command.o
 .ARM.attributes
                0x0000015a       0x31 .\CortexM0\ARM_GCC_541\Debug\settings.o
 .ARM.attributes
                0x0000018b       0x31 .\CortexM0\ARM_GCC_541\Debug\utils.o
 .ARM.attributes
                0x000001bc       0x31 .\CortexM0\ARM_GCC_541\Debug\usb_tmc.o
 .ARM.attributes
                0x000001ed       0x31 .\CortexM0\ARM_GCC_541\Debug\cyfitter_cfg.o
 .ARM.attributes
                0x0000021e       0x31 .\CortexM0\ARM_GCC_541\Debug\cymetadata.o
 .ARM.attributes
                0x0000024f       0x31 .\CortexM0\ARM_GCC_541\Debug\Cm0Start.o
 .ARM.attributes
                0x00000280       0x31 .\CortexM0\ARM_GCC_541\Debug\GPIB USB 1.a(cy_em_eeprom.o)
 .ARM.attributes
                0x000002b1       0x31 .\CortexM0\ARM_GCC_541\Debug\GPIB USB 1.a(CyFlash.o)
 .ARM.attributes
                0x000002e2       0x31 .\CortexM0\ARM_GCC_541\Debug\GPIB USB 1.a(CyLib.o)
 .ARM.attributes
                0x00000313       0x31 .\CortexM0\ARM_GCC_541\Debug\GPIB USB 1.a(CyLFClk.o)
 .ARM.attributes
                0x00000344       0x31 .\CortexM0\ARM_GCC_541\Debug\GPIB USB 1.a(USBUART.o)
 .ARM.attributes
                0x00000375       0x31 .\CortexM0\ARM_GCC_541\Debug\GPIB USB 1.a(USBUART_cdc.o)
 .ARM.attributes
                0x000003a6       0x31 .\CortexM0\ARM_GCC_541\Debug\GPIB USB 1.a(USBUART_drv.o)
 .ARM.attributes
                0x000003d7       0x31 .\CortexM0\ARM_GCC_541\Debug\GPIB USB 1.a(USBUART_episr.o)
 .ARM.attributes
                0x00000408       0x31 .\CortexM0\ARM_GCC_541\Debug\GPIB USB 1.a(USBUART_pm.o)
 .ARM.attributes
                0x00000439       0x31 .\CortexM0\ARM_GCC_541\Debug\GPIB USB 1.a(USBUART_std.o)
 .ARM.attributes
                0x0000046a       0x31 .\CortexM0\ARM_GCC_541\Debug\GPIB USB 1.a(USBUART_vnd.o)
 .ARM.attributes
                0x0000049b       0x31 .\CortexM0\ARM_GCC_541\Debug\GPIB USB 1.a(USBUART_Dp.o)
 .ARM.attributes
                0x000004cc       0x31 .\CortexM0\ARM_GCC_541\Debug\GPIB USB 1.a(PWM_1.o)
 .ARM.attributes
                0x000004fd       0x31 .\CortexM0\ARM_GCC_541\Debug\GPIB USB 1.a(EEPROM.o)
 .ARM.attributes
                0x0000052e       0x31 .\CortexM0\ARM_GCC_541\Debug\GPIB USB 1.a(Timer1.o)
 .ARM.attributes