Archive member included to satisfy reference by file (symbol)

.\CortexM0\ARM_GCC_541\Debug\GPIB USB 1.a(cy_em_eeprom.o)
                              .\CortexM0\ARM_GCC_541\Debug\settings.o (Cy_Em_EEPROM_Read)
.\CortexM0\ARM_GCC_541\Debug\GPIB USB 1.a(CyFlash.o)
                              .\CortexM0\ARM_GCC_541\Debug\GPIB USB 1.a(cy_em_eeprom.o) (CySysFlashWriteRow)
.\CortexM0\ARM_GCC_541\Debug\GPIB USB 1.a(CyLib.o)
                              .\CortexM0\ARM_GCC_541\Debug\cyfitter_cfg.o (CySysClkImoEnableUsbLock)
.\CortexM0\ARM_GCC_541\Debug\GPIB USB 1.a(CyLFClk.o)
                              .\CortexM0\ARM_GCC_541\Debug\GPIB USB 1.a(CyLib.o) (CySysClkWcoEnabled)
.\CortexM0\ARM_GCC_541\Debug\GPIB USB 1.a(PWM_1.o)
                              .\CortexM0\ARM_GCC_541\Debug\main.o (PWM_1_Start)
.\CortexM0\ARM_GCC_541\Debug\GPIB USB 1.a(EEPROM.o)
                              .\CortexM0\ARM_GCC_541\Debug\settings.o (EEPROM_context)
.\CortexM0\ARM_GCC_541\Debug\GPIB USB 1.a(Timer1.o)
                              .\CortexM0\ARM_GCC_541\Debug\gpib.o (Timer1_WriteCounter)
.\CortexM0\ARM_GCC_541\Debug\GPIB USB 1.a(USBTMC.o)
                              .\CortexM0\ARM_GCC_541\Debug\main.o (USBTMC_Start)
.\CortexM0\ARM_GCC_541\Debug\GPIB USB 1.a(USBTMC_drv.o)
                              .\CortexM0\ARM_GCC_541\Debug\usb_tmc.o (USBTMC_EP)
.\CortexM0\ARM_GCC_541\Debug\GPIB USB 1.a(USBTMC_episr.o)
                              .\CortexM0\ARM_GCC_541\Debug\GPIB USB 1.a(USBTMC.o) (USBTMC_INTR_HI_ISR)
.\CortexM0\ARM_GCC_541\Debug\GPIB USB 1.a(USBTMC_pm.o)
                              .\CortexM0\ARM_GCC_541\Debug\GPIB USB 1.a(USBTMC.o) (USBTMC_DP_ISR)
.\CortexM0\ARM_GCC_541\Debug\GPIB USB 1.a(USBTMC_std.o)
                              .\CortexM0\ARM_GCC_541\Debug\GPIB USB 1.a(USBTMC_drv.o) (USBTMC_HandleStandardRqst)
.\CortexM0\ARM_GCC_541\Debug\GPIB USB 1.a(USBTMC_vnd.o)
                              .\CortexM0\ARM_GCC_541\Debug\GPIB USB 1.a(USBTMC_drv.o) (USBTMC_HandleVendorRqst)
.\CortexM0\ARM_GCC_541\Debug\GPIB USB 1.a(USBTMC_Dp.o)
                              .\CortexM0\ARM_GCC_541\Debug\GPIB USB 1.a(USBTMC_pm.o) (USBTMC_Dp_ClearInterrupt)
.\CortexM0\ARM_GCC_541\Debug\GPIB USB 1.a(CyBootAsmGnu.o)
                              .\CortexM0\ARM_GCC_541\Debug\GPIB USB 1.a(CyLib.o) (CyDelayCycles)
.\CortexM0\ARM_GCC_541\Debug\GPIB USB 1.a(USBTMC_descr.o)
                              .\CortexM0\ARM_GCC_541\Debug\GPIB USB 1.a(USBTMC_std.o) (USBTMC_DEVICE0_DESCR)
c:/program files (x86)/cypress/psoc creator/4.2/psoc creator/import/gnu/arm/5.4.1/bin/../lib/gcc/arm-none-eabi/5.4.1/armv6-m\libgcc.a(_udivsi3.o)
                              .\CortexM0\ARM_GCC_541\Debug\GPIB USB 1.a(cy_em_eeprom.o) (__aeabi_uidiv)
c:/program files (x86)/cypress/psoc creator/4.2/psoc creator/import/gnu/arm/5.4.1/bin/../lib/gcc/arm-none-eabi/5.4.1/armv6-m\libgcc.a(_divsi3.o)
                              .\CortexM0\ARM_GCC_541\Debug\GPIB USB 1.a(CyLib.o) (__aeabi_idiv)
c:/program files (x86)/cypress/psoc creator/4.2/psoc creator/import/gnu/arm/5.4.1/bin/../lib/gcc/arm-none-eabi/5.4.1/armv6-m\libgcc.a(_dvmd_tls.o)
                              c:/program files (x86)/cypress/psoc creator/4.2/psoc creator/import/gnu/arm/5.4.1/bin/../lib/gcc/arm-none-eabi/5.4.1/armv6-m\libgcc.a(_udivsi3.o) (__aeabi_idiv0)
c:/program files (x86)/cypress/psoc creator/4.2/psoc creator/import/gnu/arm/5.4.1/bin/../lib/gcc/arm-none-eabi/5.4.1/../../../../arm-none-eabi/lib/armv6-m\libg_nano.a(lib_a-errno.o)
                              .\CortexM0\ARM_GCC_541\Debug\Cm0Start.o (__errno)
c:/program files (x86)/cypress/psoc creator/4.2/psoc creator/import/gnu/arm/5.4.1/bin/../lib/gcc/arm-none-eabi/5.4.1/../../../../arm-none-eabi/lib/armv6-m\libg_nano.a(lib_a-exit.o)
                              c:/program files (x86)/cypress/psoc creator/4.2/psoc creator/import/gnu/arm/5.4.1/bin/../lib/gcc/arm-none-eabi/5.4.1/../../../../arm-none-eabi/lib/armv6-m/crt0.o (exit)
c:/program files (x86)/cypress/psoc creator/4.2/psoc creator/import/gnu/arm/5.4.1/bin/../lib/gcc/arm-none-eabi/5.4.1/../../../../arm-none-eabi/lib/armv6-m\libg_nano.a(lib_a-impure.o)
                              c:/program files (x86)/cypress/psoc creator/4.2/psoc creator/import/gnu/arm/5.4.1/bin/../lib/gcc/arm-none-eabi/5.4.1/../../../../arm-none-eabi/lib/armv6-m\libg_nano.a(lib_a-exit.o) (_global_impure_ptr)
c:/program files (x86)/cypress/psoc creator/4.2/psoc creator/import/gnu/arm/5.4.1/bin/../lib/gcc/arm-none-eabi/5.4.1/../../../../arm-none-eabi/lib/armv6-m\libg_nano.a(lib_a-init.o)
                              c:/program files (x86)/cypress/psoc creator/4.2/psoc creator/import/gnu/arm/5.4.1/bin/../lib/gcc/arm-none-eabi/5.4.1/../../../../arm-none-eabi/lib/armv6-m/crt0.o (__libc_init_array)
[...]
Memory Configuration

Name             Origin             Length             Attributes
rom              0x00000000         0x00010000         xr
ram              0x20000000         0x00002000         xrw
*default*        0x00000000         0xffffffff

Linker script and memory map

LOAD c:/program files (x86)/cypress/psoc creator/4.2/psoc creator/import/gnu/arm/5.4.1/bin/../lib/gcc/arm-none-eabi/5.4.1/armv6-m/crti.o
LOAD c:/program files (x86)/cypress/psoc creator/4.2/psoc creator/import/gnu/arm/5.4.1/bin/../lib/gcc/arm-none-eabi/5.4.1/armv6-m/crtbegin.o
LOAD c:/program files (x86)/cypress/psoc creator/4.2/psoc creator/import/gnu/arm/5.4.1/bin/../lib/gcc/arm-none-eabi/5.4.1/../../../../arm-none-eabi/lib/armv6-m/crt0.o
START GROUP
LOAD .\CortexM0\ARM_GCC_541\Debug\main.o
LOAD .\CortexM0\ARM_GCC_541\Debug\gpib.o
LOAD .\CortexM0\ARM_GCC_541\Debug\serial.o
LOAD .\CortexM0\ARM_GCC_541\Debug\input.o
LOAD .\CortexM0\ARM_GCC_541\Debug\command.o
LOAD .\CortexM0\ARM_GCC_541\Debug\settings.o
LOAD .\CortexM0\ARM_GCC_541\Debug\utils.o
LOAD .\CortexM0\ARM_GCC_541\Debug\usb_tmc.o
LOAD .\CortexM0\ARM_GCC_541\Debug\cyfitter_cfg.o
LOAD .\CortexM0\ARM_GCC_541\Debug\cymetadata.o
LOAD .\CortexM0\ARM_GCC_541\Debug\Cm0Start.o
LOAD .\CortexM0\ARM_GCC_541\Debug\GPIB USB 1.a
END GROUP
START GROUP
LOAD c:/program files (x86)/cypress/psoc creator/4.2/psoc creator/import/gnu/arm/5.4.1/bin/../lib/gcc/arm-none-eabi/5.4.1/armv6-m\libgcc.a
LOAD c:/program files (x86)/cypress/psoc creator/4.2/psoc creator/import/gnu/arm/5.4.1/bin/../lib/gcc/arm-none-eabi/5.4.1/../../../../arm-none-eabi/lib/armv6-m\libg_nano.a
LOAD c:/program files (x86)/cypress/psoc creator/4.2/psoc creator/import/gnu/arm/5.4.1/bin/../lib/gcc/arm-none-eabi/5.4.1/../../../../arm-none-eabi/lib/armv6-m\libc_nano.a
END GROUP
START GROUP
LOAD c:/program files (x86)/cypress/psoc creator/4.2/psoc creator/import/gnu/arm/5.4.1/bin/../lib/gcc/arm-none-eabi/5.4.1/armv6-m\libgcc.a
LOAD c:/program files (x86)/cypress/psoc creator/4.2/psoc creator/import/gnu/arm/5.4.1/bin/../lib/gcc/arm-none-eabi/5.4.1/../../../../arm-none-eabi/lib/armv6-m\libc_nano.a
END GROUP
LOAD c:/program files (x86)/cypress/psoc creator/4.2/psoc creator/import/gnu/arm/5.4.1/bin/../lib/gcc/arm-none-eabi/5.4.1/armv6-m/crtend.o
LOAD c:/program files (x86)/cypress/psoc creator/4.2/psoc creator/import/gnu/arm/5.4.1/bin/../lib/gcc/arm-none-eabi/5.4.1/armv6-m/crtn.o
START GROUP
LOAD c:/program files (x86)/cypress/psoc creator/4.2/psoc creator/import/gnu/arm/5.4.1/bin/../lib/gcc/arm-none-eabi/5.4.1/armv6-m\libgcc.a
LOAD c:/program files (x86)/cypress/psoc creator/4.2/psoc creator/import/gnu/arm/5.4.1/bin/../lib/gcc/arm-none-eabi/5.4.1/../../../../arm-none-eabi/lib/armv6-m\libc.a
LOAD c:/program files (x86)/cypress/psoc creator/4.2/psoc creator/import/gnu/arm/5.4.1/bin/../lib/gcc/arm-none-eabi/5.4.1/../../../../arm-none-eabi/lib/armv6-m\libnosys.a
END GROUP
                0x00000000                CY_APPL_ORIGIN = 0x0
                0x00000100                CY_FLASH_ROW_SIZE = 0x100
                0x00000001                CY_APPL_NUM = 0x1
                0x00000001                CY_APPL_MAX = 0x1
                0x00000040                CY_METADATA_SIZE = 0x40
                0x00000000                CY_APPL_LOADABLE = 0x0
                0x00000000                CY_CHECKSUM_EXCLUDE_SIZE = ALIGN (0x0, CY_FLASH_ROW_SIZE)
                0x00000000                CY_APP_FOR_STACK_AND_COPIER = 0x0
                [!provide]                PROVIDE (__cy_heap_start, _end)
                0x00000001                PROVIDE (__cy_region_num, ((__cy_regions_end - __cy_regions) / 0x10))
                0x20002000                PROVIDE (__cy_stack, (ORIGIN (ram) + LENGTH (ram)))
                [!provide]                PROVIDE (__cy_heap_end, (__cy_stack - 0x800))

.cybootloader   0x00000000        0x0
 *(.cybootloader)
                0x00000000                appl1_start = CY_APPL_ORIGIN?CY_APPL_ORIGIN:ALIGN (CY_FLASH_ROW_SIZE)
                0x00007f00                appl2_start = (appl1_start + ALIGN ((((LENGTH (rom) - appl1_start) - (0x2 * CY_FLASH_ROW_SIZE)) / 0x2), CY_FLASH_ROW_SIZE))
                0x00000000                appl_start = (CY_APPL_NUM == 0x1)?appl1_start:appl2_start
                0x00000001                cy_project_type_bootloader = (appl_start == 0x0)?0x1:0x0
                0x00000000                cy_project_type_app_for_stack_and_copier = (CY_APP_FOR_STACK_AND_COPIER == 0x1)?0x1:0x0

.text           0x00000000     0x456a
 CREATE_OBJECT_SYMBOLS
                0x00000000                PROVIDE (__cy_interrupt_vector, RomVectors)
 *(.romvectors)
 .romvectors    0x00000000       0x10 .\CortexM0\ARM_GCC_541\Debug\Cm0Start.o
                0x00000000                RomVectors
                0x00000001                ASSERT ((. != __cy_interrupt_vector), No interrupt vector)
                0x00000001                ASSERT (CY_APPL_ORIGIN?(SIZEOF (.cybootloader) <= CY_APPL_ORIGIN):0x1, Wrong image location)
                0x00000010                PROVIDE (__cy_reset, Reset)
 *(.text.Reset)
 .text.Reset    0x00000010        0x8 .\CortexM0\ARM_GCC_541\Debug\Cm0Start.o
                0x00000010                Reset
                0x00000001                ASSERT ((. != __cy_reset), No reset code)
 *(.psocinit)
 .psocinit      0x00000018      0x20c .\CortexM0\ARM_GCC_541\Debug\cyfitter_cfg.o
                0x000000c4                cyfitter_cfg
                0x00000224                . = MAX (., 0x100)
 *(.text .text.* .gnu.linkonce.t.*)
 .text          0x00000224       0x60 c:/program files (x86)/cypress/psoc creator/4.2/psoc creator/import/gnu/arm/5.4.1/bin/../lib/gcc/arm-none-eabi/5.4.1/armv6-m/crtbegin.o
 .text.main     0x00000284       0x64 .\CortexM0\ARM_GCC_541\Debug\main.o
                0x00000284                main
 .text.gpib_init_pins
                0x000002e8        0xc .\CortexM0\ARM_GCC_541\Debug\gpib.o
                0x000002e8                gpib_init_pins
 .text.gpib_settle
                0x000002f4       0x10 .\CortexM0\ARM_GCC_541\Debug\gpib.o
                0x000002f4                gpib_settle
 .text.gpib_assert_line
                0x00000304       0x28 .\CortexM0\ARM_GCC_541\Debug\gpib.o
                0x00000304                gpib_assert_line
 .text.gpib_unassert_line
                0x0000032c       0x28 .\CortexM0\ARM_GCC_541\Debug\gpib.o
                0x0000032c                gpib_unassert_line
 .text.gpib_read_line
                0x00000354       0x34 .\CortexM0\ARM_GCC_541\Debug\gpib.o
                0x00000354                gpib_read_line
 .text.gpib_poll
                0x00000388       0x8c .\CortexM0\ARM_GCC_541\Debug\gpib.o
                0x00000388                gpib_poll
 .text.gpib_wait_for_line_to_assert
                0x00000414       0x40 .\CortexM0\ARM_GCC_541\Debug\gpib.o
                0x00000414                gpib_wait_for_line_to_assert
 .text.gpib_wait_for_line_to_unassert
                0x00000454       0x4c .\CortexM0\ARM_GCC_541\Debug\gpib.o
                0x00000454                gpib_wait_for_line_to_unassert
 .text.gpib_send_byte
                0x000004a0       0x88 .\CortexM0\ARM_GCC_541\Debug\gpib.o
                0x000004a0                gpib_send_byte
 .text.gpib_receive_byte
                0x00000528       0x90 .\CortexM0\ARM_GCC_541\Debug\gpib.o
                0x00000528                gpib_receive_byte
 .text.gpib_LAD
                0x000005b8       0x24 .\CortexM0\ARM_GCC_541\Debug\gpib.o
                0x000005b8                gpib_LAD
 .text.gpib_TAD
                0x000005dc       0x24 .\CortexM0\ARM_GCC_541\Debug\gpib.o
                0x000005dc                gpib_TAD
 .text.gpib_UNL
                0x00000600       0x10 .\CortexM0\ARM_GCC_541\Debug\gpib.o
                0x00000600                gpib_UNL
 .text.gpib_UNT
                0x00000610       0x10 .\CortexM0\ARM_GCC_541\Debug\gpib.o
                0x00000610                gpib_UNT
 .text.gpib_address_listener
                0x00000620       0x88 .\CortexM0\ARM_GCC_541\Debug\gpib.o
                0x00000620                gpib_address_listener
 .text.gpib_address_talker
                0x000006a8       0x90 .\CortexM0\ARM_GCC_541\Debug\gpib.o
                0x000006a8                gpib_address_talker
 .text.gpib_send_bytes
                0x00000738       0x60 .\CortexM0\ARM_GCC_541\Debug\gpib.o
                0x00000738                gpib_send_bytes
 .text.gpib_read_bytes
                0x00000798       0x64 .\CortexM0\ARM_GCC_541\Debug\gpib.o
                0x00000798                gpib_read_bytes
 .text.defaults
                0x000007fc       0x3c .\CortexM0\ARM_GCC_541\Debug\settings.o
                0x000007fc                defaults
 .text.settings_init
                0x00000838       0x80 .\CortexM0\ARM_GCC_541\Debug\settings.o
                0x00000838                settings_init
 .text.USBTMC_DispatchClassRqst
                0x000008b8       0x64 .\CortexM0\ARM_GCC_541\Debug\usb_tmc.o
                0x000008b8                USBTMC_DispatchClassRqst
 .text.process_incoming_usb
                0x0000091c      0x160 .\CortexM0\ARM_GCC_541\Debug\usb_tmc.o
                0x0000091c                process_incoming_usb
 .text.process_outgoing_usb
                0x00000a7c      0x134 .\CortexM0\ARM_GCC_541\Debug\usb_tmc.o
                0x00000a7c                process_outgoing_usb
 .text.usbtmc_reconfig
                0x00000bb0       0x10 .\CortexM0\ARM_GCC_541\Debug\usb_tmc.o
                0x00000bb0                usbtmc_reconfig
 .text.usbtmc_poll
                0x00000bc0       0x14 .\CortexM0\ARM_GCC_541\Debug\usb_tmc.o
                0x00000bc0                usbtmc_poll
 .text.CYMEMZERO
                0x00000bd4       0x20 .\CortexM0\ARM_GCC_541\Debug\cyfitter_cfg.o
 .text.cfg_write_bytes32
                0x00000bf4       0x84 .\CortexM0\ARM_GCC_541\Debug\cyfitter_cfg.o
 .text.AnalogSetDefault
                0x00000c78       0x28 .\CortexM0\ARM_GCC_541\Debug\cyfitter_cfg.o
 .text.IntDefaultHandler
                0x00000ca0       0x14 .\CortexM0\ARM_GCC_541\Debug\Cm0Start.o
                0x00000ca0                IntDefaultHandler
 .text.Start_c  0x00000cb4       0x98 .\CortexM0\ARM_GCC_541\Debug\Cm0Start.o
                0x00000cb4                Start_c
 .text.initialize_psoc
                0x00000d4c       0x70 .\CortexM0\ARM_GCC_541\Debug\Cm0Start.o
                0x00000d4c                initialize_psoc
 .text.Cy_Em_EEPROM_Init
                0x00000dbc       0xf8 .\CortexM0\ARM_GCC_541\Debug\GPIB USB 1.a(cy_em_eeprom.o)
                0x00000dbc                Cy_Em_EEPROM_Init
 .text.Cy_Em_EEPROM_Read
                0x00000eb4      0x32c .\CortexM0\ARM_GCC_541\Debug\GPIB USB 1.a(cy_em_eeprom.o)
                0x00000eb4                Cy_Em_EEPROM_Read
 .text.FindLastWrittenRow
                0x000011e0       0x68 .\CortexM0\ARM_GCC_541\Debug\GPIB USB 1.a(cy_em_eeprom.o)
 .text.GetRowAddrBySeqNum
                0x00001248       0x40 .\CortexM0\ARM_GCC_541\Debug\GPIB USB 1.a(cy_em_eeprom.o)
 .text.GetNextRowToWrite
                0x00001288       0xb0 .\CortexM0\ARM_GCC_541\Debug\GPIB USB 1.a(cy_em_eeprom.o)
 .text.CalcChecksum
                0x00001338       0xb0 .\CortexM0\ARM_GCC_541\Debug\GPIB USB 1.a(cy_em_eeprom.o)
 .text.CheckRanges
                0x000013e8       0x6c .\CortexM0\ARM_GCC_541\Debug\GPIB USB 1.a(cy_em_eeprom.o)
 .text.WriteRow
                0x00001454       0x48 .\CortexM0\ARM_GCC_541\Debug\GPIB USB 1.a(cy_em_eeprom.o)
 .text.CheckCrcAndCopy
                0x0000149c       0xfc .\CortexM0\ARM_GCC_541\Debug\GPIB USB 1.a(cy_em_eeprom.o)
 .text.FillChecksum
                0x00001598      0x12c .\CortexM0\ARM_GCC_541\Debug\GPIB USB 1.a(cy_em_eeprom.o)
 .text.CySysFlashWriteRow
                0x000016c4      0x1f4 .\CortexM0\ARM_GCC_541\Debug\GPIB USB 1.a(CyFlash.o)
                0x000016c4                CySysFlashWriteRow
 .text.CySysFlashSetWaitCycles
                0x000018b8       0x78 .\CortexM0\ARM_GCC_541\Debug\GPIB USB 1.a(CyFlash.o)
                0x000018b8                CySysFlashSetWaitCycles
 .text.CySysFlashClockBackup
                0x00001930       0x14 .\CortexM0\ARM_GCC_541\Debug\GPIB USB 1.a(CyFlash.o)
 .text.CySysFlashClockRestore
                0x00001944       0x14 .\CortexM0\ARM_GCC_541\Debug\GPIB USB 1.a(CyFlash.o)
 .text.CySysClkImoEnableWcoLock
                0x00001958      0x154 .\CortexM0\ARM_GCC_541\Debug\GPIB USB 1.a(CyLib.o)
                0x00001958                CySysClkImoEnableWcoLock
 .text.CySysClkImoDisableWcoLock
                0x00001aac       0x78 .\CortexM0\ARM_GCC_541\Debug\GPIB USB 1.a(CyLib.o)
                0x00001aac                CySysClkImoDisableWcoLock
 .text.CySysClkImoGetWcoLock
                0x00001b24       0x20 .\CortexM0\ARM_GCC_541\Debug\GPIB USB 1.a(CyLib.o)
                0x00001b24                CySysClkImoGetWcoLock
 .text.CySysClkImoEnableUsbLock
                0x00001b44      0x138 .\CortexM0\ARM_GCC_541\Debug\GPIB USB 1.a(CyLib.o)
                0x00001b44                CySysClkImoEnableUsbLock
 .text.CySysClkImoDisableUsbLock
                0x00001c7c       0xc4 .\CortexM0\ARM_GCC_541\Debug\GPIB USB 1.a(CyLib.o)
                0x00001c7c                CySysClkImoDisableUsbLock
 .text.CySysClkImoGetUsbLock
                0x00001d40       0x20 .\CortexM0\ARM_GCC_541\Debug\GPIB USB 1.a(CyLib.o)
                0x00001d40                CySysClkImoGetUsbLock
 .text.CySysClkWriteImoFreq
                0x00001d60      0x224 .\CortexM0\ARM_GCC_541\Debug\GPIB USB 1.a(CyLib.o)
                0x00001d60                CySysClkWriteImoFreq
 .text.CyIntSetVector
                0x00001f84       0x4c .\CortexM0\ARM_GCC_541\Debug\GPIB USB 1.a(CyLib.o)
                0x00001f84                CyIntSetVector
 .text.CyIntSetPriority
                0x00001fd0       0xa8 .\CortexM0\ARM_GCC_541\Debug\GPIB USB 1.a(CyLib.o)
                0x00001fd0                CyIntSetPriority
 .text.CyIntEnable
                0x00002078       0x2c .\CortexM0\ARM_GCC_541\Debug\GPIB USB 1.a(CyLib.o)
                0x00002078                CyIntEnable
 .text.CyHalt   0x000020a4       0x18 .\CortexM0\ARM_GCC_541\Debug\GPIB USB 1.a(CyLib.o)
                0x000020a4                CyHalt
 .text.CyDelay  0x000020bc       0x4c .\CortexM0\ARM_GCC_541\Debug\GPIB USB 1.a(CyLib.o)
                0x000020bc                CyDelay
 .text.CyDelayUs
                0x00002108       0x28 .\CortexM0\ARM_GCC_541\Debug\GPIB USB 1.a(CyLib.o)
                0x00002108                CyDelayUs
 .text.CySysClkWcoEnabled
                0x00002130       0x1c .\CortexM0\ARM_GCC_541\Debug\GPIB USB 1.a(CyLFClk.o)
                0x00002130                CySysClkWcoEnabled
 .text.CySysWdtLock
                0x0000214c       0x34 .\CortexM0\ARM_GCC_541\Debug\GPIB USB 1.a(CyLFClk.o)
                0x0000214c                CySysWdtLock
 .text.CySysWdtLocked
                0x00002180       0x20 .\CortexM0\ARM_GCC_541\Debug\GPIB USB 1.a(CyLFClk.o)
 .text.CySysWdtUnlock
                0x000021a0       0x50 .\CortexM0\ARM_GCC_541\Debug\GPIB USB 1.a(CyLFClk.o)
                0x000021a0                CySysWdtUnlock
 .text.CySysWdtClearInterrupt
                0x000021f0       0x70 .\CortexM0\ARM_GCC_541\Debug\GPIB USB 1.a(CyLFClk.o)
                0x000021f0                CySysWdtClearInterrupt
 .text.CySysWdtIsr
                0x00002260       0xec .\CortexM0\ARM_GCC_541\Debug\GPIB USB 1.a(CyLFClk.o)
                0x00002260                CySysWdtIsr
 .text.PWM_1_Init
                0x0000234c       0x5c .\CortexM0\ARM_GCC_541\Debug\GPIB USB 1.a(PWM_1.o)
                0x0000234c                PWM_1_Init
 .text.PWM_1_Enable
                0x000023a8       0x3c .\CortexM0\ARM_GCC_541\Debug\GPIB USB 1.a(PWM_1.o)
                0x000023a8                PWM_1_Enable
 .text.PWM_1_Start
                0x000023e4       0x24 .\CortexM0\ARM_GCC_541\Debug\GPIB USB 1.a(PWM_1.o)
                0x000023e4                PWM_1_Start
 .text.PWM_1_WriteCounter
                0x00002408       0x20 .\CortexM0\ARM_GCC_541\Debug\GPIB USB 1.a(PWM_1.o)
                0x00002408                PWM_1_WriteCounter
 .text.PWM_1_WritePeriod
                0x00002428       0x20 .\CortexM0\ARM_GCC_541\Debug\GPIB USB 1.a(PWM_1.o)
                0x00002428                PWM_1_WritePeriod
 .text.PWM_1_WriteCompare
                0x00002448       0x20 .\CortexM0\ARM_GCC_541\Debug\GPIB USB 1.a(PWM_1.o)
                0x00002448                PWM_1_WriteCompare
 .text.PWM_1_TriggerCommand
                0x00002468       0x3c .\CortexM0\ARM_GCC_541\Debug\GPIB USB 1.a(PWM_1.o)
                0x00002468                PWM_1_TriggerCommand
 .text.PWM_1_SetInterruptMode
                0x000024a4       0x1c .\CortexM0\ARM_GCC_541\Debug\GPIB USB 1.a(PWM_1.o)
                0x000024a4                PWM_1_SetInterruptMode
 .text.EEPROM_Init
                0x000024c0       0x5c .\CortexM0\ARM_GCC_541\Debug\GPIB USB 1.a(EEPROM.o)
                0x000024c0                EEPROM_Init
 .text.Timer1_Init
                0x0000251c       0x38 .\CortexM0\ARM_GCC_541\Debug\GPIB USB 1.a(Timer1.o)
                0x0000251c                Timer1_Init
 .text.Timer1_Enable
                0x00002554       0x3c .\CortexM0\ARM_GCC_541\Debug\GPIB USB 1.a(Timer1.o)
                0x00002554                Timer1_Enable
 .text.Timer1_Start
                0x00002590       0x24 .\CortexM0\ARM_GCC_541\Debug\GPIB USB 1.a(Timer1.o)
                0x00002590                Timer1_Start
 .text.Timer1_WriteCounter
                0x000025b4       0x20 .\CortexM0\ARM_GCC_541\Debug\GPIB USB 1.a(Timer1.o)
                0x000025b4                Timer1_WriteCounter
 .text.Timer1_ReadCounter
                0x000025d4       0x18 .\CortexM0\ARM_GCC_541\Debug\GPIB USB 1.a(Timer1.o)
                0x000025d4                Timer1_ReadCounter
 .text.Timer1_WritePeriod
                0x000025ec       0x20 .\CortexM0\ARM_GCC_541\Debug\GPIB USB 1.a(Timer1.o)
                0x000025ec                Timer1_WritePeriod
 .text.Timer1_TriggerCommand
                0x0000260c       0x3c .\CortexM0\ARM_GCC_541\Debug\GPIB USB 1.a(Timer1.o)
                0x0000260c                Timer1_TriggerCommand
 .text.Timer1_SetInterruptMode
                0x00002648       0x1c .\CortexM0\ARM_GCC_541\Debug\GPIB USB 1.a(Timer1.o)
                0x00002648                Timer1_SetInterruptMode
 .text.USBTMC_Start
                0x00002664       0x40 .\CortexM0\ARM_GCC_541\Debug\GPIB USB 1.a(USBTMC.o)
                0x00002664                USBTMC_Start
 .text.USBTMC_Init
                0x000026a4       0xf0 .\CortexM0\ARM_GCC_541\Debug\GPIB USB 1.a(USBTMC.o)
                0x000026a4                USBTMC_Init
 .text.USBTMC_InitComponent
                0x00002794       0xf0 .\CortexM0\ARM_GCC_541\Debug\GPIB USB 1.a(USBTMC.o)
                0x00002794                USBTMC_InitComponent
 .text.USBTMC_ReInitComponent
                0x00002884       0x64 .\CortexM0\ARM_GCC_541\Debug\GPIB USB 1.a(USBTMC.o)
                0x00002884                USBTMC_ReInitComponent
 .text.USBTMC_GetConfiguration
                0x000028e8       0x14 .\CortexM0\ARM_GCC_541\Debug\GPIB USB 1.a(USBTMC.o)
                0x000028e8                USBTMC_GetConfiguration
 .text.USBTMC_IsConfigurationChanged
                0x000028fc       0x34 .\CortexM0\ARM_GCC_541\Debug\GPIB USB 1.a(USBTMC.o)
                0x000028fc                USBTMC_IsConfigurationChanged
 .text.USBTMC_GetEPState
                0x00002930       0x30 .\CortexM0\ARM_GCC_541\Debug\GPIB USB 1.a(USBTMC.o)
                0x00002930                USBTMC_GetEPState
 .text.USBTMC_GetEPCount
                0x00002960       0x80 .\CortexM0\ARM_GCC_541\Debug\GPIB USB 1.a(USBTMC.o)
                0x00002960                USBTMC_GetEPCount
 .text.USBTMC_LoadInEP
                0x000029e0      0x14c .\CortexM0\ARM_GCC_541\Debug\GPIB USB 1.a(USBTMC.o)
                0x000029e0                USBTMC_LoadInEP
 .text.USBTMC_ReadOutEP
                0x00002b2c       0xc0 .\CortexM0\ARM_GCC_541\Debug\GPIB USB 1.a(USBTMC.o)
                0x00002b2c                USBTMC_ReadOutEP
 .text.USBTMC_EnableOutEP
                0x00002bec       0x68 .\CortexM0\ARM_GCC_541\Debug\GPIB USB 1.a(USBTMC.o)
                0x00002bec                USBTMC_EnableOutEP
 .text.USBTMC_SetPowerStatus
                0x00002c54       0x44 .\CortexM0\ARM_GCC_541\Debug\GPIB USB 1.a(USBTMC.o)
                0x00002c54                USBTMC_SetPowerStatus
 .text.USBTMC_EP_0_ISR
                0x00002c98       0xfc .\CortexM0\ARM_GCC_541\Debug\GPIB USB 1.a(USBTMC_drv.o)
                0x00002c98                USBTMC_EP_0_ISR
 .text.USBTMC_HandleSetup
                0x00002d94       0x9c .\CortexM0\ARM_GCC_541\Debug\GPIB USB 1.a(USBTMC_drv.o)
                0x00002d94                USBTMC_HandleSetup
 .text.USBTMC_HandleIN
                0x00002e30       0x40 .\CortexM0\ARM_GCC_541\Debug\GPIB USB 1.a(USBTMC_drv.o)
                0x00002e30                USBTMC_HandleIN
 .text.USBTMC_HandleOUT
                0x00002e70       0x4c .\CortexM0\ARM_GCC_541\Debug\GPIB USB 1.a(USBTMC_drv.o)
                0x00002e70                USBTMC_HandleOUT
 .text.USBTMC_LoadEP0
                0x00002ebc       0xd8 .\CortexM0\ARM_GCC_541\Debug\GPIB USB 1.a(USBTMC_drv.o)
                0x00002ebc                USBTMC_LoadEP0
 .text.USBTMC_InitControlRead
                0x00002f94       0x74 .\CortexM0\ARM_GCC_541\Debug\GPIB USB 1.a(USBTMC_drv.o)
                0x00002f94                USBTMC_InitControlRead
 .text.USBTMC_InitZeroLengthControlTransfer
                0x00003008       0x40 .\CortexM0\ARM_GCC_541\Debug\GPIB USB 1.a(USBTMC_drv.o)
                0x00003008                USBTMC_InitZeroLengthControlTransfer
 .text.USBTMC_ControlReadDataStage
                0x00003048       0x10 .\CortexM0\ARM_GCC_541\Debug\GPIB USB 1.a(USBTMC_drv.o)
                0x00003048                USBTMC_ControlReadDataStage
 .text.USBTMC_ControlReadStatusStage
                0x00003058       0x44 .\CortexM0\ARM_GCC_541\Debug\GPIB USB 1.a(USBTMC_drv.o)
                0x00003058                USBTMC_ControlReadStatusStage
 .text.USBTMC_ControlWriteDataStage
                0x0000309c       0xb8 .\CortexM0\ARM_GCC_541\Debug\GPIB USB 1.a(USBTMC_drv.o)
                0x0000309c                USBTMC_ControlWriteDataStage
 .text.USBTMC_ControlWriteStatusStage
                0x00003154       0x24 .\CortexM0\ARM_GCC_541\Debug\GPIB USB 1.a(USBTMC_drv.o)
                0x00003154                USBTMC_ControlWriteStatusStage
 .text.USBTMC_InitNoDataControlTransfer
                0x00003178       0x34 .\CortexM0\ARM_GCC_541\Debug\GPIB USB 1.a(USBTMC_drv.o)
                0x00003178                USBTMC_InitNoDataControlTransfer
 .text.USBTMC_NoDataControlStatusStage
                0x000031ac       0x50 .\CortexM0\ARM_GCC_541\Debug\GPIB USB 1.a(USBTMC_drv.o)
                0x000031ac                USBTMC_NoDataControlStatusStage
 .text.USBTMC_UpdateStatusBlock
                0x000031fc       0x40 .\CortexM0\ARM_GCC_541\Debug\GPIB USB 1.a(USBTMC_drv.o)
                0x000031fc                USBTMC_UpdateStatusBlock
 .text.USBTMC_InitializeStatusBlock
                0x0000323c       0x30 .\CortexM0\ARM_GCC_541\Debug\GPIB USB 1.a(USBTMC_drv.o)
                0x0000323c                USBTMC_InitializeStatusBlock
 .text.USBTMC_EP_1_ISR
                0x0000326c       0x48 .\CortexM0\ARM_GCC_541\Debug\GPIB USB 1.a(USBTMC_episr.o)
                0x0000326c                USBTMC_EP_1_ISR
 .text.USBTMC_EP_2_ISR
                0x000032b4       0x4c .\CortexM0\ARM_GCC_541\Debug\GPIB USB 1.a(USBTMC_episr.o)
                0x000032b4                USBTMC_EP_2_ISR
 .text.USBTMC_EP_3_ISR
                0x00003300       0x54 .\CortexM0\ARM_GCC_541\Debug\GPIB USB 1.a(USBTMC_episr.o)
                0x00003300                USBTMC_EP_3_ISR
 .text.USBTMC_BUS_RESET_ISR
                0x00003354       0x18 .\CortexM0\ARM_GCC_541\Debug\GPIB USB 1.a(USBTMC_episr.o)
                0x00003354                USBTMC_BUS_RESET_ISR
 .text.USBTMC_IntrHandler
                0x0000336c       0x60 .\CortexM0\ARM_GCC_541\Debug\GPIB USB 1.a(USBTMC_episr.o)
 .text.USBTMC_INTR_HI_ISR
                0x000033cc       0x18 .\CortexM0\ARM_GCC_541\Debug\GPIB USB 1.a(USBTMC_episr.o)
                0x000033cc                USBTMC_INTR_HI_ISR
 .text.USBTMC_INTR_MED_ISR
                0x000033e4       0x18 .\CortexM0\ARM_GCC_541\Debug\GPIB USB 1.a(USBTMC_episr.o)
                0x000033e4                USBTMC_INTR_MED_ISR
 .text.USBTMC_INTR_LO_ISR
                0x000033fc       0x18 .\CortexM0\ARM_GCC_541\Debug\GPIB USB 1.a(USBTMC_episr.o)
                0x000033fc                USBTMC_INTR_LO_ISR
 .text.USBTMC_DP_ISR
                0x00003414       0x10 .\CortexM0\ARM_GCC_541\Debug\GPIB USB 1.a(USBTMC_pm.o)
                0x00003414                USBTMC_DP_ISR
 .text.USBTMC_HandleStandardRqst
                0x00003424      0x47c .\CortexM0\ARM_GCC_541\Debug\GPIB USB 1.a(USBTMC_std.o)
                0x00003424                USBTMC_HandleStandardRqst
 .text.USBTMC_ConfigReg
                0x000038a0       0xe4 .\CortexM0\ARM_GCC_541\Debug\GPIB USB 1.a(USBTMC_std.o)
                0x000038a0                USBTMC_ConfigReg
 .text.USBTMC_Config
                0x00003984      0x404 .\CortexM0\ARM_GCC_541\Debug\GPIB USB 1.a(USBTMC_std.o)
                0x00003984                USBTMC_Config
 .text.USBTMC_ConfigAltChanged
                0x00003d88      0x220 .\CortexM0\ARM_GCC_541\Debug\GPIB USB 1.a(USBTMC_std.o)
                0x00003d88                USBTMC_ConfigAltChanged
 .text.USBTMC_GetConfigTablePtr
                0x00003fa8       0x58 .\CortexM0\ARM_GCC_541\Debug\GPIB USB 1.a(USBTMC_std.o)
                0x00003fa8                USBTMC_GetConfigTablePtr
 .text.USBTMC_GetDeviceTablePtr
                0x00004000       0x24 .\CortexM0\ARM_GCC_541\Debug\GPIB USB 1.a(USBTMC_std.o)
                0x00004000                USBTMC_GetDeviceTablePtr
 .text.USBTMC_GetInterfaceClassTablePtr
                0x00004024       0x54 .\CortexM0\ARM_GCC_541\Debug\GPIB USB 1.a(USBTMC_std.o)
                0x00004024                USBTMC_GetInterfaceClassTablePtr
 .text.USBTMC_SetEndpointHalt
                0x00004078       0xec .\CortexM0\ARM_GCC_541\Debug\GPIB USB 1.a(USBTMC_std.o)
                0x00004078                USBTMC_SetEndpointHalt
 .text.USBTMC_ClearEndpointHalt
                0x00004164      0x158 .\CortexM0\ARM_GCC_541\Debug\GPIB USB 1.a(USBTMC_std.o)
                0x00004164                USBTMC_ClearEndpointHalt
 .text.USBTMC_ValidateAlternateSetting
                0x000042bc       0x9c .\CortexM0\ARM_GCC_541\Debug\GPIB USB 1.a(USBTMC_std.o)
                0x000042bc                USBTMC_ValidateAlternateSetting
 .text.USBTMC_HandleVendorRqst
                0x00004358       0x34 .\CortexM0\ARM_GCC_541\Debug\GPIB USB 1.a(USBTMC_vnd.o)
                0x00004358                USBTMC_HandleVendorRqst
 .text.USBTMC_Dp_ClearInterrupt
                0x0000438c       0x2c .\CortexM0\ARM_GCC_541\Debug\GPIB USB 1.a(USBTMC_Dp.o)
                0x0000438c                USBTMC_Dp_ClearInterrupt
 .text          0x000043b8       0x20 .\CortexM0\ARM_GCC_541\Debug\GPIB USB 1.a(CyBootAsmGnu.o)
                0x000043b8                CyDelayCycles
                0x000043ca                CyEnterCriticalSection
                0x000043d2                CyExitCriticalSection
 .text          0x000043d8      0x114 c:/program files (x86)/cypress/psoc creator/4.2/psoc creator/import/gnu/arm/5.4.1/bin/../lib/gcc/arm-none-eabi/5.4.1/armv6-m\libgcc.a(_udivsi3.o)
                0x000043d8                __aeabi_uidiv
                0x000043d8                __udivsi3
                0x000044e4                __aeabi_uidivmod
 .text          0x000044ec        0x4 c:/program files (x86)/cypress/psoc creator/4.2/psoc creator/import/gnu/arm/5.4.1/bin/../lib/gcc/arm-none-eabi/5.4.1/armv6-m\libgcc.a(_dvmd_tls.o)
                0x000044ec                __aeabi_idiv0
                0x000044ec                __aeabi_ldiv0
 .text.__errno  0x000044f0        0xc c:/program files (x86)/cypress/psoc creator/4.2/psoc creator/import/gnu/arm/5.4.1/bin/../lib/gcc/arm-none-eabi/5.4.1/../../../../arm-none-eabi/lib/armv6-m\libg_nano.a(lib_a-errno.o)
                0x000044f0                __errno
 .text.__libc_init_array
                0x000044fc       0x4c c:/program files (x86)/cypress/psoc creator/4.2/psoc creator/import/gnu/arm/5.4.1/bin/../lib/gcc/arm-none-eabi/5.4.1/../../../../arm-none-eabi/lib/armv6-m\libg_nano.a(lib_a-init.o)
                0x000044fc                __libc_init_array
 .text.memcpy   0x00004548       0x12 c:/program files (x86)/cypress/psoc creator/4.2/psoc creator/import/gnu/arm/5.4.1/bin/../lib/gcc/arm-none-eabi/5.4.1/../../../../arm-none-eabi/lib/armv6-m\libg_nano.a(lib_a-memcpy-stub.o)
                0x00004548                memcpy
 .text.memset   0x0000455a       0x10 c:/program files (x86)/cypress/psoc creator/4.2/psoc creator/import/gnu/arm/5.4.1/bin/../lib/gcc/arm-none-eabi/5.4.1/../../../../arm-none-eabi/lib/armv6-m\libg_nano.a(lib_a-memset.o)
                0x0000455a                memset
 *(.plt)
 *(.gnu.warning)
 *(.glue_7t)
 .glue_7t       0x0000456a        0x0 linker stubs
 *(.glue_7)
 .glue_7        0x0000456a        0x0 linker stubs
 *(.vfp11_veneer)
 .vfp11_veneer  0x0000456a        0x0 linker stubs
 *(.bootloader)
 *(.ARM.extab* .gnu.linkonce.armextab.*)
 *(.gcc_except_table)

.v4_bx          0x0000456c        0x0
 .v4_bx         0x0000456c        0x0 linker stubs

.iplt           0x0000456c        0x0
 .iplt          0x0000456c        0x0 c:/program files (x86)/cypress/psoc creator/4.2/psoc creator/import/gnu/arm/5.4.1/bin/../lib/gcc/arm-none-eabi/5.4.1/armv6-m/crtbegin.o

.eh_frame_hdr
 *(.eh_frame_hdr)

.eh_frame       0x0000456c        0x4
 *(.eh_frame)
 .eh_frame      0x0000456c        0x0 c:/program files (x86)/cypress/psoc creator/4.2/psoc creator/import/gnu/arm/5.4.1/bin/../lib/gcc/arm-none-eabi/5.4.1/armv6-m/crtbegin.o
 .eh_frame      0x0000456c        0x4 c:/program files (x86)/cypress/psoc creator/4.2/psoc creator/import/gnu/arm/5.4.1/bin/../lib/gcc/arm-none-eabi/5.4.1/armv6-m/crtend.o
                [!provide]                PROVIDE (__exidx_start, .)

.ARM.exidx
 *(.ARM.exidx* .gnu.linkonce.armexidx.*)
                0x00004570                __exidx_end = .

.rodata         0x00004600      0x408
 *(.rodata .rodata.* .gnu.linkonce.r.*)
 .rodata        0x00004600      0x200 .\CortexM0\ARM_GCC_541\Debug\settings.o
                0x00004600                eeprom
 .rodata        0x00004800       0x70 .\CortexM0\ARM_GCC_541\Debug\cyfitter_cfg.o
 .rodata        0x00004870       0x2e .\CortexM0\ARM_GCC_541\Debug\GPIB USB 1.a(CyLib.o)
                0x00004870                cyImoFreqMhz2Reg
 *fill*         0x0000489e        0x2 
 .rodata        0x000048a0       0x34 .\CortexM0\ARM_GCC_541\Debug\GPIB USB 1.a(USBTMC_episr.o)
 .rodata        0x000048d4       0x30 .\CortexM0\ARM_GCC_541\Debug\GPIB USB 1.a(USBTMC_std.o)
 .rodata        0x00004904       0xcc .\CortexM0\ARM_GCC_541\Debug\GPIB USB 1.a(USBTMC_descr.o)
                0x00004904                USBTMC_DEVICE0_DESCR
                0x00004918                USBTMC_DEVICE0_CONFIGURATION0_DESCR
                0x00004940                USBTMC_STRING_DESCRIPTORS
                0x0000495c                USBTMC_SN_STRING_DESCRIPTOR
                0x00004974                USBTMC_DEVICE0_CONFIGURATION0_EP_SETTINGS_TABLE
                0x0000498c                USBTMC_DEVICE0_CONFIGURATION0_INTERFACE_CLASS
                0x00004990                USBTMC_DEVICE0_CONFIGURATION0_TABLE
                0x000049b0                USBTMC_DEVICE0_TABLE
                0x000049c8                USBTMC_TABLE
 .rodata.str1.1
                0x000049d0        0x2 c:/program files (x86)/cypress/psoc creator/4.2/psoc creator/import/gnu/arm/5.4.1/bin/../lib/gcc/arm-none-eabi/5.4.1/../../../../arm-none-eabi/lib/armv6-m\libg_nano.a(lib_a-impure.o)
                0x000049d4                . = ALIGN (0x4)
 *fill*         0x000049d2        0x2 
 *(.init)
 .init          0x000049d4        0x4 c:/program files (x86)/cypress/psoc creator/4.2/psoc creator/import/gnu/arm/5.4.1/bin/../lib/gcc/arm-none-eabi/5.4.1/armv6-m/crti.o
                0x000049d4                _init
 .init          0x000049d8        0x8 c:/program files (x86)/cypress/psoc creator/4.2/psoc creator/import/gnu/arm/5.4.1/bin/../lib/gcc/arm-none-eabi/5.4.1/armv6-m/crtn.o
                0x000049e0                . = ALIGN (0x4)
                0x000049e0                __preinit_array_start = .
 *(.preinit_array)
                0x000049e0                __preinit_array_end = .
                0x000049e0                . = ALIGN (0x4)
                0x000049e0                __init_array_start = .
 *(SORT(.init_array.*))
 *(.init_array)
 .init_array    0x000049e0        0x4 c:/program files (x86)/cypress/psoc creator/4.2/psoc creator/import/gnu/arm/5.4.1/bin/../lib/gcc/arm-none-eabi/5.4.1/armv6-m/crtbegin.o
 .init_array    0x000049e4        0x4 .\CortexM0\ARM_GCC_541\Debug\Cm0Start.o
                0x000049e8                __init_array_end = .
                0x000049e8                . = ALIGN (0x4)
 *(.fini)
 .fini          0x000049e8        0x4 c:/program files (x86)/cypress/psoc creator/4.2/psoc creator/import/gnu/arm/5.4.1/bin/../lib/gcc/arm-none-eabi/5.4.1/armv6-m/crti.o
                0x000049e8                _fini
 .fini          0x000049ec        0x8 c:/program files (x86)/cypress/psoc creator/4.2/psoc creator/import/gnu/arm/5.4.1/bin/../lib/gcc/arm-none-eabi/5.4.1/armv6-m/crtn.o
                0x000049f4                . = ALIGN (0x4)
                0x000049f4                __fini_array_start = .
 *(.fini_array)
 .fini_array    0x000049f4        0x4 c:/program files (x86)/cypress/psoc creator/4.2/psoc creator/import/gnu/arm/5.4.1/bin/../lib/gcc/arm-none-eabi/5.4.1/armv6-m/crtbegin.o
 *(SORT(.fini_array.*))
                0x000049f8                __fini_array_end = .
                0x000049f8                . = ALIGN (0x4)
 *crtbegin.o(.ctors)
 *(EXCLUDE_FILE(*crtend.o) .ctors)
 *(SORT(.ctors.*))
 *crtend.o(.ctors)
                0x000049f8                . = ALIGN (0x4)
 *crtbegin.o(.dtors)
 *(EXCLUDE_FILE(*crtend.o) .dtors)
 *(SORT(.dtors.*))
 *crtend.o(.dtors)
                0x000049f8                . = ALIGN (0x4)
                0x000049f8                __cy_regions = .
                0x000049f8        0x4 LONG 0x4a08 __cy_region_init_ram
                0x000049fc        0x4 LONG 0x200000c8 __cy_region_start_data
                0x00004a00        0x4 LONG 0x90 __cy_region_init_size_ram
                0x00004a04        0x4 LONG 0x268 __cy_region_zero_size_ram
                0x00004a08                __cy_regions_end = .
                0x00004a08                . = ALIGN (0x8)
                0x00004a08                _etext = .

.cy_checksum_exclude
                0x00004a08        0x0
 *(.cy_checksum_exclude)

.ramvectors     0x20000000       0xc0
                0x20000000                __cy_region_start_ram = .
 *(.ramvectors)
 .ramvectors    0x20000000       0xc0 .\CortexM0\ARM_GCC_541\Debug\Cm0Start.o
                0x20000000                CyRamVectors

.noinit         0x200000c0        0x4
 *(.noinit)
 .noinit        0x200000c0        0x4 .\CortexM0\ARM_GCC_541\Debug\Cm0Start.o

.data           0x200000c8       0x90 load address 0x00004a08
                0x200000c8                __cy_region_start_data = .
 *(.jcr)
 .jcr           0x200000c8        0x0 c:/program files (x86)/cypress/psoc creator/4.2/psoc creator/import/gnu/arm/5.4.1/bin/../lib/gcc/arm-none-eabi/5.4.1/armv6-m/crtbegin.o
 .jcr           0x200000c8        0x4 c:/program files (x86)/cypress/psoc creator/4.2/psoc creator/import/gnu/arm/5.4.1/bin/../lib/gcc/arm-none-eabi/5.4.1/armv6-m/crtend.o
 *(.got.plt)
 *(.got)
 *(.shdata)
 *(.data .data.* .gnu.linkonce.d.*)
 .data          0x200000cc        0xc .\CortexM0\ARM_GCC_541\Debug\gpib.o
                0x200000cc                my_address
                0x200000d0                listening
                0x200000d4                talking
 .data          0x200000d8       0x14 .\CortexM0\ARM_GCC_541\Debug\GPIB USB 1.a(CyLib.o)
                0x200000d8                cydelayFreqHz
                0x200000dc                cydelayFreqKhz
                0x200000e0                cydelayFreqMhz
                0x200000e4                cydelay32kMs
                0x200000e8                CySysClkPumpConfig
 .data          0x200000ec        0x8 .\CortexM0\ARM_GCC_541\Debug\GPIB USB 1.a(CyLFClk.o)
 .data.impure_data
                0x200000f4       0x60 c:/program files (x86)/cypress/psoc creator/4.2/psoc creator/import/gnu/arm/5.4.1/bin/../lib/gcc/arm-none-eabi/5.4.1/../../../../arm-none-eabi/lib/armv6-m\libg_nano.a(lib_a-impure.o)
 .data._impure_ptr
                0x20000154        0x4 c:/program files (x86)/cypress/psoc creator/4.2/psoc creator/import/gnu/arm/5.4.1/bin/../lib/gcc/arm-none-eabi/5.4.1/../../../../arm-none-eabi/lib/armv6-m\libg_nano.a(lib_a-impure.o)
                0x20000154                _impure_ptr
                0x20000158                . = ALIGN (0x8)
 *(.ram)
                0x20000158                _edata = .

.igot.plt       0x20000158        0x0 load address 0x00004a98
 .igot.plt      0x20000158        0x0 c:/program files (x86)/cypress/psoc creator/4.2/psoc creator/import/gnu/arm/5.4.1/bin/../lib/gcc/arm-none-eabi/5.4.1/armv6-m/crtbegin.o

.bss            0x20000158      0x268 load address 0x00004a98
                0x20000158                PROVIDE (__bss_start__, .)
 *(.shbss)
 *(.bss .bss.* .gnu.linkonce.b.*)
 .bss           0x20000158       0x1c c:/program files (x86)/cypress/psoc creator/4.2/psoc creator/import/gnu/arm/5.4.1/bin/../lib/gcc/arm-none-eabi/5.4.1/armv6-m/crtbegin.o
 .bss           0x20000174        0x4 .\CortexM0\ARM_GCC_541\Debug\gpib.o
                0x20000174                _gpib_mode
 .bss           0x20000178       0x10 .\CortexM0\ARM_GCC_541\Debug\usb_tmc.o
                0x20000178                tag
                0x2000017c                size
                0x20000180                last
                0x20000181                state
                0x20000184                ttt
 .bss           0x20000188       0x20 .\CortexM0\ARM_GCC_541\Debug\GPIB USB 1.a(CyLib.o)
                0x2000019c                CySysTickInitVar
                0x200001a0                CySysClkImoTrim4
                0x200001a4                CySysClkImoTrim5
 .bss           0x200001a8       0x28 .\CortexM0\ARM_GCC_541\Debug\GPIB USB 1.a(CyLFClk.o)
 .bss           0x200001d0        0x1 .\CortexM0\ARM_GCC_541\Debug\GPIB USB 1.a(PWM_1.o)
                0x200001d0                PWM_1_initVar
 .bss           0x200001d1        0x1 .\CortexM0\ARM_GCC_541\Debug\GPIB USB 1.a(Timer1.o)
                0x200001d1                Timer1_initVar
 .bss           0x200001d2        0x1 .\CortexM0\ARM_GCC_541\Debug\GPIB USB 1.a(USBTMC.o)
                0x200001d2                USBTMC_initVar
 *fill*         0x200001d3        0x1 
 .bss           0x200001d4        0x2 .\CortexM0\ARM_GCC_541\Debug\GPIB USB 1.a(USBTMC_std.o)
 *(COMMON)
 *fill*         0x200001d6        0x2 
 COMMON         0x200001d8       0x14 .\CortexM0\ARM_GCC_541\Debug\settings.o
                0x200001d8                settings
 COMMON         0x200001ec      0x11c .\CortexM0\ARM_GCC_541\Debug\usb_tmc.o
                0x200001ec                usb_buf
                0x200002ec                ptr
                0x200002f0                gcr
 COMMON         0x20000308       0x1c .\CortexM0\ARM_GCC_541\Debug\GPIB USB 1.a(EEPROM.o)
                0x20000308                EEPROM_context
 COMMON         0x20000324       0x95 .\CortexM0\ARM_GCC_541\Debug\GPIB USB 1.a(USBTMC_drv.o)
                0x20000324                USBTMC_interfaceClass
                0x20000328                USBTMC_deviceStatus
                0x20000329                USBTMC_device
                0x2000032c                USBTMC_EP
                0x20000398                USBTMC_interfaceSettingLast
                0x20000399                USBTMC_interfaceNumber
                0x2000039a                USBTMC_configurationChanged
                0x2000039b                USBTMC_ep0Count
                0x2000039c                USBTMC_transferByteCount
                0x2000039e                USBTMC_deviceAddress
                0x2000039f                USBTMC_lastPacketSize
                0x200003a0                USBTMC_configuration
                0x200003a1                USBTMC_transferState
                0x200003a4                USBTMC_interfaceSetting
                0x200003a5                USBTMC_ep0Toggle
                0x200003a8                USBTMC_currentTD
                0x200003b4                USBTMC_ep0Mode
                0x200003b8                USBTMC_interfaceStatus
                0x200003c0                . = ALIGN (0x8)
 *fill*         0x200003b9        0x7 
 *(.ram.b)
                0x200003c0                _end = .
                0x200003c0                __end = .
                0x200003c0                PROVIDE (end, .)
                0x200003c0                PROVIDE (__bss_end__, .)
                0x00004a08                __cy_region_init_ram = LOADADDR (.data)
                0x00000090                __cy_region_init_size_ram = (_edata - ADDR (.data))
                0x00000268                __cy_region_zero_size_ram = (_end - _edata)

.heap           0x200003c0       0x80 load address 0x00004a98
                0x200003c0                . = _end
                0x20000440                . = (. + 0x80)
 *fill*         0x200003c0       0x80 
                0x20000440                __cy_heap_limit = .

.stack          0x20001800      0x800
                0x20001800                __cy_stack_limit = .
                0x20002000                . = (. + 0x800)
 *fill*         0x20001800      0x800 
                0x00000001                ASSERT ((__cy_stack_limit >= __cy_heap_limit), region RAM overflowed with stack)
                0x00000000                cy_checksum_exclude_size = (CY_APPL_LOADABLE == 0x1)?SIZEOF (.cy_checksum_exclude):0x0
                0x00000001                ASSERT ((cy_checksum_exclude_size <= CY_CHECKSUM_EXCLUDE_SIZE), CY_BOOT: Section .cy_checksum_exclude size exceedes specified limit.)
                0x0000ffc0                cyloadermeta_start = (cy_project_type_bootloader || cy_project_type_app_for_stack_and_copier)?(LENGTH (rom) - CY_METADATA_SIZE):0xf0000000

.cyloadermeta
 *(.cyloadermeta)
                0x0000ffc0                cyloadablemeta_start = cy_project_type_app_for_stack_and_copier?((LENGTH (rom) - CY_FLASH_ROW_SIZE) - CY_METADATA_SIZE):((LENGTH (rom) - (CY_FLASH_ROW_SIZE * (CY_APPL_NUM - 0x1))) - CY_METADATA_SIZE)

.cyloadablemeta
 *(.cyloadablemeta)

.cyflashprotect
                0x90400000       0x20
 *(.cyflashprotect)
 .cyflashprotect
                0x90400000       0x20 .\CortexM0\ARM_GCC_541\Debug\cymetadata.o
                0x90400000                cy_meta_flashprotect

.cymeta         0x90500000        0xc
 *(.cymeta)
 .cymeta        0x90500000        0xc .\CortexM0\ARM_GCC_541\Debug\cymetadata.o
                0x90500000                cy_metadata

.cychipprotect  0x90600000        0x1
 *(.cychipprotect)
 .cychipprotect
                0x90600000        0x1 .\CortexM0\ARM_GCC_541\Debug\cymetadata.o
                0x90600000                cy_meta_chipprotect

.rel.dyn        0x00004a98        0x0 load address 0x90600004
 .rel.iplt      0x00004a98        0x0 c:/program files (x86)/cypress/psoc creator/4.2/psoc creator/import/gnu/arm/5.4.1/bin/../lib/gcc/arm-none-eabi/5.4.1/armv6-m/crtbegin.o

.stab
 *(.stab)

.stabstr
 *(.stabstr)

.debug
 *(.debug)

.line
 *(.line)

.debug_srcinfo
 *(.debug_srcinfo)

.debug_sfnames
 *(.debug_sfnames)

.debug_aranges  0x00000000      0xe08
 *(.debug_aranges)
 .debug_aranges
                0x00000000       0x20 .\CortexM0\ARM_GCC_541\Debug\main.o
 .debug_aranges
                0x00000020       0xf8 .\CortexM0\ARM_GCC_541\Debug\gpib.o
 .debug_aranges
                0x00000118       0x18 .\CortexM0\ARM_GCC_541\Debug\serial.o
 .debug_aranges
                0x00000130       0x50 .\CortexM0\ARM_GCC_541\Debug\input.o
 .debug_aranges
                0x00000180       0x98 .\CortexM0\ARM_GCC_541\Debug\command.o
 .debug_aranges
                0x00000218       0x30 .\CortexM0\ARM_GCC_541\Debug\settings.o
 .debug_aranges
                0x00000248       0x28 .\CortexM0\ARM_GCC_541\Debug\utils.o
 .debug_aranges
                0x00000270       0x48 .\CortexM0\ARM_GCC_541\Debug\usb_tmc.o
 .debug_aranges
                0x000002b8       0x50 .\CortexM0\ARM_GCC_541\Debug\cyfitter_cfg.o
 .debug_aranges
                0x00000308       0x18 .\CortexM0\ARM_GCC_541\Debug\cymetadata.o
 .debug_aranges
                0x00000320       0x48 .\CortexM0\ARM_GCC_541\Debug\Cm0Start.o
 .debug_aranges
                0x00000368       0x90 .\CortexM0\ARM_GCC_541\Debug\GPIB USB 1.a(cy_em_eeprom.o)
 .debug_aranges
                0x000003f8       0x40 .\CortexM0\ARM_GCC_541\Debug\GPIB USB 1.a(CyFlash.o)
 .debug_aranges
                0x00000438      0x260 .\CortexM0\ARM_GCC_541\Debug\GPIB USB 1.a(CyLib.o)
 .debug_aranges
                0x00000698      0x190 .\CortexM0\ARM_GCC_541\Debug\GPIB USB 1.a(CyLFClk.o)
 .debug_aranges
                0x00000828      0x158 .\CortexM0\ARM_GCC_541\Debug\GPIB USB 1.a(PWM_1.o)
 .debug_aranges
                0x00000980       0x20 .\CortexM0\ARM_GCC_541\Debug\GPIB USB 1.a(EEPROM.o)
 .debug_aranges
                0x000009a0      0x158 .\CortexM0\ARM_GCC_541\Debug\GPIB USB 1.a(Timer1.o)
 .debug_aranges
                0x00000af8       0xc8 .\CortexM0\ARM_GCC_541\Debug\GPIB USB 1.a(USBTMC.o)
 .debug_aranges
                0x00000bc0       0x98 .\CortexM0\ARM_GCC_541\Debug\GPIB USB 1.a(USBTMC_drv.o)
 .debug_aranges
                0x00000c58       0x58 .\CortexM0\ARM_GCC_541\Debug\GPIB USB 1.a(USBTMC_episr.o)
 .debug_aranges
                0x00000cb0       0x40 .\CortexM0\ARM_GCC_541\Debug\GPIB USB 1.a(USBTMC_pm.o)
 .debug_aranges
                0x00000cf0       0x78 .\CortexM0\ARM_GCC_541\Debug\GPIB USB 1.a(USBTMC_std.o)
 .debug_aranges
                0x00000d68       0x20 .\CortexM0\ARM_GCC_541\Debug\GPIB USB 1.a(USBTMC_vnd.o)
 .debug_aranges
                0x00000d88       0x48 .\CortexM0\ARM_GCC_541\Debug\GPIB USB 1.a(USBTMC_Dp.o)
 .debug_aranges
                0x00000dd0       0x20 .\CortexM0\ARM_GCC_541\Debug\GPIB USB 1.a(CyBootAsmGnu.o)
 .debug_aranges
                0x00000df0       0x18 .\CortexM0\ARM_GCC_541\Debug\GPIB USB 1.a(USBTMC_descr.o)

.debug_pubnames
 *(.debug_pubnames)

.debug_info     0x00000000     0x7e1a
 *(.debug_info .gnu.linkonce.wi.*)
 .debug_info    0x00000000      0x11d .\CortexM0\ARM_GCC_541\Debug\main.o
 .debug_info    0x0000011d      0x725 .\CortexM0\ARM_GCC_541\Debug\gpib.o
 .debug_info    0x00000842       0x87 .\CortexM0\ARM_GCC_541\Debug\serial.o
 .debug_info    0x000008c9      0x2cf .\CortexM0\ARM_GCC_541\Debug\input.o
 .debug_info    0x00000b98      0x787 .\CortexM0\ARM_GCC_541\Debug\command.o
 .debug_info    0x0000131f      0x2a9 .\CortexM0\ARM_GCC_541\Debug\settings.o
 .debug_info    0x000015c8      0x17f .\CortexM0\ARM_GCC_541\Debug\utils.o
 .debug_info    0x00001747      0x5ea .\CortexM0\ARM_GCC_541\Debug\usb_tmc.o
 .debug_info    0x00001d31      0x35e .\CortexM0\ARM_GCC_541\Debug\cyfitter_cfg.o
 .debug_info    0x0000208f       0xf8 .\CortexM0\ARM_GCC_541\Debug\cymetadata.o
 .debug_info    0x00002187      0x312 .\CortexM0\ARM_GCC_541\Debug\Cm0Start.o
 .debug_info    0x00002499      0xa68 .\CortexM0\ARM_GCC_541\Debug\GPIB USB 1.a(cy_em_eeprom.o)
 .debug_info    0x00002f01      0x263 .\CortexM0\ARM_GCC_541\Debug\GPIB USB 1.a(CyFlash.o)
 .debug_info    0x00003164     0x1237 .\CortexM0\ARM_GCC_541\Debug\GPIB USB 1.a(CyLib.o)
 .debug_info    0x0000439b      0xaa1 .\CortexM0\ARM_GCC_541\Debug\GPIB USB 1.a(CyLFClk.o)
 .debug_info    0x00004e3c      0x6fb .\CortexM0\ARM_GCC_541\Debug\GPIB USB 1.a(PWM_1.o)
 .debug_info    0x00005537      0x21d .\CortexM0\ARM_GCC_541\Debug\GPIB USB 1.a(EEPROM.o)
 .debug_info    0x00005754      0x6fb .\CortexM0\ARM_GCC_541\Debug\GPIB USB 1.a(Timer1.o)
 .debug_info    0x00005e4f      0x6fa .\CortexM0\ARM_GCC_541\Debug\GPIB USB 1.a(USBTMC.o)
 .debug_info    0x00006549      0x53e .\CortexM0\ARM_GCC_541\Debug\GPIB USB 1.a(USBTMC_drv.o)
 .debug_info    0x00006a87      0x2e0 .\CortexM0\ARM_GCC_541\Debug\GPIB USB 1.a(USBTMC_episr.o)
 .debug_info    0x00006d67      0x18d .\CortexM0\ARM_GCC_541\Debug\GPIB USB 1.a(USBTMC_pm.o)
 .debug_info    0x00006ef4      0x971 .\CortexM0\ARM_GCC_541\Debug\GPIB USB 1.a(USBTMC_std.o)
 .debug_info    0x00007865       0xfb .\CortexM0\ARM_GCC_541\Debug\GPIB USB 1.a(USBTMC_vnd.o)
 .debug_info    0x00007960      0x19a .\CortexM0\ARM_GCC_541\Debug\GPIB USB 1.a(USBTMC_Dp.o)
 .debug_info    0x00007afa       0x8f .\CortexM0\ARM_GCC_541\Debug\GPIB USB 1.a(CyBootAsmGnu.o)
 .debug_info    0x00007b89      0x291 .\CortexM0\ARM_GCC_541\Debug\GPIB USB 1.a(USBTMC_descr.o)

.debug_abbrev   0x00000000     0x2102
 *(.debug_abbrev)
 .debug_abbrev  0x00000000       0x84 .\CortexM0\ARM_GCC_541\Debug\main.o
 .debug_abbrev  0x00000084      0x2a6 .\CortexM0\ARM_GCC_541\Debug\gpib.o
 .debug_abbrev  0x0000032a       0x26 .\CortexM0\ARM_GCC_541\Debug\serial.o
 .debug_abbrev  0x00000350      0x15b .\CortexM0\ARM_GCC_541\Debug\input.o
 .debug_abbrev  0x000004ab      0x206 .\CortexM0\ARM_GCC_541\Debug\command.o
 .debug_abbrev  0x000006b1      0x11f .\CortexM0\ARM_GCC_541\Debug\settings.o
 .debug_abbrev  0x000007d0       0xbb .\CortexM0\ARM_GCC_541\Debug\utils.o
 .debug_abbrev  0x0000088b      0x171 .\CortexM0\ARM_GCC_541\Debug\usb_tmc.o
 .debug_abbrev  0x000009fc      0x18a .\CortexM0\ARM_GCC_541\Debug\cyfitter_cfg.o
 .debug_abbrev  0x00000b86       0x5d .\CortexM0\ARM_GCC_541\Debug\cymetadata.o
 .debug_abbrev  0x00000be3      0x1c8 .\CortexM0\ARM_GCC_541\Debug\Cm0Start.o
 .debug_abbrev  0x00000dab      0x1e5 .\CortexM0\ARM_GCC_541\Debug\GPIB USB 1.a(cy_em_eeprom.o)
 .debug_abbrev  0x00000f90      0x120 .\CortexM0\ARM_GCC_541\Debug\GPIB USB 1.a(CyFlash.o)
 .debug_abbrev  0x000010b0      0x224 .\CortexM0\ARM_GCC_541\Debug\GPIB USB 1.a(CyLib.o)
 .debug_abbrev  0x000012d4      0x22a .\CortexM0\ARM_GCC_541\Debug\GPIB USB 1.a(CyLFClk.o)
 .debug_abbrev  0x000014fe       0xfc .\CortexM0\ARM_GCC_541\Debug\GPIB USB 1.a(PWM_1.o)
 .debug_abbrev  0x000015fa       0xe8 .\CortexM0\ARM_GCC_541\Debug\GPIB USB 1.a(EEPROM.o)
 .debug_abbrev  0x000016e2       0xfc .\CortexM0\ARM_GCC_541\Debug\GPIB USB 1.a(Timer1.o)
 .debug_abbrev  0x000017de      0x1fc .\CortexM0\ARM_GCC_541\Debug\GPIB USB 1.a(USBTMC.o)
 .debug_abbrev  0x000019da      0x161 .\CortexM0\ARM_GCC_541\Debug\GPIB USB 1.a(USBTMC_drv.o)
 .debug_abbrev  0x00001b3b      0x132 .\CortexM0\ARM_GCC_541\Debug\GPIB USB 1.a(USBTMC_episr.o)
 .debug_abbrev  0x00001c6d       0xd1 .\CortexM0\ARM_GCC_541\Debug\GPIB USB 1.a(USBTMC_pm.o)
 .debug_abbrev  0x00001d3e      0x1c8 .\CortexM0\ARM_GCC_541\Debug\GPIB USB 1.a(USBTMC_std.o)
 .debug_abbrev  0x00001f06       0x9b .\CortexM0\ARM_GCC_541\Debug\GPIB USB 1.a(USBTMC_vnd.o)
 .debug_abbrev  0x00001fa1       0xaa .\CortexM0\ARM_GCC_541\Debug\GPIB USB 1.a(USBTMC_Dp.o)
 .debug_abbrev  0x0000204b       0x14 .\CortexM0\ARM_GCC_541\Debug\GPIB USB 1.a(CyBootAsmGnu.o)
 .debug_abbrev  0x0000205f       0xa3 .\CortexM0\ARM_GCC_541\Debug\GPIB USB 1.a(USBTMC_descr.o)

.debug_line     0x00000000     0x4167
 *(.debug_line)
 .debug_line    0x00000000      0x153 .\CortexM0\ARM_GCC_541\Debug\main.o
 .debug_line    0x00000153      0x44b .\CortexM0\ARM_GCC_541\Debug\gpib.o
 .debug_line    0x0000059e       0x1d .\CortexM0\ARM_GCC_541\Debug\serial.o
 .debug_line    0x000005bb      0x28a .\CortexM0\ARM_GCC_541\Debug\input.o
 .debug_line    0x00000845      0x323 .\CortexM0\ARM_GCC_541\Debug\command.o
 .debug_line    0x00000b68      0x1c1 .\CortexM0\ARM_GCC_541\Debug\settings.o
 .debug_line    0x00000d29      0x175 .\CortexM0\ARM_GCC_541\Debug\utils.o
 .debug_line    0x00000e9e      0x259 .\CortexM0\ARM_GCC_541\Debug\usb_tmc.o
 .debug_line    0x000010f7      0x19e .\CortexM0\ARM_GCC_541\Debug\cyfitter_cfg.o
 .debug_line    0x00001295      0x141 .\CortexM0\ARM_GCC_541\Debug\cymetadata.o
 .debug_line    0x000013d6      0x1d0 .\CortexM0\ARM_GCC_541\Debug\Cm0Start.o
 .debug_line    0x000015a6      0x4e8 .\CortexM0\ARM_GCC_541\Debug\GPIB USB 1.a(cy_em_eeprom.o)
 .debug_line    0x00001a8e      0x1a3 .\CortexM0\ARM_GCC_541\Debug\GPIB USB 1.a(CyFlash.o)
 .debug_line    0x00001c31      0x952 .\CortexM0\ARM_GCC_541\Debug\GPIB USB 1.a(CyLib.o)
 .debug_line    0x00002583      0x708 .\CortexM0\ARM_GCC_541\Debug\GPIB USB 1.a(CyLFClk.o)
 .debug_line    0x00002c8b      0x373 .\CortexM0\ARM_GCC_541\Debug\GPIB USB 1.a(PWM_1.o)
 .debug_line    0x00002ffe       0x77 .\CortexM0\ARM_GCC_541\Debug\GPIB USB 1.a(EEPROM.o)
 .debug_line    0x00003075      0x36f .\CortexM0\ARM_GCC_541\Debug\GPIB USB 1.a(Timer1.o)
 .debug_line    0x000033e4      0x32c .\CortexM0\ARM_GCC_541\Debug\GPIB USB 1.a(USBTMC.o)
 .debug_line    0x00003710      0x238 .\CortexM0\ARM_GCC_541\Debug\GPIB USB 1.a(USBTMC_drv.o)
 .debug_line    0x00003948      0x136 .\CortexM0\ARM_GCC_541\Debug\GPIB USB 1.a(USBTMC_episr.o)
 .debug_line    0x00003a7e       0xd6 .\CortexM0\ARM_GCC_541\Debug\GPIB USB 1.a(USBTMC_pm.o)
 .debug_line    0x00003b54      0x414 .\CortexM0\ARM_GCC_541\Debug\GPIB USB 1.a(USBTMC_std.o)
 .debug_line    0x00003f68       0x77 .\CortexM0\ARM_GCC_541\Debug\GPIB USB 1.a(USBTMC_vnd.o)
 .debug_line    0x00003fdf       0xc1 .\CortexM0\ARM_GCC_541\Debug\GPIB USB 1.a(USBTMC_Dp.o)
 .debug_line    0x000040a0       0x68 .\CortexM0\ARM_GCC_541\Debug\GPIB USB 1.a(CyBootAsmGnu.o)
 .debug_line    0x00004108       0x5f .\CortexM0\ARM_GCC_541\Debug\GPIB USB 1.a(USBTMC_descr.o)

.debug_frame    0x00000000     0x3070
 *(.debug_frame)
 .debug_frame   0x00000000       0x2c .\CortexM0\ARM_GCC_541\Debug\main.o
 .debug_frame   0x0000002c      0x36c .\CortexM0\ARM_GCC_541\Debug\gpib.o
 .debug_frame   0x00000398       0xe8 .\CortexM0\ARM_GCC_541\Debug\input.o
 .debug_frame   0x00000480      0x200 .\CortexM0\ARM_GCC_541\Debug\command.o
 .debug_frame   0x00000680       0x74 .\CortexM0\ARM_GCC_541\Debug\settings.o
 .debug_frame   0x000006f4       0x50 .\CortexM0\ARM_GCC_541\Debug\utils.o
 .debug_frame   0x00000744       0xc4 .\CortexM0\ARM_GCC_541\Debug\usb_tmc.o
 .debug_frame   0x00000808       0xe8 .\CortexM0\ARM_GCC_541\Debug\cyfitter_cfg.o
 .debug_frame   0x000008f0       0xc8 .\CortexM0\ARM_GCC_541\Debug\Cm0Start.o
 .debug_frame   0x000009b8      0x214 .\CortexM0\ARM_GCC_541\Debug\GPIB USB 1.a(cy_em_eeprom.o)
 .debug_frame   0x00000bcc       0xbc .\CortexM0\ARM_GCC_541\Debug\GPIB USB 1.a(CyFlash.o)
 .debug_frame   0x00000c88      0x928 .\CortexM0\ARM_GCC_541\Debug\GPIB USB 1.a(CyLib.o)
 .debug_frame   0x000015b0      0x5dc .\CortexM0\ARM_GCC_541\Debug\GPIB USB 1.a(CyLFClk.o)
 .debug_frame   0x00001b8c      0x52c .\CortexM0\ARM_GCC_541\Debug\GPIB USB 1.a(PWM_1.o)
 .debug_frame   0x000020b8       0x34 .\CortexM0\ARM_GCC_541\Debug\GPIB USB 1.a(EEPROM.o)
 .debug_frame   0x000020ec      0x52c .\CortexM0\ARM_GCC_541\Debug\GPIB USB 1.a(Timer1.o)
 .debug_frame   0x00002618      0x2d0 .\CortexM0\ARM_GCC_541\Debug\GPIB USB 1.a(USBTMC.o)
 .debug_frame   0x000028e8      0x1f0 .\CortexM0\ARM_GCC_541\Debug\GPIB USB 1.a(USBTMC_drv.o)
 .debug_frame   0x00002ad8       0xf4 .\CortexM0\ARM_GCC_541\Debug\GPIB USB 1.a(USBTMC_episr.o)
 .debug_frame   0x00002bcc       0xac .\CortexM0\ARM_GCC_541\Debug\GPIB USB 1.a(USBTMC_pm.o)
 .debug_frame   0x00002c78      0x198 .\CortexM0\ARM_GCC_541\Debug\GPIB USB 1.a(USBTMC_std.o)
 .debug_frame   0x00002e10       0x30 .\CortexM0\ARM_GCC_541\Debug\GPIB USB 1.a(USBTMC_vnd.o)
 .debug_frame   0x00002e40       0xc8 .\CortexM0\ARM_GCC_541\Debug\GPIB USB 1.a(USBTMC_Dp.o)
 .debug_frame   0x00002f08       0x20 c:/program files (x86)/cypress/psoc creator/4.2/psoc creator/import/gnu/arm/5.4.1/bin/../lib/gcc/arm-none-eabi/5.4.1/armv6-m\libgcc.a(_udivsi3.o)
 .debug_frame   0x00002f28       0x20 c:/program files (x86)/cypress/psoc creator/4.2/psoc creator/import/gnu/arm/5.4.1/bin/../lib/gcc/arm-none-eabi/5.4.1/armv6-m\libgcc.a(_divsi3.o)
 .debug_frame   0x00002f48       0x20 c:/program files (x86)/cypress/psoc creator/4.2/psoc creator/import/gnu/arm/5.4.1/bin/../lib/gcc/arm-none-eabi/5.4.1/../../../../arm-none-eabi/lib/armv6-m\libg_nano.a(lib_a-errno.o)
 .debug_frame   0x00002f68       0x28 c:/program files (x86)/cypress/psoc creator/4.2/psoc creator/import/gnu/arm/5.4.1/bin/../lib/gcc/arm-none-eabi/5.4.1/../../../../arm-none-eabi/lib/armv6-m\libg_nano.a(lib_a-exit.o)
 .debug_frame   0x00002f90       0x2c c:/program files (x86)/cypress/psoc creator/4.2/psoc creator/import/gnu/arm/5.4.1/bin/../lib/gcc/arm-none-eabi/5.4.1/../../../../arm-none-eabi/lib/armv6-m\libg_nano.a(lib_a-init.o)
 .debug_frame   0x00002fbc       0x2c c:/program files (x86)/cypress/psoc creator/4.2/psoc creator/import/gnu/arm/5.4.1/bin/../lib/gcc/arm-none-eabi/5.4.1/../../../../arm-none-eabi/lib/armv6-m\libg_nano.a(lib_a-memcmp.o)
 .debug_frame   0x00002fe8       0x28 c:/program files (x86)/cypress/psoc creator/4.2/psoc creator/import/gnu/arm/5.4.1/bin/../lib/gcc/arm-none-eabi/5.4.1/../../../../arm-none-eabi/lib/armv6-m\libg_nano.a(lib_a-memcpy-stub.o)
 .debug_frame   0x00003010       0x20 c:/program files (x86)/cypress/psoc creator/4.2/psoc creator/import/gnu/arm/5.4.1/bin/../lib/gcc/arm-none-eabi/5.4.1/../../../../arm-none-eabi/lib/armv6-m\libg_nano.a(lib_a-memset.o)
 .debug_frame   0x00003030       0x20 c:/program files (x86)/cypress/psoc creator/4.2/psoc creator/import/gnu/arm/5.4.1/bin/../lib/gcc/arm-none-eabi/5.4.1/../../../../arm-none-eabi/lib/armv6-m\libg_nano.a(lib_a-strchr.o)
 .debug_frame   0x00003050       0x20 c:/program files (x86)/cypress/psoc creator/4.2/psoc creator/import/gnu/arm/5.4.1/bin/../lib/gcc/arm-none-eabi/5.4.1/../../../../arm-none-eabi/lib/armv6-m\libg_nano.a(lib_a-strcmp.o)

.debug_str      0x00000000     0x340a
 *(.debug_str)
 .debug_str     0x00000000      0x16f .\CortexM0\ARM_GCC_541\Debug\main.o
                                0x1b7 (size before relaxing)
 .debug_str     0x0000016f      0x285 .\CortexM0\ARM_GCC_541\Debug\gpib.o
                                0x44a (size before relaxing)
 .debug_str     0x000003f4        0x9 .\CortexM0\ARM_GCC_541\Debug\serial.o
                                0x183 (size before relaxing)
 .debug_str     0x000003fd       0xe8 .\CortexM0\ARM_GCC_541\Debug\input.o
                                0x28f (size before relaxing)
 .debug_str     0x000004e5      0x15a .\CortexM0\ARM_GCC_541\Debug\command.o
                                0x37d (size before relaxing)
 .debug_str     0x0000063f      0x163 .\CortexM0\ARM_GCC_541\Debug\settings.o
                                0x358 (size before relaxing)
 .debug_str     0x000007a2       0x23 .\CortexM0\ARM_GCC_541\Debug\utils.o
                                0x1b4 (size before relaxing)
 .debug_str     0x000007c5      0x236 .\CortexM0\ARM_GCC_541\Debug\usb_tmc.o
                                0x42c (size before relaxing)
 .debug_str     0x000009fb       0xf7 .\CortexM0\ARM_GCC_541\Debug\cyfitter_cfg.o
                                0x2bf (size before relaxing)
 .debug_str     0x00000af2       0x59 .\CortexM0\ARM_GCC_541\Debug\cymetadata.o
                                0x1c7 (size before relaxing)
 .debug_str     0x00000b4b      0x114 .\CortexM0\ARM_GCC_541\Debug\Cm0Start.o
                                0x2cd (size before relaxing)
 .debug_str     0x00000c5f      0x346 .\CortexM0\ARM_GCC_541\Debug\GPIB USB 1.a(cy_em_eeprom.o)
                                0x614 (size before relaxing)
 .debug_str     0x00000fa5       0xc8 .\CortexM0\ARM_GCC_541\Debug\GPIB USB 1.a(CyFlash.o)
                                0x274 (size before relaxing)
 .debug_str     0x0000106d      0x8b7 .\CortexM0\ARM_GCC_541\Debug\GPIB USB 1.a(CyLib.o)
                                0xabf (size before relaxing)
 .debug_str     0x00001924      0x6f5 .\CortexM0\ARM_GCC_541\Debug\GPIB USB 1.a(CyLFClk.o)
                                0x8de (size before relaxing)
 .debug_str     0x00002019      0x3e6 .\CortexM0\ARM_GCC_541\Debug\GPIB USB 1.a(PWM_1.o)
                                0x583 (size before relaxing)
 .debug_str     0x000023ff       0x3b .\CortexM0\ARM_GCC_541\Debug\GPIB USB 1.a(EEPROM.o)
                                0x312 (size before relaxing)
 .debug_str     0x0000243a      0x351 .\CortexM0\ARM_GCC_541\Debug\GPIB USB 1.a(Timer1.o)
                                0x5ad (size before relaxing)
 .debug_str     0x0000278b      0x37f .\CortexM0\ARM_GCC_541\Debug\GPIB USB 1.a(USBTMC.o)
                                0x5be (size before relaxing)
 .debug_str     0x00002b0a      0x28d .\CortexM0\ARM_GCC_541\Debug\GPIB USB 1.a(USBTMC_drv.o)
                                0x5da (size before relaxing)
 .debug_str     0x00002d97       0xdc .\CortexM0\ARM_GCC_541\Debug\GPIB USB 1.a(USBTMC_episr.o)
                                0x333 (size before relaxing)
 .debug_str     0x00002e73       0xb0 .\CortexM0\ARM_GCC_541\Debug\GPIB USB 1.a(USBTMC_pm.o)
                                0x268 (size before relaxing)
 .debug_str     0x00002f23      0x303 .\CortexM0\ARM_GCC_541\Debug\GPIB USB 1.a(USBTMC_std.o)
                                0x73e (size before relaxing)
 .debug_str     0x00003226       0x3c .\CortexM0\ARM_GCC_541\Debug\GPIB USB 1.a(USBTMC_vnd.o)
                                0x1f0 (size before relaxing)
 .debug_str     0x00003262       0xc7 .\CortexM0\ARM_GCC_541\Debug\GPIB USB 1.a(USBTMC_Dp.o)
                                0x251 (size before relaxing)
 .debug_str     0x00003329       0xe1 .\CortexM0\ARM_GCC_541\Debug\GPIB USB 1.a(USBTMC_descr.o)
                                0x325 (size before relaxing)

.debug_loc
 *(.debug_loc)

.debug_macinfo
 *(.debug_macinfo)

.debug_ranges   0x00000000      0xc60
 *(.debug_ranges)
 .debug_ranges  0x00000000       0x10 .\CortexM0\ARM_GCC_541\Debug\main.o
 .debug_ranges  0x00000010       0xe8 .\CortexM0\ARM_GCC_541\Debug\gpib.o
 .debug_ranges  0x000000f8       0x40 .\CortexM0\ARM_GCC_541\Debug\input.o
 .debug_ranges  0x00000138       0x88 .\CortexM0\ARM_GCC_541\Debug\command.o
 .debug_ranges  0x000001c0       0x20 .\CortexM0\ARM_GCC_541\Debug\settings.o
 .debug_ranges  0x000001e0       0x18 .\CortexM0\ARM_GCC_541\Debug\utils.o
 .debug_ranges  0x000001f8       0x50 .\CortexM0\ARM_GCC_541\Debug\usb_tmc.o
 .debug_ranges  0x00000248       0x40 .\CortexM0\ARM_GCC_541\Debug\cyfitter_cfg.o
 .debug_ranges  0x00000288       0x38 .\CortexM0\ARM_GCC_541\Debug\Cm0Start.o
 .debug_ranges  0x000002c0       0x98 .\CortexM0\ARM_GCC_541\Debug\GPIB USB 1.a(cy_em_eeprom.o)
 .debug_ranges  0x00000358       0x30 .\CortexM0\ARM_GCC_541\Debug\GPIB USB 1.a(CyFlash.o)
 .debug_ranges  0x00000388      0x250 .\CortexM0\ARM_GCC_541\Debug\GPIB USB 1.a(CyLib.o)
 .debug_ranges  0x000005d8      0x180 .\CortexM0\ARM_GCC_541\Debug\GPIB USB 1.a(CyLFClk.o)
 .debug_ranges  0x00000758      0x148 .\CortexM0\ARM_GCC_541\Debug\GPIB USB 1.a(PWM_1.o)
 .debug_ranges  0x000008a0       0x10 .\CortexM0\ARM_GCC_541\Debug\GPIB USB 1.a(EEPROM.o)
 .debug_ranges  0x000008b0      0x148 .\CortexM0\ARM_GCC_541\Debug\GPIB USB 1.a(Timer1.o)
 .debug_ranges  0x000009f8       0xb8 .\CortexM0\ARM_GCC_541\Debug\GPIB USB 1.a(USBTMC.o)
 .debug_ranges  0x00000ab0       0x88 .\CortexM0\ARM_GCC_541\Debug\GPIB USB 1.a(USBTMC_drv.o)
 .debug_ranges  0x00000b38       0x48 .\CortexM0\ARM_GCC_541\Debug\GPIB USB 1.a(USBTMC_episr.o)
 .debug_ranges  0x00000b80       0x30 .\CortexM0\ARM_GCC_541\Debug\GPIB USB 1.a(USBTMC_pm.o)
 .debug_ranges  0x00000bb0       0x68 .\CortexM0\ARM_GCC_541\Debug\GPIB USB 1.a(USBTMC_std.o)
 .debug_ranges  0x00000c18       0x10 .\CortexM0\ARM_GCC_541\Debug\GPIB USB 1.a(USBTMC_vnd.o)
 .debug_ranges  0x00000c28       0x38 .\CortexM0\ARM_GCC_541\Debug\GPIB USB 1.a(USBTMC_Dp.o)

.comment        0x00000000       0x6e
 .comment       0x00000000       0x6e .\CortexM0\ARM_GCC_541\Debug\main.o
                                 0x6f (size before relaxing)
 .comment       0x0000006e       0x6f .\CortexM0\ARM_GCC_541\Debug\gpib.o
 .comment       0x0000006e       0x6f .\CortexM0\ARM_GCC_541\Debug\serial.o
 .comment       0x0000006e       0x6f .\CortexM0\ARM_GCC_541\Debug\input.o
 .comment       0x0000006e       0x6f .\CortexM0\ARM_GCC_541\Debug\command.o
 .comment       0x0000006e       0x6f .\CortexM0\ARM_GCC_541\Debug\settings.o
 .comment       0x0000006e       0x6f .\CortexM0\ARM_GCC_541\Debug\utils.o
 .comment       0x0000006e       0x6f .\CortexM0\ARM_GCC_541\Debug\usb_tmc.o
 .comment       0x0000006e       0x6f .\CortexM0\ARM_GCC_541\Debug\cyfitter_cfg.o
 .comment       0x0000006e       0x6f .\CortexM0\ARM_GCC_541\Debug\cymetadata.o
 .comment       0x0000006e       0x6f .\CortexM0\ARM_GCC_541\Debug\Cm0Start.o
 .comment       0x0000006e       0x6f .\CortexM0\ARM_GCC_541\Debug\GPIB USB 1.a(cy_em_eeprom.o)
 .comment       0x0000006e       0x6f .\CortexM0\ARM_GCC_541\Debug\GPIB USB 1.a(CyFlash.o)
 .comment       0x0000006e       0x6f .\CortexM0\ARM_GCC_541\Debug\GPIB USB 1.a(CyLib.o)
 .comment       0x0000006e       0x6f .\CortexM0\ARM_GCC_541\Debug\GPIB USB 1.a(CyLFClk.o)
 .comment       0x0000006e       0x6f .\CortexM0\ARM_GCC_541\Debug\GPIB USB 1.a(PWM_1.o)
 .comment       0x0000006e       0x6f .\CortexM0\ARM_GCC_541\Debug\GPIB USB 1.a(EEPROM.o)
 .comment       0x0000006e       0x6f .\CortexM0\ARM_GCC_541\Debug\GPIB USB 1.a(Timer1.o)
 .comment       0x0000006e       0x6f .\CortexM0\ARM_GCC_541\Debug\GPIB USB 1.a(USBTMC.o)
 .comment       0x0000006e       0x6f .\CortexM0\ARM_GCC_541\Debug\GPIB USB 1.a(USBTMC_drv.o)
 .comment       0x0000006e       0x6f .\CortexM0\ARM_GCC_541\Debug\GPIB USB 1.a(USBTMC_episr.o)
 .comment       0x0000006e       0x6f .\CortexM0\ARM_GCC_541\Debug\GPIB USB 1.a(USBTMC_pm.o)
 .comment       0x0000006e       0x6f .\CortexM0\ARM_GCC_541\Debug\GPIB USB 1.a(USBTMC_std.o)
 .comment       0x0000006e       0x6f .\CortexM0\ARM_GCC_541\Debug\GPIB USB 1.a(USBTMC_vnd.o)
 .comment       0x0000006e       0x6f .\CortexM0\ARM_GCC_541\Debug\GPIB USB 1.a(USBTMC_Dp.o)
 .comment       0x0000006e       0x6f .\CortexM0\ARM_GCC_541\Debug\GPIB USB 1.a(USBTMC_descr.o)

.debug_weaknames
 *(.debug_weaknames)

.debug_funcnames
 *(.debug_funcnames)

.debug_typenames
 *(.debug_typenames)

.debug_varnames
 *(.debug_varnames)

.note.gnu.arm.ident
 *(.note.gnu.arm.ident)

.ARM.attributes
                0x00000000       0x28
 *(.ARM.attributes)
 .ARM.attributes
                0x00000000       0x1e c:/program files (x86)/cypress/psoc creator/4.2/psoc creator/import/gnu/arm/5.4.1/bin/../lib/gcc/arm-none-eabi/5.4.1/armv6-m/crti.o
 .ARM.attributes
                0x0000001e       0x2c c:/program files (x86)/cypress/psoc creator/4.2/psoc creator/import/gnu/arm/5.4.1/bin/../lib/gcc/arm-none-eabi/5.4.1/armv6-m/crtbegin.o
 .ARM.attributes
                0x0000004a       0x1b c:/program files (x86)/cypress/psoc creator/4.2/psoc creator/import/gnu/arm/5.4.1/bin/../lib/gcc/arm-none-eabi/5.4.1/../../../../arm-none-eabi/lib/armv6-m/crt0.o
 .ARM.attributes
                0x00000065       0x31 .\CortexM0\ARM_GCC_541\Debug\main.o
 .ARM.attributes
                0x00000096       0x31 .\CortexM0\ARM_GCC_541\Debug\gpib.o
 .ARM.attributes
                0x000000c7       0x31 .\CortexM0\ARM_GCC_541\Debug\serial.o
 .ARM.attributes
                0x000000f8       0x31 .\CortexM0\ARM_GCC_541\Debug\input.o
 .ARM.attributes
                0x00000129       0x31 .\CortexM0\ARM_GCC_541\Debug\command.o
 .ARM.attributes
                0x0000015a       0x31 .\CortexM0\ARM_GCC_541\Debug\settings.o
 .ARM.attributes
                0x0000018b       0x31 .\CortexM0\ARM_GCC_541\Debug\utils.o
 .ARM.attributes
                0x000001bc       0x31 .\CortexM0\ARM_GCC_541\Debug\usb_tmc.o
 .ARM.attributes
                0x000001ed       0x31 .\CortexM0\ARM_GCC_541\Debug\cyfitter_cfg.o
 .ARM.attributes
                0x0000021e       0x31 .\CortexM0\ARM_GCC_541\Debug\cymetadata.o
 .ARM.attributes
                0x0000024f       0x31 .\CortexM0\ARM_GCC_541\Debug\Cm0Start.o
 .ARM.attributes
                0x00000280       0x31 .\CortexM0\ARM_GCC_541\Debug\GPIB USB 1.a(cy_em_eeprom.o)
 .ARM.attributes
                0x000002b1       0x31 .\CortexM0\ARM_GCC_541\Debug\GPIB USB 1.a(CyFlash.o)
 .ARM.attributes
                0x000002e2       0x31 .\CortexM0\ARM_GCC_541\Debug\GPIB USB 1.a(CyLib.o)
 .ARM.attributes
                0x00000313       0x31 .\CortexM0\ARM_GCC_541\Debug\GPIB USB 1.a(CyLFClk.o)
 .ARM.attributes
                0x00000344       0x31 .\CortexM0\ARM_GCC_541\Debug\GPIB USB 1.a(PWM_1.o)
 .ARM.attributes
                0x00000375       0x31 .\CortexM0\ARM_GCC_541\Debug\GPIB USB 1.a(EEPROM.o)
 .ARM.attributes
                0x000003a6       0x31 .\CortexM0\ARM_GCC_541\Debug\GPIB USB 1.a(Timer1.o)
 .ARM.attributes
                0x000003d7       0x31 .\CortexM0\ARM_GCC_541\Debug\GPIB USB 1.a(USBTMC.o)
 .ARM.attributes
                0x00000408       0x31 .\CortexM0\ARM_GCC_541\Debug\GPIB USB 1.a(USBTMC_drv.o)
 .ARM.attributes
                0x00000439       0x31 .\CortexM0\ARM_GCC_541\Debug\GPIB USB 1.a(USBTMC_episr.o)
 .ARM.attributes
                0x0000046a       0x31 .\CortexM0\ARM_GCC_541\Debug\GPIB USB 1.a(USBTMC_pm.o)
 .ARM.attributes
                0x0000049b       0x31 .\CortexM0\ARM_GCC_541\Debug\GPIB USB 1.a(USBTMC_std.o)
 .ARM.attributes
                0x000004cc       0x31 .\CortexM0\ARM_GCC_541\Debug\GPIB USB 1.a(USBTMC_vnd.o)
 .ARM.attributes
                0x000004fd       0x31 .\CortexM0\ARM_GCC_541\Debug\GPIB USB 1.a(USBTMC_Dp.o)
 .ARM.attributes
                0x0000052e       0x21 .\CortexM0\ARM_GCC_541\Debug\GPIB USB 1.a(CyBootAsmGnu.o)
 .ARM.attributes
                0x0000054f       0x31 .\CortexM0\ARM_GCC_541\Debug\GPIB USB 1.a(USBTMC_descr.o)
 .ARM.attributes
                0x00000580       0x1e c:/program files (x86)/cypress/psoc creator/4.2/psoc creator/import/gnu/arm/5.4.1/bin/../lib/gcc/arm-none-eabi/5.4.1/armv6-m\libgcc.a(_udivsi3.o)
 .ARM.attributes
                0x0000059e       0x1e c:/program files (x86)/cypress/psoc creator/4.2/psoc creator/import/gnu/arm/5.4.1/bin/../lib/gcc/arm-none-eabi/5.4.1/armv6-m\libgcc.a(_divsi3.o)
 .ARM.attributes
                0x000005bc       0x1e c:/program files (x86)/cypress/psoc creator/4.2/psoc creator/import/gnu/arm/5.4.1/bin/../lib/gcc/arm-none-eabi/5.4.1/armv6-m\libgcc.a(_dvmd_tls.o)
 .ARM.attributes
                0x000005da       0x2c c:/program files (x86)/cypress/psoc creator/4.2/psoc creator/import/gnu/arm/5.4.1/bin/../lib/gcc/arm-none-eabi/5.4.1/../../../../arm-none-eabi/lib/armv6-m\libg_nano.a(lib_a-errno.o)
 .ARM.attributes
                0x00000606       0x2c c:/program files (x86)/cypress/psoc creator/4.2/psoc creator/import/gnu/arm/5.4.1/bin/../lib/gcc/arm-none-eabi/5.4.1/../../../../arm-none-eabi/lib/armv6-m\libg_nano.a(lib_a-exit.o)
 .ARM.attributes
                0x00000632       0x2c c:/program files (x86)/cypress/psoc creator/4.2/psoc creator/import/gnu/arm/5.4.1/bin/../lib/gcc/arm-none-eabi/5.4.1/../../../../arm-none-eabi/lib/armv6-m\libg_nano.a(lib_a-impure.o)
 .ARM.attributes
                0x0000065e       0x2c c:/program files (x86)/cypress/psoc creator/4.2/psoc creator/import/gnu/arm/5.4.1/bin/../lib/gcc/arm-none-eabi/5.4.1/../../../../arm-none-eabi/lib/armv6-m\libg_nano.a(lib_a-init.o)
 .ARM.attributes
                0x0000068a       0x2c c:/program files (x86)/cypress/psoc creator/4.2/psoc creator/import/gnu/arm/5.4.1/bin/../lib/gcc/arm-none-eabi/5.4.1/../../../../arm-none-eabi/lib/armv6-m\libg_nano.a(lib_a-memcmp.o)
 .ARM.attributes
                0x000006b6       0x2c c:/program files (x86)/cypress/psoc creator/4.2/psoc creator/import/gnu/arm/5.4.1/bin/../lib/gcc/arm-none-eabi/5.4.1/../../../../arm-none-eabi/lib/armv6-m\libg_nano.a(lib_a-memcpy-stub.o)
 .ARM.attributes
                0x000006e2       0x2c c:/program files (x86)/cypress/psoc creator/4.2/psoc creator/import/gnu/arm/5.4.1/bin/../lib/gcc/arm-none-eabi/5.4.1/../../../../arm-none-eabi/lib/armv6-m\libg_nano.a(lib_a-memset.o)
 .ARM.attributes
                0x0000070e       0x2c c:/program files (x86)/cypress/psoc creator/4.2/psoc creator/import/gnu/arm/5.4.1/bin/../lib/gcc/arm-none-eabi/5.4.1/../../../../arm-none-eabi/lib/armv6-m\libg_nano.a(lib_a-strchr.o)
 .ARM.attributes
                0x0000073a       0x1c c:/program files (x86)/cypress/psoc creator/4.2/psoc creator/import/gnu/arm/5.4.1/bin/../lib/gcc/arm-none-eabi/5.4.1/../../../../arm-none-eabi/lib/armv6-m\libg_nano.a(lib_a-strcmp.o)
 .ARM.attributes
                0x00000756       0x1c c:/program files (x86)/cypress/psoc creator/4.2/psoc creator/import/gnu/arm/5.4.1/bin/../lib/gcc/arm-none-eabi/5.4.1/../../../../arm-none-eabi/lib/armv6-m\libg_nano.a(lib_a-strlen.o)
 .ARM.attributes
                0x00000772       0x2c c:/program files (x86)/cypress/psoc creator/4.2/psoc creator/import/gnu/arm/5.4.1/bin/../lib/gcc/arm-none-eabi/5.4.1/armv6-m/crtend.o
 .ARM.attributes
                0x0000079e       0x1e c:/program files (x86)/cypress/psoc creator/4.2/psoc creator/import/gnu/arm/5.4.1/bin/../lib/gcc/arm-none-eabi/5.4.1/armv6-m/crtn.o

/DISCARD/
 *(.note.GNU-stack)
OUTPUT(\\Mac\Home\Documents\dev\yaugi\GPIB USB Adapter\GPIB USB 1.cydsn\CortexM0\ARM_GCC_541\Debug\GPIB USB 1.elf elf32-littlearm)
