Archive member included to satisfy reference by file (symbol)

.\CortexM0\ARM_GCC_541\Debug\GPIB USB 1.a(cy_em_eeprom.o)
                              .\CortexM0\ARM_GCC_541\Debug\settings.o (Cy_Em_EEPROM_Read)
.\CortexM0\ARM_GCC_541\Debug\GPIB USB 1.a(CyFlash.o)
                              .\CortexM0\ARM_GCC_541\Debug\GPIB USB 1.a(cy_em_eeprom.o) (CySysFlashWriteRow)
.\CortexM0\ARM_GCC_541\Debug\GPIB USB 1.a(CyLib.o)
                              .\CortexM0\ARM_GCC_541\Debug\cyfitter_cfg.o (CySysClkImoEnableUsbLock)
.\CortexM0\ARM_GCC_541\Debug\GPIB USB 1.a(CyLFClk.o)
                              .\CortexM0\ARM_GCC_541\Debug\GPIB USB 1.a(CyLib.o) (CySysClkWcoEnabled)
.\CortexM0\ARM_GCC_541\Debug\GPIB USB 1.a(USBUART.o)
                              .\CortexM0\ARM_GCC_541\Debug\main.o (USBUART_Start)
.\CortexM0\ARM_GCC_541\Debug\GPIB USB 1.a(USBUART_cdc.o)
                              .\CortexM0\ARM_GCC_541\Debug\serial.o (USBUART_CDC_Init)
.\CortexM0\ARM_GCC_541\Debug\GPIB USB 1.a(USBUART_drv.o)
                              .\CortexM0\ARM_GCC_541\Debug\GPIB USB 1.a(USBUART.o) (USBUART_EP)
.\CortexM0\ARM_GCC_541\Debug\GPIB USB 1.a(USBUART_episr.o)
                              .\CortexM0\ARM_GCC_541\Debug\GPIB USB 1.a(USBUART.o) (USBUART_INTR_HI_ISR)
.\CortexM0\ARM_GCC_541\Debug\GPIB USB 1.a(USBUART_pm.o)
                              .\CortexM0\ARM_GCC_541\Debug\GPIB USB 1.a(USBUART.o) (USBUART_DP_ISR)
.\CortexM0\ARM_GCC_541\Debug\GPIB USB 1.a(USBUART_std.o)
                              .\CortexM0\ARM_GCC_541\Debug\GPIB USB 1.a(USBUART_drv.o) (USBUART_HandleStandardRqst)
.\CortexM0\ARM_GCC_541\Debug\GPIB USB 1.a(USBUART_vnd.o)
                              .\CortexM0\ARM_GCC_541\Debug\GPIB USB 1.a(USBUART_drv.o) (USBUART_HandleVendorRqst)
.\CortexM0\ARM_GCC_541\Debug\GPIB USB 1.a(USBUART_Dp.o)
                              .\CortexM0\ARM_GCC_541\Debug\GPIB USB 1.a(USBUART_pm.o) (USBUART_Dp_ClearInterrupt)
.\CortexM0\ARM_GCC_541\Debug\GPIB USB 1.a(PWM_1.o)
                              .\CortexM0\ARM_GCC_541\Debug\main.o (PWM_1_Start)
.\CortexM0\ARM_GCC_541\Debug\GPIB USB 1.a(EEPROM.o)
                              .\CortexM0\ARM_GCC_541\Debug\settings.o (EEPROM_context)
.\CortexM0\ARM_GCC_541\Debug\GPIB USB 1.a(Timer1.o)
                              .\CortexM0\ARM_GCC_541\Debug\gpib.o (Timer1_WriteCounter)
.\CortexM0\ARM_GCC_541\Debug\GPIB USB 1.a(CyBootAsmGnu.o)
                              .\CortexM0\ARM_GCC_541\Debug\GPIB USB 1.a(CyLib.o) (CyDelayCycles)
.\CortexM0\ARM_GCC_541\Debug\GPIB USB 1.a(USBUART_cls.o)
                              .\CortexM0\ARM_GCC_541\Debug\GPIB USB 1.a(USBUART_drv.o) (USBUART_DispatchClassRqst)
.\CortexM0\ARM_GCC_541\Debug\GPIB USB 1.a(USBUART_descr.o)
                              .\CortexM0\ARM_GCC_541\Debug\GPIB USB 1.a(USBUART_std.o) (USBUART_DEVICE0_DESCR)
c:/program files (x86)/cypress/psoc creator/4.2/psoc creator/import/gnu/arm/5.4.1/bin/../lib/gcc/arm-none-eabi/5.4.1/armv6-m\libgcc.a(_udivsi3.o)
                              .\CortexM0\ARM_GCC_541\Debug\GPIB USB 1.a(cy_em_eeprom.o) (__aeabi_uidiv)
c:/program files (x86)/cypress/psoc creator/4.2/psoc creator/import/gnu/arm/5.4.1/bin/../lib/gcc/arm-none-eabi/5.4.1/armv6-m\libgcc.a(_divsi3.o)
                              .\CortexM0\ARM_GCC_541\Debug\GPIB USB 1.a(CyLib.o) (__aeabi_idiv)
c:/program files (x86)/cypress/psoc creator/4.2/psoc creator/import/gnu/arm/5.4.1/bin/../lib/gcc/arm-none-eabi/5.4.1/armv6-m\libgcc.a(_dvmd_tls.o)
                              c:/program files (x86)/cypress/psoc creator/4.2/psoc creator/import/gnu/arm/5.4.1/bin/../lib/gcc/arm-none-eabi/5.4.1/armv6-m\libgcc.a(_udivsi3.o) (__aeabi_idiv0)
c:/program files (x86)/cypress/psoc creator/4.2/psoc creator/import/gnu/arm/5.4.1/bin/../lib/gcc/arm-none-eabi/5.4.1/../../../../arm-none-eabi/lib/armv6-m\libg_nano.a(lib_a-errno.o)
                              .\CortexM0\ARM_GCC_541\Debug\Cm0Start.o (__errno)
c:/program files (x86)/cypress/psoc creator/4.2/psoc creator/import/gnu/arm/5.4.1/bin/../lib/gcc/arm-none-eabi/5.4.1/../../../../arm-none-eabi/lib/armv6-m\libg_nano.a(lib_a-exit.o)
                              c:/program files (x86)/cypress/psoc creator/4.2/psoc creator/import/gnu/arm/5.4.1/bin/../lib/gcc/arm-none-eabi/5.4.1/../../../../arm-none-eabi/lib/armv6-m/crt0.o (exit)
c:/program files (x86)/cypress/psoc creator/4.2/psoc creator/import/gnu/arm/5.4.1/bin/../lib/gcc/arm-none-eabi/5.4.1/../../../../arm-none-eabi/lib/armv6-m\libg_nano.a(lib_a-impure.o)
                              c:/program files (x86)/cypress/psoc creator/4.2/psoc creator/import/gnu/arm/5.4.1/bin/../lib/gcc/arm-none-eabi/5.4.1/../../../../arm-none-eabi/lib/armv6-m\libg_nano.a(lib_a-exit.o) (_global_impure_ptr)
c:/program files (x86)/cypress/psoc creator/4.2/psoc creator/import/gnu/arm/5.4.1/bin/../lib/gcc/arm-none-eabi/5.4.1/../../../../arm-none-eabi/lib/armv6-m\libg_nano.a(lib_a-init.o)
[...]
Memory Configuration

Name             Origin             Length             Attributes
rom              0x00000000         0x00010000         xr
ram              0x20000000         0x00002000         xrw
*default*        0x00000000         0xffffffff

Linker script and memory map

LOAD c:/program files (x86)/cypress/psoc creator/4.2/psoc creator/import/gnu/arm/5.4.1/bin/../lib/gcc/arm-none-eabi/5.4.1/armv6-m/crti.o
LOAD c:/program files (x86)/cypress/psoc creator/4.2/psoc creator/import/gnu/arm/5.4.1/bin/../lib/gcc/arm-none-eabi/5.4.1/armv6-m/crtbegin.o
LOAD c:/program files (x86)/cypress/psoc creator/4.2/psoc creator/import/gnu/arm/5.4.1/bin/../lib/gcc/arm-none-eabi/5.4.1/../../../../arm-none-eabi/lib/armv6-m/crt0.o
START GROUP
LOAD .\CortexM0\ARM_GCC_541\Debug\main.o
LOAD .\CortexM0\ARM_GCC_541\Debug\gpib.o
LOAD .\CortexM0\ARM_GCC_541\Debug\serial.o
LOAD .\CortexM0\ARM_GCC_541\Debug\input.o
LOAD .\CortexM0\ARM_GCC_541\Debug\command.o
LOAD .\CortexM0\ARM_GCC_541\Debug\settings.o
LOAD .\CortexM0\ARM_GCC_541\Debug\utils.o
LOAD .\CortexM0\ARM_GCC_541\Debug\usbtmc.o
LOAD .\CortexM0\ARM_GCC_541\Debug\cyfitter_cfg.o
LOAD .\CortexM0\ARM_GCC_541\Debug\cymetadata.o
LOAD .\CortexM0\ARM_GCC_541\Debug\Cm0Start.o
LOAD .\CortexM0\ARM_GCC_541\Debug\GPIB USB 1.a
END GROUP
START GROUP
LOAD c:/program files (x86)/cypress/psoc creator/4.2/psoc creator/import/gnu/arm/5.4.1/bin/../lib/gcc/arm-none-eabi/5.4.1/armv6-m\libgcc.a
LOAD c:/program files (x86)/cypress/psoc creator/4.2/psoc creator/import/gnu/arm/5.4.1/bin/../lib/gcc/arm-none-eabi/5.4.1/../../../../arm-none-eabi/lib/armv6-m\libg_nano.a
LOAD c:/program files (x86)/cypress/psoc creator/4.2/psoc creator/import/gnu/arm/5.4.1/bin/../lib/gcc/arm-none-eabi/5.4.1/../../../../arm-none-eabi/lib/armv6-m\libc_nano.a
END GROUP
START GROUP
LOAD c:/program files (x86)/cypress/psoc creator/4.2/psoc creator/import/gnu/arm/5.4.1/bin/../lib/gcc/arm-none-eabi/5.4.1/armv6-m\libgcc.a
LOAD c:/program files (x86)/cypress/psoc creator/4.2/psoc creator/import/gnu/arm/5.4.1/bin/../lib/gcc/arm-none-eabi/5.4.1/../../../../arm-none-eabi/lib/armv6-m\libc_nano.a
END GROUP
LOAD c:/program files (x86)/cypress/psoc creator/4.2/psoc creator/import/gnu/arm/5.4.1/bin/../lib/gcc/arm-none-eabi/5.4.1/armv6-m/crtend.o
LOAD c:/program files (x86)/cypress/psoc creator/4.2/psoc creator/import/gnu/arm/5.4.1/bin/../lib/gcc/arm-none-eabi/5.4.1/armv6-m/crtn.o
START GROUP
LOAD c:/program files (x86)/cypress/psoc creator/4.2/psoc creator/import/gnu/arm/5.4.1/bin/../lib/gcc/arm-none-eabi/5.4.1/armv6-m\libgcc.a
LOAD c:/program files (x86)/cypress/psoc creator/4.2/psoc creator/import/gnu/arm/5.4.1/bin/../lib/gcc/arm-none-eabi/5.4.1/../../../../arm-none-eabi/lib/armv6-m\libc.a
LOAD c:/program files (x86)/cypress/psoc creator/4.2/psoc creator/import/gnu/arm/5.4.1/bin/../lib/gcc/arm-none-eabi/5.4.1/../../../../arm-none-eabi/lib/armv6-m\libnosys.a
END GROUP
                0x00000000                CY_APPL_ORIGIN = 0x0
                0x00000100                CY_FLASH_ROW_SIZE = 0x100
                0x00000001                CY_APPL_NUM = 0x1
                0x00000001                CY_APPL_MAX = 0x1
                0x00000040                CY_METADATA_SIZE = 0x40
                0x00000000                CY_APPL_LOADABLE = 0x0
                0x00000000                CY_CHECKSUM_EXCLUDE_SIZE = ALIGN (0x0, CY_FLASH_ROW_SIZE)
                0x00000000                CY_APP_FOR_STACK_AND_COPIER = 0x0
                [!provide]                PROVIDE (__cy_heap_start, _end)
                0x00000001                PROVIDE (__cy_region_num, ((__cy_regions_end - __cy_regions) / 0x10))
                0x20002000                PROVIDE (__cy_stack, (ORIGIN (ram) + LENGTH (ram)))
                [!provide]                PROVIDE (__cy_heap_end, (__cy_stack - 0x800))

.cybootloader   0x00000000        0x0
 *(.cybootloader)
                0x00000000                appl1_start = CY_APPL_ORIGIN?CY_APPL_ORIGIN:ALIGN (CY_FLASH_ROW_SIZE)
                0x00007f00                appl2_start = (appl1_start + ALIGN ((((LENGTH (rom) - appl1_start) - (0x2 * CY_FLASH_ROW_SIZE)) / 0x2), CY_FLASH_ROW_SIZE))
                0x00000000                appl_start = (CY_APPL_NUM == 0x1)?appl1_start:appl2_start
                0x00000001                cy_project_type_bootloader = (appl_start == 0x0)?0x1:0x0
                0x00000000                cy_project_type_app_for_stack_and_copier = (CY_APP_FOR_STACK_AND_COPIER == 0x1)?0x1:0x0

.text           0x00000000     0x5fa6
 CREATE_OBJECT_SYMBOLS
                0x00000000                PROVIDE (__cy_interrupt_vector, RomVectors)
 *(.romvectors)
 .romvectors    0x00000000       0x10 .\CortexM0\ARM_GCC_541\Debug\Cm0Start.o
                0x00000000                RomVectors
                0x00000001                ASSERT ((. != __cy_interrupt_vector), No interrupt vector)
                0x00000001                ASSERT (CY_APPL_ORIGIN?(SIZEOF (.cybootloader) <= CY_APPL_ORIGIN):0x1, Wrong image location)
                0x00000010                PROVIDE (__cy_reset, Reset)
 *(.text.Reset)
 .text.Reset    0x00000010        0x8 .\CortexM0\ARM_GCC_541\Debug\Cm0Start.o
                0x00000010                Reset
                0x00000001                ASSERT ((. != __cy_reset), No reset code)
 *(.psocinit)
 .psocinit      0x00000018      0x20c .\CortexM0\ARM_GCC_541\Debug\cyfitter_cfg.o
                0x000000c4                cyfitter_cfg
                0x00000224                . = MAX (., 0x100)
 *(.text .text.* .gnu.linkonce.t.*)
 .text          0x00000224       0x60 c:/program files (x86)/cypress/psoc creator/4.2/psoc creator/import/gnu/arm/5.4.1/bin/../lib/gcc/arm-none-eabi/5.4.1/armv6-m/crtbegin.o
 .text.main     0x00000284       0x7c .\CortexM0\ARM_GCC_541\Debug\main.o
                0x00000284                main
 .text.gpib_get_buffer
                0x00000300       0x10 .\CortexM0\ARM_GCC_541\Debug\gpib.o
                0x00000300                gpib_get_buffer
 .text.gpib_init_pins
                0x00000310        0xc .\CortexM0\ARM_GCC_541\Debug\gpib.o
                0x00000310                gpib_init_pins
 .text.gpib_settle
                0x0000031c       0x10 .\CortexM0\ARM_GCC_541\Debug\gpib.o
                0x0000031c                gpib_settle
 .text.gpib_assert_line
                0x0000032c       0x28 .\CortexM0\ARM_GCC_541\Debug\gpib.o
                0x0000032c                gpib_assert_line
 .text.gpib_unassert_line
                0x00000354       0x28 .\CortexM0\ARM_GCC_541\Debug\gpib.o
                0x00000354                gpib_unassert_line
 .text.gpib_readall
                0x0000037c       0x40 .\CortexM0\ARM_GCC_541\Debug\gpib.o
                0x0000037c                gpib_readall
 .text.gpib_read_line
                0x000003bc       0x34 .\CortexM0\ARM_GCC_541\Debug\gpib.o
                0x000003bc                gpib_read_line
 .text.gpib_poll
                0x000003f0       0x8c .\CortexM0\ARM_GCC_541\Debug\gpib.o
                0x000003f0                gpib_poll
 .text.gpib_get_mode
                0x0000047c       0x14 .\CortexM0\ARM_GCC_541\Debug\gpib.o
                0x0000047c                gpib_get_mode
 .text.gpib_wait_for_line_to_assert
                0x00000490       0x40 .\CortexM0\ARM_GCC_541\Debug\gpib.o
                0x00000490                gpib_wait_for_line_to_assert
 .text.gpib_wait_for_line_to_unassert
                0x000004d0       0x4c .\CortexM0\ARM_GCC_541\Debug\gpib.o
                0x000004d0                gpib_wait_for_line_to_unassert
 .text.gpib_send_byte
                0x0000051c       0x88 .\CortexM0\ARM_GCC_541\Debug\gpib.o
                0x0000051c                gpib_send_byte
 .text.gpib_receive_byte
                0x000005a4       0x90 .\CortexM0\ARM_GCC_541\Debug\gpib.o
                0x000005a4                gpib_receive_byte
 .text.gpib_interface_clear
                0x00000634       0x24 .\CortexM0\ARM_GCC_541\Debug\gpib.o
                0x00000634                gpib_interface_clear
 .text.gpib_LAD
                0x00000658       0x24 .\CortexM0\ARM_GCC_541\Debug\gpib.o
                0x00000658                gpib_LAD
 .text.gpib_TAD
                0x0000067c       0x24 .\CortexM0\ARM_GCC_541\Debug\gpib.o
                0x0000067c                gpib_TAD
 .text.gpib_UNL
                0x000006a0       0x10 .\CortexM0\ARM_GCC_541\Debug\gpib.o
                0x000006a0                gpib_UNL
 .text.gpib_UNT
                0x000006b0       0x10 .\CortexM0\ARM_GCC_541\Debug\gpib.o
                0x000006b0                gpib_UNT
 .text.gpib_send_SDC
                0x000006c0       0x28 .\CortexM0\ARM_GCC_541\Debug\gpib.o
                0x000006c0                gpib_send_SDC
 .text.gpib_send_LLO
                0x000006e8       0x28 .\CortexM0\ARM_GCC_541\Debug\gpib.o
                0x000006e8                gpib_send_LLO
 .text.gpib_send_GTL
                0x00000710       0x2c .\CortexM0\ARM_GCC_541\Debug\gpib.o
                0x00000710                gpib_send_GTL
 .text.gpib_address_listener
                0x0000073c       0x88 .\CortexM0\ARM_GCC_541\Debug\gpib.o
                0x0000073c                gpib_address_listener
 .text.gpib_address_talker
                0x000007c4       0x90 .\CortexM0\ARM_GCC_541\Debug\gpib.o
                0x000007c4                gpib_address_talker
 .text.gpib_send_bytes
                0x00000854       0x60 .\CortexM0\ARM_GCC_541\Debug\gpib.o
                0x00000854                gpib_send_bytes
 .text.gpib_read
                0x000008b4       0xbc .\CortexM0\ARM_GCC_541\Debug\gpib.o
                0x000008b4                gpib_read
 .text.gpib_read_bytes
                0x00000970       0x64 .\CortexM0\ARM_GCC_541\Debug\gpib.o
                0x00000970                gpib_read_bytes
 .text.serial_printf
                0x000009d4       0x3c .\CortexM0\ARM_GCC_541\Debug\serial.o
                0x000009d4                serial_printf
 .text.serial_add
                0x00000a10       0x74 .\CortexM0\ARM_GCC_541\Debug\serial.o
                0x00000a10                serial_add
 .text.serial_add_string
                0x00000a84       0x28 .\CortexM0\ARM_GCC_541\Debug\serial.o
                0x00000a84                serial_add_string
 .text.serial_flush
                0x00000aac       0x38 .\CortexM0\ARM_GCC_541\Debug\serial.o
                0x00000aac                serial_flush
 .text.usbuart_reconfig
                0x00000ae4       0x10 .\CortexM0\ARM_GCC_541\Debug\serial.o
                0x00000ae4                usbuart_reconfig
 .text.non_interactive
                0x00000af4      0x334 .\CortexM0\ARM_GCC_541\Debug\serial.o
                0x00000af4                non_interactive
 .text.usbuart_poll
                0x00000e28       0x14 .\CortexM0\ARM_GCC_541\Debug\serial.o
                0x00000e28                usbuart_poll
 .text.tokenise
                0x00000e3c       0xdc .\CortexM0\ARM_GCC_541\Debug\command.o
                0x00000e3c                tokenise
 .text.is_int   0x00000f18       0x40 .\CortexM0\ARM_GCC_541\Debug\command.o
                0x00000f18                is_int
 .text.to_int   0x00000f58       0x3c .\CortexM0\ARM_GCC_541\Debug\command.o
                0x00000f58                to_int
 .text.cmd_process
                0x00000f94       0x88 .\CortexM0\ARM_GCC_541\Debug\command.o
                0x00000f94                cmd_process
 .text.cmd_usage
                0x0000101c       0xd4 .\CortexM0\ARM_GCC_541\Debug\command.o
                0x0000101c                cmd_usage
 .text.cmd_uint
                0x000010f0       0xb8 .\CortexM0\ARM_GCC_541\Debug\command.o
                0x000010f0                cmd_uint
 .text.cmd_noargs
                0x000011a8       0x44 .\CortexM0\ARM_GCC_541\Debug\command.o
                0x000011a8                cmd_noargs
 .text.cmd_help
                0x000011ec       0xcc .\CortexM0\ARM_GCC_541\Debug\command.o
                0x000011ec                cmd_help
 .text.cmd_read
                0x000012b8      0x100 .\CortexM0\ARM_GCC_541\Debug\command.o
                0x000012b8                cmd_read
 .text.cmd_config
                0x000013b8       0xf0 .\CortexM0\ARM_GCC_541\Debug\command.o
                0x000013b8                cmd_config
 .text.helper_version
                0x000014a8       0x1c .\CortexM0\ARM_GCC_541\Debug\command.o
                0x000014a8                helper_version
 .text.helper_gpiball
                0x000014c4       0x2c .\CortexM0\ARM_GCC_541\Debug\command.o
                0x000014c4                helper_gpiball
 .text.helper_clr
                0x000014f0       0x10 .\CortexM0\ARM_GCC_541\Debug\command.o
                0x000014f0                helper_clr
 .text.helper_ifc
                0x00001500       0x10 .\CortexM0\ARM_GCC_541\Debug\command.o
                0x00001500                helper_ifc
 .text.helper_llo
                0x00001510       0x10 .\CortexM0\ARM_GCC_541\Debug\command.o
                0x00001510                helper_llo
 .text.helper_loc
                0x00001520       0x10 .\CortexM0\ARM_GCC_541\Debug\command.o
                0x00001520                helper_loc
 .text.defaults
                0x00001530       0x3c .\CortexM0\ARM_GCC_541\Debug\settings.o
                0x00001530                defaults
 .text.settings_init
                0x0000156c       0x80 .\CortexM0\ARM_GCC_541\Debug\settings.o
                0x0000156c                settings_init
 .text.CYMEMZERO
                0x000015ec       0x20 .\CortexM0\ARM_GCC_541\Debug\cyfitter_cfg.o
 .text.cfg_write_bytes32
                0x0000160c       0x84 .\CortexM0\ARM_GCC_541\Debug\cyfitter_cfg.o
 .text.AnalogSetDefault
                0x00001690       0x28 .\CortexM0\ARM_GCC_541\Debug\cyfitter_cfg.o
 .text.IntDefaultHandler
                0x000016b8       0x14 .\CortexM0\ARM_GCC_541\Debug\Cm0Start.o
                0x000016b8                IntDefaultHandler
 .text._sbrk    0x000016cc       0x50 .\CortexM0\ARM_GCC_541\Debug\Cm0Start.o
                0x000016cc                _sbrk
 .text.Start_c  0x0000171c       0x98 .\CortexM0\ARM_GCC_541\Debug\Cm0Start.o
                0x0000171c                Start_c
 .text.initialize_psoc
                0x000017b4       0x70 .\CortexM0\ARM_GCC_541\Debug\Cm0Start.o
                0x000017b4                initialize_psoc
 .text.Cy_Em_EEPROM_Init
                0x00001824       0xf8 .\CortexM0\ARM_GCC_541\Debug\GPIB USB 1.a(cy_em_eeprom.o)
                0x00001824                Cy_Em_EEPROM_Init
 .text.Cy_Em_EEPROM_Read
                0x0000191c      0x32c .\CortexM0\ARM_GCC_541\Debug\GPIB USB 1.a(cy_em_eeprom.o)
                0x0000191c                Cy_Em_EEPROM_Read
 .text.FindLastWrittenRow
                0x00001c48       0x68 .\CortexM0\ARM_GCC_541\Debug\GPIB USB 1.a(cy_em_eeprom.o)
 .text.GetRowAddrBySeqNum
                0x00001cb0       0x40 .\CortexM0\ARM_GCC_541\Debug\GPIB USB 1.a(cy_em_eeprom.o)
 .text.GetNextRowToWrite
                0x00001cf0       0xb0 .\CortexM0\ARM_GCC_541\Debug\GPIB USB 1.a(cy_em_eeprom.o)
 .text.CalcChecksum
                0x00001da0       0xb0 .\CortexM0\ARM_GCC_541\Debug\GPIB USB 1.a(cy_em_eeprom.o)
 .text.CheckRanges
                0x00001e50       0x6c .\CortexM0\ARM_GCC_541\Debug\GPIB USB 1.a(cy_em_eeprom.o)
 .text.WriteRow
                0x00001ebc       0x48 .\CortexM0\ARM_GCC_541\Debug\GPIB USB 1.a(cy_em_eeprom.o)
 .text.CheckCrcAndCopy
                0x00001f04       0xfc .\CortexM0\ARM_GCC_541\Debug\GPIB USB 1.a(cy_em_eeprom.o)
 .text.FillChecksum
                0x00002000      0x12c .\CortexM0\ARM_GCC_541\Debug\GPIB USB 1.a(cy_em_eeprom.o)
 .text.CySysFlashWriteRow
                0x0000212c      0x1f4 .\CortexM0\ARM_GCC_541\Debug\GPIB USB 1.a(CyFlash.o)
                0x0000212c                CySysFlashWriteRow
 .text.CySysFlashSetWaitCycles
                0x00002320       0x78 .\CortexM0\ARM_GCC_541\Debug\GPIB USB 1.a(CyFlash.o)
                0x00002320                CySysFlashSetWaitCycles
 .text.CySysFlashClockBackup
                0x00002398       0x14 .\CortexM0\ARM_GCC_541\Debug\GPIB USB 1.a(CyFlash.o)
 .text.CySysFlashClockRestore
                0x000023ac       0x14 .\CortexM0\ARM_GCC_541\Debug\GPIB USB 1.a(CyFlash.o)
 .text.CySysClkImoEnableWcoLock
                0x000023c0      0x154 .\CortexM0\ARM_GCC_541\Debug\GPIB USB 1.a(CyLib.o)
                0x000023c0                CySysClkImoEnableWcoLock
 .text.CySysClkImoDisableWcoLock
                0x00002514       0x78 .\CortexM0\ARM_GCC_541\Debug\GPIB USB 1.a(CyLib.o)
                0x00002514                CySysClkImoDisableWcoLock
 .text.CySysClkImoGetWcoLock
                0x0000258c       0x20 .\CortexM0\ARM_GCC_541\Debug\GPIB USB 1.a(CyLib.o)
                0x0000258c                CySysClkImoGetWcoLock
 .text.CySysClkImoEnableUsbLock
                0x000025ac      0x138 .\CortexM0\ARM_GCC_541\Debug\GPIB USB 1.a(CyLib.o)
                0x000025ac                CySysClkImoEnableUsbLock
 .text.CySysClkImoDisableUsbLock
                0x000026e4       0xc4 .\CortexM0\ARM_GCC_541\Debug\GPIB USB 1.a(CyLib.o)
                0x000026e4                CySysClkImoDisableUsbLock
 .text.CySysClkImoGetUsbLock
                0x000027a8       0x20 .\CortexM0\ARM_GCC_541\Debug\GPIB USB 1.a(CyLib.o)
                0x000027a8                CySysClkImoGetUsbLock
 .text.CySysClkWriteImoFreq
                0x000027c8      0x224 .\CortexM0\ARM_GCC_541\Debug\GPIB USB 1.a(CyLib.o)
                0x000027c8                CySysClkWriteImoFreq
 .text.CyIntSetVector
                0x000029ec       0x4c .\CortexM0\ARM_GCC_541\Debug\GPIB USB 1.a(CyLib.o)
                0x000029ec                CyIntSetVector
 .text.CyIntSetPriority
                0x00002a38       0xa8 .\CortexM0\ARM_GCC_541\Debug\GPIB USB 1.a(CyLib.o)
                0x00002a38                CyIntSetPriority
 .text.CyIntEnable
                0x00002ae0       0x2c .\CortexM0\ARM_GCC_541\Debug\GPIB USB 1.a(CyLib.o)
                0x00002ae0                CyIntEnable
 .text.CyHalt   0x00002b0c       0x18 .\CortexM0\ARM_GCC_541\Debug\GPIB USB 1.a(CyLib.o)
                0x00002b0c                CyHalt
 .text.CyDelay  0x00002b24       0x4c .\CortexM0\ARM_GCC_541\Debug\GPIB USB 1.a(CyLib.o)
                0x00002b24                CyDelay
 .text.CyDelayUs
                0x00002b70       0x28 .\CortexM0\ARM_GCC_541\Debug\GPIB USB 1.a(CyLib.o)
                0x00002b70                CyDelayUs
 .text.CyGetUniqueId
                0x00002b98       0xc0 .\CortexM0\ARM_GCC_541\Debug\GPIB USB 1.a(CyLib.o)
                0x00002b98                CyGetUniqueId
 .text.CySysClkWcoEnabled
                0x00002c58       0x1c .\CortexM0\ARM_GCC_541\Debug\GPIB USB 1.a(CyLFClk.o)
                0x00002c58                CySysClkWcoEnabled
 .text.CySysWdtLock
                0x00002c74       0x34 .\CortexM0\ARM_GCC_541\Debug\GPIB USB 1.a(CyLFClk.o)
                0x00002c74                CySysWdtLock
 .text.CySysWdtLocked
                0x00002ca8       0x20 .\CortexM0\ARM_GCC_541\Debug\GPIB USB 1.a(CyLFClk.o)
 .text.CySysWdtUnlock
                0x00002cc8       0x50 .\CortexM0\ARM_GCC_541\Debug\GPIB USB 1.a(CyLFClk.o)
                0x00002cc8                CySysWdtUnlock
 .text.CySysWdtClearInterrupt
                0x00002d18       0x70 .\CortexM0\ARM_GCC_541\Debug\GPIB USB 1.a(CyLFClk.o)
                0x00002d18                CySysWdtClearInterrupt
 .text.CySysWdtIsr
                0x00002d88       0xec .\CortexM0\ARM_GCC_541\Debug\GPIB USB 1.a(CyLFClk.o)
                0x00002d88                CySysWdtIsr
 .text.USBUART_Start
                0x00002e74       0x40 .\CortexM0\ARM_GCC_541\Debug\GPIB USB 1.a(USBUART.o)
                0x00002e74                USBUART_Start
 .text.USBUART_Init
                0x00002eb4       0xf0 .\CortexM0\ARM_GCC_541\Debug\GPIB USB 1.a(USBUART.o)
                0x00002eb4                USBUART_Init
 .text.USBUART_InitComponent
                0x00002fa4       0xf0 .\CortexM0\ARM_GCC_541\Debug\GPIB USB 1.a(USBUART.o)
                0x00002fa4                USBUART_InitComponent
 .text.USBUART_ReInitComponent
                0x00003094       0x64 .\CortexM0\ARM_GCC_541\Debug\GPIB USB 1.a(USBUART.o)
                0x00003094                USBUART_ReInitComponent
 .text.USBUART_GetConfiguration
                0x000030f8       0x14 .\CortexM0\ARM_GCC_541\Debug\GPIB USB 1.a(USBUART.o)
                0x000030f8                USBUART_GetConfiguration
 .text.USBUART_IsConfigurationChanged
                0x0000310c       0x34 .\CortexM0\ARM_GCC_541\Debug\GPIB USB 1.a(USBUART.o)
                0x0000310c                USBUART_IsConfigurationChanged
 .text.USBUART_GetEPState
                0x00003140       0x30 .\CortexM0\ARM_GCC_541\Debug\GPIB USB 1.a(USBUART.o)
                0x00003140                USBUART_GetEPState
 .text.USBUART_GetEPCount
                0x00003170       0x80 .\CortexM0\ARM_GCC_541\Debug\GPIB USB 1.a(USBUART.o)
                0x00003170                USBUART_GetEPCount
 .text.USBUART_LoadInEP
                0x000031f0      0x14c .\CortexM0\ARM_GCC_541\Debug\GPIB USB 1.a(USBUART.o)
                0x000031f0                USBUART_LoadInEP
 .text.USBUART_ReadOutEP
                0x0000333c       0xc0 .\CortexM0\ARM_GCC_541\Debug\GPIB USB 1.a(USBUART.o)
                0x0000333c                USBUART_ReadOutEP
 .text.USBUART_EnableOutEP
                0x000033fc       0x68 .\CortexM0\ARM_GCC_541\Debug\GPIB USB 1.a(USBUART.o)
                0x000033fc                USBUART_EnableOutEP
 .text.USBUART_SetPowerStatus
                0x00003464       0x44 .\CortexM0\ARM_GCC_541\Debug\GPIB USB 1.a(USBUART.o)
                0x00003464                USBUART_SetPowerStatus
 .text.USBUART_DispatchCDCClassRqst
                0x000034a8       0xf8 .\CortexM0\ARM_GCC_541\Debug\GPIB USB 1.a(USBUART_cdc.o)
                0x000034a8                USBUART_DispatchCDCClassRqst
 .text.USBUART_GetInterfaceComPort
                0x000035a0       0x90 .\CortexM0\ARM_GCC_541\Debug\GPIB USB 1.a(USBUART_cdc.o)
                0x000035a0                USBUART_GetInterfaceComPort
 .text.USBUART_CDC_Init
                0x00003630       0xc0 .\CortexM0\ARM_GCC_541\Debug\GPIB USB 1.a(USBUART_cdc.o)
                0x00003630                USBUART_CDC_Init
 .text.USBUART_PutData
                0x000036f0       0x84 .\CortexM0\ARM_GCC_541\Debug\GPIB USB 1.a(USBUART_cdc.o)
                0x000036f0                USBUART_PutData
 .text.USBUART_DataIsReady
                0x00003774       0x28 .\CortexM0\ARM_GCC_541\Debug\GPIB USB 1.a(USBUART_cdc.o)
                0x00003774                USBUART_DataIsReady
 .text.USBUART_CDCIsReady
                0x0000379c       0x28 .\CortexM0\ARM_GCC_541\Debug\GPIB USB 1.a(USBUART_cdc.o)
                0x0000379c                USBUART_CDCIsReady
 .text.USBUART_GetAll
                0x000037c4       0x60 .\CortexM0\ARM_GCC_541\Debug\GPIB USB 1.a(USBUART_cdc.o)
                0x000037c4                USBUART_GetAll
 .text.USBUART_Cdc_EpInit
                0x00003824       0xc0 .\CortexM0\ARM_GCC_541\Debug\GPIB USB 1.a(USBUART_cdc.o)
                0x00003824                USBUART_Cdc_EpInit
 .text.USBUART_EP_0_ISR
                0x000038e4       0xfc .\CortexM0\ARM_GCC_541\Debug\GPIB USB 1.a(USBUART_drv.o)
                0x000038e4                USBUART_EP_0_ISR
 .text.USBUART_HandleSetup
                0x000039e0       0x9c .\CortexM0\ARM_GCC_541\Debug\GPIB USB 1.a(USBUART_drv.o)
                0x000039e0                USBUART_HandleSetup
 .text.USBUART_HandleIN
                0x00003a7c       0x40 .\CortexM0\ARM_GCC_541\Debug\GPIB USB 1.a(USBUART_drv.o)
                0x00003a7c                USBUART_HandleIN
 .text.USBUART_HandleOUT
                0x00003abc       0x4c .\CortexM0\ARM_GCC_541\Debug\GPIB USB 1.a(USBUART_drv.o)
                0x00003abc                USBUART_HandleOUT
 .text.USBUART_LoadEP0
                0x00003b08       0xd8 .\CortexM0\ARM_GCC_541\Debug\GPIB USB 1.a(USBUART_drv.o)
                0x00003b08                USBUART_LoadEP0
 .text.USBUART_InitControlRead
                0x00003be0       0x74 .\CortexM0\ARM_GCC_541\Debug\GPIB USB 1.a(USBUART_drv.o)
                0x00003be0                USBUART_InitControlRead
 .text.USBUART_InitZeroLengthControlTransfer
                0x00003c54       0x40 .\CortexM0\ARM_GCC_541\Debug\GPIB USB 1.a(USBUART_drv.o)
                0x00003c54                USBUART_InitZeroLengthControlTransfer
 .text.USBUART_ControlReadDataStage
                0x00003c94       0x10 .\CortexM0\ARM_GCC_541\Debug\GPIB USB 1.a(USBUART_drv.o)
                0x00003c94                USBUART_ControlReadDataStage
 .text.USBUART_ControlReadStatusStage
                0x00003ca4       0x44 .\CortexM0\ARM_GCC_541\Debug\GPIB USB 1.a(USBUART_drv.o)
                0x00003ca4                USBUART_ControlReadStatusStage
 .text.USBUART_InitControlWrite
                0x00003ce8       0x6c .\CortexM0\ARM_GCC_541\Debug\GPIB USB 1.a(USBUART_drv.o)
                0x00003ce8                USBUART_InitControlWrite
 .text.USBUART_ControlWriteDataStage
                0x00003d54       0xb8 .\CortexM0\ARM_GCC_541\Debug\GPIB USB 1.a(USBUART_drv.o)
                0x00003d54                USBUART_ControlWriteDataStage
 .text.USBUART_ControlWriteStatusStage
                0x00003e0c       0x24 .\CortexM0\ARM_GCC_541\Debug\GPIB USB 1.a(USBUART_drv.o)
                0x00003e0c                USBUART_ControlWriteStatusStage
 .text.USBUART_InitNoDataControlTransfer
                0x00003e30       0x34 .\CortexM0\ARM_GCC_541\Debug\GPIB USB 1.a(USBUART_drv.o)
                0x00003e30                USBUART_InitNoDataControlTransfer
 .text.USBUART_NoDataControlStatusStage
                0x00003e64       0x50 .\CortexM0\ARM_GCC_541\Debug\GPIB USB 1.a(USBUART_drv.o)
                0x00003e64                USBUART_NoDataControlStatusStage
 .text.USBUART_UpdateStatusBlock
                0x00003eb4       0x40 .\CortexM0\ARM_GCC_541\Debug\GPIB USB 1.a(USBUART_drv.o)
                0x00003eb4                USBUART_UpdateStatusBlock
 .text.USBUART_InitializeStatusBlock
                0x00003ef4       0x30 .\CortexM0\ARM_GCC_541\Debug\GPIB USB 1.a(USBUART_drv.o)
                0x00003ef4                USBUART_InitializeStatusBlock
 .text.USBUART_EP_1_ISR
                0x00003f24       0x48 .\CortexM0\ARM_GCC_541\Debug\GPIB USB 1.a(USBUART_episr.o)
                0x00003f24                USBUART_EP_1_ISR
 .text.USBUART_EP_2_ISR
                0x00003f6c       0x4c .\CortexM0\ARM_GCC_541\Debug\GPIB USB 1.a(USBUART_episr.o)
                0x00003f6c                USBUART_EP_2_ISR
 .text.USBUART_EP_3_ISR
                0x00003fb8       0x54 .\CortexM0\ARM_GCC_541\Debug\GPIB USB 1.a(USBUART_episr.o)
                0x00003fb8                USBUART_EP_3_ISR
 .text.USBUART_SOF_ISR
                0x0000400c       0x14 .\CortexM0\ARM_GCC_541\Debug\GPIB USB 1.a(USBUART_episr.o)
                0x0000400c                USBUART_SOF_ISR
 .text.USBUART_BUS_RESET_ISR
                0x00004020       0x18 .\CortexM0\ARM_GCC_541\Debug\GPIB USB 1.a(USBUART_episr.o)
                0x00004020                USBUART_BUS_RESET_ISR
 .text.USBUART_IntrHandler
                0x00004038       0x60 .\CortexM0\ARM_GCC_541\Debug\GPIB USB 1.a(USBUART_episr.o)
 .text.USBUART_INTR_HI_ISR
                0x00004098       0x18 .\CortexM0\ARM_GCC_541\Debug\GPIB USB 1.a(USBUART_episr.o)
                0x00004098                USBUART_INTR_HI_ISR
 .text.USBUART_INTR_MED_ISR
                0x000040b0       0x18 .\CortexM0\ARM_GCC_541\Debug\GPIB USB 1.a(USBUART_episr.o)
                0x000040b0                USBUART_INTR_MED_ISR
 .text.USBUART_INTR_LO_ISR
                0x000040c8       0x18 .\CortexM0\ARM_GCC_541\Debug\GPIB USB 1.a(USBUART_episr.o)
                0x000040c8                USBUART_INTR_LO_ISR
 .text.USBUART_DP_ISR
                0x000040e0       0x10 .\CortexM0\ARM_GCC_541\Debug\GPIB USB 1.a(USBUART_pm.o)
                0x000040e0                USBUART_DP_ISR
 .text.USBUART_HandleStandardRqst
                0x000040f0      0x484 .\CortexM0\ARM_GCC_541\Debug\GPIB USB 1.a(USBUART_std.o)
                0x000040f0                USBUART_HandleStandardRqst
 .text.USBUART_ReadDieID
                0x00004574       0xb8 .\CortexM0\ARM_GCC_541\Debug\GPIB USB 1.a(USBUART_std.o)
                0x00004574                USBUART_ReadDieID
 .text.USBUART_ConfigReg
                0x0000462c       0xe4 .\CortexM0\ARM_GCC_541\Debug\GPIB USB 1.a(USBUART_std.o)
                0x0000462c                USBUART_ConfigReg
 .text.USBUART_Config
                0x00004710      0x454 .\CortexM0\ARM_GCC_541\Debug\GPIB USB 1.a(USBUART_std.o)
                0x00004710                USBUART_Config
 .text.USBUART_ConfigAltChanged
                0x00004b64      0x220 .\CortexM0\ARM_GCC_541\Debug\GPIB USB 1.a(USBUART_std.o)
                0x00004b64                USBUART_ConfigAltChanged
 .text.USBUART_GetConfigTablePtr
                0x00004d84       0x58 .\CortexM0\ARM_GCC_541\Debug\GPIB USB 1.a(USBUART_std.o)
                0x00004d84                USBUART_GetConfigTablePtr
 .text.USBUART_GetDeviceTablePtr
                0x00004ddc       0x24 .\CortexM0\ARM_GCC_541\Debug\GPIB USB 1.a(USBUART_std.o)
                0x00004ddc                USBUART_GetDeviceTablePtr
 .text.USBUART_GetInterfaceClassTablePtr
                0x00004e00       0x54 .\CortexM0\ARM_GCC_541\Debug\GPIB USB 1.a(USBUART_std.o)
                0x00004e00                USBUART_GetInterfaceClassTablePtr
 .text.USBUART_SetEndpointHalt
                0x00004e54       0xec .\CortexM0\ARM_GCC_541\Debug\GPIB USB 1.a(USBUART_std.o)
                0x00004e54                USBUART_SetEndpointHalt
 .text.USBUART_ClearEndpointHalt
                0x00004f40      0x158 .\CortexM0\ARM_GCC_541\Debug\GPIB USB 1.a(USBUART_std.o)
                0x00004f40                USBUART_ClearEndpointHalt
 .text.USBUART_ValidateAlternateSetting
                0x00005098       0x9c .\CortexM0\ARM_GCC_541\Debug\GPIB USB 1.a(USBUART_std.o)
                0x00005098                USBUART_ValidateAlternateSetting
 .text.USBUART_HandleVendorRqst
                0x00005134       0x34 .\CortexM0\ARM_GCC_541\Debug\GPIB USB 1.a(USBUART_vnd.o)
                0x00005134                USBUART_HandleVendorRqst
 .text.USBUART_Dp_ClearInterrupt
                0x00005168       0x2c .\CortexM0\ARM_GCC_541\Debug\GPIB USB 1.a(USBUART_Dp.o)
                0x00005168                USBUART_Dp_ClearInterrupt
 .text.PWM_1_Init
                0x00005194       0x5c .\CortexM0\ARM_GCC_541\Debug\GPIB USB 1.a(PWM_1.o)
                0x00005194                PWM_1_Init
 .text.PWM_1_Enable
                0x000051f0       0x3c .\CortexM0\ARM_GCC_541\Debug\GPIB USB 1.a(PWM_1.o)
                0x000051f0                PWM_1_Enable
 .text.PWM_1_Start
                0x0000522c       0x24 .\CortexM0\ARM_GCC_541\Debug\GPIB USB 1.a(PWM_1.o)
                0x0000522c                PWM_1_Start
 .text.PWM_1_WriteCounter
                0x00005250       0x20 .\CortexM0\ARM_GCC_541\Debug\GPIB USB 1.a(PWM_1.o)
                0x00005250                PWM_1_WriteCounter
 .text.PWM_1_WritePeriod
                0x00005270       0x20 .\CortexM0\ARM_GCC_541\Debug\GPIB USB 1.a(PWM_1.o)
                0x00005270                PWM_1_WritePeriod
 .text.PWM_1_WriteCompare
                0x00005290       0x20 .\CortexM0\ARM_GCC_541\Debug\GPIB USB 1.a(PWM_1.o)
                0x00005290                PWM_1_WriteCompare
 .text.PWM_1_TriggerCommand
                0x000052b0       0x3c .\CortexM0\ARM_GCC_541\Debug\GPIB USB 1.a(PWM_1.o)
                0x000052b0                PWM_1_TriggerCommand
 .text.PWM_1_SetInterruptMode
                0x000052ec       0x1c .\CortexM0\ARM_GCC_541\Debug\GPIB USB 1.a(PWM_1.o)
                0x000052ec                PWM_1_SetInterruptMode
 .text.EEPROM_Init
                0x00005308       0x5c .\CortexM0\ARM_GCC_541\Debug\GPIB USB 1.a(EEPROM.o)
                0x00005308                EEPROM_Init
 .text.Timer1_Init
                0x00005364       0x38 .\CortexM0\ARM_GCC_541\Debug\GPIB USB 1.a(Timer1.o)
                0x00005364                Timer1_Init
 .text.Timer1_Enable
                0x0000539c       0x3c .\CortexM0\ARM_GCC_541\Debug\GPIB USB 1.a(Timer1.o)
                0x0000539c                Timer1_Enable
 .text.Timer1_Start
                0x000053d8       0x24 .\CortexM0\ARM_GCC_541\Debug\GPIB USB 1.a(Timer1.o)
                0x000053d8                Timer1_Start
 .text.Timer1_WriteCounter
                0x000053fc       0x20 .\CortexM0\ARM_GCC_541\Debug\GPIB USB 1.a(Timer1.o)
                0x000053fc                Timer1_WriteCounter
 .text.Timer1_ReadCounter
                0x0000541c       0x18 .\CortexM0\ARM_GCC_541\Debug\GPIB USB 1.a(Timer1.o)
                0x0000541c                Timer1_ReadCounter
 .text.Timer1_WritePeriod
                0x00005434       0x20 .\CortexM0\ARM_GCC_541\Debug\GPIB USB 1.a(Timer1.o)
                0x00005434                Timer1_WritePeriod
 .text.Timer1_TriggerCommand
                0x00005454       0x3c .\CortexM0\ARM_GCC_541\Debug\GPIB USB 1.a(Timer1.o)
                0x00005454                Timer1_TriggerCommand
 .text.Timer1_SetInterruptMode
                0x00005490       0x1c .\CortexM0\ARM_GCC_541\Debug\GPIB USB 1.a(Timer1.o)
                0x00005490                Timer1_SetInterruptMode
 *fill*         0x000054ac        0x4 
 .text          0x000054b0       0x20 .\CortexM0\ARM_GCC_541\Debug\GPIB USB 1.a(CyBootAsmGnu.o)
                0x000054b0                CyDelayCycles
                0x000054c2                CyEnterCriticalSection
                0x000054ca                CyExitCriticalSection
 .text.USBUART_DispatchClassRqst
                0x000054d0       0x94 .\CortexM0\ARM_GCC_541\Debug\GPIB USB 1.a(USBUART_cls.o)
                0x000054d0                USBUART_DispatchClassRqst
 .text          0x00005564      0x114 c:/program files (x86)/cypress/psoc creator/4.2/psoc creator/import/gnu/arm/5.4.1/bin/../lib/gcc/arm-none-eabi/5.4.1/armv6-m\libgcc.a(_udivsi3.o)
                0x00005564                __aeabi_uidiv
                0x00005564                __udivsi3
                0x00005670                __aeabi_uidivmod
 .text          0x00005678        0x4 c:/program files (x86)/cypress/psoc creator/4.2/psoc creator/import/gnu/arm/5.4.1/bin/../lib/gcc/arm-none-eabi/5.4.1/armv6-m\libgcc.a(_dvmd_tls.o)
                0x00005678                __aeabi_idiv0
                0x00005678                __aeabi_ldiv0
 .text.__errno  0x0000567c        0xc c:/program files (x86)/cypress/psoc creator/4.2/psoc creator/import/gnu/arm/5.4.1/bin/../lib/gcc/arm-none-eabi/5.4.1/../../../../arm-none-eabi/lib/armv6-m\libg_nano.a(lib_a-errno.o)
                0x0000567c                __errno
 .text.__libc_init_array
                0x00005688       0x4c c:/program files (x86)/cypress/psoc creator/4.2/psoc creator/import/gnu/arm/5.4.1/bin/../lib/gcc/arm-none-eabi/5.4.1/../../../../arm-none-eabi/lib/armv6-m\libg_nano.a(lib_a-init.o)
                0x00005688                __libc_init_array
 .text.memcpy   0x000056d4       0x12 c:/program files (x86)/cypress/psoc creator/4.2/psoc creator/import/gnu/arm/5.4.1/bin/../lib/gcc/arm-none-eabi/5.4.1/../../../../arm-none-eabi/lib/armv6-m\libg_nano.a(lib_a-memcpy-stub.o)
                0x000056d4                memcpy
 .text.memset   0x000056e6       0x10 c:/program files (x86)/cypress/psoc creator/4.2/psoc creator/import/gnu/arm/5.4.1/bin/../lib/gcc/arm-none-eabi/5.4.1/../../../../arm-none-eabi/lib/armv6-m\libg_nano.a(lib_a-memset.o)
                0x000056e6                memset
 .text.strchr   0x000056f6       0x1c c:/program files (x86)/cypress/psoc creator/4.2/psoc creator/import/gnu/arm/5.4.1/bin/../lib/gcc/arm-none-eabi/5.4.1/../../../../arm-none-eabi/lib/armv6-m\libg_nano.a(lib_a-strchr.o)
                0x000056f6                strchr
 .text          0x00005712       0x14 c:/program files (x86)/cypress/psoc creator/4.2/psoc creator/import/gnu/arm/5.4.1/bin/../lib/gcc/arm-none-eabi/5.4.1/../../../../arm-none-eabi/lib/armv6-m\libg_nano.a(lib_a-strcmp.o)
                0x00005712                strcmp
 .text          0x00005726        0xe c:/program files (x86)/cypress/psoc creator/4.2/psoc creator/import/gnu/arm/5.4.1/bin/../lib/gcc/arm-none-eabi/5.4.1/../../../../arm-none-eabi/lib/armv6-m\libg_nano.a(lib_a-strlen.o)
                0x00005726                strlen
 .text._vsnprintf_r
                0x00005734       0x56 c:/program files (x86)/cypress/psoc creator/4.2/psoc creator/import/gnu/arm/5.4.1/bin/../lib/gcc/arm-none-eabi/5.4.1/../../../../arm-none-eabi/lib/armv6-m\libg_nano.a(lib_a-vsnprintf.o)
                0x00005734                _vsniprintf_r
                0x00005734                _vsnprintf_r
 *fill*         0x0000578a        0x2 
 .text.vsnprintf
                0x0000578c       0x18 c:/program files (x86)/cypress/psoc creator/4.2/psoc creator/import/gnu/arm/5.4.1/bin/../lib/gcc/arm-none-eabi/5.4.1/../../../../arm-none-eabi/lib/armv6-m\libg_nano.a(lib_a-vsnprintf.o)
                0x0000578c                vsniprintf
                0x0000578c                vsnprintf
 .text.__ssputs_r
                0x000057a4       0xc4 c:/program files (x86)/cypress/psoc creator/4.2/psoc creator/import/gnu/arm/5.4.1/bin/../lib/gcc/arm-none-eabi/5.4.1/../../../../arm-none-eabi/lib/armv6-m\libg_nano.a(lib_a-nano-svfprintf.o)
                0x000057a4                __ssputs_r
 .text._svfprintf_r
                0x00005868      0x1fc c:/program files (x86)/cypress/psoc creator/4.2/psoc creator/import/gnu/arm/5.4.1/bin/../lib/gcc/arm-none-eabi/5.4.1/../../../../arm-none-eabi/lib/armv6-m\libg_nano.a(lib_a-nano-svfprintf.o)
                0x00005868                _svfiprintf_r
                0x00005868                _svfprintf_r
 .text._printf_common
                0x00005a64       0xdc c:/program files (x86)/cypress/psoc creator/4.2/psoc creator/import/gnu/arm/5.4.1/bin/../lib/gcc/arm-none-eabi/5.4.1/../../../../arm-none-eabi/lib/armv6-m\libg_nano.a(lib_a-nano-vfprintf_i.o)
                0x00005a64                _printf_common
 .text._printf_i
                0x00005b40      0x244 c:/program files (x86)/cypress/psoc creator/4.2/psoc creator/import/gnu/arm/5.4.1/bin/../lib/gcc/arm-none-eabi/5.4.1/../../../../arm-none-eabi/lib/armv6-m\libg_nano.a(lib_a-nano-vfprintf_i.o)
                0x00005b40                _printf_i
 .text.memchr   0x00005d84       0x16 c:/program files (x86)/cypress/psoc creator/4.2/psoc creator/import/gnu/arm/5.4.1/bin/../lib/gcc/arm-none-eabi/5.4.1/../../../../arm-none-eabi/lib/armv6-m\libg_nano.a(lib_a-memchr-stub.o)
                0x00005d84                memchr
 .text.memmove  0x00005d9a       0x2a c:/program files (x86)/cypress/psoc creator/4.2/psoc creator/import/gnu/arm/5.4.1/bin/../lib/gcc/arm-none-eabi/5.4.1/../../../../arm-none-eabi/lib/armv6-m\libg_nano.a(lib_a-memmove.o)
                0x00005d9a                memmove
 .text._free_r  0x00005dc4       0x98 c:/program files (x86)/cypress/psoc creator/4.2/psoc creator/import/gnu/arm/5.4.1/bin/../lib/gcc/arm-none-eabi/5.4.1/../../../../arm-none-eabi/lib/armv6-m\libg_nano.a(lib_a-nano-freer.o)
                0x00005dc4                _free_r
 .text._malloc_r
                0x00005e5c       0xc0 c:/program files (x86)/cypress/psoc creator/4.2/psoc creator/import/gnu/arm/5.4.1/bin/../lib/gcc/arm-none-eabi/5.4.1/../../../../arm-none-eabi/lib/armv6-m\libg_nano.a(lib_a-nano-mallocr.o)
                0x00005e5c                _malloc_r
 .text._realloc_r
                0x00005f1c       0x4c c:/program files (x86)/cypress/psoc creator/4.2/psoc creator/import/gnu/arm/5.4.1/bin/../lib/gcc/arm-none-eabi/5.4.1/../../../../arm-none-eabi/lib/armv6-m\libg_nano.a(lib_a-nano-reallocr.o)
                0x00005f1c                _realloc_r
 .text._sbrk_r  0x00005f68       0x24 c:/program files (x86)/cypress/psoc creator/4.2/psoc creator/import/gnu/arm/5.4.1/bin/../lib/gcc/arm-none-eabi/5.4.1/../../../../arm-none-eabi/lib/armv6-m\libg_nano.a(lib_a-sbrkr.o)
                0x00005f68                _sbrk_r
 .text.__malloc_lock
                0x00005f8c        0x2 c:/program files (x86)/cypress/psoc creator/4.2/psoc creator/import/gnu/arm/5.4.1/bin/../lib/gcc/arm-none-eabi/5.4.1/../../../../arm-none-eabi/lib/armv6-m\libg_nano.a(lib_a-mlock.o)
                0x00005f8c                __malloc_lock
 .text.__malloc_unlock
                0x00005f8e        0x2 c:/program files (x86)/cypress/psoc creator/4.2/psoc creator/import/gnu/arm/5.4.1/bin/../lib/gcc/arm-none-eabi/5.4.1/../../../../arm-none-eabi/lib/armv6-m\libg_nano.a(lib_a-mlock.o)
                0x00005f8e                __malloc_unlock
 .text._malloc_usable_size_r
                0x00005f90       0x16 c:/program files (x86)/cypress/psoc creator/4.2/psoc creator/import/gnu/arm/5.4.1/bin/../lib/gcc/arm-none-eabi/5.4.1/../../../../arm-none-eabi/lib/armv6-m\libg_nano.a(lib_a-nano-msizer.o)
                0x00005f90                _malloc_usable_size_r
 *(.plt)
 *(.gnu.warning)
 *(.glue_7t)
 .glue_7t       0x00005fa6        0x0 linker stubs
 *(.glue_7)
 .glue_7        0x00005fa6        0x0 linker stubs
 *(.vfp11_veneer)
 .vfp11_veneer  0x00005fa6        0x0 linker stubs
 *(.bootloader)
 *(.ARM.extab* .gnu.linkonce.armextab.*)
 *(.gcc_except_table)

.v4_bx          0x00005fa8        0x0
 .v4_bx         0x00005fa8        0x0 linker stubs

.iplt           0x00005fa8        0x0
 .iplt          0x00005fa8        0x0 c:/program files (x86)/cypress/psoc creator/4.2/psoc creator/import/gnu/arm/5.4.1/bin/../lib/gcc/arm-none-eabi/5.4.1/armv6-m/crtbegin.o

.eh_frame_hdr
 *(.eh_frame_hdr)

.eh_frame       0x00005fa8        0x4
 *(.eh_frame)
 .eh_frame      0x00005fa8        0x0 c:/program files (x86)/cypress/psoc creator/4.2/psoc creator/import/gnu/arm/5.4.1/bin/../lib/gcc/arm-none-eabi/5.4.1/armv6-m/crtbegin.o
 .eh_frame      0x00005fa8        0x4 c:/program files (x86)/cypress/psoc creator/4.2/psoc creator/import/gnu/arm/5.4.1/bin/../lib/gcc/arm-none-eabi/5.4.1/armv6-m/crtend.o
                [!provide]                PROVIDE (__exidx_start, .)

.ARM.exidx
 *(.ARM.exidx* .gnu.linkonce.armexidx.*)
                0x00005fac                __exidx_end = .

.rodata         0x00006000      0xde8
 *(.rodata .rodata.* .gnu.linkonce.r.*)
 .rodata        0x00006000       0x46 .\CortexM0\ARM_GCC_541\Debug\main.o
                0x00006000                read_err
                0x0000601c                read_err_len
 *fill*         0x00006046        0x2 
 .rodata        0x00006048       0x22 .\CortexM0\ARM_GCC_541\Debug\serial.o
 *fill*         0x0000606a        0x2 
 .rodata        0x0000606c      0x7fa .\CortexM0\ARM_GCC_541\Debug\command.o
                0x00006328                commands
                0x000066c8                auto_means
                0x000066fc                enable_disable_means
                0x00006788                eos_means
 *fill*         0x00006866       0x9a 
 .rodata        0x00006900      0x200 .\CortexM0\ARM_GCC_541\Debug\settings.o
                0x00006900                eeprom
 .rodata        0x00006b00       0x70 .\CortexM0\ARM_GCC_541\Debug\cyfitter_cfg.o
 .rodata        0x00006b70       0x2e .\CortexM0\ARM_GCC_541\Debug\GPIB USB 1.a(CyLib.o)
                0x00006b70                cyImoFreqMhz2Reg
 *fill*         0x00006b9e        0x2 
 .rodata        0x00006ba0       0x34 .\CortexM0\ARM_GCC_541\Debug\GPIB USB 1.a(USBUART_episr.o)
 .rodata        0x00006bd4       0x41 .\CortexM0\ARM_GCC_541\Debug\GPIB USB 1.a(USBUART_std.o)
 *fill*         0x00006c15        0x3 
 .rodata        0x00006c18      0x160 .\CortexM0\ARM_GCC_541\Debug\GPIB USB 1.a(USBUART_descr.o)
                0x00006c18                USBUART_DEVICE0_DESCR
                0x00006c2c                USBUART_DEVICE0_CONFIGURATION0_DESCR
                0x00006c70                USBUART_STRING_DESCRIPTORS
                0x00006d10                USBUART_SN_STRING_DESCRIPTOR
                0x00006d14                USBUART_DEVICE0_CONFIGURATION0_EP_SETTINGS_TABLE
                0x00006d2c                USBUART_DEVICE0_CONFIGURATION0_INTERFACE_CLASS
                0x00006d30                USBUART_DEVICE0_CONFIGURATION0_TABLE
                0x00006d58                USBUART_DEVICE0_TABLE
                0x00006d70                USBUART_TABLE
 .rodata.str1.1
                0x00006d78        0x2 c:/program files (x86)/cypress/psoc creator/4.2/psoc creator/import/gnu/arm/5.4.1/bin/../lib/gcc/arm-none-eabi/5.4.1/../../../../arm-none-eabi/lib/armv6-m\libg_nano.a(lib_a-impure.o)
 .rodata.str1.1
                0x00006d7a       0x11 c:/program files (x86)/cypress/psoc creator/4.2/psoc creator/import/gnu/arm/5.4.1/bin/../lib/gcc/arm-none-eabi/5.4.1/../../../../arm-none-eabi/lib/armv6-m\libg_nano.a(lib_a-nano-svfprintf.o)
 .rodata.str1.1
                0x00006d8b       0x22 c:/program files (x86)/cypress/psoc creator/4.2/psoc creator/import/gnu/arm/5.4.1/bin/../lib/gcc/arm-none-eabi/5.4.1/../../../../arm-none-eabi/lib/armv6-m\libg_nano.a(lib_a-nano-vfprintf_i.o)
                0x00006db0                . = ALIGN (0x4)
 *fill*         0x00006dad        0x3 
 *(.init)
 .init          0x00006db0        0x4 c:/program files (x86)/cypress/psoc creator/4.2/psoc creator/import/gnu/arm/5.4.1/bin/../lib/gcc/arm-none-eabi/5.4.1/armv6-m/crti.o
                0x00006db0                _init
 .init          0x00006db4        0x8 c:/program files (x86)/cypress/psoc creator/4.2/psoc creator/import/gnu/arm/5.4.1/bin/../lib/gcc/arm-none-eabi/5.4.1/armv6-m/crtn.o
                0x00006dbc                . = ALIGN (0x4)
                0x00006dbc                __preinit_array_start = .
 *(.preinit_array)
                0x00006dbc                __preinit_array_end = .
                0x00006dbc                . = ALIGN (0x4)
                0x00006dbc                __init_array_start = .
 *(SORT(.init_array.*))
 *(.init_array)
 .init_array    0x00006dbc        0x4 c:/program files (x86)/cypress/psoc creator/4.2/psoc creator/import/gnu/arm/5.4.1/bin/../lib/gcc/arm-none-eabi/5.4.1/armv6-m/crtbegin.o
 .init_array    0x00006dc0        0x4 .\CortexM0\ARM_GCC_541\Debug\Cm0Start.o
                0x00006dc4                __init_array_end = .
                0x00006dc4                . = ALIGN (0x4)
 *(.fini)
 .fini          0x00006dc4        0x4 c:/program files (x86)/cypress/psoc creator/4.2/psoc creator/import/gnu/arm/5.4.1/bin/../lib/gcc/arm-none-eabi/5.4.1/armv6-m/crti.o
                0x00006dc4                _fini
 .fini          0x00006dc8        0x8 c:/program files (x86)/cypress/psoc creator/4.2/psoc creator/import/gnu/arm/5.4.1/bin/../lib/gcc/arm-none-eabi/5.4.1/armv6-m/crtn.o
                0x00006dd0                . = ALIGN (0x4)
                0x00006dd0                __fini_array_start = .
 *(.fini_array)
 .fini_array    0x00006dd0        0x4 c:/program files (x86)/cypress/psoc creator/4.2/psoc creator/import/gnu/arm/5.4.1/bin/../lib/gcc/arm-none-eabi/5.4.1/armv6-m/crtbegin.o
 *(SORT(.fini_array.*))
                0x00006dd4                __fini_array_end = .
                0x00006dd4                . = ALIGN (0x4)
 *crtbegin.o(.ctors)
 *(EXCLUDE_FILE(*crtend.o) .ctors)
 *(SORT(.ctors.*))
 *crtend.o(.ctors)
                0x00006dd4                . = ALIGN (0x4)
 *crtbegin.o(.dtors)
 *(EXCLUDE_FILE(*crtend.o) .dtors)
 *(SORT(.dtors.*))
 *crtend.o(.dtors)
                0x00006dd4                . = ALIGN (0x4)
                0x00006dd4                __cy_regions = .
                0x00006dd4        0x4 LONG 0x6de8 __cy_region_init_ram
                0x00006dd8        0x4 LONG 0x200000c8 __cy_region_start_data
                0x00006ddc        0x4 LONG 0x110 __cy_region_init_size_ram
                0x00006de0        0x4 LONG 0x5c0 __cy_region_zero_size_ram
                0x00006de4                __cy_regions_end = .
                0x00006de8                . = ALIGN (0x8)
 *fill*         0x00006de4        0x4 
                0x00006de8                _etext = .

.cy_checksum_exclude
                0x00006de8        0x0
 *(.cy_checksum_exclude)

.ramvectors     0x20000000       0xc0
                0x20000000                __cy_region_start_ram = .
 *(.ramvectors)
 .ramvectors    0x20000000       0xc0 .\CortexM0\ARM_GCC_541\Debug\Cm0Start.o
                0x20000000                CyRamVectors

.noinit         0x200000c0        0x4
 *(.noinit)
 .noinit        0x200000c0        0x4 .\CortexM0\ARM_GCC_541\Debug\Cm0Start.o

.data           0x200000c8      0x110 load address 0x00006de8
                0x200000c8                __cy_region_start_data = .
 *(.jcr)
 .jcr           0x200000c8        0x0 c:/program files (x86)/cypress/psoc creator/4.2/psoc creator/import/gnu/arm/5.4.1/bin/../lib/gcc/arm-none-eabi/5.4.1/armv6-m/crtbegin.o
 .jcr           0x200000c8        0x4 c:/program files (x86)/cypress/psoc creator/4.2/psoc creator/import/gnu/arm/5.4.1/bin/../lib/gcc/arm-none-eabi/5.4.1/armv6-m/crtend.o
 *(.got.plt)
 *(.got)
 *(.shdata)
 *(.data .data.* .gnu.linkonce.d.*)
 .data          0x200000cc        0xc .\CortexM0\ARM_GCC_541\Debug\gpib.o
                0x200000cc                my_address
                0x200000d0                listening
                0x200000d4                talking
 .data          0x200000d8        0x8 .\CortexM0\ARM_GCC_541\Debug\serial.o
                0x200000d8                output_free
                0x200000dc                input_p
 .data          0x200000e0       0x58 .\CortexM0\ARM_GCC_541\Debug\command.o
                0x200000e0                no_usage_args
                0x200000e8                enable_disable_usage
 .data          0x20000138        0x4 .\CortexM0\ARM_GCC_541\Debug\Cm0Start.o
 .data          0x2000013c       0x14 .\CortexM0\ARM_GCC_541\Debug\GPIB USB 1.a(CyLib.o)
                0x2000013c                cydelayFreqHz
                0x20000140                cydelayFreqKhz
                0x20000144                cydelayFreqMhz
                0x20000148                cydelay32kMs
                0x2000014c                CySysClkPumpConfig
 .data          0x20000150        0x8 .\CortexM0\ARM_GCC_541\Debug\GPIB USB 1.a(CyLFClk.o)
 .data          0x20000158       0x1a .\CortexM0\ARM_GCC_541\Debug\GPIB USB 1.a(USBUART_cdc.o)
                0x20000158                USBUART_linesCoding
 *fill*         0x20000172        0x2 
 .data.impure_data
                0x20000174       0x60 c:/program files (x86)/cypress/psoc creator/4.2/psoc creator/import/gnu/arm/5.4.1/bin/../lib/gcc/arm-none-eabi/5.4.1/../../../../arm-none-eabi/lib/armv6-m\libg_nano.a(lib_a-impure.o)
 .data._impure_ptr
                0x200001d4        0x4 c:/program files (x86)/cypress/psoc creator/4.2/psoc creator/import/gnu/arm/5.4.1/bin/../lib/gcc/arm-none-eabi/5.4.1/../../../../arm-none-eabi/lib/armv6-m\libg_nano.a(lib_a-impure.o)
                0x200001d4                _impure_ptr
                0x200001d8                . = ALIGN (0x8)
 *(.ram)
                0x200001d8                _edata = .

.igot.plt       0x200001d8        0x0 load address 0x00006ef8
 .igot.plt      0x200001d8        0x0 c:/program files (x86)/cypress/psoc creator/4.2/psoc creator/import/gnu/arm/5.4.1/bin/../lib/gcc/arm-none-eabi/5.4.1/armv6-m/crtbegin.o

.bss            0x200001d8      0x5c0 load address 0x00006ef8
                0x200001d8                PROVIDE (__bss_start__, .)
 *(.shbss)
 *(.bss .bss.* .gnu.linkonce.b.*)
 .bss           0x200001d8       0x1c c:/program files (x86)/cypress/psoc creator/4.2/psoc creator/import/gnu/arm/5.4.1/bin/../lib/gcc/arm-none-eabi/5.4.1/armv6-m/crtbegin.o
 .bss           0x200001f4        0x4 .\CortexM0\ARM_GCC_541\Debug\gpib.o
                0x200001f4                _gpib_mode
 .bss           0x200001f8       0x1c .\CortexM0\ARM_GCC_541\Debug\serial.o
                0x200001f8                input_avail
                0x200001fc                autoread
                0x20000200                cmdbuf_len
                0x20000204                mode
                0x20000208                charmode
                0x2000020c                last
                0x20000210                was_query
 .bss           0x20000214        0x4 .\CortexM0\ARM_GCC_541\Debug\command.o
                0x20000214                tok_count
 .bss           0x20000218       0x20 .\CortexM0\ARM_GCC_541\Debug\GPIB USB 1.a(CyLib.o)
                0x2000022c                CySysTickInitVar
                0x20000230                CySysClkImoTrim4
                0x20000234                CySysClkImoTrim5
 .bss           0x20000238       0x28 .\CortexM0\ARM_GCC_541\Debug\GPIB USB 1.a(CyLFClk.o)
 .bss           0x20000260        0x1 .\CortexM0\ARM_GCC_541\Debug\GPIB USB 1.a(USBUART.o)
                0x20000260                USBUART_initVar
 .bss           0x20000261        0x1 .\CortexM0\ARM_GCC_541\Debug\GPIB USB 1.a(USBUART_cdc.o)
 *fill*         0x20000262        0x2 
 .bss           0x20000264        0x2 .\CortexM0\ARM_GCC_541\Debug\GPIB USB 1.a(USBUART_std.o)
 .bss           0x20000266        0x1 .\CortexM0\ARM_GCC_541\Debug\GPIB USB 1.a(PWM_1.o)
                0x20000266                PWM_1_initVar
 .bss           0x20000267        0x1 .\CortexM0\ARM_GCC_541\Debug\GPIB USB 1.a(Timer1.o)
                0x20000267                Timer1_initVar
 .bss.__malloc_sbrk_start
                0x20000268        0x4 c:/program files (x86)/cypress/psoc creator/4.2/psoc creator/import/gnu/arm/5.4.1/bin/../lib/gcc/arm-none-eabi/5.4.1/../../../../arm-none-eabi/lib/armv6-m\libg_nano.a(lib_a-nano-mallocr.o)
                0x20000268                __malloc_sbrk_start
 .bss.__malloc_free_list
                0x2000026c        0x4 c:/program files (x86)/cypress/psoc creator/4.2/psoc creator/import/gnu/arm/5.4.1/bin/../lib/gcc/arm-none-eabi/5.4.1/../../../../arm-none-eabi/lib/armv6-m\libg_nano.a(lib_a-nano-mallocr.o)
                0x2000026c                __malloc_free_list
 *(COMMON)
 COMMON         0x20000270      0x100 .\CortexM0\ARM_GCC_541\Debug\gpib.o
                0x20000270                gpib_buffer
 COMMON         0x20000370      0x2cc .\CortexM0\ARM_GCC_541\Debug\serial.o
                0x20000370                cmdbuf
                0x200003b0                end
                0x200003b4                output_buffer
                0x200003f4                input_buffer
                0x20000434                d
                0x20000438                s
                0x2000043c                general_buffer
 COMMON         0x2000063c       0x50 .\CortexM0\ARM_GCC_541\Debug\command.o
                0x2000063c                toks
 COMMON         0x2000068c       0x14 .\CortexM0\ARM_GCC_541\Debug\settings.o
                0x2000068c                settings
 COMMON         0x200006a0       0x18 .\CortexM0\ARM_GCC_541\Debug\GPIB USB 1.a(USBUART_cdc.o)
                0x200006a0                USBUART_linesChanged
                0x200006a4                USBUART_cdcDataInEp
                0x200006a8                USBUART_cdcCommInInterruptEp
                0x200006ac                USBUART_cdcDataOutEp
                0x200006b0                USBUART_serialStateBitmap
                0x200006b4                USBUART_linesControlBitmap
 COMMON         0x200006b8       0x9a .\CortexM0\ARM_GCC_541\Debug\GPIB USB 1.a(USBUART_drv.o)
                0x200006b8                USBUART_lastPacketSize
                0x200006b9                USBUART_device
                0x200006ba                USBUART_transferByteCount
                0x200006bc                USBUART_transferState
                0x200006c0                USBUART_interfaceSettingLast
                0x200006c4                USBUART_currentTD
                0x200006d0                USBUART_interfaceNumber
                0x200006d4                USBUART_interfaceClass
                0x200006d8                USBUART_configurationChanged
                0x200006d9                USBUART_ep0Mode
                0x200006da                USBUART_deviceAddress
                0x200006db                USBUART_configuration
                0x200006dc                USBUART_ep0Count
                0x200006dd                USBUART_deviceStatus
                0x200006e0                USBUART_EP
                0x2000074c                USBUART_interfaceSetting
                0x2000074e                USBUART_ep0Toggle
                0x20000750                USBUART_interfaceStatus
 *fill*         0x20000752        0x2 
 COMMON         0x20000754       0x1c .\CortexM0\ARM_GCC_541\Debug\GPIB USB 1.a(EEPROM.o)
                0x20000754                EEPROM_context
 COMMON         0x20000770       0x22 .\CortexM0\ARM_GCC_541\Debug\GPIB USB 1.a(USBUART_descr.o)
                0x20000770                USBUART_idSerialNumberStringDescriptor
 *fill*         0x20000792        0x2 
 COMMON         0x20000794        0x4 c:/program files (x86)/cypress/psoc creator/4.2/psoc creator/import/gnu/arm/5.4.1/bin/../lib/gcc/arm-none-eabi/5.4.1/../../../../arm-none-eabi/lib/armv6-m\libg_nano.a(lib_a-reent.o)
                0x20000794                errno
                0x20000798                . = ALIGN (0x8)
 *(.ram.b)
                0x20000798                _end = .
                0x20000798                __end = .
                [!provide]                PROVIDE (end, .)
                0x20000798                PROVIDE (__bss_end__, .)
                0x00006de8                __cy_region_init_ram = LOADADDR (.data)
                0x00000110                __cy_region_init_size_ram = (_edata - ADDR (.data))
                0x000005c0                __cy_region_zero_size_ram = (_end - _edata)

.heap           0x20000798       0x80 load address 0x00006ef8
                0x20000798                . = _end
                0x20000818                . = (. + 0x80)
 *fill*         0x20000798       0x80 
                0x20000818                __cy_heap_limit = .

.stack          0x20001800      0x800
                0x20001800                __cy_stack_limit = .
                0x20002000                . = (. + 0x800)
 *fill*         0x20001800      0x800 
                0x00000001                ASSERT ((__cy_stack_limit >= __cy_heap_limit), region RAM overflowed with stack)
                0x00000000                cy_checksum_exclude_size = (CY_APPL_LOADABLE == 0x1)?SIZEOF (.cy_checksum_exclude):0x0
                0x00000001                ASSERT ((cy_checksum_exclude_size <= CY_CHECKSUM_EXCLUDE_SIZE), CY_BOOT: Section .cy_checksum_exclude size exceedes specified limit.)
                0x0000ffc0                cyloadermeta_start = (cy_project_type_bootloader || cy_project_type_app_for_stack_and_copier)?(LENGTH (rom) - CY_METADATA_SIZE):0xf0000000

.cyloadermeta
 *(.cyloadermeta)
                0x0000ffc0                cyloadablemeta_start = cy_project_type_app_for_stack_and_copier?((LENGTH (rom) - CY_FLASH_ROW_SIZE) - CY_METADATA_SIZE):((LENGTH (rom) - (CY_FLASH_ROW_SIZE * (CY_APPL_NUM - 0x1))) - CY_METADATA_SIZE)

.cyloadablemeta
 *(.cyloadablemeta)

.cyflashprotect
                0x90400000       0x20
 *(.cyflashprotect)
 .cyflashprotect
                0x90400000       0x20 .\CortexM0\ARM_GCC_541\Debug\cymetadata.o
                0x90400000                cy_meta_flashprotect

.cymeta         0x90500000        0xc
 *(.cymeta)
 .cymeta        0x90500000        0xc .\CortexM0\ARM_GCC_541\Debug\cymetadata.o
                0x90500000                cy_metadata

.cychipprotect  0x90600000        0x1
 *(.cychipprotect)
 .cychipprotect
                0x90600000        0x1 .\CortexM0\ARM_GCC_541\Debug\cymetadata.o
                0x90600000                cy_meta_chipprotect

.rel.dyn        0x00006ef8        0x0 load address 0x90600004
 .rel.iplt      0x00006ef8        0x0 c:/program files (x86)/cypress/psoc creator/4.2/psoc creator/import/gnu/arm/5.4.1/bin/../lib/gcc/arm-none-eabi/5.4.1/armv6-m/crtbegin.o

.stab
 *(.stab)

.stabstr
 *(.stabstr)

.debug
 *(.debug)

.line
 *(.line)

.debug_srcinfo
 *(.debug_srcinfo)

.debug_sfnames
 *(.debug_sfnames)

.debug_aranges  0x00000000      0xf58
 *(.debug_aranges)
 .debug_aranges
                0x00000000       0x20 .\CortexM0\ARM_GCC_541\Debug\main.o
 .debug_aranges
                0x00000020       0xf8 .\CortexM0\ARM_GCC_541\Debug\gpib.o
 .debug_aranges
                0x00000118       0x68 .\CortexM0\ARM_GCC_541\Debug\serial.o
 .debug_aranges
                0x00000180       0x50 .\CortexM0\ARM_GCC_541\Debug\input.o
 .debug_aranges
                0x000001d0       0x98 .\CortexM0\ARM_GCC_541\Debug\command.o
 .debug_aranges
                0x00000268       0x30 .\CortexM0\ARM_GCC_541\Debug\settings.o
 .debug_aranges
                0x00000298       0x28 .\CortexM0\ARM_GCC_541\Debug\utils.o
 .debug_aranges
                0x000002c0       0x18 .\CortexM0\ARM_GCC_541\Debug\usbtmc.o
 .debug_aranges
                0x000002d8       0x50 .\CortexM0\ARM_GCC_541\Debug\cyfitter_cfg.o
 .debug_aranges
                0x00000328       0x18 .\CortexM0\ARM_GCC_541\Debug\cymetadata.o
 .debug_aranges
                0x00000340       0x48 .\CortexM0\ARM_GCC_541\Debug\Cm0Start.o
 .debug_aranges
                0x00000388       0x90 .\CortexM0\ARM_GCC_541\Debug\GPIB USB 1.a(cy_em_eeprom.o)
 .debug_aranges
                0x00000418       0x40 .\CortexM0\ARM_GCC_541\Debug\GPIB USB 1.a(CyFlash.o)
 .debug_aranges
                0x00000458      0x260 .\CortexM0\ARM_GCC_541\Debug\GPIB USB 1.a(CyLib.o)
 .debug_aranges
                0x000006b8      0x190 .\CortexM0\ARM_GCC_541\Debug\GPIB USB 1.a(CyLFClk.o)
 .debug_aranges
                0x00000848       0xe0 .\CortexM0\ARM_GCC_541\Debug\GPIB USB 1.a(USBUART.o)
 .debug_aranges
                0x00000928       0xe8 .\CortexM0\ARM_GCC_541\Debug\GPIB USB 1.a(USBUART_cdc.o)
 .debug_aranges
                0x00000a10       0x98 .\CortexM0\ARM_GCC_541\Debug\GPIB USB 1.a(USBUART_drv.o)
 .debug_aranges
                0x00000aa8       0x60 .\CortexM0\ARM_GCC_541\Debug\GPIB USB 1.a(USBUART_episr.o)
 .debug_aranges
                0x00000b08       0x40 .\CortexM0\ARM_GCC_541\Debug\GPIB USB 1.a(USBUART_pm.o)
 .debug_aranges
                0x00000b48       0x80 .\CortexM0\ARM_GCC_541\Debug\GPIB USB 1.a(USBUART_std.o)
 .debug_aranges
                0x00000bc8       0x20 .\CortexM0\ARM_GCC_541\Debug\GPIB USB 1.a(USBUART_vnd.o)
 .debug_aranges
                0x00000be8       0x48 .\CortexM0\ARM_GCC_541\Debug\GPIB USB 1.a(USBUART_Dp.o)
 .debug_aranges
                0x00000c30      0x158 .\CortexM0\ARM_GCC_541\Debug\GPIB USB 1.a(PWM_1.o)
 .debug_aranges
                0x00000d88       0x20 .\CortexM0\ARM_GCC_541\Debug\GPIB USB 1.a(EEPROM.o)
 .debug_aranges
                0x00000da8      0x158 .\CortexM0\ARM_GCC_541\Debug\GPIB USB 1.a(Timer1.o)
 .debug_aranges
                0x00000f00       0x20 .\CortexM0\ARM_GCC_541\Debug\GPIB USB 1.a(CyBootAsmGnu.o)
 .debug_aranges
                0x00000f20       0x20 .\CortexM0\ARM_GCC_541\Debug\GPIB USB 1.a(USBUART_cls.o)
 .debug_aranges
                0x00000f40       0x18 .\CortexM0\ARM_GCC_541\Debug\GPIB USB 1.a(USBUART_descr.o)

.debug_pubnames
 *(.debug_pubnames)

.debug_info     0x00000000     0x8a4b
 *(.debug_info .gnu.linkonce.wi.*)
 .debug_info    0x00000000      0x11d .\CortexM0\ARM_GCC_541\Debug\main.o
 .debug_info    0x0000011d      0x725 .\CortexM0\ARM_GCC_541\Debug\gpib.o
 .debug_info    0x00000842      0x4aa .\CortexM0\ARM_GCC_541\Debug\serial.o
 .debug_info    0x00000cec      0x2cf .\CortexM0\ARM_GCC_541\Debug\input.o
 .debug_info    0x00000fbb      0x787 .\CortexM0\ARM_GCC_541\Debug\command.o
 .debug_info    0x00001742      0x2a9 .\CortexM0\ARM_GCC_541\Debug\settings.o
 .debug_info    0x000019eb      0x17f .\CortexM0\ARM_GCC_541\Debug\utils.o
 .debug_info    0x00001b6a       0x87 .\CortexM0\ARM_GCC_541\Debug\usbtmc.o
 .debug_info    0x00001bf1      0x35e .\CortexM0\ARM_GCC_541\Debug\cyfitter_cfg.o
 .debug_info    0x00001f4f       0xf8 .\CortexM0\ARM_GCC_541\Debug\cymetadata.o
 .debug_info    0x00002047      0x312 .\CortexM0\ARM_GCC_541\Debug\Cm0Start.o
 .debug_info    0x00002359      0xa68 .\CortexM0\ARM_GCC_541\Debug\GPIB USB 1.a(cy_em_eeprom.o)
 .debug_info    0x00002dc1      0x263 .\CortexM0\ARM_GCC_541\Debug\GPIB USB 1.a(CyFlash.o)
 .debug_info    0x00003024     0x1237 .\CortexM0\ARM_GCC_541\Debug\GPIB USB 1.a(CyLib.o)
 .debug_info    0x0000425b      0xaa1 .\CortexM0\ARM_GCC_541\Debug\GPIB USB 1.a(CyLFClk.o)
 .debug_info    0x00004cfc      0x8b0 .\CortexM0\ARM_GCC_541\Debug\GPIB USB 1.a(USBUART.o)
 .debug_info    0x000055ac      0x924 .\CortexM0\ARM_GCC_541\Debug\GPIB USB 1.a(USBUART_cdc.o)
 .debug_info    0x00005ed0      0x53e .\CortexM0\ARM_GCC_541\Debug\GPIB USB 1.a(USBUART_drv.o)
 .debug_info    0x0000640e      0x2f2 .\CortexM0\ARM_GCC_541\Debug\GPIB USB 1.a(USBUART_episr.o)
 .debug_info    0x00006700      0x18d .\CortexM0\ARM_GCC_541\Debug\GPIB USB 1.a(USBUART_pm.o)
 .debug_info    0x0000688d      0xa10 .\CortexM0\ARM_GCC_541\Debug\GPIB USB 1.a(USBUART_std.o)
 .debug_info    0x0000729d       0xfb .\CortexM0\ARM_GCC_541\Debug\GPIB USB 1.a(USBUART_vnd.o)
 .debug_info    0x00007398      0x19a .\CortexM0\ARM_GCC_541\Debug\GPIB USB 1.a(USBUART_Dp.o)
 .debug_info    0x00007532      0x6fb .\CortexM0\ARM_GCC_541\Debug\GPIB USB 1.a(PWM_1.o)
 .debug_info    0x00007c2d      0x21d .\CortexM0\ARM_GCC_541\Debug\GPIB USB 1.a(EEPROM.o)
 .debug_info    0x00007e4a      0x6fb .\CortexM0\ARM_GCC_541\Debug\GPIB USB 1.a(Timer1.o)
 .debug_info    0x00008545       0x8f .\CortexM0\ARM_GCC_541\Debug\GPIB USB 1.a(CyBootAsmGnu.o)
 .debug_info    0x000085d4      0x1d4 .\CortexM0\ARM_GCC_541\Debug\GPIB USB 1.a(USBUART_cls.o)
 .debug_info    0x000087a8      0x2a3 .\CortexM0\ARM_GCC_541\Debug\GPIB USB 1.a(USBUART_descr.o)

.debug_abbrev   0x00000000     0x249c
 *(.debug_abbrev)
 .debug_abbrev  0x00000000       0x84 .\CortexM0\ARM_GCC_541\Debug\main.o
 .debug_abbrev  0x00000084      0x2a6 .\CortexM0\ARM_GCC_541\Debug\gpib.o
 .debug_abbrev  0x0000032a      0x1b8 .\CortexM0\ARM_GCC_541\Debug\serial.o
 .debug_abbrev  0x000004e2      0x15b .\CortexM0\ARM_GCC_541\Debug\input.o
 .debug_abbrev  0x0000063d      0x206 .\CortexM0\ARM_GCC_541\Debug\command.o
 .debug_abbrev  0x00000843      0x11f .\CortexM0\ARM_GCC_541\Debug\settings.o
 .debug_abbrev  0x00000962       0xbb .\CortexM0\ARM_GCC_541\Debug\utils.o
 .debug_abbrev  0x00000a1d       0x26 .\CortexM0\ARM_GCC_541\Debug\usbtmc.o
 .debug_abbrev  0x00000a43      0x18a .\CortexM0\ARM_GCC_541\Debug\cyfitter_cfg.o
 .debug_abbrev  0x00000bcd       0x5d .\CortexM0\ARM_GCC_541\Debug\cymetadata.o
 .debug_abbrev  0x00000c2a      0x1c8 .\CortexM0\ARM_GCC_541\Debug\Cm0Start.o
 .debug_abbrev  0x00000df2      0x1e5 .\CortexM0\ARM_GCC_541\Debug\GPIB USB 1.a(cy_em_eeprom.o)
 .debug_abbrev  0x00000fd7      0x120 .\CortexM0\ARM_GCC_541\Debug\GPIB USB 1.a(CyFlash.o)
 .debug_abbrev  0x000010f7      0x224 .\CortexM0\ARM_GCC_541\Debug\GPIB USB 1.a(CyLib.o)
 .debug_abbrev  0x0000131b      0x22a .\CortexM0\ARM_GCC_541\Debug\GPIB USB 1.a(CyLFClk.o)
 .debug_abbrev  0x00001545      0x218 .\CortexM0\ARM_GCC_541\Debug\GPIB USB 1.a(USBUART.o)
 .debug_abbrev  0x0000175d      0x233 .\CortexM0\ARM_GCC_541\Debug\GPIB USB 1.a(USBUART_cdc.o)
 .debug_abbrev  0x00001990      0x161 .\CortexM0\ARM_GCC_541\Debug\GPIB USB 1.a(USBUART_drv.o)
 .debug_abbrev  0x00001af1      0x14a .\CortexM0\ARM_GCC_541\Debug\GPIB USB 1.a(USBUART_episr.o)
 .debug_abbrev  0x00001c3b       0xd1 .\CortexM0\ARM_GCC_541\Debug\GPIB USB 1.a(USBUART_pm.o)
 .debug_abbrev  0x00001d0c      0x1de .\CortexM0\ARM_GCC_541\Debug\GPIB USB 1.a(USBUART_std.o)
 .debug_abbrev  0x00001eea       0x9b .\CortexM0\ARM_GCC_541\Debug\GPIB USB 1.a(USBUART_vnd.o)
 .debug_abbrev  0x00001f85       0xaa .\CortexM0\ARM_GCC_541\Debug\GPIB USB 1.a(USBUART_Dp.o)
 .debug_abbrev  0x0000202f       0xfc .\CortexM0\ARM_GCC_541\Debug\GPIB USB 1.a(PWM_1.o)
 .debug_abbrev  0x0000212b       0xe8 .\CortexM0\ARM_GCC_541\Debug\GPIB USB 1.a(EEPROM.o)
 .debug_abbrev  0x00002213       0xfc .\CortexM0\ARM_GCC_541\Debug\GPIB USB 1.a(Timer1.o)
 .debug_abbrev  0x0000230f       0x14 .\CortexM0\ARM_GCC_541\Debug\GPIB USB 1.a(CyBootAsmGnu.o)
 .debug_abbrev  0x00002323       0xc5 .\CortexM0\ARM_GCC_541\Debug\GPIB USB 1.a(USBUART_cls.o)
 .debug_abbrev  0x000023e8       0xb4 .\CortexM0\ARM_GCC_541\Debug\GPIB USB 1.a(USBUART_descr.o)

.debug_line     0x00000000     0x4701
 *(.debug_line)
 .debug_line    0x00000000      0x154 .\CortexM0\ARM_GCC_541\Debug\main.o
 .debug_line    0x00000154      0x44b .\CortexM0\ARM_GCC_541\Debug\gpib.o
 .debug_line    0x0000059f      0x322 .\CortexM0\ARM_GCC_541\Debug\serial.o
 .debug_line    0x000008c1      0x28a .\CortexM0\ARM_GCC_541\Debug\input.o
 .debug_line    0x00000b4b      0x323 .\CortexM0\ARM_GCC_541\Debug\command.o
 .debug_line    0x00000e6e      0x1c1 .\CortexM0\ARM_GCC_541\Debug\settings.o
 .debug_line    0x0000102f      0x175 .\CortexM0\ARM_GCC_541\Debug\utils.o
 .debug_line    0x000011a4       0x1d .\CortexM0\ARM_GCC_541\Debug\usbtmc.o
 .debug_line    0x000011c1      0x19e .\CortexM0\ARM_GCC_541\Debug\cyfitter_cfg.o
 .debug_line    0x0000135f      0x141 .\CortexM0\ARM_GCC_541\Debug\cymetadata.o
 .debug_line    0x000014a0      0x1d0 .\CortexM0\ARM_GCC_541\Debug\Cm0Start.o
 .debug_line    0x00001670      0x4e8 .\CortexM0\ARM_GCC_541\Debug\GPIB USB 1.a(cy_em_eeprom.o)
 .debug_line    0x00001b58      0x1a3 .\CortexM0\ARM_GCC_541\Debug\GPIB USB 1.a(CyFlash.o)
 .debug_line    0x00001cfb      0x952 .\CortexM0\ARM_GCC_541\Debug\GPIB USB 1.a(CyLib.o)
 .debug_line    0x0000264d      0x708 .\CortexM0\ARM_GCC_541\Debug\GPIB USB 1.a(CyLFClk.o)
 .debug_line    0x00002d55      0x3e1 .\CortexM0\ARM_GCC_541\Debug\GPIB USB 1.a(USBUART.o)
 .debug_line    0x00003136      0x30e .\CortexM0\ARM_GCC_541\Debug\GPIB USB 1.a(USBUART_cdc.o)
 .debug_line    0x00003444      0x23a .\CortexM0\ARM_GCC_541\Debug\GPIB USB 1.a(USBUART_drv.o)
 .debug_line    0x0000367e      0x14d .\CortexM0\ARM_GCC_541\Debug\GPIB USB 1.a(USBUART_episr.o)
 .debug_line    0x000037cb       0xd8 .\CortexM0\ARM_GCC_541\Debug\GPIB USB 1.a(USBUART_pm.o)
 .debug_line    0x000038a3      0x46c .\CortexM0\ARM_GCC_541\Debug\GPIB USB 1.a(USBUART_std.o)
 .debug_line    0x00003d0f       0x79 .\CortexM0\ARM_GCC_541\Debug\GPIB USB 1.a(USBUART_vnd.o)
 .debug_line    0x00003d88       0xc2 .\CortexM0\ARM_GCC_541\Debug\GPIB USB 1.a(USBUART_Dp.o)
 .debug_line    0x00003e4a      0x373 .\CortexM0\ARM_GCC_541\Debug\GPIB USB 1.a(PWM_1.o)
 .debug_line    0x000041bd       0x77 .\CortexM0\ARM_GCC_541\Debug\GPIB USB 1.a(EEPROM.o)
 .debug_line    0x00004234      0x36f .\CortexM0\ARM_GCC_541\Debug\GPIB USB 1.a(Timer1.o)
 .debug_line    0x000045a3       0x68 .\CortexM0\ARM_GCC_541\Debug\GPIB USB 1.a(CyBootAsmGnu.o)
 .debug_line    0x0000460b       0x95 .\CortexM0\ARM_GCC_541\Debug\GPIB USB 1.a(USBUART_cls.o)
 .debug_line    0x000046a0       0x61 .\CortexM0\ARM_GCC_541\Debug\GPIB USB 1.a(USBUART_descr.o)

.debug_frame    0x00000000     0x37b0
 *(.debug_frame)
 .debug_frame   0x00000000       0x2c .\CortexM0\ARM_GCC_541\Debug\main.o
 .debug_frame   0x0000002c      0x36c .\CortexM0\ARM_GCC_541\Debug\gpib.o
 .debug_frame   0x00000398      0x144 .\CortexM0\ARM_GCC_541\Debug\serial.o
 .debug_frame   0x000004dc       0xe8 .\CortexM0\ARM_GCC_541\Debug\input.o
 .debug_frame   0x000005c4      0x200 .\CortexM0\ARM_GCC_541\Debug\command.o
 .debug_frame   0x000007c4       0x74 .\CortexM0\ARM_GCC_541\Debug\settings.o
 .debug_frame   0x00000838       0x50 .\CortexM0\ARM_GCC_541\Debug\utils.o
 .debug_frame   0x00000888       0xe8 .\CortexM0\ARM_GCC_541\Debug\cyfitter_cfg.o
 .debug_frame   0x00000970       0xc8 .\CortexM0\ARM_GCC_541\Debug\Cm0Start.o
 .debug_frame   0x00000a38      0x214 .\CortexM0\ARM_GCC_541\Debug\GPIB USB 1.a(cy_em_eeprom.o)
 .debug_frame   0x00000c4c       0xbc .\CortexM0\ARM_GCC_541\Debug\GPIB USB 1.a(CyFlash.o)
 .debug_frame   0x00000d08      0x928 .\CortexM0\ARM_GCC_541\Debug\GPIB USB 1.a(CyLib.o)
 .debug_frame   0x00001630      0x5dc .\CortexM0\ARM_GCC_541\Debug\GPIB USB 1.a(CyLFClk.o)
 .debug_frame   0x00001c0c      0x334 .\CortexM0\ARM_GCC_541\Debug\GPIB USB 1.a(USBUART.o)
 .debug_frame   0x00001f40      0x340 .\CortexM0\ARM_GCC_541\Debug\GPIB USB 1.a(USBUART_cdc.o)
 .debug_frame   0x00002280      0x1f0 .\CortexM0\ARM_GCC_541\Debug\GPIB USB 1.a(USBUART_drv.o)
 .debug_frame   0x00002470      0x110 .\CortexM0\ARM_GCC_541\Debug\GPIB USB 1.a(USBUART_episr.o)
 .debug_frame   0x00002580       0xac .\CortexM0\ARM_GCC_541\Debug\GPIB USB 1.a(USBUART_pm.o)
 .debug_frame   0x0000262c      0x1c0 .\CortexM0\ARM_GCC_541\Debug\GPIB USB 1.a(USBUART_std.o)
 .debug_frame   0x000027ec       0x30 .\CortexM0\ARM_GCC_541\Debug\GPIB USB 1.a(USBUART_vnd.o)
 .debug_frame   0x0000281c       0xc8 .\CortexM0\ARM_GCC_541\Debug\GPIB USB 1.a(USBUART_Dp.o)
 .debug_frame   0x000028e4      0x52c .\CortexM0\ARM_GCC_541\Debug\GPIB USB 1.a(PWM_1.o)
 .debug_frame   0x00002e10       0x34 .\CortexM0\ARM_GCC_541\Debug\GPIB USB 1.a(EEPROM.o)
 .debug_frame   0x00002e44      0x52c .\CortexM0\ARM_GCC_541\Debug\GPIB USB 1.a(Timer1.o)
 .debug_frame   0x00003370       0x34 .\CortexM0\ARM_GCC_541\Debug\GPIB USB 1.a(USBUART_cls.o)
 .debug_frame   0x000033a4       0x20 c:/program files (x86)/cypress/psoc creator/4.2/psoc creator/import/gnu/arm/5.4.1/bin/../lib/gcc/arm-none-eabi/5.4.1/armv6-m\libgcc.a(_udivsi3.o)
 .debug_frame   0x000033c4       0x20 c:/program files (x86)/cypress/psoc creator/4.2/psoc creator/import/gnu/arm/5.4.1/bin/../lib/gcc/arm-none-eabi/5.4.1/armv6-m\libgcc.a(_divsi3.o)
 .debug_frame   0x000033e4       0x20 c:/program files (x86)/cypress/psoc creator/4.2/psoc creator/import/gnu/arm/5.4.1/bin/../lib/gcc/arm-none-eabi/5.4.1/../../../../arm-none-eabi/lib/armv6-m\libg_nano.a(lib_a-errno.o)
 .debug_frame   0x00003404       0x28 c:/program files (x86)/cypress/psoc creator/4.2/psoc creator/import/gnu/arm/5.4.1/bin/../lib/gcc/arm-none-eabi/5.4.1/../../../../arm-none-eabi/lib/armv6-m\libg_nano.a(lib_a-exit.o)
 .debug_frame   0x0000342c       0x2c c:/program files (x86)/cypress/psoc creator/4.2/psoc creator/import/gnu/arm/5.4.1/bin/../lib/gcc/arm-none-eabi/5.4.1/../../../../arm-none-eabi/lib/armv6-m\libg_nano.a(lib_a-init.o)
 .debug_frame   0x00003458       0x2c c:/program files (x86)/cypress/psoc creator/4.2/psoc creator/import/gnu/arm/5.4.1/bin/../lib/gcc/arm-none-eabi/5.4.1/../../../../arm-none-eabi/lib/armv6-m\libg_nano.a(lib_a-memcmp.o)
 .debug_frame   0x00003484       0x28 c:/program files (x86)/cypress/psoc creator/4.2/psoc creator/import/gnu/arm/5.4.1/bin/../lib/gcc/arm-none-eabi/5.4.1/../../../../arm-none-eabi/lib/armv6-m\libg_nano.a(lib_a-memcpy-stub.o)
 .debug_frame   0x000034ac       0x20 c:/program files (x86)/cypress/psoc creator/4.2/psoc creator/import/gnu/arm/5.4.1/bin/../lib/gcc/arm-none-eabi/5.4.1/../../../../arm-none-eabi/lib/armv6-m\libg_nano.a(lib_a-memset.o)
 .debug_frame   0x000034cc       0x20 c:/program files (x86)/cypress/psoc creator/4.2/psoc creator/import/gnu/arm/5.4.1/bin/../lib/gcc/arm-none-eabi/5.4.1/../../../../arm-none-eabi/lib/armv6-m\libg_nano.a(lib_a-strchr.o)
 .debug_frame   0x000034ec       0x20 c:/program files (x86)/cypress/psoc creator/4.2/psoc creator/import/gnu/arm/5.4.1/bin/../lib/gcc/arm-none-eabi/5.4.1/../../../../arm-none-eabi/lib/armv6-m\libg_nano.a(lib_a-strcmp.o)
 .debug_frame   0x0000350c       0x48 c:/program files (x86)/cypress/psoc creator/4.2/psoc creator/import/gnu/arm/5.4.1/bin/../lib/gcc/arm-none-eabi/5.4.1/../../../../arm-none-eabi/lib/armv6-m\libg_nano.a(lib_a-vsnprintf.o)
 .debug_frame   0x00003554       0x74 c:/program files (x86)/cypress/psoc creator/4.2/psoc creator/import/gnu/arm/5.4.1/bin/../lib/gcc/arm-none-eabi/5.4.1/../../../../arm-none-eabi/lib/armv6-m\libg_nano.a(lib_a-nano-svfprintf.o)
 .debug_frame   0x000035c8       0x54 c:/program files (x86)/cypress/psoc creator/4.2/psoc creator/import/gnu/arm/5.4.1/bin/../lib/gcc/arm-none-eabi/5.4.1/../../../../arm-none-eabi/lib/armv6-m\libg_nano.a(lib_a-nano-vfprintf_i.o)
 .debug_frame   0x0000361c       0x20 c:/program files (x86)/cypress/psoc creator/4.2/psoc creator/import/gnu/arm/5.4.1/bin/../lib/gcc/arm-none-eabi/5.4.1/../../../../arm-none-eabi/lib/armv6-m\libg_nano.a(lib_a-memchr-stub.o)
 .debug_frame   0x0000363c       0x28 c:/program files (x86)/cypress/psoc creator/4.2/psoc creator/import/gnu/arm/5.4.1/bin/../lib/gcc/arm-none-eabi/5.4.1/../../../../arm-none-eabi/lib/armv6-m\libg_nano.a(lib_a-memmove.o)
 .debug_frame   0x00003664       0x2c c:/program files (x86)/cypress/psoc creator/4.2/psoc creator/import/gnu/arm/5.4.1/bin/../lib/gcc/arm-none-eabi/5.4.1/../../../../arm-none-eabi/lib/armv6-m\libg_nano.a(lib_a-nano-freer.o)
 .debug_frame   0x00003690       0x2c c:/program files (x86)/cypress/psoc creator/4.2/psoc creator/import/gnu/arm/5.4.1/bin/../lib/gcc/arm-none-eabi/5.4.1/../../../../arm-none-eabi/lib/armv6-m\libg_nano.a(lib_a-nano-mallocr.o)
 .debug_frame   0x000036bc       0x30 c:/program files (x86)/cypress/psoc creator/4.2/psoc creator/import/gnu/arm/5.4.1/bin/../lib/gcc/arm-none-eabi/5.4.1/../../../../arm-none-eabi/lib/armv6-m\libg_nano.a(lib_a-nano-reallocr.o)
 .debug_frame   0x000036ec       0x2c c:/program files (x86)/cypress/psoc creator/4.2/psoc creator/import/gnu/arm/5.4.1/bin/../lib/gcc/arm-none-eabi/5.4.1/../../../../arm-none-eabi/lib/armv6-m\libg_nano.a(lib_a-sbrkr.o)
 .debug_frame   0x00003718       0x30 c:/program files (x86)/cypress/psoc creator/4.2/psoc creator/import/gnu/arm/5.4.1/bin/../lib/gcc/arm-none-eabi/5.4.1/../../../../arm-none-eabi/lib/armv6-m\libg_nano.a(lib_a-mlock.o)
 .debug_frame   0x00003748       0x20 c:/program files (x86)/cypress/psoc creator/4.2/psoc creator/import/gnu/arm/5.4.1/bin/../lib/gcc/arm-none-eabi/5.4.1/../../../../arm-none-eabi/lib/armv6-m\libg_nano.a(lib_a-nano-msizer.o)
 .debug_frame   0x00003768       0x48 c:/program files (x86)/cypress/psoc creator/4.2/psoc creator/import/gnu/arm/5.4.1/bin/../lib/gcc/arm-none-eabi/5.4.1/../../../../arm-none-eabi/lib/armv6-m\libg_nano.a(lib_a-reent.o)

.debug_str      0x00000000     0x3949
 *(.debug_str)
 .debug_str     0x00000000      0x16f .\CortexM0\ARM_GCC_541\Debug\main.o
                                0x1b7 (size before relaxing)
 .debug_str     0x0000016f      0x285 .\CortexM0\ARM_GCC_541\Debug\gpib.o
                                0x44a (size before relaxing)
 .debug_str     0x000003f4      0x14c .\CortexM0\ARM_GCC_541\Debug\serial.o
                                0x370 (size before relaxing)
 .debug_str     0x00000540       0xca .\CortexM0\ARM_GCC_541\Debug\input.o
                                0x28f (size before relaxing)
 .debug_str     0x0000060a      0x154 .\CortexM0\ARM_GCC_541\Debug\command.o
                                0x37d (size before relaxing)
 .debug_str     0x0000075e      0x163 .\CortexM0\ARM_GCC_541\Debug\settings.o
                                0x358 (size before relaxing)
 .debug_str     0x000008c1       0x23 .\CortexM0\ARM_GCC_541\Debug\utils.o
                                0x1b4 (size before relaxing)
 .debug_str     0x000008e4        0x9 .\CortexM0\ARM_GCC_541\Debug\usbtmc.o
                                0x183 (size before relaxing)
 .debug_str     0x000008ed       0xfe .\CortexM0\ARM_GCC_541\Debug\cyfitter_cfg.o
                                0x2bf (size before relaxing)
 .debug_str     0x000009eb       0x59 .\CortexM0\ARM_GCC_541\Debug\cymetadata.o
                                0x1c7 (size before relaxing)
 .debug_str     0x00000a44      0x114 .\CortexM0\ARM_GCC_541\Debug\Cm0Start.o
                                0x2cd (size before relaxing)
 .debug_str     0x00000b58      0x34b .\CortexM0\ARM_GCC_541\Debug\GPIB USB 1.a(cy_em_eeprom.o)
                                0x614 (size before relaxing)
 .debug_str     0x00000ea3       0xc8 .\CortexM0\ARM_GCC_541\Debug\GPIB USB 1.a(CyFlash.o)
                                0x274 (size before relaxing)
 .debug_str     0x00000f6b      0x8b7 .\CortexM0\ARM_GCC_541\Debug\GPIB USB 1.a(CyLib.o)
                                0xabf (size before relaxing)
 .debug_str     0x00001822      0x6f5 .\CortexM0\ARM_GCC_541\Debug\GPIB USB 1.a(CyLFClk.o)
                                0x8de (size before relaxing)
 .debug_str     0x00001f17      0x4d2 .\CortexM0\ARM_GCC_541\Debug\GPIB USB 1.a(USBUART.o)
                                0x694 (size before relaxing)
 .debug_str     0x000023e9      0x4d2 .\CortexM0\ARM_GCC_541\Debug\GPIB USB 1.a(USBUART_cdc.o)
                                0x719 (size before relaxing)
 .debug_str     0x000028bb      0x296 .\CortexM0\ARM_GCC_541\Debug\GPIB USB 1.a(USBUART_drv.o)
                                0x601 (size before relaxing)
 .debug_str     0x00002b51       0xf6 .\CortexM0\ARM_GCC_541\Debug\GPIB USB 1.a(USBUART_episr.o)
                                0x351 (size before relaxing)
 .debug_str     0x00002c47       0xb8 .\CortexM0\ARM_GCC_541\Debug\GPIB USB 1.a(USBUART_pm.o)
                                0x271 (size before relaxing)
 .debug_str     0x00002cff      0x29a .\CortexM0\ARM_GCC_541\Debug\GPIB USB 1.a(USBUART_std.o)
                                0x7a4 (size before relaxing)
 .debug_str     0x00002f99       0x3e .\CortexM0\ARM_GCC_541\Debug\GPIB USB 1.a(USBUART_vnd.o)
                                0x1f3 (size before relaxing)
 .debug_str     0x00002fd7       0xce .\CortexM0\ARM_GCC_541\Debug\GPIB USB 1.a(USBUART_Dp.o)
                                0x258 (size before relaxing)
 .debug_str     0x000030a5      0x3d5 .\CortexM0\ARM_GCC_541\Debug\GPIB USB 1.a(PWM_1.o)
                                0x583 (size before relaxing)
 .debug_str     0x0000347a       0x3b .\CortexM0\ARM_GCC_541\Debug\GPIB USB 1.a(EEPROM.o)
                                0x312 (size before relaxing)
 .debug_str     0x000034b5      0x351 .\CortexM0\ARM_GCC_541\Debug\GPIB USB 1.a(Timer1.o)
                                0x5ad (size before relaxing)
 .debug_str     0x00003806       0x3f .\CortexM0\ARM_GCC_541\Debug\GPIB USB 1.a(USBUART_cls.o)
                                0x295 (size before relaxing)
 .debug_str     0x00003845      0x104 .\CortexM0\ARM_GCC_541\Debug\GPIB USB 1.a(USBUART_descr.o)
                                0x358 (size before relaxing)

.debug_loc
 *(.debug_loc)

.debug_macinfo
 *(.debug_macinfo)

.debug_ranges   0x00000000      0xd78
 *(.debug_ranges)
 .debug_ranges  0x00000000       0x10 .\CortexM0\ARM_GCC_541\Debug\main.o
 .debug_ranges  0x00000010       0xe8 .\CortexM0\ARM_GCC_541\Debug\gpib.o
 .debug_ranges  0x000000f8       0x58 .\CortexM0\ARM_GCC_541\Debug\serial.o
 .debug_ranges  0x00000150       0x40 .\CortexM0\ARM_GCC_541\Debug\input.o
 .debug_ranges  0x00000190       0x88 .\CortexM0\ARM_GCC_541\Debug\command.o
 .debug_ranges  0x00000218       0x20 .\CortexM0\ARM_GCC_541\Debug\settings.o
 .debug_ranges  0x00000238       0x18 .\CortexM0\ARM_GCC_541\Debug\utils.o
 .debug_ranges  0x00000250       0x40 .\CortexM0\ARM_GCC_541\Debug\cyfitter_cfg.o
 .debug_ranges  0x00000290       0x38 .\CortexM0\ARM_GCC_541\Debug\Cm0Start.o
 .debug_ranges  0x000002c8       0x98 .\CortexM0\ARM_GCC_541\Debug\GPIB USB 1.a(cy_em_eeprom.o)
 .debug_ranges  0x00000360       0x30 .\CortexM0\ARM_GCC_541\Debug\GPIB USB 1.a(CyFlash.o)
 .debug_ranges  0x00000390      0x250 .\CortexM0\ARM_GCC_541\Debug\GPIB USB 1.a(CyLib.o)
 .debug_ranges  0x000005e0      0x180 .\CortexM0\ARM_GCC_541\Debug\GPIB USB 1.a(CyLFClk.o)
 .debug_ranges  0x00000760       0xd0 .\CortexM0\ARM_GCC_541\Debug\GPIB USB 1.a(USBUART.o)
 .debug_ranges  0x00000830       0xd8 .\CortexM0\ARM_GCC_541\Debug\GPIB USB 1.a(USBUART_cdc.o)
 .debug_ranges  0x00000908       0x88 .\CortexM0\ARM_GCC_541\Debug\GPIB USB 1.a(USBUART_drv.o)
 .debug_ranges  0x00000990       0x50 .\CortexM0\ARM_GCC_541\Debug\GPIB USB 1.a(USBUART_episr.o)
 .debug_ranges  0x000009e0       0x30 .\CortexM0\ARM_GCC_541\Debug\GPIB USB 1.a(USBUART_pm.o)
 .debug_ranges  0x00000a10       0x70 .\CortexM0\ARM_GCC_541\Debug\GPIB USB 1.a(USBUART_std.o)
 .debug_ranges  0x00000a80       0x10 .\CortexM0\ARM_GCC_541\Debug\GPIB USB 1.a(USBUART_vnd.o)
 .debug_ranges  0x00000a90       0x38 .\CortexM0\ARM_GCC_541\Debug\GPIB USB 1.a(USBUART_Dp.o)
 .debug_ranges  0x00000ac8      0x148 .\CortexM0\ARM_GCC_541\Debug\GPIB USB 1.a(PWM_1.o)
 .debug_ranges  0x00000c10       0x10 .\CortexM0\ARM_GCC_541\Debug\GPIB USB 1.a(EEPROM.o)
 .debug_ranges  0x00000c20      0x148 .\CortexM0\ARM_GCC_541\Debug\GPIB USB 1.a(Timer1.o)
 .debug_ranges  0x00000d68       0x10 .\CortexM0\ARM_GCC_541\Debug\GPIB USB 1.a(USBUART_cls.o)

.comment        0x00000000       0x6e
 .comment       0x00000000       0x6e .\CortexM0\ARM_GCC_541\Debug\main.o
                                 0x6f (size before relaxing)
 .comment       0x0000006e       0x6f .\CortexM0\ARM_GCC_541\Debug\gpib.o
 .comment       0x0000006e       0x6f .\CortexM0\ARM_GCC_541\Debug\serial.o
 .comment       0x0000006e       0x6f .\CortexM0\ARM_GCC_541\Debug\input.o
 .comment       0x0000006e       0x6f .\CortexM0\ARM_GCC_541\Debug\command.o
 .comment       0x0000006e       0x6f .\CortexM0\ARM_GCC_541\Debug\settings.o
 .comment       0x0000006e       0x6f .\CortexM0\ARM_GCC_541\Debug\utils.o
 .comment       0x0000006e       0x6f .\CortexM0\ARM_GCC_541\Debug\usbtmc.o
 .comment       0x0000006e       0x6f .\CortexM0\ARM_GCC_541\Debug\cyfitter_cfg.o
 .comment       0x0000006e       0x6f .\CortexM0\ARM_GCC_541\Debug\cymetadata.o
 .comment       0x0000006e       0x6f .\CortexM0\ARM_GCC_541\Debug\Cm0Start.o
 .comment       0x0000006e       0x6f .\CortexM0\ARM_GCC_541\Debug\GPIB USB 1.a(cy_em_eeprom.o)
 .comment       0x0000006e       0x6f .\CortexM0\ARM_GCC_541\Debug\GPIB USB 1.a(CyFlash.o)
 .comment       0x0000006e       0x6f .\CortexM0\ARM_GCC_541\Debug\GPIB USB 1.a(CyLib.o)
 .comment       0x0000006e       0x6f .\CortexM0\ARM_GCC_541\Debug\GPIB USB 1.a(CyLFClk.o)
 .comment       0x0000006e       0x6f .\CortexM0\ARM_GCC_541\Debug\GPIB USB 1.a(USBUART.o)
 .comment       0x0000006e       0x6f .\CortexM0\ARM_GCC_541\Debug\GPIB USB 1.a(USBUART_cdc.o)
 .comment       0x0000006e       0x6f .\CortexM0\ARM_GCC_541\Debug\GPIB USB 1.a(USBUART_drv.o)
 .comment       0x0000006e       0x6f .\CortexM0\ARM_GCC_541\Debug\GPIB USB 1.a(USBUART_episr.o)
 .comment       0x0000006e       0x6f .\CortexM0\ARM_GCC_541\Debug\GPIB USB 1.a(USBUART_pm.o)
 .comment       0x0000006e       0x6f .\CortexM0\ARM_GCC_541\Debug\GPIB USB 1.a(USBUART_std.o)
 .comment       0x0000006e       0x6f .\CortexM0\ARM_GCC_541\Debug\GPIB USB 1.a(USBUART_vnd.o)
 .comment       0x0000006e       0x6f .\CortexM0\ARM_GCC_541\Debug\GPIB USB 1.a(USBUART_Dp.o)
 .comment       0x0000006e       0x6f .\CortexM0\ARM_GCC_541\Debug\GPIB USB 1.a(PWM_1.o)
 .comment       0x0000006e       0x6f .\CortexM0\ARM_GCC_541\Debug\GPIB USB 1.a(EEPROM.o)
 .comment       0x0000006e       0x6f .\CortexM0\ARM_GCC_541\Debug\GPIB USB 1.a(Timer1.o)
 .comment       0x0000006e       0x6f .\CortexM0\ARM_GCC_541\Debug\GPIB USB 1.a(USBUART_cls.o)
 .comment       0x0000006e       0x6f .\CortexM0\ARM_GCC_541\Debug\GPIB USB 1.a(USBUART_descr.o)

.debug_weaknames
 *(.debug_weaknames)

.debug_funcnames
 *(.debug_funcnames)

.debug_typenames
 *(.debug_typenames)

.debug_varnames
 *(.debug_varnames)

.note.gnu.arm.ident
 *(.note.gnu.arm.ident)

.ARM.attributes
                0x00000000       0x28
 *(.ARM.attributes)
 .ARM.attributes
                0x00000000       0x1e c:/program files (x86)/cypress/psoc creator/4.2/psoc creator/import/gnu/arm/5.4.1/bin/../lib/gcc/arm-none-eabi/5.4.1/armv6-m/crti.o
 .ARM.attributes
                0x0000001e       0x2c c:/program files (x86)/cypress/psoc creator/4.2/psoc creator/import/gnu/arm/5.4.1/bin/../lib/gcc/arm-none-eabi/5.4.1/armv6-m/crtbegin.o
 .ARM.attributes
                0x0000004a       0x1b c:/program files (x86)/cypress/psoc creator/4.2/psoc creator/import/gnu/arm/5.4.1/bin/../lib/gcc/arm-none-eabi/5.4.1/../../../../arm-none-eabi/lib/armv6-m/crt0.o
 .ARM.attributes
                0x00000065       0x31 .\CortexM0\ARM_GCC_541\Debug\main.o
 .ARM.attributes
                0x00000096       0x31 .\CortexM0\ARM_GCC_541\Debug\gpib.o
 .ARM.attributes
                0x000000c7       0x31 .\CortexM0\ARM_GCC_541\Debug\serial.o
 .ARM.attributes
                0x000000f8       0x31 .\CortexM0\ARM_GCC_541\Debug\input.o
 .ARM.attributes
                0x00000129       0x31 .\CortexM0\ARM_GCC_541\Debug\command.o
 .ARM.attributes
                0x0000015a       0x31 .\CortexM0\ARM_GCC_541\Debug\settings.o
 .ARM.attributes
                0x0000018b       0x31 .\CortexM0\ARM_GCC_541\Debug\utils.o
 .ARM.attributes
                0x000001bc       0x31 .\CortexM0\ARM_GCC_541\Debug\usbtmc.o
 .ARM.attributes
                0x000001ed       0x31 .\CortexM0\ARM_GCC_541\Debug\cyfitter_cfg.o
 .ARM.attributes
                0x0000021e       0x31 .\CortexM0\ARM_GCC_541\Debug\cymetadata.o
 .ARM.attributes
                0x0000024f       0x31 .\CortexM0\ARM_GCC_541\Debug\Cm0Start.o
 .ARM.attributes
                0x00000280       0x31 .\CortexM0\ARM_GCC_541\Debug\GPIB USB 1.a(cy_em_eeprom.o)
 .ARM.attributes
                0x000002b1       0x31 .\CortexM0\ARM_GCC_541\Debug\GPIB USB 1.a(CyFlash.o)
 .ARM.attributes
                0x000002e2       0x31 .\CortexM0\ARM_GCC_541\Debug\GPIB USB 1.a(CyLib.o)
 .ARM.attributes
                0x00000313       0x31 .\CortexM0\ARM_GCC_541\Debug\GPIB USB 1.a(CyLFClk.o)
 .ARM.attributes
                0x00000344       0x31 .\CortexM0\ARM_GCC_541\Debug\GPIB USB 1.a(USBUART.o)
 .ARM.attributes
                0x00000375       0x31 .\CortexM0\ARM_GCC_541\Debug\GPIB USB 1.a(USBUART_cdc.o)
 .ARM.attributes
                0x000003a6       0x31 .\CortexM0\ARM_GCC_541\Debug\GPIB USB 1.a(USBUART_drv.o)
 .ARM.attributes
                0x000003d7       0x31 .\CortexM0\ARM_GCC_541\Debug\GPIB USB 1.a(USBUART_episr.o)
 .ARM.attributes
                0x00000408       0x31 .\CortexM0\ARM_GCC_541\Debug\GPIB USB 1.a(USBUART_pm.o)
 .ARM.attributes
                0x00000439       0x31 .\CortexM0\ARM_GCC_541\Debug\GPIB USB 1.a(USBUART_std.o)
 .ARM.attributes
                0x0000046a       0x31 .\CortexM0\ARM_GCC_541\Debug\GPIB USB 1.a(USBUART_vnd.o)
 .ARM.attributes
                0x0000049b       0x31 .\CortexM0\ARM_GCC_541\Debug\GPIB USB 1.a(USBUART_Dp.o)
 .ARM.attributes
                0x000004cc       0x31 .\CortexM0\ARM_GCC_541\Debug\GPIB USB 1.a(PWM_1.o)
 .ARM.attributes
                0x000004fd       0x31 .\CortexM0\ARM_GCC_541\Debug\GPIB USB 1.a(EEPROM.o)
 .ARM.attributes
                0x0000052e       0x31 .\CortexM0\ARM_GCC_541\Debug\GPIB USB 1.a(Timer1.o)
 .ARM.attributes
                0x0000055f       0x21 .\CortexM0\ARM_GCC_541\Debug\GPIB USB 1.a(CyBootAsmGnu.o)
 .ARM.attributes
                0x00000580       0x31 .\CortexM0\ARM_GCC_541\Debug\GPIB USB 1.a(USBUART_cls.o)
 .ARM.attributes
                0x000005b1       0x31 .\CortexM0\ARM_GCC_541\Debug\GPIB USB 1.a(USBUART_descr.o)
 .ARM.attributes
                0x000005e2       0x1e c:/program files (x86)/cypress/psoc creator/4.2/psoc creator/import/gnu/arm/5.4.1/bin/../lib/gcc/arm-none-eabi/5.4.1/armv6-m\libgcc.a(_udivsi3.o)
 .ARM.attributes
                0x00000600       0x1e c:/program files (x86)/cypress/psoc creator/4.2/psoc creator/import/gnu/arm/5.4.1/bin/../lib/gcc/arm-none-eabi/5.4.1/armv6-m\libgcc.a(_divsi3.o)
 .ARM.attributes
                0x0000061e       0x1e c:/program files (x86)/cypress/psoc creator/4.2/psoc creator/import/gnu/arm/5.4.1/bin/../lib/gcc/arm-none-eabi/5.4.1/armv6-m\libgcc.a(_dvmd_tls.o)
 .ARM.attributes
                0x0000063c       0x2c c:/program files (x86)/cypress/psoc creator/4.2/psoc creator/import/gnu/arm/5.4.1/bin/../lib/gcc/arm-none-eabi/5.4.1/../../../../arm-none-eabi/lib/armv6-m\libg_nano.a(lib_a-errno.o)
 .ARM.attributes
                0x00000668       0x2c c:/program files (x86)/cypress/psoc creator/4.2/psoc creator/import/gnu/arm/5.4.1/bin/../lib/gcc/arm-none-eabi/5.4.1/../../../../arm-none-eabi/lib/armv6-m\libg_nano.a(lib_a-exit.o)
 .ARM.attributes
                0x00000694       0x2c c:/program files (x86)/cypress/psoc creator/4.2/psoc creator/import/gnu/arm/5.4.1/bin/../lib/gcc/arm-none-eabi/5.4.1/../../../../arm-none-eabi/lib/armv6-m\libg_nano.a(lib_a-impure.o)
 .ARM.attributes
                0x000006c0       0x2c c:/program files (x86)/cypress/psoc creator/4.2/psoc creator/import/gnu/arm/5.4.1/bin/../lib/gcc/arm-none-eabi/5.4.1/../../../../arm-none-eabi/lib/armv6-m\libg_nano.a(lib_a-init.o)
 .ARM.attributes
                0x000006ec       0x2c c:/program files (x86)/cypress/psoc creator/4.2/psoc creator/import/gnu/arm/5.4.1/bin/../lib/gcc/arm-none-eabi/5.4.1/../../../../arm-none-eabi/lib/armv6-m\libg_nano.a(lib_a-memcmp.o)
 .ARM.attributes
                0x00000718       0x2c c:/program files (x86)/cypress/psoc creator/4.2/psoc creator/import/gnu/arm/5.4.1/bin/../lib/gcc/arm-none-eabi/5.4.1/../../../../arm-none-eabi/lib/armv6-m\libg_nano.a(lib_a-memcpy-stub.o)
 .ARM.attributes