Archive member included to satisfy reference by file (symbol)

.\CortexM0\ARM_GCC_541\Debug\GPIB USB 1.a(cy_em_eeprom.o)
                              .\CortexM0\ARM_GCC_541\Debug\settings.o (Cy_Em_EEPROM_Read)
.\CortexM0\ARM_GCC_541\Debug\GPIB USB 1.a(CyFlash.o)
                              .\CortexM0\ARM_GCC_541\Debug\GPIB USB 1.a(cy_em_eeprom.o) (CySysFlashWriteRow)
.\CortexM0\ARM_GCC_541\Debug\GPIB USB 1.a(CyLib.o)
                              .\CortexM0\ARM_GCC_541\Debug\cyfitter_cfg.o (CySysClkImoEnableUsbLock)
.\CortexM0\ARM_GCC_541\Debug\GPIB USB 1.a(CyLFClk.o)
                              .\CortexM0\ARM_GCC_541\Debug\GPIB USB 1.a(CyLib.o) (CySysClkWcoEnabled)
.\CortexM0\ARM_GCC_541\Debug\GPIB USB 1.a(USBUART.o)
                              .\CortexM0\ARM_GCC_541\Debug\main.o (USBUART_Start)
.\CortexM0\ARM_GCC_541\Debug\GPIB USB 1.a(USBUART_cdc.o)
                              .\CortexM0\ARM_GCC_541\Debug\main.o (USBUART_CDC_Init)
.\CortexM0\ARM_GCC_541\Debug\GPIB USB 1.a(USBUART_drv.o)
                              .\CortexM0\ARM_GCC_541\Debug\GPIB USB 1.a(USBUART.o) (USBUART_lastPacketSize)
.\CortexM0\ARM_GCC_541\Debug\GPIB USB 1.a(USBUART_episr.o)
                              .\CortexM0\ARM_GCC_541\Debug\GPIB USB 1.a(USBUART.o) (USBUART_INTR_HI_ISR)
.\CortexM0\ARM_GCC_541\Debug\GPIB USB 1.a(USBUART_pm.o)
                              .\CortexM0\ARM_GCC_541\Debug\GPIB USB 1.a(USBUART.o) (USBUART_DP_ISR)
.\CortexM0\ARM_GCC_541\Debug\GPIB USB 1.a(USBUART_std.o)
                              .\CortexM0\ARM_GCC_541\Debug\GPIB USB 1.a(USBUART_pm.o) (USBUART_ConfigReg)
.\CortexM0\ARM_GCC_541\Debug\GPIB USB 1.a(USBUART_vnd.o)
                              .\CortexM0\ARM_GCC_541\Debug\GPIB USB 1.a(USBUART_drv.o) (USBUART_HandleVendorRqst)
.\CortexM0\ARM_GCC_541\Debug\GPIB USB 1.a(USBUART_Dp.o)
                              .\CortexM0\ARM_GCC_541\Debug\GPIB USB 1.a(USBUART_pm.o) (USBUART_Dp_ClearInterrupt)
.\CortexM0\ARM_GCC_541\Debug\GPIB USB 1.a(PWM_1.o)
                              .\CortexM0\ARM_GCC_541\Debug\main.o (PWM_1_Start)
.\CortexM0\ARM_GCC_541\Debug\GPIB USB 1.a(EEPROM.o)
                              .\CortexM0\ARM_GCC_541\Debug\settings.o (EEPROM_Init)
.\CortexM0\ARM_GCC_541\Debug\GPIB USB 1.a(Timer1.o)
                              .\CortexM0\ARM_GCC_541\Debug\gpib.o (Timer1_WriteCounter)
.\CortexM0\ARM_GCC_541\Debug\GPIB USB 1.a(CyBootAsmGnu.o)
                              .\CortexM0\ARM_GCC_541\Debug\GPIB USB 1.a(CyLib.o) (CyDelayCycles)
.\CortexM0\ARM_GCC_541\Debug\GPIB USB 1.a(USBUART_cls.o)
                              .\CortexM0\ARM_GCC_541\Debug\GPIB USB 1.a(USBUART_drv.o) (USBUART_DispatchClassRqst)
.\CortexM0\ARM_GCC_541\Debug\GPIB USB 1.a(USBUART_descr.o)
                              .\CortexM0\ARM_GCC_541\Debug\GPIB USB 1.a(USBUART_std.o) (USBUART_idSerialNumberStringDescriptor)
c:/program files (x86)/cypress/psoc creator/4.2/psoc creator/import/gnu/arm/5.4.1/bin/../lib/gcc/arm-none-eabi/5.4.1/armv6-m\libgcc.a(_udivsi3.o)
                              .\CortexM0\ARM_GCC_541\Debug\GPIB USB 1.a(cy_em_eeprom.o) (__aeabi_uidiv)
c:/program files (x86)/cypress/psoc creator/4.2/psoc creator/import/gnu/arm/5.4.1/bin/../lib/gcc/arm-none-eabi/5.4.1/armv6-m\libgcc.a(_divsi3.o)
                              .\CortexM0\ARM_GCC_541\Debug\GPIB USB 1.a(CyLib.o) (__aeabi_idiv)
c:/program files (x86)/cypress/psoc creator/4.2/psoc creator/import/gnu/arm/5.4.1/bin/../lib/gcc/arm-none-eabi/5.4.1/armv6-m\libgcc.a(_dvmd_tls.o)
                              c:/program files (x86)/cypress/psoc creator/4.2/psoc creator/import/gnu/arm/5.4.1/bin/../lib/gcc/arm-none-eabi/5.4.1/armv6-m\libgcc.a(_udivsi3.o) (__aeabi_idiv0)
c:/program files (x86)/cypress/psoc creator/4.2/psoc creator/import/gnu/arm/5.4.1/bin/../lib/gcc/arm-none-eabi/5.4.1/../../../../arm-none-eabi/lib/armv6-m\libg_nano.a(lib_a-errno.o)
                              .\CortexM0\ARM_GCC_541\Debug\Cm0Start.o (__errno)
c:/program files (x86)/cypress/psoc creator/4.2/psoc creator/import/gnu/arm/5.4.1/bin/../lib/gcc/arm-none-eabi/5.4.1/../../../../arm-none-eabi/lib/armv6-m\libg_nano.a(lib_a-exit.o)
                              c:/program files (x86)/cypress/psoc creator/4.2/psoc creator/import/gnu/arm/5.4.1/bin/../lib/gcc/arm-none-eabi/5.4.1/../../../../arm-none-eabi/lib/armv6-m/crt0.o (exit)
c:/program files (x86)/cypress/psoc creator/4.2/psoc creator/import/gnu/arm/5.4.1/bin/../lib/gcc/arm-none-eabi/5.4.1/../../../../arm-none-eabi/lib/armv6-m\libg_nano.a(lib_a-impure.o)
                              c:/program files (x86)/cypress/psoc creator/4.2/psoc creator/import/gnu/arm/5.4.1/bin/../lib/gcc/arm-none-eabi/5.4.1/../../../../arm-none-eabi/lib/armv6-m\libg_nano.a(lib_a-exit.o) (_global_impure_ptr)
c:/program files (x86)/cypress/psoc creator/4.2/psoc creator/import/gnu/arm/5.4.1/bin/../lib/gcc/arm-none-eabi/5.4.1/../../../../arm-none-eabi/lib/armv6-m\libg_nano.a(lib_a-init.o)
[...]
Memory Configuration

Name             Origin             Length             Attributes
rom              0x00000000         0x00010000         xr
ram              0x20000000         0x00002000         xrw
*default*        0x00000000         0xffffffff

Linker script and memory map

LOAD c:/program files (x86)/cypress/psoc creator/4.2/psoc creator/import/gnu/arm/5.4.1/bin/../lib/gcc/arm-none-eabi/5.4.1/armv6-m/crti.o
LOAD c:/program files (x86)/cypress/psoc creator/4.2/psoc creator/import/gnu/arm/5.4.1/bin/../lib/gcc/arm-none-eabi/5.4.1/armv6-m/crtbegin.o
LOAD c:/program files (x86)/cypress/psoc creator/4.2/psoc creator/import/gnu/arm/5.4.1/bin/../lib/gcc/arm-none-eabi/5.4.1/../../../../arm-none-eabi/lib/armv6-m/crt0.o
START GROUP
LOAD .\CortexM0\ARM_GCC_541\Debug\main.o
LOAD .\CortexM0\ARM_GCC_541\Debug\gpib.o
LOAD .\CortexM0\ARM_GCC_541\Debug\serial.o
LOAD .\CortexM0\ARM_GCC_541\Debug\input.o
LOAD .\CortexM0\ARM_GCC_541\Debug\command.o
LOAD .\CortexM0\ARM_GCC_541\Debug\settings.o
LOAD .\CortexM0\ARM_GCC_541\Debug\utils.o
LOAD .\CortexM0\ARM_GCC_541\Debug\cyfitter_cfg.o
LOAD .\CortexM0\ARM_GCC_541\Debug\cymetadata.o
LOAD .\CortexM0\ARM_GCC_541\Debug\Cm0Start.o
LOAD .\CortexM0\ARM_GCC_541\Debug\GPIB USB 1.a
END GROUP
START GROUP
LOAD c:/program files (x86)/cypress/psoc creator/4.2/psoc creator/import/gnu/arm/5.4.1/bin/../lib/gcc/arm-none-eabi/5.4.1/armv6-m\libgcc.a
LOAD c:/program files (x86)/cypress/psoc creator/4.2/psoc creator/import/gnu/arm/5.4.1/bin/../lib/gcc/arm-none-eabi/5.4.1/../../../../arm-none-eabi/lib/armv6-m\libg_nano.a
LOAD c:/program files (x86)/cypress/psoc creator/4.2/psoc creator/import/gnu/arm/5.4.1/bin/../lib/gcc/arm-none-eabi/5.4.1/../../../../arm-none-eabi/lib/armv6-m\libc_nano.a
END GROUP
START GROUP
LOAD c:/program files (x86)/cypress/psoc creator/4.2/psoc creator/import/gnu/arm/5.4.1/bin/../lib/gcc/arm-none-eabi/5.4.1/armv6-m\libgcc.a
LOAD c:/program files (x86)/cypress/psoc creator/4.2/psoc creator/import/gnu/arm/5.4.1/bin/../lib/gcc/arm-none-eabi/5.4.1/../../../../arm-none-eabi/lib/armv6-m\libc_nano.a
END GROUP
LOAD c:/program files (x86)/cypress/psoc creator/4.2/psoc creator/import/gnu/arm/5.4.1/bin/../lib/gcc/arm-none-eabi/5.4.1/armv6-m/crtend.o
LOAD c:/program files (x86)/cypress/psoc creator/4.2/psoc creator/import/gnu/arm/5.4.1/bin/../lib/gcc/arm-none-eabi/5.4.1/armv6-m/crtn.o
START GROUP
LOAD c:/program files (x86)/cypress/psoc creator/4.2/psoc creator/import/gnu/arm/5.4.1/bin/../lib/gcc/arm-none-eabi/5.4.1/armv6-m\libgcc.a
LOAD c:/program files (x86)/cypress/psoc creator/4.2/psoc creator/import/gnu/arm/5.4.1/bin/../lib/gcc/arm-none-eabi/5.4.1/../../../../arm-none-eabi/lib/armv6-m\libc.a
LOAD c:/program files (x86)/cypress/psoc creator/4.2/psoc creator/import/gnu/arm/5.4.1/bin/../lib/gcc/arm-none-eabi/5.4.1/../../../../arm-none-eabi/lib/armv6-m\libnosys.a
END GROUP
                0x00000000                CY_APPL_ORIGIN = 0x0
                0x00000100                CY_FLASH_ROW_SIZE = 0x100
                0x00000001                CY_APPL_NUM = 0x1
                0x00000001                CY_APPL_MAX = 0x1
                0x00000040                CY_METADATA_SIZE = 0x40
                0x00000000                CY_APPL_LOADABLE = 0x0
                0x00000000                CY_CHECKSUM_EXCLUDE_SIZE = ALIGN (0x0, CY_FLASH_ROW_SIZE)
                0x00000000                CY_APP_FOR_STACK_AND_COPIER = 0x0
                [!provide]                PROVIDE (__cy_heap_start, _end)
                0x00000001                PROVIDE (__cy_region_num, ((__cy_regions_end - __cy_regions) / 0x10))
                0x20002000                PROVIDE (__cy_stack, (ORIGIN (ram) + LENGTH (ram)))
                [!provide]                PROVIDE (__cy_heap_end, (__cy_stack - 0x800))

.cybootloader   0x00000000        0x0
 *(.cybootloader)
                0x00000000                appl1_start = CY_APPL_ORIGIN?CY_APPL_ORIGIN:ALIGN (CY_FLASH_ROW_SIZE)
                0x00007f00                appl2_start = (appl1_start + ALIGN ((((LENGTH (rom) - appl1_start) - (0x2 * CY_FLASH_ROW_SIZE)) / 0x2), CY_FLASH_ROW_SIZE))
                0x00000000                appl_start = (CY_APPL_NUM == 0x1)?appl1_start:appl2_start
                0x00000001                cy_project_type_bootloader = (appl_start == 0x0)?0x1:0x0
                0x00000000                cy_project_type_app_for_stack_and_copier = (CY_APP_FOR_STACK_AND_COPIER == 0x1)?0x1:0x0

.text           0x00000000     0x40de
 CREATE_OBJECT_SYMBOLS
                0x00000000                PROVIDE (__cy_interrupt_vector, RomVectors)
 *(.romvectors)
 .romvectors    0x00000000       0x10 .\CortexM0\ARM_GCC_541\Debug\Cm0Start.o
                0x00000000                RomVectors
                0x00000001                ASSERT ((. != __cy_interrupt_vector), No interrupt vector)
                0x00000001                ASSERT (CY_APPL_ORIGIN?(SIZEOF (.cybootloader) <= CY_APPL_ORIGIN):0x1, Wrong image location)
                0x00000010                PROVIDE (__cy_reset, Reset)
 *(.text.Reset)
 .text.Reset    0x00000010        0x8 .\CortexM0\ARM_GCC_541\Debug\Cm0Start.o
                0x00000010                Reset
                0x00000001                ASSERT ((. != __cy_reset), No reset code)
 *(.psocinit)
 .psocinit      0x00000018      0x1a8 .\CortexM0\ARM_GCC_541\Debug\cyfitter_cfg.o
                0x000000b8                cyfitter_cfg
                0x000001c0                . = MAX (., 0x100)
 *(.text .text.* .gnu.linkonce.t.*)
 .text          0x000001c0       0x60 c:/program files (x86)/cypress/psoc creator/4.2/psoc creator/import/gnu/arm/5.4.1/bin/../lib/gcc/arm-none-eabi/5.4.1/armv6-m/crtbegin.o
 .text.main     0x00000220      0x160 .\CortexM0\ARM_GCC_541\Debug\main.o
                0x00000220                main
 .text.gpib_get_buffer
                0x00000380        0x8 .\CortexM0\ARM_GCC_541\Debug\gpib.o
                0x00000380                gpib_get_buffer
 .text.gpib_init_pins
                0x00000388        0x4 .\CortexM0\ARM_GCC_541\Debug\gpib.o
                0x00000388                gpib_init_pins
 .text.gpib_readall
                0x0000038c       0x20 .\CortexM0\ARM_GCC_541\Debug\gpib.o
                0x0000038c                gpib_readall
 .text.gpib_poll
                0x000003ac       0x64 .\CortexM0\ARM_GCC_541\Debug\gpib.o
                0x000003ac                gpib_poll
 .text.gpib_get_mode
                0x00000410        0xc .\CortexM0\ARM_GCC_541\Debug\gpib.o
                0x00000410                gpib_get_mode
 .text.gpib_send_byte
                0x0000041c       0x88 .\CortexM0\ARM_GCC_541\Debug\gpib.o
                0x0000041c                gpib_send_byte
 .text.gpib_receive_byte
                0x000004a4       0xb4 .\CortexM0\ARM_GCC_541\Debug\gpib.o
                0x000004a4                gpib_receive_byte
 .text.gpib_interface_clear
                0x00000558       0x24 .\CortexM0\ARM_GCC_541\Debug\gpib.o
                0x00000558                gpib_interface_clear
 .text.gpib_LAD
                0x0000057c       0x10 .\CortexM0\ARM_GCC_541\Debug\gpib.o
                0x0000057c                gpib_LAD
 .text.gpib_TAD
                0x0000058c       0x10 .\CortexM0\ARM_GCC_541\Debug\gpib.o
                0x0000058c                gpib_TAD
 .text.gpib_UNL
                0x0000059c        0xc .\CortexM0\ARM_GCC_541\Debug\gpib.o
                0x0000059c                gpib_UNL
 .text.gpib_UNT
                0x000005a8        0xc .\CortexM0\ARM_GCC_541\Debug\gpib.o
                0x000005a8                gpib_UNT
 .text.gpib_send_SDC
                0x000005b4       0x2c .\CortexM0\ARM_GCC_541\Debug\gpib.o
                0x000005b4                gpib_send_SDC
 .text.gpib_send_LLO
                0x000005e0       0x2c .\CortexM0\ARM_GCC_541\Debug\gpib.o
                0x000005e0                gpib_send_LLO
 .text.gpib_send_GTL
                0x0000060c       0x30 .\CortexM0\ARM_GCC_541\Debug\gpib.o
                0x0000060c                gpib_send_GTL
 .text.gpib_address_listener
                0x0000063c       0x50 .\CortexM0\ARM_GCC_541\Debug\gpib.o
                0x0000063c                gpib_address_listener
 .text.gpib_address_talker
                0x0000068c       0x5c .\CortexM0\ARM_GCC_541\Debug\gpib.o
                0x0000068c                gpib_address_talker
 .text.gpib_talking
                0x000006e8       0x18 .\CortexM0\ARM_GCC_541\Debug\gpib.o
                0x000006e8                gpib_talking
 .text.gpib_send
                0x00000700       0x38 .\CortexM0\ARM_GCC_541\Debug\gpib.o
                0x00000700                gpib_send
 .text.gpib_read
                0x00000738       0x80 .\CortexM0\ARM_GCC_541\Debug\gpib.o
                0x00000738                gpib_read
 .text.serial_flush
                0x000007b8       0x28 .\CortexM0\ARM_GCC_541\Debug\serial.o
                0x000007b8                serial_flush
 .text.serial_add
                0x000007e0       0x44 .\CortexM0\ARM_GCC_541\Debug\serial.o
                0x000007e0                serial_add
 .text.serial_add_string
                0x00000824       0x14 .\CortexM0\ARM_GCC_541\Debug\serial.o
                0x00000824                serial_add_string
 .text.serial_printf
                0x00000838       0x34 .\CortexM0\ARM_GCC_541\Debug\serial.o
                0x00000838                serial_printf
 .text.serial_available
                0x0000086c       0x20 .\CortexM0\ARM_GCC_541\Debug\serial.o
                0x0000086c                serial_available
 .text.serial_getbyte
                0x0000088c       0x44 .\CortexM0\ARM_GCC_541\Debug\serial.o
                0x0000088c                serial_getbyte
 .text.valid_escape
                0x000008d0       0x50 .\CortexM0\ARM_GCC_541\Debug\input.o
                0x000008d0                valid_escape
 .text.input_start
                0x00000920       0x24 .\CortexM0\ARM_GCC_541\Debug\input.o
                0x00000920                input_start
 .text.input_getbuffer
                0x00000944        0x8 .\CortexM0\ARM_GCC_541\Debug\input.o
                0x00000944                input_getbuffer
 .text.input_getlength
                0x0000094c        0xc .\CortexM0\ARM_GCC_541\Debug\input.o
                0x0000094c                input_getlength
 .text.input_data
                0x00000958      0x168 .\CortexM0\ARM_GCC_541\Debug\input.o
                0x00000958                input_data
 .text.input_show_output
                0x00000ac0       0x44 .\CortexM0\ARM_GCC_541\Debug\input.o
                0x00000ac0                input_show_output
 .text.helper_version
                0x00000b04       0x14 .\CortexM0\ARM_GCC_541\Debug\command.o
                0x00000b04                helper_version
 .text.helper_gpiball
                0x00000b18       0x18 .\CortexM0\ARM_GCC_541\Debug\command.o
                0x00000b18                helper_gpiball
 .text.helper_clr
                0x00000b30        0xc .\CortexM0\ARM_GCC_541\Debug\command.o
                0x00000b30                helper_clr
 .text.helper_ifc
                0x00000b3c        0xc .\CortexM0\ARM_GCC_541\Debug\command.o
                0x00000b3c                helper_ifc
 .text.helper_llo
                0x00000b48        0xc .\CortexM0\ARM_GCC_541\Debug\command.o
                0x00000b48                helper_llo
 .text.helper_loc
                0x00000b54        0xc .\CortexM0\ARM_GCC_541\Debug\command.o
                0x00000b54                helper_loc
 .text.tokenise
                0x00000b60       0x88 .\CortexM0\ARM_GCC_541\Debug\command.o
                0x00000b60                tokenise
 .text.is_int   0x00000be8       0x24 .\CortexM0\ARM_GCC_541\Debug\command.o
                0x00000be8                is_int
 .text.to_int   0x00000c0c       0x20 .\CortexM0\ARM_GCC_541\Debug\command.o
                0x00000c0c                to_int
 .text.cmd_process
                0x00000c2c       0x50 .\CortexM0\ARM_GCC_541\Debug\command.o
                0x00000c2c                cmd_process
 .text.cmd_usage
                0x00000c7c       0x78 .\CortexM0\ARM_GCC_541\Debug\command.o
                0x00000c7c                cmd_usage
 .text.cmd_uint
                0x00000cf4       0x70 .\CortexM0\ARM_GCC_541\Debug\command.o
                0x00000cf4                cmd_uint
 .text.cmd_noargs
                0x00000d64       0x20 .\CortexM0\ARM_GCC_541\Debug\command.o
                0x00000d64                cmd_noargs
 .text.cmd_help
                0x00000d84       0x7c .\CortexM0\ARM_GCC_541\Debug\command.o
                0x00000d84                cmd_help
 .text.cmd_read
                0x00000e00       0xb0 .\CortexM0\ARM_GCC_541\Debug\command.o
                0x00000e00                cmd_read
 .text.cmd_config
                0x00000eb0       0x78 .\CortexM0\ARM_GCC_541\Debug\command.o
                0x00000eb0                cmd_config
 .text.defaults
                0x00000f28       0x24 .\CortexM0\ARM_GCC_541\Debug\settings.o
                0x00000f28                defaults
 .text.settings_init
                0x00000f4c       0x5c .\CortexM0\ARM_GCC_541\Debug\settings.o
                0x00000f4c                settings_init
 .text.contains_byte
                0x00000fa8       0x20 .\CortexM0\ARM_GCC_541\Debug\utils.o
                0x00000fa8                contains_byte
 .text.chomp    0x00000fc8       0x2c .\CortexM0\ARM_GCC_541\Debug\utils.o
                0x00000fc8                chomp
 .text.cfg_write_bytes32
                0x00000ff4       0x34 .\CortexM0\ARM_GCC_541\Debug\cyfitter_cfg.o
 .text.AnalogSetDefault
                0x00001028       0x20 .\CortexM0\ARM_GCC_541\Debug\cyfitter_cfg.o
 .text.CYMEMZERO
                0x00001048        0xc .\CortexM0\ARM_GCC_541\Debug\cyfitter_cfg.o
 .text.IntDefaultHandler
                0x00001054       0x10 .\CortexM0\ARM_GCC_541\Debug\Cm0Start.o
                0x00001054                IntDefaultHandler
 .text._sbrk    0x00001064       0x30 .\CortexM0\ARM_GCC_541\Debug\Cm0Start.o
                0x00001064                _sbrk
 .text.Start_c  0x00001094       0x48 .\CortexM0\ARM_GCC_541\Debug\Cm0Start.o
                0x00001094                Start_c
 .text.initialize_psoc
                0x000010dc       0x4c .\CortexM0\ARM_GCC_541\Debug\Cm0Start.o
                0x000010dc                initialize_psoc
 .text.FindLastWrittenRow
                0x00001128       0x2c .\CortexM0\ARM_GCC_541\Debug\GPIB USB 1.a(cy_em_eeprom.o)
 .text.GetRowAddrBySeqNum
                0x00001154       0x1c .\CortexM0\ARM_GCC_541\Debug\GPIB USB 1.a(cy_em_eeprom.o)
 .text.GetNextRowToWrite
                0x00001170       0x58 .\CortexM0\ARM_GCC_541\Debug\GPIB USB 1.a(cy_em_eeprom.o)
 .text.CalcChecksum
                0x000011c8       0x3c .\CortexM0\ARM_GCC_541\Debug\GPIB USB 1.a(cy_em_eeprom.o)
 .text.CheckRanges
                0x00001204       0x38 .\CortexM0\ARM_GCC_541\Debug\GPIB USB 1.a(cy_em_eeprom.o)
 .text.WriteRow
                0x0000123c       0x14 .\CortexM0\ARM_GCC_541\Debug\GPIB USB 1.a(cy_em_eeprom.o)
 .text.FillChecksum
                0x00001250       0x6c .\CortexM0\ARM_GCC_541\Debug\GPIB USB 1.a(cy_em_eeprom.o)
 .text.CheckCrcAndCopy
                0x000012bc       0x7c .\CortexM0\ARM_GCC_541\Debug\GPIB USB 1.a(cy_em_eeprom.o)
 .text.Cy_Em_EEPROM_Init
                0x00001338       0x98 .\CortexM0\ARM_GCC_541\Debug\GPIB USB 1.a(cy_em_eeprom.o)
                0x00001338                Cy_Em_EEPROM_Init
 .text.Cy_Em_EEPROM_Read
                0x000013d0      0x230 .\CortexM0\ARM_GCC_541\Debug\GPIB USB 1.a(cy_em_eeprom.o)
                0x000013d0                Cy_Em_EEPROM_Read
 .text.CySysFlashClockBackup
                0x00001600        0x4 .\CortexM0\ARM_GCC_541\Debug\GPIB USB 1.a(CyFlash.o)
 .text.CySysFlashClockRestore
                0x00001604        0x4 .\CortexM0\ARM_GCC_541\Debug\GPIB USB 1.a(CyFlash.o)
 .text.CySysFlashWriteRow
                0x00001608      0x120 .\CortexM0\ARM_GCC_541\Debug\GPIB USB 1.a(CyFlash.o)
                0x00001608                CySysFlashWriteRow
 .text.CySysFlashSetWaitCycles
                0x00001728       0x54 .\CortexM0\ARM_GCC_541\Debug\GPIB USB 1.a(CyFlash.o)
                0x00001728                CySysFlashSetWaitCycles
 .text.CySysClkImoDisableWcoLock
                0x0000177c       0x54 .\CortexM0\ARM_GCC_541\Debug\GPIB USB 1.a(CyLib.o)
                0x0000177c                CySysClkImoDisableWcoLock
 .text.CySysClkImoGetWcoLock
                0x000017d0       0x14 .\CortexM0\ARM_GCC_541\Debug\GPIB USB 1.a(CyLib.o)
                0x000017d0                CySysClkImoGetWcoLock
 .text.CySysClkImoEnableUsbLock
                0x000017e4       0xf4 .\CortexM0\ARM_GCC_541\Debug\GPIB USB 1.a(CyLib.o)
                0x000017e4                CySysClkImoEnableUsbLock
 .text.CySysClkImoDisableUsbLock
                0x000018d8       0x90 .\CortexM0\ARM_GCC_541\Debug\GPIB USB 1.a(CyLib.o)
                0x000018d8                CySysClkImoDisableUsbLock
 .text.CySysClkImoGetUsbLock
                0x00001968       0x14 .\CortexM0\ARM_GCC_541\Debug\GPIB USB 1.a(CyLib.o)
                0x00001968                CySysClkImoGetUsbLock
 .text.CyIntEnable
                0x0000197c       0x14 .\CortexM0\ARM_GCC_541\Debug\GPIB USB 1.a(CyLib.o)
                0x0000197c                CyIntEnable
 .text.CyHalt   0x00001990        0x4 .\CortexM0\ARM_GCC_541\Debug\GPIB USB 1.a(CyLib.o)
                0x00001990                CyHalt
 .text.CyIntSetVector
                0x00001994       0x24 .\CortexM0\ARM_GCC_541\Debug\GPIB USB 1.a(CyLib.o)
                0x00001994                CyIntSetVector
 .text.CyIntSetPriority
                0x000019b8       0x4c .\CortexM0\ARM_GCC_541\Debug\GPIB USB 1.a(CyLib.o)
                0x000019b8                CyIntSetPriority
 .text.CyDelay  0x00001a04       0x30 .\CortexM0\ARM_GCC_541\Debug\GPIB USB 1.a(CyLib.o)
                0x00001a04                CyDelay
 .text.CySysClkImoEnableWcoLock
                0x00001a34      0x104 .\CortexM0\ARM_GCC_541\Debug\GPIB USB 1.a(CyLib.o)
                0x00001a34                CySysClkImoEnableWcoLock
 .text.CyDelayUs
                0x00001b38       0x14 .\CortexM0\ARM_GCC_541\Debug\GPIB USB 1.a(CyLib.o)
                0x00001b38                CyDelayUs
 .text.CySysClkWriteImoFreq
                0x00001b4c      0x1ac .\CortexM0\ARM_GCC_541\Debug\GPIB USB 1.a(CyLib.o)
                0x00001b4c                CySysClkWriteImoFreq
 .text.CyGetUniqueId
                0x00001cf8       0x70 .\CortexM0\ARM_GCC_541\Debug\GPIB USB 1.a(CyLib.o)
                0x00001cf8                CyGetUniqueId
 .text.CySysWdtLocked
                0x00001d68       0x14 .\CortexM0\ARM_GCC_541\Debug\GPIB USB 1.a(CyLFClk.o)
 .text.CySysClkWcoEnabled
                0x00001d7c       0x14 .\CortexM0\ARM_GCC_541\Debug\GPIB USB 1.a(CyLFClk.o)
                0x00001d7c                CySysClkWcoEnabled
 .text.CySysWdtLock
                0x00001d90       0x1c .\CortexM0\ARM_GCC_541\Debug\GPIB USB 1.a(CyLFClk.o)
                0x00001d90                CySysWdtLock
 .text.CySysWdtUnlock
                0x00001dac       0x30 .\CortexM0\ARM_GCC_541\Debug\GPIB USB 1.a(CyLFClk.o)
                0x00001dac                CySysWdtUnlock
 .text.CySysWdtClearInterrupt
                0x00001ddc       0x4c .\CortexM0\ARM_GCC_541\Debug\GPIB USB 1.a(CyLFClk.o)
                0x00001ddc                CySysWdtClearInterrupt
 .text.CySysWdtIsr
                0x00001e28       0xa4 .\CortexM0\ARM_GCC_541\Debug\GPIB USB 1.a(CyLFClk.o)
                0x00001e28                CySysWdtIsr
 .text.USBUART_Init
                0x00001ecc       0xd0 .\CortexM0\ARM_GCC_541\Debug\GPIB USB 1.a(USBUART.o)
                0x00001ecc                USBUART_Init
 .text.USBUART_InitComponent
                0x00001f9c       0xbc .\CortexM0\ARM_GCC_541\Debug\GPIB USB 1.a(USBUART.o)
                0x00001f9c                USBUART_InitComponent
 .text.USBUART_Start
                0x00002058       0x28 .\CortexM0\ARM_GCC_541\Debug\GPIB USB 1.a(USBUART.o)
                0x00002058                USBUART_Start
 .text.USBUART_ReInitComponent
                0x00002080       0x50 .\CortexM0\ARM_GCC_541\Debug\GPIB USB 1.a(USBUART.o)
                0x00002080                USBUART_ReInitComponent
 .text.USBUART_GetConfiguration
                0x000020d0        0xc .\CortexM0\ARM_GCC_541\Debug\GPIB USB 1.a(USBUART.o)
                0x000020d0                USBUART_GetConfiguration
 .text.USBUART_IsConfigurationChanged
                0x000020dc       0x1c .\CortexM0\ARM_GCC_541\Debug\GPIB USB 1.a(USBUART.o)
                0x000020dc                USBUART_IsConfigurationChanged
 .text.USBUART_GetEPState
                0x000020f8       0x14 .\CortexM0\ARM_GCC_541\Debug\GPIB USB 1.a(USBUART.o)
                0x000020f8                USBUART_GetEPState
 .text.USBUART_GetEPCount
                0x0000210c       0x34 .\CortexM0\ARM_GCC_541\Debug\GPIB USB 1.a(USBUART.o)
                0x0000210c                USBUART_GetEPCount
 .text.USBUART_LoadInEP
                0x00002140       0x9c .\CortexM0\ARM_GCC_541\Debug\GPIB USB 1.a(USBUART.o)
                0x00002140                USBUART_LoadInEP
 .text.USBUART_EnableOutEP
                0x000021dc       0x30 .\CortexM0\ARM_GCC_541\Debug\GPIB USB 1.a(USBUART.o)
                0x000021dc                USBUART_EnableOutEP
 .text.USBUART_ReadOutEP
                0x0000220c       0x58 .\CortexM0\ARM_GCC_541\Debug\GPIB USB 1.a(USBUART.o)
                0x0000220c                USBUART_ReadOutEP
 .text.USBUART_GetInterfaceComPort
                0x00002264       0x38 .\CortexM0\ARM_GCC_541\Debug\GPIB USB 1.a(USBUART_cdc.o)
                0x00002264                USBUART_GetInterfaceComPort
 .text.USBUART_DispatchCDCClassRqst
                0x0000229c       0x98 .\CortexM0\ARM_GCC_541\Debug\GPIB USB 1.a(USBUART_cdc.o)
                0x0000229c                USBUART_DispatchCDCClassRqst
 .text.USBUART_CDC_Init
                0x00002334       0x94 .\CortexM0\ARM_GCC_541\Debug\GPIB USB 1.a(USBUART_cdc.o)
                0x00002334                USBUART_CDC_Init
 .text.USBUART_PutData
                0x000023c8       0x50 .\CortexM0\ARM_GCC_541\Debug\GPIB USB 1.a(USBUART_cdc.o)
                0x000023c8                USBUART_PutData
 .text.USBUART_DataIsReady
                0x00002418       0x1c .\CortexM0\ARM_GCC_541\Debug\GPIB USB 1.a(USBUART_cdc.o)
                0x00002418                USBUART_DataIsReady
 .text.USBUART_CDCIsReady
                0x00002434       0x1c .\CortexM0\ARM_GCC_541\Debug\GPIB USB 1.a(USBUART_cdc.o)
                0x00002434                USBUART_CDCIsReady
 .text.USBUART_GetAll
                0x00002450       0x30 .\CortexM0\ARM_GCC_541\Debug\GPIB USB 1.a(USBUART_cdc.o)
                0x00002450                USBUART_GetAll
 .text.USBUART_Cdc_EpInit
                0x00002480       0x5c .\CortexM0\ARM_GCC_541\Debug\GPIB USB 1.a(USBUART_cdc.o)
                0x00002480                USBUART_Cdc_EpInit
 .text.USBUART_LoadEP0
                0x000024dc       0xa0 .\CortexM0\ARM_GCC_541\Debug\GPIB USB 1.a(USBUART_drv.o)
                0x000024dc                USBUART_LoadEP0
 .text.USBUART_InitZeroLengthControlTransfer
                0x0000257c       0x34 .\CortexM0\ARM_GCC_541\Debug\GPIB USB 1.a(USBUART_drv.o)
                0x0000257c                USBUART_InitZeroLengthControlTransfer
 .text.USBUART_ControlReadDataStage
                0x000025b0        0x8 .\CortexM0\ARM_GCC_541\Debug\GPIB USB 1.a(USBUART_drv.o)
                0x000025b0                USBUART_ControlReadDataStage
 .text.USBUART_ControlWriteDataStage
                0x000025b8       0x84 .\CortexM0\ARM_GCC_541\Debug\GPIB USB 1.a(USBUART_drv.o)
                0x000025b8                USBUART_ControlWriteDataStage
 .text.USBUART_InitNoDataControlTransfer
                0x0000263c       0x2c .\CortexM0\ARM_GCC_541\Debug\GPIB USB 1.a(USBUART_drv.o)
                0x0000263c                USBUART_InitNoDataControlTransfer
 .text.USBUART_UpdateStatusBlock
                0x00002668       0x24 .\CortexM0\ARM_GCC_541\Debug\GPIB USB 1.a(USBUART_drv.o)
                0x00002668                USBUART_UpdateStatusBlock
 .text.USBUART_HandleSetup
                0x0000268c       0x60 .\CortexM0\ARM_GCC_541\Debug\GPIB USB 1.a(USBUART_drv.o)
                0x0000268c                USBUART_HandleSetup
 .text.USBUART_ControlReadStatusStage
                0x000026ec       0x34 .\CortexM0\ARM_GCC_541\Debug\GPIB USB 1.a(USBUART_drv.o)
                0x000026ec                USBUART_ControlReadStatusStage
 .text.USBUART_HandleOUT
                0x00002720       0x38 .\CortexM0\ARM_GCC_541\Debug\GPIB USB 1.a(USBUART_drv.o)
                0x00002720                USBUART_HandleOUT
 .text.USBUART_ControlWriteStatusStage
                0x00002758       0x20 .\CortexM0\ARM_GCC_541\Debug\GPIB USB 1.a(USBUART_drv.o)
                0x00002758                USBUART_ControlWriteStatusStage
 .text.USBUART_NoDataControlStatusStage
                0x00002778       0x44 .\CortexM0\ARM_GCC_541\Debug\GPIB USB 1.a(USBUART_drv.o)
                0x00002778                USBUART_NoDataControlStatusStage
 .text.USBUART_HandleIN
                0x000027bc       0x2c .\CortexM0\ARM_GCC_541\Debug\GPIB USB 1.a(USBUART_drv.o)
                0x000027bc                USBUART_HandleIN
 .text.USBUART_EP_0_ISR
                0x000027e8       0xb4 .\CortexM0\ARM_GCC_541\Debug\GPIB USB 1.a(USBUART_drv.o)
                0x000027e8                USBUART_EP_0_ISR
 .text.USBUART_InitializeStatusBlock
                0x0000289c       0x24 .\CortexM0\ARM_GCC_541\Debug\GPIB USB 1.a(USBUART_drv.o)
                0x0000289c                USBUART_InitializeStatusBlock
 .text.USBUART_InitControlRead
                0x000028c0       0x58 .\CortexM0\ARM_GCC_541\Debug\GPIB USB 1.a(USBUART_drv.o)
                0x000028c0                USBUART_InitControlRead
 .text.USBUART_InitControlWrite
                0x00002918       0x4c .\CortexM0\ARM_GCC_541\Debug\GPIB USB 1.a(USBUART_drv.o)
                0x00002918                USBUART_InitControlWrite
 .text.USBUART_EP_1_ISR
                0x00002964       0x38 .\CortexM0\ARM_GCC_541\Debug\GPIB USB 1.a(USBUART_episr.o)
                0x00002964                USBUART_EP_1_ISR
 .text.USBUART_EP_2_ISR
                0x0000299c       0x3c .\CortexM0\ARM_GCC_541\Debug\GPIB USB 1.a(USBUART_episr.o)
                0x0000299c                USBUART_EP_2_ISR
 .text.USBUART_EP_3_ISR
                0x000029d8       0x40 .\CortexM0\ARM_GCC_541\Debug\GPIB USB 1.a(USBUART_episr.o)
                0x000029d8                USBUART_EP_3_ISR
 .text.USBUART_SOF_ISR
                0x00002a18        0xc .\CortexM0\ARM_GCC_541\Debug\GPIB USB 1.a(USBUART_episr.o)
                0x00002a18                USBUART_SOF_ISR
 .text.USBUART_BUS_RESET_ISR
                0x00002a24       0x14 .\CortexM0\ARM_GCC_541\Debug\GPIB USB 1.a(USBUART_episr.o)
                0x00002a24                USBUART_BUS_RESET_ISR
 .text.USBUART_INTR_HI_ISR
                0x00002a38       0x40 .\CortexM0\ARM_GCC_541\Debug\GPIB USB 1.a(USBUART_episr.o)
                0x00002a38                USBUART_INTR_HI_ISR
 .text.USBUART_INTR_MED_ISR
                0x00002a78       0x40 .\CortexM0\ARM_GCC_541\Debug\GPIB USB 1.a(USBUART_episr.o)
                0x00002a78                USBUART_INTR_MED_ISR
 .text.USBUART_INTR_LO_ISR
                0x00002ab8       0x40 .\CortexM0\ARM_GCC_541\Debug\GPIB USB 1.a(USBUART_episr.o)
                0x00002ab8                USBUART_INTR_LO_ISR
 .text.USBUART_DP_ISR
                0x00002af8        0x8 .\CortexM0\ARM_GCC_541\Debug\GPIB USB 1.a(USBUART_pm.o)
                0x00002af8                USBUART_DP_ISR
 .text.USBUART_ReadDieID
                0x00002b00       0x64 .\CortexM0\ARM_GCC_541\Debug\GPIB USB 1.a(USBUART_std.o)
                0x00002b00                USBUART_ReadDieID
 .text.USBUART_ConfigReg
                0x00002b64       0x98 .\CortexM0\ARM_GCC_541\Debug\GPIB USB 1.a(USBUART_std.o)
                0x00002b64                USBUART_ConfigReg
 .text.USBUART_GetConfigTablePtr
                0x00002bfc       0x28 .\CortexM0\ARM_GCC_541\Debug\GPIB USB 1.a(USBUART_std.o)
                0x00002bfc                USBUART_GetConfigTablePtr
 .text.USBUART_ConfigAltChanged
                0x00002c24      0x120 .\CortexM0\ARM_GCC_541\Debug\GPIB USB 1.a(USBUART_std.o)
                0x00002c24                USBUART_ConfigAltChanged
 .text.USBUART_GetDeviceTablePtr
                0x00002d44       0x18 .\CortexM0\ARM_GCC_541\Debug\GPIB USB 1.a(USBUART_std.o)
                0x00002d44                USBUART_GetDeviceTablePtr
 .text.USBUART_GetInterfaceClassTablePtr
                0x00002d5c       0x28 .\CortexM0\ARM_GCC_541\Debug\GPIB USB 1.a(USBUART_std.o)
                0x00002d5c                USBUART_GetInterfaceClassTablePtr
 .text.USBUART_Config
                0x00002d84      0x1fc .\CortexM0\ARM_GCC_541\Debug\GPIB USB 1.a(USBUART_std.o)
                0x00002d84                USBUART_Config
 .text.USBUART_SetEndpointHalt
                0x00002f80       0x6c .\CortexM0\ARM_GCC_541\Debug\GPIB USB 1.a(USBUART_std.o)
                0x00002f80                USBUART_SetEndpointHalt
 .text.USBUART_ClearEndpointHalt
                0x00002fec       0xb0 .\CortexM0\ARM_GCC_541\Debug\GPIB USB 1.a(USBUART_std.o)
                0x00002fec                USBUART_ClearEndpointHalt
 .text.USBUART_ValidateAlternateSetting
                0x0000309c       0x50 .\CortexM0\ARM_GCC_541\Debug\GPIB USB 1.a(USBUART_std.o)
                0x0000309c                USBUART_ValidateAlternateSetting
 .text.USBUART_HandleStandardRqst
                0x000030ec      0x310 .\CortexM0\ARM_GCC_541\Debug\GPIB USB 1.a(USBUART_std.o)
                0x000030ec                USBUART_HandleStandardRqst
 .text.USBUART_HandleVendorRqst
                0x000033fc       0x14 .\CortexM0\ARM_GCC_541\Debug\GPIB USB 1.a(USBUART_vnd.o)
                0x000033fc                USBUART_HandleVendorRqst
 .text.USBUART_Dp_ClearInterrupt
                0x00003410       0x10 .\CortexM0\ARM_GCC_541\Debug\GPIB USB 1.a(USBUART_Dp.o)
                0x00003410                USBUART_Dp_ClearInterrupt
 .text.PWM_1_WriteCounter
                0x00003420       0x10 .\CortexM0\ARM_GCC_541\Debug\GPIB USB 1.a(PWM_1.o)
                0x00003420                PWM_1_WriteCounter
 .text.PWM_1_WritePeriod
                0x00003430       0x10 .\CortexM0\ARM_GCC_541\Debug\GPIB USB 1.a(PWM_1.o)
                0x00003430                PWM_1_WritePeriod
 .text.PWM_1_WriteCompare
                0x00003440       0x10 .\CortexM0\ARM_GCC_541\Debug\GPIB USB 1.a(PWM_1.o)
                0x00003440                PWM_1_WriteCompare
 .text.PWM_1_TriggerCommand
                0x00003450       0x1c .\CortexM0\ARM_GCC_541\Debug\GPIB USB 1.a(PWM_1.o)
                0x00003450                PWM_1_TriggerCommand
 .text.PWM_1_Enable
                0x0000346c       0x24 .\CortexM0\ARM_GCC_541\Debug\GPIB USB 1.a(PWM_1.o)
                0x0000346c                PWM_1_Enable
 .text.PWM_1_SetInterruptMode
                0x00003490        0xc .\CortexM0\ARM_GCC_541\Debug\GPIB USB 1.a(PWM_1.o)
                0x00003490                PWM_1_SetInterruptMode
 .text.PWM_1_Init
                0x0000349c       0x4c .\CortexM0\ARM_GCC_541\Debug\GPIB USB 1.a(PWM_1.o)
                0x0000349c                PWM_1_Init
 .text.PWM_1_Start
                0x000034e8       0x20 .\CortexM0\ARM_GCC_541\Debug\GPIB USB 1.a(PWM_1.o)
                0x000034e8                PWM_1_Start
 .text.EEPROM_Init
                0x00003508       0x2c .\CortexM0\ARM_GCC_541\Debug\GPIB USB 1.a(EEPROM.o)
                0x00003508                EEPROM_Init
 .text.Timer1_WriteCounter
                0x00003534       0x10 .\CortexM0\ARM_GCC_541\Debug\GPIB USB 1.a(Timer1.o)
                0x00003534                Timer1_WriteCounter
 .text.Timer1_ReadCounter
                0x00003544       0x10 .\CortexM0\ARM_GCC_541\Debug\GPIB USB 1.a(Timer1.o)
                0x00003544                Timer1_ReadCounter
 .text.Timer1_WritePeriod
                0x00003554       0x10 .\CortexM0\ARM_GCC_541\Debug\GPIB USB 1.a(Timer1.o)
                0x00003554                Timer1_WritePeriod
 .text.Timer1_TriggerCommand
                0x00003564       0x1c .\CortexM0\ARM_GCC_541\Debug\GPIB USB 1.a(Timer1.o)
                0x00003564                Timer1_TriggerCommand
 .text.Timer1_Enable
                0x00003580       0x24 .\CortexM0\ARM_GCC_541\Debug\GPIB USB 1.a(Timer1.o)
                0x00003580                Timer1_Enable
 .text.Timer1_SetInterruptMode
                0x000035a4        0xc .\CortexM0\ARM_GCC_541\Debug\GPIB USB 1.a(Timer1.o)
                0x000035a4                Timer1_SetInterruptMode
 .text.Timer1_Init
                0x000035b0       0x30 .\CortexM0\ARM_GCC_541\Debug\GPIB USB 1.a(Timer1.o)
                0x000035b0                Timer1_Init
 .text.Timer1_Start
                0x000035e0       0x20 .\CortexM0\ARM_GCC_541\Debug\GPIB USB 1.a(Timer1.o)
                0x000035e0                Timer1_Start
 .text          0x00003600       0x20 .\CortexM0\ARM_GCC_541\Debug\GPIB USB 1.a(CyBootAsmGnu.o)
                0x00003600                CyDelayCycles
                0x00003612                CyEnterCriticalSection
                0x0000361a                CyExitCriticalSection
 .text.USBUART_DispatchClassRqst
                0x00003620       0x60 .\CortexM0\ARM_GCC_541\Debug\GPIB USB 1.a(USBUART_cls.o)
                0x00003620                USBUART_DispatchClassRqst
 .text          0x00003680      0x114 c:/program files (x86)/cypress/psoc creator/4.2/psoc creator/import/gnu/arm/5.4.1/bin/../lib/gcc/arm-none-eabi/5.4.1/armv6-m\libgcc.a(_udivsi3.o)
                0x00003680                __aeabi_uidiv
                0x00003680                __udivsi3
                0x0000378c                __aeabi_uidivmod
 .text          0x00003794        0x4 c:/program files (x86)/cypress/psoc creator/4.2/psoc creator/import/gnu/arm/5.4.1/bin/../lib/gcc/arm-none-eabi/5.4.1/armv6-m\libgcc.a(_dvmd_tls.o)
                0x00003794                __aeabi_idiv0
                0x00003794                __aeabi_ldiv0
 .text.__errno  0x00003798        0xc c:/program files (x86)/cypress/psoc creator/4.2/psoc creator/import/gnu/arm/5.4.1/bin/../lib/gcc/arm-none-eabi/5.4.1/../../../../arm-none-eabi/lib/armv6-m\libg_nano.a(lib_a-errno.o)
                0x00003798                __errno
 .text.__libc_init_array
                0x000037a4       0x4c c:/program files (x86)/cypress/psoc creator/4.2/psoc creator/import/gnu/arm/5.4.1/bin/../lib/gcc/arm-none-eabi/5.4.1/../../../../arm-none-eabi/lib/armv6-m\libg_nano.a(lib_a-init.o)
                0x000037a4                __libc_init_array
 .text.memcmp   0x000037f0       0x1e c:/program files (x86)/cypress/psoc creator/4.2/psoc creator/import/gnu/arm/5.4.1/bin/../lib/gcc/arm-none-eabi/5.4.1/../../../../arm-none-eabi/lib/armv6-m\libg_nano.a(lib_a-memcmp.o)
                0x000037f0                memcmp
 .text.memcpy   0x0000380e       0x12 c:/program files (x86)/cypress/psoc creator/4.2/psoc creator/import/gnu/arm/5.4.1/bin/../lib/gcc/arm-none-eabi/5.4.1/../../../../arm-none-eabi/lib/armv6-m\libg_nano.a(lib_a-memcpy-stub.o)
                0x0000380e                memcpy
 .text.memset   0x00003820       0x10 c:/program files (x86)/cypress/psoc creator/4.2/psoc creator/import/gnu/arm/5.4.1/bin/../lib/gcc/arm-none-eabi/5.4.1/../../../../arm-none-eabi/lib/armv6-m\libg_nano.a(lib_a-memset.o)
                0x00003820                memset
 .text.strchr   0x00003830       0x1c c:/program files (x86)/cypress/psoc creator/4.2/psoc creator/import/gnu/arm/5.4.1/bin/../lib/gcc/arm-none-eabi/5.4.1/../../../../arm-none-eabi/lib/armv6-m\libg_nano.a(lib_a-strchr.o)
                0x00003830                strchr
 .text          0x0000384c       0x14 c:/program files (x86)/cypress/psoc creator/4.2/psoc creator/import/gnu/arm/5.4.1/bin/../lib/gcc/arm-none-eabi/5.4.1/../../../../arm-none-eabi/lib/armv6-m\libg_nano.a(lib_a-strcmp.o)
                0x0000384c                strcmp
 .text          0x00003860        0xe c:/program files (x86)/cypress/psoc creator/4.2/psoc creator/import/gnu/arm/5.4.1/bin/../lib/gcc/arm-none-eabi/5.4.1/../../../../arm-none-eabi/lib/armv6-m\libg_nano.a(lib_a-strlen.o)
                0x00003860                strlen
 .text._vsnprintf_r
                0x0000386e       0x56 c:/program files (x86)/cypress/psoc creator/4.2/psoc creator/import/gnu/arm/5.4.1/bin/../lib/gcc/arm-none-eabi/5.4.1/../../../../arm-none-eabi/lib/armv6-m\libg_nano.a(lib_a-vsnprintf.o)
                0x0000386e                _vsniprintf_r
                0x0000386e                _vsnprintf_r
 .text.vsnprintf
                0x000038c4       0x18 c:/program files (x86)/cypress/psoc creator/4.2/psoc creator/import/gnu/arm/5.4.1/bin/../lib/gcc/arm-none-eabi/5.4.1/../../../../arm-none-eabi/lib/armv6-m\libg_nano.a(lib_a-vsnprintf.o)
                0x000038c4                vsniprintf
                0x000038c4                vsnprintf
 .text.__ssputs_r
                0x000038dc       0xc4 c:/program files (x86)/cypress/psoc creator/4.2/psoc creator/import/gnu/arm/5.4.1/bin/../lib/gcc/arm-none-eabi/5.4.1/../../../../arm-none-eabi/lib/armv6-m\libg_nano.a(lib_a-nano-svfprintf.o)
                0x000038dc                __ssputs_r
 .text._svfprintf_r
                0x000039a0      0x1fc c:/program files (x86)/cypress/psoc creator/4.2/psoc creator/import/gnu/arm/5.4.1/bin/../lib/gcc/arm-none-eabi/5.4.1/../../../../arm-none-eabi/lib/armv6-m\libg_nano.a(lib_a-nano-svfprintf.o)
                0x000039a0                _svfiprintf_r
                0x000039a0                _svfprintf_r
 .text._printf_common
                0x00003b9c       0xdc c:/program files (x86)/cypress/psoc creator/4.2/psoc creator/import/gnu/arm/5.4.1/bin/../lib/gcc/arm-none-eabi/5.4.1/../../../../arm-none-eabi/lib/armv6-m\libg_nano.a(lib_a-nano-vfprintf_i.o)
                0x00003b9c                _printf_common
 .text._printf_i
                0x00003c78      0x244 c:/program files (x86)/cypress/psoc creator/4.2/psoc creator/import/gnu/arm/5.4.1/bin/../lib/gcc/arm-none-eabi/5.4.1/../../../../arm-none-eabi/lib/armv6-m\libg_nano.a(lib_a-nano-vfprintf_i.o)
                0x00003c78                _printf_i
 .text.memchr   0x00003ebc       0x16 c:/program files (x86)/cypress/psoc creator/4.2/psoc creator/import/gnu/arm/5.4.1/bin/../lib/gcc/arm-none-eabi/5.4.1/../../../../arm-none-eabi/lib/armv6-m\libg_nano.a(lib_a-memchr-stub.o)
                0x00003ebc                memchr
 .text.memmove  0x00003ed2       0x2a c:/program files (x86)/cypress/psoc creator/4.2/psoc creator/import/gnu/arm/5.4.1/bin/../lib/gcc/arm-none-eabi/5.4.1/../../../../arm-none-eabi/lib/armv6-m\libg_nano.a(lib_a-memmove.o)
                0x00003ed2                memmove
 .text._free_r  0x00003efc       0x98 c:/program files (x86)/cypress/psoc creator/4.2/psoc creator/import/gnu/arm/5.4.1/bin/../lib/gcc/arm-none-eabi/5.4.1/../../../../arm-none-eabi/lib/armv6-m\libg_nano.a(lib_a-nano-freer.o)
                0x00003efc                _free_r
 .text._malloc_r
                0x00003f94       0xc0 c:/program files (x86)/cypress/psoc creator/4.2/psoc creator/import/gnu/arm/5.4.1/bin/../lib/gcc/arm-none-eabi/5.4.1/../../../../arm-none-eabi/lib/armv6-m\libg_nano.a(lib_a-nano-mallocr.o)
                0x00003f94                _malloc_r
 .text._realloc_r
                0x00004054       0x4c c:/program files (x86)/cypress/psoc creator/4.2/psoc creator/import/gnu/arm/5.4.1/bin/../lib/gcc/arm-none-eabi/5.4.1/../../../../arm-none-eabi/lib/armv6-m\libg_nano.a(lib_a-nano-reallocr.o)
                0x00004054                _realloc_r
 .text._sbrk_r  0x000040a0       0x24 c:/program files (x86)/cypress/psoc creator/4.2/psoc creator/import/gnu/arm/5.4.1/bin/../lib/gcc/arm-none-eabi/5.4.1/../../../../arm-none-eabi/lib/armv6-m\libg_nano.a(lib_a-sbrkr.o)
                0x000040a0                _sbrk_r
 .text.__malloc_lock
                0x000040c4        0x2 c:/program files (x86)/cypress/psoc creator/4.2/psoc creator/import/gnu/arm/5.4.1/bin/../lib/gcc/arm-none-eabi/5.4.1/../../../../arm-none-eabi/lib/armv6-m\libg_nano.a(lib_a-mlock.o)
                0x000040c4                __malloc_lock
 .text.__malloc_unlock
                0x000040c6        0x2 c:/program files (x86)/cypress/psoc creator/4.2/psoc creator/import/gnu/arm/5.4.1/bin/../lib/gcc/arm-none-eabi/5.4.1/../../../../arm-none-eabi/lib/armv6-m\libg_nano.a(lib_a-mlock.o)
                0x000040c6                __malloc_unlock
 .text._malloc_usable_size_r
                0x000040c8       0x16 c:/program files (x86)/cypress/psoc creator/4.2/psoc creator/import/gnu/arm/5.4.1/bin/../lib/gcc/arm-none-eabi/5.4.1/../../../../arm-none-eabi/lib/armv6-m\libg_nano.a(lib_a-nano-msizer.o)
                0x000040c8                _malloc_usable_size_r
 *(.plt)
 *(.gnu.warning)
 *(.glue_7t)
 .glue_7t       0x000040de        0x0 linker stubs
 *(.glue_7)
 .glue_7        0x000040de        0x0 linker stubs
 *(.vfp11_veneer)
 .vfp11_veneer  0x000040de        0x0 linker stubs
 *(.bootloader)
 *(.ARM.extab* .gnu.linkonce.armextab.*)
 *(.gcc_except_table)

.v4_bx          0x000040e0        0x0
 .v4_bx         0x000040e0        0x0 linker stubs

.iplt           0x000040e0        0x0
 .iplt          0x000040e0        0x0 c:/program files (x86)/cypress/psoc creator/4.2/psoc creator/import/gnu/arm/5.4.1/bin/../lib/gcc/arm-none-eabi/5.4.1/armv6-m/crtbegin.o

.eh_frame_hdr
 *(.eh_frame_hdr)

.eh_frame       0x000040e0        0x4
 *(.eh_frame)
 .eh_frame      0x000040e0        0x0 c:/program files (x86)/cypress/psoc creator/4.2/psoc creator/import/gnu/arm/5.4.1/bin/../lib/gcc/arm-none-eabi/5.4.1/armv6-m/crtbegin.o
 .eh_frame      0x000040e0        0x4 c:/program files (x86)/cypress/psoc creator/4.2/psoc creator/import/gnu/arm/5.4.1/bin/../lib/gcc/arm-none-eabi/5.4.1/armv6-m/crtend.o
                [!provide]                PROVIDE (__exidx_start, .)

.ARM.exidx
 *(.ARM.exidx* .gnu.linkonce.armexidx.*)
                0x000040e4                __exidx_end = .

.rodata         0x00004100      0xde0
 *(.rodata .rodata.* .gnu.linkonce.r.*)
 .rodata.str1.4
                0x00004100       0x46 .\CortexM0\ARM_GCC_541\Debug\main.o
 *fill*         0x00004146        0x2 
 .rodata        0x00004148       0x28 .\CortexM0\ARM_GCC_541\Debug\input.o
                0x00004148                escapes
 .rodata.str1.4
                0x00004170       0x28 .\CortexM0\ARM_GCC_541\Debug\input.o
                                 0x2c (size before relaxing)
 .rodata        0x00004198      0x280 .\CortexM0\ARM_GCC_541\Debug\command.o
                0x00004198                commands
                0x000043b8                eos_means
                0x000043e0                enable_disable_means
                0x000043f8                auto_means
 .rodata.str1.4
                0x00004418      0x566 .\CortexM0\ARM_GCC_541\Debug\command.o
                                0x57a (size before relaxing)
 *fill*         0x0000497e       0x82 
 .rodata        0x00004a00      0x200 .\CortexM0\ARM_GCC_541\Debug\settings.o
                0x00004a00                eeprom
 .rodata        0x00004c00       0x70 .\CortexM0\ARM_GCC_541\Debug\cyfitter_cfg.o
 .rodata        0x00004c70       0x2e .\CortexM0\ARM_GCC_541\Debug\GPIB USB 1.a(CyLib.o)
                0x00004c70                cyImoFreqMhz2Reg
 *fill*         0x00004c9e        0x2 
 .rodata        0x00004ca0       0x34 .\CortexM0\ARM_GCC_541\Debug\GPIB USB 1.a(USBUART_episr.o)
 .rodata        0x00004cd4       0x30 .\CortexM0\ARM_GCC_541\Debug\GPIB USB 1.a(USBUART_std.o)
 .rodata.str1.4
                0x00004d04       0x14 .\CortexM0\ARM_GCC_541\Debug\GPIB USB 1.a(USBUART_std.o)
                                 0x11 (size before relaxing)
 .rodata        0x00004d18      0x15e .\CortexM0\ARM_GCC_541\Debug\GPIB USB 1.a(USBUART_descr.o)
                0x00004d18                USBUART_TABLE
                0x00004d20                USBUART_DEVICE0_TABLE
                0x00004d38                USBUART_DEVICE0_CONFIGURATION0_TABLE
                0x00004d60                USBUART_DEVICE0_CONFIGURATION0_INTERFACE_CLASS
                0x00004d64                USBUART_DEVICE0_CONFIGURATION0_EP_SETTINGS_TABLE
                0x00004d7c                USBUART_SN_STRING_DESCRIPTOR
                0x00004d80                USBUART_STRING_DESCRIPTORS
                0x00004e20                USBUART_DEVICE0_CONFIGURATION0_DESCR
                0x00004e64                USBUART_DEVICE0_DESCR
 .rodata.str1.1
                0x00004e76        0x2 c:/program files (x86)/cypress/psoc creator/4.2/psoc creator/import/gnu/arm/5.4.1/bin/../lib/gcc/arm-none-eabi/5.4.1/../../../../arm-none-eabi/lib/armv6-m\libg_nano.a(lib_a-impure.o)
 .rodata.str1.1
                0x00004e78       0x11 c:/program files (x86)/cypress/psoc creator/4.2/psoc creator/import/gnu/arm/5.4.1/bin/../lib/gcc/arm-none-eabi/5.4.1/../../../../arm-none-eabi/lib/armv6-m\libg_nano.a(lib_a-nano-svfprintf.o)
 .rodata.str1.1
                0x00004e89       0x22 c:/program files (x86)/cypress/psoc creator/4.2/psoc creator/import/gnu/arm/5.4.1/bin/../lib/gcc/arm-none-eabi/5.4.1/../../../../arm-none-eabi/lib/armv6-m\libg_nano.a(lib_a-nano-vfprintf_i.o)
                0x00004eac                . = ALIGN (0x4)
 *fill*         0x00004eab        0x1 
 *(.init)
 .init          0x00004eac        0x4 c:/program files (x86)/cypress/psoc creator/4.2/psoc creator/import/gnu/arm/5.4.1/bin/../lib/gcc/arm-none-eabi/5.4.1/armv6-m/crti.o
                0x00004eac                _init
 .init          0x00004eb0        0x8 c:/program files (x86)/cypress/psoc creator/4.2/psoc creator/import/gnu/arm/5.4.1/bin/../lib/gcc/arm-none-eabi/5.4.1/armv6-m/crtn.o
                0x00004eb8                . = ALIGN (0x4)
                0x00004eb8                __preinit_array_start = .
 *(.preinit_array)
                0x00004eb8                __preinit_array_end = .
                0x00004eb8                . = ALIGN (0x4)
                0x00004eb8                __init_array_start = .
 *(SORT(.init_array.*))
 *(.init_array)
 .init_array    0x00004eb8        0x4 c:/program files (x86)/cypress/psoc creator/4.2/psoc creator/import/gnu/arm/5.4.1/bin/../lib/gcc/arm-none-eabi/5.4.1/armv6-m/crtbegin.o
 .init_array    0x00004ebc        0x4 .\CortexM0\ARM_GCC_541\Debug\Cm0Start.o
                0x00004ec0                __init_array_end = .
                0x00004ec0                . = ALIGN (0x4)
 *(.fini)
 .fini          0x00004ec0        0x4 c:/program files (x86)/cypress/psoc creator/4.2/psoc creator/import/gnu/arm/5.4.1/bin/../lib/gcc/arm-none-eabi/5.4.1/armv6-m/crti.o
                0x00004ec0                _fini
 .fini          0x00004ec4        0x8 c:/program files (x86)/cypress/psoc creator/4.2/psoc creator/import/gnu/arm/5.4.1/bin/../lib/gcc/arm-none-eabi/5.4.1/armv6-m/crtn.o
                0x00004ecc                . = ALIGN (0x4)
                0x00004ecc                __fini_array_start = .
 *(.fini_array)
 .fini_array    0x00004ecc        0x4 c:/program files (x86)/cypress/psoc creator/4.2/psoc creator/import/gnu/arm/5.4.1/bin/../lib/gcc/arm-none-eabi/5.4.1/armv6-m/crtbegin.o
 *(SORT(.fini_array.*))
                0x00004ed0                __fini_array_end = .
                0x00004ed0                . = ALIGN (0x4)
 *crtbegin.o(.ctors)
 *(EXCLUDE_FILE(*crtend.o) .ctors)
 *(SORT(.ctors.*))
 *crtend.o(.ctors)
                0x00004ed0                . = ALIGN (0x4)
 *crtbegin.o(.dtors)
 *(EXCLUDE_FILE(*crtend.o) .dtors)
 *(SORT(.dtors.*))
 *crtend.o(.dtors)
                0x00004ed0                . = ALIGN (0x4)
                0x00004ed0                __cy_regions = .
                0x00004ed0        0x4 LONG 0x4ee0 __cy_region_init_ram
                0x00004ed4        0x4 LONG 0x200000c0 __cy_region_start_data
                0x00004ed8        0x4 LONG 0x108 __cy_region_init_size_ram
                0x00004edc        0x4 LONG 0x678 __cy_region_zero_size_ram
                0x00004ee0                __cy_regions_end = .
                0x00004ee0                . = ALIGN (0x8)
                0x00004ee0                _etext = .

.cy_checksum_exclude
                0x00004ee0        0x0
 *(.cy_checksum_exclude)

.ramvectors     0x20000000       0xc0
                0x20000000                __cy_region_start_ram = .
 *(.ramvectors)
 .ramvectors    0x20000000       0xc0 .\CortexM0\ARM_GCC_541\Debug\Cm0Start.o
                0x20000000                CyRamVectors

.noinit
 *(.noinit)

.data           0x200000c0      0x108 load address 0x00004ee0
                0x200000c0                __cy_region_start_data = .
 *(.jcr)
 .jcr           0x200000c0        0x0 c:/program files (x86)/cypress/psoc creator/4.2/psoc creator/import/gnu/arm/5.4.1/bin/../lib/gcc/arm-none-eabi/5.4.1/armv6-m/crtbegin.o
 .jcr           0x200000c0        0x4 c:/program files (x86)/cypress/psoc creator/4.2/psoc creator/import/gnu/arm/5.4.1/bin/../lib/gcc/arm-none-eabi/5.4.1/armv6-m/crtend.o
 *(.got.plt)
 *(.got)
 *(.shdata)
 *(.data .data.* .gnu.linkonce.d.*)
 .data          0x200000c4        0x1 .\CortexM0\ARM_GCC_541\Debug\gpib.o
                0x200000c4                my_address
 *fill*         0x200000c5        0x3 
 .data          0x200000c8        0x8 .\CortexM0\ARM_GCC_541\Debug\serial.o
                0x200000c8                output_free
                0x200000cc                input_p
 .data          0x200000d0       0x58 .\CortexM0\ARM_GCC_541\Debug\command.o
                0x20000118                enable_disable_usage
                0x20000120                no_usage_args
 .data          0x20000128        0x4 .\CortexM0\ARM_GCC_541\Debug\Cm0Start.o
 .data          0x2000012c       0x14 .\CortexM0\ARM_GCC_541\Debug\GPIB USB 1.a(CyLib.o)
                0x2000012c                CySysClkPumpConfig
                0x20000130                cydelay32kMs
                0x20000134                cydelayFreqKhz
                0x20000138                cydelayFreqMhz
                0x2000013c                cydelayFreqHz
 .data          0x20000140        0x8 .\CortexM0\ARM_GCC_541\Debug\GPIB USB 1.a(CyLFClk.o)
 .data          0x20000148       0x1a .\CortexM0\ARM_GCC_541\Debug\GPIB USB 1.a(USBUART_cdc.o)
                0x20000148                USBUART_linesCoding
 *fill*         0x20000162        0x2 
 .data.impure_data
                0x20000164       0x60 c:/program files (x86)/cypress/psoc creator/4.2/psoc creator/import/gnu/arm/5.4.1/bin/../lib/gcc/arm-none-eabi/5.4.1/../../../../arm-none-eabi/lib/armv6-m\libg_nano.a(lib_a-impure.o)
 .data._impure_ptr
                0x200001c4        0x4 c:/program files (x86)/cypress/psoc creator/4.2/psoc creator/import/gnu/arm/5.4.1/bin/../lib/gcc/arm-none-eabi/5.4.1/../../../../arm-none-eabi/lib/armv6-m\libg_nano.a(lib_a-impure.o)
                0x200001c4                _impure_ptr
                0x200001c8                . = ALIGN (0x8)
 *(.ram)
                0x200001c8                _edata = .

.igot.plt       0x200001c8        0x0 load address 0x00004fe8
 .igot.plt      0x200001c8        0x0 c:/program files (x86)/cypress/psoc creator/4.2/psoc creator/import/gnu/arm/5.4.1/bin/../lib/gcc/arm-none-eabi/5.4.1/armv6-m/crtbegin.o

.bss            0x200001c8      0x678 load address 0x00004fe8
                0x200001c8                PROVIDE (__bss_start__, .)
 *(.shbss)
 *(.bss .bss.* .gnu.linkonce.b.*)
 .bss           0x200001c8       0x1c c:/program files (x86)/cypress/psoc creator/4.2/psoc creator/import/gnu/arm/5.4.1/bin/../lib/gcc/arm-none-eabi/5.4.1/armv6-m/crtbegin.o
 .bss           0x200001e4        0x4 .\CortexM0\ARM_GCC_541\Debug\gpib.o
                0x200001e4                _gpib_mode
 .bss           0x200001e8        0x4 .\CortexM0\ARM_GCC_541\Debug\serial.o
                0x200001e8                input_avail
 .bss           0x200001ec       0x10 .\CortexM0\ARM_GCC_541\Debug\input.o
                0x200001ec                input_buf_len
                0x200001f0                escape
                0x200001f4                last_buf_len
                0x200001f8                input_cursor_pos
 .bss           0x200001fc        0x4 .\CortexM0\ARM_GCC_541\Debug\command.o
                0x200001fc                tok_count
 .bss           0x20000200       0x20 .\CortexM0\ARM_GCC_541\Debug\GPIB USB 1.a(CyLib.o)
                0x20000200                CySysClkImoTrim4
                0x20000204                CySysClkImoTrim5
                0x2000021c                CySysTickInitVar
 .bss           0x20000220       0x28 .\CortexM0\ARM_GCC_541\Debug\GPIB USB 1.a(CyLFClk.o)
 .bss           0x20000248        0x1 .\CortexM0\ARM_GCC_541\Debug\GPIB USB 1.a(USBUART.o)
                0x20000248                USBUART_initVar
 .bss           0x20000249        0x1 .\CortexM0\ARM_GCC_541\Debug\GPIB USB 1.a(USBUART_cdc.o)
 *fill*         0x2000024a        0x2 
 .bss           0x2000024c        0x2 .\CortexM0\ARM_GCC_541\Debug\GPIB USB 1.a(USBUART_std.o)
 .bss           0x2000024e        0x1 .\CortexM0\ARM_GCC_541\Debug\GPIB USB 1.a(PWM_1.o)
                0x2000024e                PWM_1_initVar
 .bss           0x2000024f        0x1 .\CortexM0\ARM_GCC_541\Debug\GPIB USB 1.a(Timer1.o)
                0x2000024f                Timer1_initVar
 .bss.__malloc_sbrk_start
                0x20000250        0x4 c:/program files (x86)/cypress/psoc creator/4.2/psoc creator/import/gnu/arm/5.4.1/bin/../lib/gcc/arm-none-eabi/5.4.1/../../../../arm-none-eabi/lib/armv6-m\libg_nano.a(lib_a-nano-mallocr.o)
                0x20000250                __malloc_sbrk_start
 .bss.__malloc_free_list
                0x20000254        0x4 c:/program files (x86)/cypress/psoc creator/4.2/psoc creator/import/gnu/arm/5.4.1/bin/../lib/gcc/arm-none-eabi/5.4.1/../../../../arm-none-eabi/lib/armv6-m\libg_nano.a(lib_a-nano-mallocr.o)
                0x20000254                __malloc_free_list
 *(COMMON)
 COMMON         0x20000258      0x100 .\CortexM0\ARM_GCC_541\Debug\gpib.o
                0x20000258                gpib_buffer
 COMMON         0x20000358      0x280 .\CortexM0\ARM_GCC_541\Debug\serial.o
                0x20000358                output_buffer
                0x20000398                input_buffer
                0x200003d8                general_buffer
 COMMON         0x200005d8      0x108 .\CortexM0\ARM_GCC_541\Debug\input.o
                0x200005d8                esc_buf
                0x200005e0                input_buf
                0x20000660                last_buf
 COMMON         0x200006e0       0x50 .\CortexM0\ARM_GCC_541\Debug\command.o
                0x200006e0                toks
 COMMON         0x20000730       0x14 .\CortexM0\ARM_GCC_541\Debug\settings.o
                0x20000730                settings
 COMMON         0x20000744       0x18 .\CortexM0\ARM_GCC_541\Debug\GPIB USB 1.a(USBUART_cdc.o)
                0x20000744                USBUART_linesChanged
                0x20000748                USBUART_cdcDataInEp
                0x2000074c                USBUART_cdcCommInInterruptEp
                0x20000750                USBUART_cdcDataOutEp
                0x20000754                USBUART_serialStateBitmap
                0x20000758                USBUART_linesControlBitmap
 COMMON         0x2000075c       0x9a .\CortexM0\ARM_GCC_541\Debug\GPIB USB 1.a(USBUART_drv.o)
                0x2000075c                USBUART_lastPacketSize
                0x2000075d                USBUART_device
                0x2000075e                USBUART_transferByteCount
                0x20000760                USBUART_transferState
                0x20000764                USBUART_interfaceSettingLast
                0x20000768                USBUART_currentTD
                0x20000774                USBUART_interfaceNumber
                0x20000778                USBUART_interfaceClass
                0x2000077c                USBUART_configurationChanged
                0x2000077d                USBUART_ep0Mode
                0x2000077e                USBUART_deviceAddress
                0x2000077f                USBUART_configuration
                0x20000780                USBUART_ep0Count
                0x20000781                USBUART_deviceStatus
                0x20000784                USBUART_EP
                0x200007f0                USBUART_interfaceSetting
                0x200007f2                USBUART_ep0Toggle
                0x200007f4                USBUART_interfaceStatus
 *fill*         0x200007f6        0x2 
 COMMON         0x200007f8       0x1c .\CortexM0\ARM_GCC_541\Debug\GPIB USB 1.a(EEPROM.o)
                0x200007f8                EEPROM_context
 COMMON         0x20000814       0x22 .\CortexM0\ARM_GCC_541\Debug\GPIB USB 1.a(USBUART_descr.o)
                0x20000814                USBUART_idSerialNumberStringDescriptor
 *fill*         0x20000836        0x2 
 COMMON         0x20000838        0x4 c:/program files (x86)/cypress/psoc creator/4.2/psoc creator/import/gnu/arm/5.4.1/bin/../lib/gcc/arm-none-eabi/5.4.1/../../../../arm-none-eabi/lib/armv6-m\libg_nano.a(lib_a-reent.o)
                0x20000838                errno
                0x20000840                . = ALIGN (0x8)
 *fill*         0x2000083c        0x4 
 *(.ram.b)
                0x20000840                _end = .
                0x20000840                __end = .
                0x20000840                PROVIDE (end, .)
                0x20000840                PROVIDE (__bss_end__, .)
                0x00004ee0                __cy_region_init_ram = LOADADDR (.data)
                0x00000108                __cy_region_init_size_ram = (_edata - ADDR (.data))
                0x00000678                __cy_region_zero_size_ram = (_end - _edata)

.heap           0x20000840       0x80 load address 0x00004fe8
                0x20000840                . = _end
                0x200008c0                . = (. + 0x80)
 *fill*         0x20000840       0x80 
                0x200008c0                __cy_heap_limit = .

.stack          0x20001800      0x800
                0x20001800                __cy_stack_limit = .
                0x20002000                . = (. + 0x800)
 *fill*         0x20001800      0x800 
                0x00000001                ASSERT ((__cy_stack_limit >= __cy_heap_limit), region RAM overflowed with stack)
                0x00000000                cy_checksum_exclude_size = (CY_APPL_LOADABLE == 0x1)?SIZEOF (.cy_checksum_exclude):0x0
                0x00000001                ASSERT ((cy_checksum_exclude_size <= CY_CHECKSUM_EXCLUDE_SIZE), CY_BOOT: Section .cy_checksum_exclude size exceedes specified limit.)
                0x0000ffc0                cyloadermeta_start = (cy_project_type_bootloader || cy_project_type_app_for_stack_and_copier)?(LENGTH (rom) - CY_METADATA_SIZE):0xf0000000

.cyloadermeta
 *(.cyloadermeta)
                0x0000ffc0                cyloadablemeta_start = cy_project_type_app_for_stack_and_copier?((LENGTH (rom) - CY_FLASH_ROW_SIZE) - CY_METADATA_SIZE):((LENGTH (rom) - (CY_FLASH_ROW_SIZE * (CY_APPL_NUM - 0x1))) - CY_METADATA_SIZE)

.cyloadablemeta
 *(.cyloadablemeta)

.cyflashprotect
                0x90400000       0x20
 *(.cyflashprotect)
 .cyflashprotect
                0x90400000       0x20 .\CortexM0\ARM_GCC_541\Debug\cymetadata.o
                0x90400000                cy_meta_flashprotect

.cymeta         0x90500000        0xc
 *(.cymeta)
 .cymeta        0x90500000        0xc .\CortexM0\ARM_GCC_541\Debug\cymetadata.o
                0x90500000                cy_metadata

.cychipprotect  0x90600000        0x1
 *(.cychipprotect)
 .cychipprotect
                0x90600000        0x1 .\CortexM0\ARM_GCC_541\Debug\cymetadata.o
                0x90600000                cy_meta_chipprotect

.rel.dyn        0x00004fe8        0x0 load address 0x90600004
 .rel.iplt      0x00004fe8        0x0 c:/program files (x86)/cypress/psoc creator/4.2/psoc creator/import/gnu/arm/5.4.1/bin/../lib/gcc/arm-none-eabi/5.4.1/armv6-m/crtbegin.o

.stab
 *(.stab)

.stabstr
 *(.stabstr)

.debug
 *(.debug)

.line
 *(.line)

.debug_srcinfo
 *(.debug_srcinfo)

.debug_sfnames
 *(.debug_sfnames)

.debug_aranges  0x00000000      0xec8
 *(.debug_aranges)
 .debug_aranges
                0x00000000       0x20 .\CortexM0\ARM_GCC_541\Debug\main.o
 .debug_aranges
                0x00000020       0xb8 .\CortexM0\ARM_GCC_541\Debug\gpib.o
 .debug_aranges
                0x000000d8       0x50 .\CortexM0\ARM_GCC_541\Debug\serial.o
 .debug_aranges
                0x00000128       0x50 .\CortexM0\ARM_GCC_541\Debug\input.o
 .debug_aranges
                0x00000178       0x98 .\CortexM0\ARM_GCC_541\Debug\command.o
 .debug_aranges
                0x00000210       0x30 .\CortexM0\ARM_GCC_541\Debug\settings.o
 .debug_aranges
                0x00000240       0x28 .\CortexM0\ARM_GCC_541\Debug\utils.o
 .debug_aranges
                0x00000268       0x40 .\CortexM0\ARM_GCC_541\Debug\cyfitter_cfg.o
 .debug_aranges
                0x000002a8       0x18 .\CortexM0\ARM_GCC_541\Debug\cymetadata.o
 .debug_aranges
                0x000002c0       0x48 .\CortexM0\ARM_GCC_541\Debug\Cm0Start.o
 .debug_aranges
                0x00000308       0x90 .\CortexM0\ARM_GCC_541\Debug\GPIB USB 1.a(cy_em_eeprom.o)
 .debug_aranges
                0x00000398       0x40 .\CortexM0\ARM_GCC_541\Debug\GPIB USB 1.a(CyFlash.o)
 .debug_aranges
                0x000003d8      0x260 .\CortexM0\ARM_GCC_541\Debug\GPIB USB 1.a(CyLib.o)
 .debug_aranges
                0x00000638      0x188 .\CortexM0\ARM_GCC_541\Debug\GPIB USB 1.a(CyLFClk.o)
 .debug_aranges
                0x000007c0       0xe0 .\CortexM0\ARM_GCC_541\Debug\GPIB USB 1.a(USBUART.o)
 .debug_aranges
                0x000008a0       0xe8 .\CortexM0\ARM_GCC_541\Debug\GPIB USB 1.a(USBUART_cdc.o)
 .debug_aranges
                0x00000988       0x98 .\CortexM0\ARM_GCC_541\Debug\GPIB USB 1.a(USBUART_drv.o)
 .debug_aranges
                0x00000a20       0x58 .\CortexM0\ARM_GCC_541\Debug\GPIB USB 1.a(USBUART_episr.o)
 .debug_aranges
                0x00000a78       0x40 .\CortexM0\ARM_GCC_541\Debug\GPIB USB 1.a(USBUART_pm.o)
 .debug_aranges
                0x00000ab8       0x80 .\CortexM0\ARM_GCC_541\Debug\GPIB USB 1.a(USBUART_std.o)
 .debug_aranges
                0x00000b38       0x20 .\CortexM0\ARM_GCC_541\Debug\GPIB USB 1.a(USBUART_vnd.o)
 .debug_aranges
                0x00000b58       0x48 .\CortexM0\ARM_GCC_541\Debug\GPIB USB 1.a(USBUART_Dp.o)
 .debug_aranges
                0x00000ba0      0x158 .\CortexM0\ARM_GCC_541\Debug\GPIB USB 1.a(PWM_1.o)
 .debug_aranges
                0x00000cf8       0x20 .\CortexM0\ARM_GCC_541\Debug\GPIB USB 1.a(EEPROM.o)
 .debug_aranges
                0x00000d18      0x158 .\CortexM0\ARM_GCC_541\Debug\GPIB USB 1.a(Timer1.o)
 .debug_aranges
                0x00000e70       0x20 .\CortexM0\ARM_GCC_541\Debug\GPIB USB 1.a(CyBootAsmGnu.o)
 .debug_aranges
                0x00000e90       0x20 .\CortexM0\ARM_GCC_541\Debug\GPIB USB 1.a(USBUART_cls.o)
 .debug_aranges
                0x00000eb0       0x18 .\CortexM0\ARM_GCC_541\Debug\GPIB USB 1.a(USBUART_descr.o)

.debug_pubnames
 *(.debug_pubnames)

.debug_info     0x00000000     0xbd2a
 *(.debug_info .gnu.linkonce.wi.*)
 .debug_info    0x00000000      0x519 .\CortexM0\ARM_GCC_541\Debug\main.o
 .debug_info    0x00000519      0xf57 .\CortexM0\ARM_GCC_541\Debug\gpib.o
 .debug_info    0x00001470      0x3f4 .\CortexM0\ARM_GCC_541\Debug\serial.o
 .debug_info    0x00001864      0x5b8 .\CortexM0\ARM_GCC_541\Debug\input.o
 .debug_info    0x00001e1c      0xc9f .\CortexM0\ARM_GCC_541\Debug\command.o
 .debug_info    0x00002abb      0x339 .\CortexM0\ARM_GCC_541\Debug\settings.o
 .debug_info    0x00002df4      0x17c .\CortexM0\ARM_GCC_541\Debug\utils.o
 .debug_info    0x00002f70      0x3d0 .\CortexM0\ARM_GCC_541\Debug\cyfitter_cfg.o
 .debug_info    0x00003340       0xf8 .\CortexM0\ARM_GCC_541\Debug\cymetadata.o
 .debug_info    0x00003438      0x3a2 .\CortexM0\ARM_GCC_541\Debug\Cm0Start.o
 .debug_info    0x000037da      0xed4 .\CortexM0\ARM_GCC_541\Debug\GPIB USB 1.a(cy_em_eeprom.o)
 .debug_info    0x000046ae      0x352 .\CortexM0\ARM_GCC_541\Debug\GPIB USB 1.a(CyFlash.o)
 .debug_info    0x00004a00     0x17a4 .\CortexM0\ARM_GCC_541\Debug\GPIB USB 1.a(CyLib.o)
 .debug_info    0x000061a4     0x1058 .\CortexM0\ARM_GCC_541\Debug\GPIB USB 1.a(CyLFClk.o)
 .debug_info    0x000071fc      0xb26 .\CortexM0\ARM_GCC_541\Debug\GPIB USB 1.a(USBUART.o)
 .debug_info    0x00007d22      0xb21 .\CortexM0\ARM_GCC_541\Debug\GPIB USB 1.a(USBUART_cdc.o)
 .debug_info    0x00008843      0x666 .\CortexM0\ARM_GCC_541\Debug\GPIB USB 1.a(USBUART_drv.o)
 .debug_info    0x00008ea9      0x3f5 .\CortexM0\ARM_GCC_541\Debug\GPIB USB 1.a(USBUART_episr.o)
 .debug_info    0x0000929e      0x2af .\CortexM0\ARM_GCC_541\Debug\GPIB USB 1.a(USBUART_pm.o)
 .debug_info    0x0000954d      0xbe7 .\CortexM0\ARM_GCC_541\Debug\GPIB USB 1.a(USBUART_std.o)
 .debug_info    0x0000a134       0xf9 .\CortexM0\ARM_GCC_541\Debug\GPIB USB 1.a(USBUART_vnd.o)
 .debug_info    0x0000a22d      0x19b .\CortexM0\ARM_GCC_541\Debug\GPIB USB 1.a(USBUART_Dp.o)
 .debug_info    0x0000a3c8      0x90b .\CortexM0\ARM_GCC_541\Debug\GPIB USB 1.a(PWM_1.o)
 .debug_info    0x0000acd3      0x242 .\CortexM0\ARM_GCC_541\Debug\GPIB USB 1.a(EEPROM.o)
 .debug_info    0x0000af15      0x8f6 .\CortexM0\ARM_GCC_541\Debug\GPIB USB 1.a(Timer1.o)
 .debug_info    0x0000b80b       0x92 .\CortexM0\ARM_GCC_541\Debug\GPIB USB 1.a(CyBootAsmGnu.o)
 .debug_info    0x0000b89d      0x1ea .\CortexM0\ARM_GCC_541\Debug\GPIB USB 1.a(USBUART_cls.o)
 .debug_info    0x0000ba87      0x2a3 .\CortexM0\ARM_GCC_541\Debug\GPIB USB 1.a(USBUART_descr.o)

.debug_abbrev   0x00000000     0x2a2e
 *(.debug_abbrev)
 .debug_abbrev  0x00000000      0x168 .\CortexM0\ARM_GCC_541\Debug\main.o
 .debug_abbrev  0x00000168      0x362 .\CortexM0\ARM_GCC_541\Debug\gpib.o
 .debug_abbrev  0x000004ca      0x181 .\CortexM0\ARM_GCC_541\Debug\serial.o
 .debug_abbrev  0x0000064b      0x1c8 .\CortexM0\ARM_GCC_541\Debug\input.o
 .debug_abbrev  0x00000813      0x254 .\CortexM0\ARM_GCC_541\Debug\command.o
 .debug_abbrev  0x00000a67      0x170 .\CortexM0\ARM_GCC_541\Debug\settings.o
 .debug_abbrev  0x00000bd7       0xc8 .\CortexM0\ARM_GCC_541\Debug\utils.o
 .debug_abbrev  0x00000c9f      0x1af .\CortexM0\ARM_GCC_541\Debug\cyfitter_cfg.o
 .debug_abbrev  0x00000e4e       0x5d .\CortexM0\ARM_GCC_541\Debug\cymetadata.o
 .debug_abbrev  0x00000eab      0x1d7 .\CortexM0\ARM_GCC_541\Debug\Cm0Start.o
 .debug_abbrev  0x00001082      0x238 .\CortexM0\ARM_GCC_541\Debug\GPIB USB 1.a(cy_em_eeprom.o)
 .debug_abbrev  0x000012ba      0x182 .\CortexM0\ARM_GCC_541\Debug\GPIB USB 1.a(CyFlash.o)
 .debug_abbrev  0x0000143c      0x270 .\CortexM0\ARM_GCC_541\Debug\GPIB USB 1.a(CyLib.o)
 .debug_abbrev  0x000016ac      0x248 .\CortexM0\ARM_GCC_541\Debug\GPIB USB 1.a(CyLFClk.o)
 .debug_abbrev  0x000018f4      0x247 .\CortexM0\ARM_GCC_541\Debug\GPIB USB 1.a(USBUART.o)
 .debug_abbrev  0x00001b3b      0x252 .\CortexM0\ARM_GCC_541\Debug\GPIB USB 1.a(USBUART_cdc.o)
 .debug_abbrev  0x00001d8d      0x189 .\CortexM0\ARM_GCC_541\Debug\GPIB USB 1.a(USBUART_drv.o)
 .debug_abbrev  0x00001f16      0x19c .\CortexM0\ARM_GCC_541\Debug\GPIB USB 1.a(USBUART_episr.o)
 .debug_abbrev  0x000020b2      0x108 .\CortexM0\ARM_GCC_541\Debug\GPIB USB 1.a(USBUART_pm.o)
 .debug_abbrev  0x000021ba      0x226 .\CortexM0\ARM_GCC_541\Debug\GPIB USB 1.a(USBUART_std.o)
 .debug_abbrev  0x000023e0       0x9b .\CortexM0\ARM_GCC_541\Debug\GPIB USB 1.a(USBUART_vnd.o)
 .debug_abbrev  0x0000247b       0xc8 .\CortexM0\ARM_GCC_541\Debug\GPIB USB 1.a(USBUART_Dp.o)
 .debug_abbrev  0x00002543      0x119 .\CortexM0\ARM_GCC_541\Debug\GPIB USB 1.a(PWM_1.o)
 .debug_abbrev  0x0000265c      0x110 .\CortexM0\ARM_GCC_541\Debug\GPIB USB 1.a(EEPROM.o)
 .debug_abbrev  0x0000276c      0x119 .\CortexM0\ARM_GCC_541\Debug\GPIB USB 1.a(Timer1.o)
 .debug_abbrev  0x00002885       0x14 .\CortexM0\ARM_GCC_541\Debug\GPIB USB 1.a(CyBootAsmGnu.o)
 .debug_abbrev  0x00002899       0xe1 .\CortexM0\ARM_GCC_541\Debug\GPIB USB 1.a(USBUART_cls.o)
 .debug_abbrev  0x0000297a       0xb4 .\CortexM0\ARM_GCC_541\Debug\GPIB USB 1.a(USBUART_descr.o)

.debug_line     0x00000000     0x4605
 *(.debug_line)
 .debug_line    0x00000000      0x23d .\CortexM0\ARM_GCC_541\Debug\main.o
 .debug_line    0x0000023d      0x440 .\CortexM0\ARM_GCC_541\Debug\gpib.o
 .debug_line    0x0000067d      0x2fc .\CortexM0\ARM_GCC_541\Debug\serial.o
 .debug_line    0x00000979      0x311 .\CortexM0\ARM_GCC_541\Debug\input.o
 .debug_line    0x00000c8a      0x38d .\CortexM0\ARM_GCC_541\Debug\command.o
 .debug_line    0x00001017      0x1c5 .\CortexM0\ARM_GCC_541\Debug\settings.o
 .debug_line    0x000011dc      0x177 .\CortexM0\ARM_GCC_541\Debug\utils.o
 .debug_line    0x00001353      0x17e .\CortexM0\ARM_GCC_541\Debug\cyfitter_cfg.o
 .debug_line    0x000014d1      0x141 .\CortexM0\ARM_GCC_541\Debug\cymetadata.o
 .debug_line    0x00001612      0x236 .\CortexM0\ARM_GCC_541\Debug\Cm0Start.o
 .debug_line    0x00001848      0x495 .\CortexM0\ARM_GCC_541\Debug\GPIB USB 1.a(cy_em_eeprom.o)
 .debug_line    0x00001cdd      0x173 .\CortexM0\ARM_GCC_541\Debug\GPIB USB 1.a(CyFlash.o)
 .debug_line    0x00001e50      0x8e9 .\CortexM0\ARM_GCC_541\Debug\GPIB USB 1.a(CyLib.o)
 .debug_line    0x00002739      0x5d1 .\CortexM0\ARM_GCC_541\Debug\GPIB USB 1.a(CyLFClk.o)
 .debug_line    0x00002d0a      0x38b .\CortexM0\ARM_GCC_541\Debug\GPIB USB 1.a(USBUART.o)
 .debug_line    0x00003095      0x2f7 .\CortexM0\ARM_GCC_541\Debug\GPIB USB 1.a(USBUART_cdc.o)
 .debug_line    0x0000338c      0x22f .\CortexM0\ARM_GCC_541\Debug\GPIB USB 1.a(USBUART_drv.o)
 .debug_line    0x000035bb      0x169 .\CortexM0\ARM_GCC_541\Debug\GPIB USB 1.a(USBUART_episr.o)
 .debug_line    0x00003724      0x104 .\CortexM0\ARM_GCC_541\Debug\GPIB USB 1.a(USBUART_pm.o)
 .debug_line    0x00003828      0x3dd .\CortexM0\ARM_GCC_541\Debug\GPIB USB 1.a(USBUART_std.o)
 .debug_line    0x00003c05       0x73 .\CortexM0\ARM_GCC_541\Debug\GPIB USB 1.a(USBUART_vnd.o)
 .debug_line    0x00003c78       0xc1 .\CortexM0\ARM_GCC_541\Debug\GPIB USB 1.a(USBUART_Dp.o)
 .debug_line    0x00003d39      0x37e .\CortexM0\ARM_GCC_541\Debug\GPIB USB 1.a(PWM_1.o)
 .debug_line    0x000040b7       0x76 .\CortexM0\ARM_GCC_541\Debug\GPIB USB 1.a(EEPROM.o)
 .debug_line    0x0000412d      0x37a .\CortexM0\ARM_GCC_541\Debug\GPIB USB 1.a(Timer1.o)
 .debug_line    0x000044a7       0x68 .\CortexM0\ARM_GCC_541\Debug\GPIB USB 1.a(CyBootAsmGnu.o)
 .debug_line    0x0000450f       0x95 .\CortexM0\ARM_GCC_541\Debug\GPIB USB 1.a(USBUART_cls.o)
 .debug_line    0x000045a4       0x61 .\CortexM0\ARM_GCC_541\Debug\GPIB USB 1.a(USBUART_descr.o)

.debug_frame    0x00000000     0x2be8
 *(.debug_frame)
 .debug_frame   0x00000000       0x38 .\CortexM0\ARM_GCC_541\Debug\main.o
 .debug_frame   0x00000038      0x244 .\CortexM0\ARM_GCC_541\Debug\gpib.o
 .debug_frame   0x0000027c       0xdc .\CortexM0\ARM_GCC_541\Debug\serial.o
 .debug_frame   0x00000358       0xd8 .\CortexM0\ARM_GCC_541\Debug\input.o
 .debug_frame   0x00000430      0x204 .\CortexM0\ARM_GCC_541\Debug\command.o
 .debug_frame   0x00000634       0x58 .\CortexM0\ARM_GCC_541\Debug\settings.o
 .debug_frame   0x0000068c       0x48 .\CortexM0\ARM_GCC_541\Debug\utils.o
 .debug_frame   0x000006d4       0x98 .\CortexM0\ARM_GCC_541\Debug\cyfitter_cfg.o
 .debug_frame   0x0000076c       0xbc .\CortexM0\ARM_GCC_541\Debug\Cm0Start.o
 .debug_frame   0x00000828      0x210 .\CortexM0\ARM_GCC_541\Debug\GPIB USB 1.a(cy_em_eeprom.o)
 .debug_frame   0x00000a38       0x90 .\CortexM0\ARM_GCC_541\Debug\GPIB USB 1.a(CyFlash.o)
 .debug_frame   0x00000ac8      0x704 .\CortexM0\ARM_GCC_541\Debug\GPIB USB 1.a(CyLib.o)
 .debug_frame   0x000011cc      0x4a4 .\CortexM0\ARM_GCC_541\Debug\GPIB USB 1.a(CyLFClk.o)
 .debug_frame   0x00001670      0x228 .\CortexM0\ARM_GCC_541\Debug\GPIB USB 1.a(USBUART.o)
 .debug_frame   0x00001898      0x28c .\CortexM0\ARM_GCC_541\Debug\GPIB USB 1.a(USBUART_cdc.o)
 .debug_frame   0x00001b24      0x1a0 .\CortexM0\ARM_GCC_541\Debug\GPIB USB 1.a(USBUART_drv.o)
 .debug_frame   0x00001cc4       0xcc .\CortexM0\ARM_GCC_541\Debug\GPIB USB 1.a(USBUART_episr.o)
 .debug_frame   0x00001d90       0x98 .\CortexM0\ARM_GCC_541\Debug\GPIB USB 1.a(USBUART_pm.o)
 .debug_frame   0x00001e28      0x18c .\CortexM0\ARM_GCC_541\Debug\GPIB USB 1.a(USBUART_std.o)
 .debug_frame   0x00001fb4       0x20 .\CortexM0\ARM_GCC_541\Debug\GPIB USB 1.a(USBUART_vnd.o)
 .debug_frame   0x00001fd4       0x70 .\CortexM0\ARM_GCC_541\Debug\GPIB USB 1.a(USBUART_Dp.o)
 .debug_frame   0x00002044      0x3a0 .\CortexM0\ARM_GCC_541\Debug\GPIB USB 1.a(PWM_1.o)
 .debug_frame   0x000023e4       0x2c .\CortexM0\ARM_GCC_541\Debug\GPIB USB 1.a(EEPROM.o)
 .debug_frame   0x00002410      0x3a0 .\CortexM0\ARM_GCC_541\Debug\GPIB USB 1.a(Timer1.o)
 .debug_frame   0x000027b0       0x2c .\CortexM0\ARM_GCC_541\Debug\GPIB USB 1.a(USBUART_cls.o)
 .debug_frame   0x000027dc       0x20 c:/program files (x86)/cypress/psoc creator/4.2/psoc creator/import/gnu/arm/5.4.1/bin/../lib/gcc/arm-none-eabi/5.4.1/armv6-m\libgcc.a(_udivsi3.o)
 .debug_frame   0x000027fc       0x20 c:/program files (x86)/cypress/psoc creator/4.2/psoc creator/import/gnu/arm/5.4.1/bin/../lib/gcc/arm-none-eabi/5.4.1/armv6-m\libgcc.a(_divsi3.o)
 .debug_frame   0x0000281c       0x20 c:/program files (x86)/cypress/psoc creator/4.2/psoc creator/import/gnu/arm/5.4.1/bin/../lib/gcc/arm-none-eabi/5.4.1/../../../../arm-none-eabi/lib/armv6-m\libg_nano.a(lib_a-errno.o)
 .debug_frame   0x0000283c       0x28 c:/program files (x86)/cypress/psoc creator/4.2/psoc creator/import/gnu/arm/5.4.1/bin/../lib/gcc/arm-none-eabi/5.4.1/../../../../arm-none-eabi/lib/armv6-m\libg_nano.a(lib_a-exit.o)
 .debug_frame   0x00002864       0x2c c:/program files (x86)/cypress/psoc creator/4.2/psoc creator/import/gnu/arm/5.4.1/bin/../lib/gcc/arm-none-eabi/5.4.1/../../../../arm-none-eabi/lib/armv6-m\libg_nano.a(lib_a-init.o)
 .debug_frame   0x00002890       0x2c c:/program files (x86)/cypress/psoc creator/4.2/psoc creator/import/gnu/arm/5.4.1/bin/../lib/gcc/arm-none-eabi/5.4.1/../../../../arm-none-eabi/lib/armv6-m\libg_nano.a(lib_a-memcmp.o)
 .debug_frame   0x000028bc       0x28 c:/program files (x86)/cypress/psoc creator/4.2/psoc creator/import/gnu/arm/5.4.1/bin/../lib/gcc/arm-none-eabi/5.4.1/../../../../arm-none-eabi/lib/armv6-m\libg_nano.a(lib_a-memcpy-stub.o)
 .debug_frame   0x000028e4       0x20 c:/program files (x86)/cypress/psoc creator/4.2/psoc creator/import/gnu/arm/5.4.1/bin/../lib/gcc/arm-none-eabi/5.4.1/../../../../arm-none-eabi/lib/armv6-m\libg_nano.a(lib_a-memset.o)
 .debug_frame   0x00002904       0x20 c:/program files (x86)/cypress/psoc creator/4.2/psoc creator/import/gnu/arm/5.4.1/bin/../lib/gcc/arm-none-eabi/5.4.1/../../../../arm-none-eabi/lib/armv6-m\libg_nano.a(lib_a-strchr.o)
 .debug_frame   0x00002924       0x20 c:/program files (x86)/cypress/psoc creator/4.2/psoc creator/import/gnu/arm/5.4.1/bin/../lib/gcc/arm-none-eabi/5.4.1/../../../../arm-none-eabi/lib/armv6-m\libg_nano.a(lib_a-strcmp.o)
 .debug_frame   0x00002944       0x48 c:/program files (x86)/cypress/psoc creator/4.2/psoc creator/import/gnu/arm/5.4.1/bin/../lib/gcc/arm-none-eabi/5.4.1/../../../../arm-none-eabi/lib/armv6-m\libg_nano.a(lib_a-vsnprintf.o)
 .debug_frame   0x0000298c       0x74 c:/program files (x86)/cypress/psoc creator/4.2/psoc creator/import/gnu/arm/5.4.1/bin/../lib/gcc/arm-none-eabi/5.4.1/../../../../arm-none-eabi/lib/armv6-m\libg_nano.a(lib_a-nano-svfprintf.o)
 .debug_frame   0x00002a00       0x54 c:/program files (x86)/cypress/psoc creator/4.2/psoc creator/import/gnu/arm/5.4.1/bin/../lib/gcc/arm-none-eabi/5.4.1/../../../../arm-none-eabi/lib/armv6-m\libg_nano.a(lib_a-nano-vfprintf_i.o)
 .debug_frame   0x00002a54       0x20 c:/program files (x86)/cypress/psoc creator/4.2/psoc creator/import/gnu/arm/5.4.1/bin/../lib/gcc/arm-none-eabi/5.4.1/../../../../arm-none-eabi/lib/armv6-m\libg_nano.a(lib_a-memchr-stub.o)
 .debug_frame   0x00002a74       0x28 c:/program files (x86)/cypress/psoc creator/4.2/psoc creator/import/gnu/arm/5.4.1/bin/../lib/gcc/arm-none-eabi/5.4.1/../../../../arm-none-eabi/lib/armv6-m\libg_nano.a(lib_a-memmove.o)
 .debug_frame   0x00002a9c       0x2c c:/program files (x86)/cypress/psoc creator/4.2/psoc creator/import/gnu/arm/5.4.1/bin/../lib/gcc/arm-none-eabi/5.4.1/../../../../arm-none-eabi/lib/armv6-m\libg_nano.a(lib_a-nano-freer.o)
 .debug_frame   0x00002ac8       0x2c c:/program files (x86)/cypress/psoc creator/4.2/psoc creator/import/gnu/arm/5.4.1/bin/../lib/gcc/arm-none-eabi/5.4.1/../../../../arm-none-eabi/lib/armv6-m\libg_nano.a(lib_a-nano-mallocr.o)
 .debug_frame   0x00002af4       0x30 c:/program files (x86)/cypress/psoc creator/4.2/psoc creator/import/gnu/arm/5.4.1/bin/../lib/gcc/arm-none-eabi/5.4.1/../../../../arm-none-eabi/lib/armv6-m\libg_nano.a(lib_a-nano-reallocr.o)
 .debug_frame   0x00002b24       0x2c c:/program files (x86)/cypress/psoc creator/4.2/psoc creator/import/gnu/arm/5.4.1/bin/../lib/gcc/arm-none-eabi/5.4.1/../../../../arm-none-eabi/lib/armv6-m\libg_nano.a(lib_a-sbrkr.o)
 .debug_frame   0x00002b50       0x30 c:/program files (x86)/cypress/psoc creator/4.2/psoc creator/import/gnu/arm/5.4.1/bin/../lib/gcc/arm-none-eabi/5.4.1/../../../../arm-none-eabi/lib/armv6-m\libg_nano.a(lib_a-mlock.o)
 .debug_frame   0x00002b80       0x20 c:/program files (x86)/cypress/psoc creator/4.2/psoc creator/import/gnu/arm/5.4.1/bin/../lib/gcc/arm-none-eabi/5.4.1/../../../../arm-none-eabi/lib/armv6-m\libg_nano.a(lib_a-nano-msizer.o)
 .debug_frame   0x00002ba0       0x48 c:/program files (x86)/cypress/psoc creator/4.2/psoc creator/import/gnu/arm/5.4.1/bin/../lib/gcc/arm-none-eabi/5.4.1/../../../../arm-none-eabi/lib/armv6-m\libg_nano.a(lib_a-reent.o)

.debug_str      0x00000000     0x3965
 *(.debug_str)
 .debug_str     0x00000000      0x341 .\CortexM0\ARM_GCC_541\Debug\main.o
                                0x3ab (size before relaxing)
 .debug_str     0x00000341      0x1c7 .\CortexM0\ARM_GCC_541\Debug\gpib.o
                                0x43d (size before relaxing)
 .debug_str     0x00000508      0x16e .\CortexM0\ARM_GCC_541\Debug\serial.o
                                0x2f2 (size before relaxing)
 .debug_str     0x00000676       0x88 .\CortexM0\ARM_GCC_541\Debug\input.o
                                0x2ef (size before relaxing)
 .debug_str     0x000006fe      0x156 .\CortexM0\ARM_GCC_541\Debug\command.o
                                0x43d (size before relaxing)
 .debug_str     0x00000854      0x17a .\CortexM0\ARM_GCC_541\Debug\settings.o
                                0x38c (size before relaxing)
 .debug_str     0x000009ce        0xf .\CortexM0\ARM_GCC_541\Debug\utils.o
                                0x1b7 (size before relaxing)
 .debug_str     0x000009dd      0x132 .\CortexM0\ARM_GCC_541\Debug\cyfitter_cfg.o
                                0x2f1 (size before relaxing)
 .debug_str     0x00000b0f       0x59 .\CortexM0\ARM_GCC_541\Debug\cymetadata.o
                                0x1ca (size before relaxing)
 .debug_str     0x00000b68      0x135 .\CortexM0\ARM_GCC_541\Debug\Cm0Start.o
                                0x303 (size before relaxing)
 .debug_str     0x00000c9d      0x339 .\CortexM0\ARM_GCC_541\Debug\GPIB USB 1.a(cy_em_eeprom.o)
                                0x638 (size before relaxing)
 .debug_str     0x00000fd6       0xe2 .\CortexM0\ARM_GCC_541\Debug\GPIB USB 1.a(CyFlash.o)
                                0x2b2 (size before relaxing)
 .debug_str     0x000010b8      0x876 .\CortexM0\ARM_GCC_541\Debug\GPIB USB 1.a(CyLib.o)
                                0xb28 (size before relaxing)
 .debug_str     0x0000192e      0x6e2 .\CortexM0\ARM_GCC_541\Debug\GPIB USB 1.a(CyLFClk.o)
                                0x91f (size before relaxing)
 .debug_str     0x00002010      0x48c .\CortexM0\ARM_GCC_541\Debug\GPIB USB 1.a(USBUART.o)
                                0x724 (size before relaxing)
 .debug_str     0x0000249c      0x4ce .\CortexM0\ARM_GCC_541\Debug\GPIB USB 1.a(USBUART_cdc.o)
                                0x7da (size before relaxing)
 .debug_str     0x0000296a      0x291 .\CortexM0\ARM_GCC_541\Debug\GPIB USB 1.a(USBUART_drv.o)
                                0x652 (size before relaxing)
 .debug_str     0x00002bfb       0xf6 .\CortexM0\ARM_GCC_541\Debug\GPIB USB 1.a(USBUART_episr.o)
                                0x36c (size before relaxing)
 .debug_str     0x00002cf1       0xf8 .\CortexM0\ARM_GCC_541\Debug\GPIB USB 1.a(USBUART_pm.o)
                                0x316 (size before relaxing)
 .debug_str     0x00002de9      0x259 .\CortexM0\ARM_GCC_541\Debug\GPIB USB 1.a(USBUART_std.o)
                                0x81c (size before relaxing)
 .debug_str     0x00003042       0x25 .\CortexM0\ARM_GCC_541\Debug\GPIB USB 1.a(USBUART_vnd.o)
                                0x1f6 (size before relaxing)
 .debug_str     0x00003067       0xb4 .\CortexM0\ARM_GCC_541\Debug\GPIB USB 1.a(USBUART_Dp.o)
                                0x25b (size before relaxing)
 .debug_str     0x0000311b      0x3c9 .\CortexM0\ARM_GCC_541\Debug\GPIB USB 1.a(PWM_1.o)
                                0x5b3 (size before relaxing)
 .debug_str     0x000034e4       0x3b .\CortexM0\ARM_GCC_541\Debug\GPIB USB 1.a(EEPROM.o)
                                0x327 (size before relaxing)
 .debug_str     0x0000351f      0x31d .\CortexM0\ARM_GCC_541\Debug\GPIB USB 1.a(Timer1.o)
                                0x5dd (size before relaxing)
 .debug_str     0x0000383c       0x25 .\CortexM0\ARM_GCC_541\Debug\GPIB USB 1.a(USBUART_cls.o)
                                0x2b5 (size before relaxing)
 .debug_str     0x00003861      0x104 .\CortexM0\ARM_GCC_541\Debug\GPIB USB 1.a(USBUART_descr.o)
                                0x35b (size before relaxing)

.debug_loc      0x00000000     0x70e6
 *(.debug_loc)
 .debug_loc     0x00000000      0x11a .\CortexM0\ARM_GCC_541\Debug\main.o
 .debug_loc     0x0000011a      0x6f5 .\CortexM0\ARM_GCC_541\Debug\gpib.o
 .debug_loc     0x0000080f       0xe3 .\CortexM0\ARM_GCC_541\Debug\serial.o
 .debug_loc     0x000008f2       0xc1 .\CortexM0\ARM_GCC_541\Debug\input.o
 .debug_loc     0x000009b3      0x775 .\CortexM0\ARM_GCC_541\Debug\command.o
 .debug_loc     0x00001128       0x52 .\CortexM0\ARM_GCC_541\Debug\settings.o
 .debug_loc     0x0000117a      0x127 .\CortexM0\ARM_GCC_541\Debug\utils.o
 .debug_loc     0x000012a1      0x118 .\CortexM0\ARM_GCC_541\Debug\cyfitter_cfg.o
 .debug_loc     0x000013b9      0x14f .\CortexM0\ARM_GCC_541\Debug\Cm0Start.o
 .debug_loc     0x00001508     0x120d .\CortexM0\ARM_GCC_541\Debug\GPIB USB 1.a(cy_em_eeprom.o)
 .debug_loc     0x00002715      0x160 .\CortexM0\ARM_GCC_541\Debug\GPIB USB 1.a(CyFlash.o)
 .debug_loc     0x00002875     0x188b .\CortexM0\ARM_GCC_541\Debug\GPIB USB 1.a(CyLib.o)
 .debug_loc     0x00004100      0xdb7 .\CortexM0\ARM_GCC_541\Debug\GPIB USB 1.a(CyLFClk.o)
 .debug_loc     0x00004eb7      0x576 .\CortexM0\ARM_GCC_541\Debug\GPIB USB 1.a(USBUART.o)
 .debug_loc     0x0000542d      0x59a .\CortexM0\ARM_GCC_541\Debug\GPIB USB 1.a(USBUART_cdc.o)
 .debug_loc     0x000059c7      0x145 .\CortexM0\ARM_GCC_541\Debug\GPIB USB 1.a(USBUART_drv.o)
 .debug_loc     0x00005b0c       0xb7 .\CortexM0\ARM_GCC_541\Debug\GPIB USB 1.a(USBUART_episr.o)
 .debug_loc     0x00005bc3       0x26 .\CortexM0\ARM_GCC_541\Debug\GPIB USB 1.a(USBUART_pm.o)
 .debug_loc     0x00005be9      0x957 .\CortexM0\ARM_GCC_541\Debug\GPIB USB 1.a(USBUART_std.o)
 .debug_loc     0x00006540       0x81 .\CortexM0\ARM_GCC_541\Debug\GPIB USB 1.a(USBUART_Dp.o)
 .debug_loc     0x000065c1      0x547 .\CortexM0\ARM_GCC_541\Debug\GPIB USB 1.a(PWM_1.o)
 .debug_loc     0x00006b08       0x2d .\CortexM0\ARM_GCC_541\Debug\GPIB USB 1.a(EEPROM.o)
 .debug_loc     0x00006b35      0x547 .\CortexM0\ARM_GCC_541\Debug\GPIB USB 1.a(Timer1.o)
 .debug_loc     0x0000707c       0x6a .\CortexM0\ARM_GCC_541\Debug\GPIB USB 1.a(USBUART_cls.o)

.debug_macinfo
 *(.debug_macinfo)

.debug_ranges   0x00000000      0xe00
 *(.debug_ranges)
 .debug_ranges  0x00000000       0x10 .\CortexM0\ARM_GCC_541\Debug\main.o
 .debug_ranges  0x00000010       0xa8 .\CortexM0\ARM_GCC_541\Debug\gpib.o
 .debug_ranges  0x000000b8       0x40 .\CortexM0\ARM_GCC_541\Debug\serial.o
 .debug_ranges  0x000000f8       0x40 .\CortexM0\ARM_GCC_541\Debug\input.o
 .debug_ranges  0x00000138       0xa0 .\CortexM0\ARM_GCC_541\Debug\command.o
 .debug_ranges  0x000001d8       0x20 .\CortexM0\ARM_GCC_541\Debug\settings.o
 .debug_ranges  0x000001f8       0x48 .\CortexM0\ARM_GCC_541\Debug\utils.o
 .debug_ranges  0x00000240       0x30 .\CortexM0\ARM_GCC_541\Debug\cyfitter_cfg.o
 .debug_ranges  0x00000270       0x38 .\CortexM0\ARM_GCC_541\Debug\Cm0Start.o
 .debug_ranges  0x000002a8      0x120 .\CortexM0\ARM_GCC_541\Debug\GPIB USB 1.a(cy_em_eeprom.o)
 .debug_ranges  0x000003c8       0x30 .\CortexM0\ARM_GCC_541\Debug\GPIB USB 1.a(CyFlash.o)
 .debug_ranges  0x000003f8      0x250 .\CortexM0\ARM_GCC_541\Debug\GPIB USB 1.a(CyLib.o)
 .debug_ranges  0x00000648      0x178 .\CortexM0\ARM_GCC_541\Debug\GPIB USB 1.a(CyLFClk.o)
 .debug_ranges  0x000007c0      0x100 .\CortexM0\ARM_GCC_541\Debug\GPIB USB 1.a(USBUART.o)
 .debug_ranges  0x000008c0       0xd8 .\CortexM0\ARM_GCC_541\Debug\GPIB USB 1.a(USBUART_cdc.o)
 .debug_ranges  0x00000998       0x88 .\CortexM0\ARM_GCC_541\Debug\GPIB USB 1.a(USBUART_drv.o)
 .debug_ranges  0x00000a20       0x48 .\CortexM0\ARM_GCC_541\Debug\GPIB USB 1.a(USBUART_episr.o)
 .debug_ranges  0x00000a68       0x30 .\CortexM0\ARM_GCC_541\Debug\GPIB USB 1.a(USBUART_pm.o)
 .debug_ranges  0x00000a98       0x70 .\CortexM0\ARM_GCC_541\Debug\GPIB USB 1.a(USBUART_std.o)
 .debug_ranges  0x00000b08       0x10 .\CortexM0\ARM_GCC_541\Debug\GPIB USB 1.a(USBUART_vnd.o)
 .debug_ranges  0x00000b18       0x38 .\CortexM0\ARM_GCC_541\Debug\GPIB USB 1.a(USBUART_Dp.o)
 .debug_ranges  0x00000b50      0x148 .\CortexM0\ARM_GCC_541\Debug\GPIB USB 1.a(PWM_1.o)
 .debug_ranges  0x00000c98       0x10 .\CortexM0\ARM_GCC_541\Debug\GPIB USB 1.a(EEPROM.o)
 .debug_ranges  0x00000ca8      0x148 .\CortexM0\ARM_GCC_541\Debug\GPIB USB 1.a(Timer1.o)
 .debug_ranges  0x00000df0       0x10 .\CortexM0\ARM_GCC_541\Debug\GPIB USB 1.a(USBUART_cls.o)

.comment        0x00000000       0x6e
 .comment       0x00000000       0x6e .\CortexM0\ARM_GCC_541\Debug\main.o
                                 0x6f (size before relaxing)
 .comment       0x0000006e       0x6f .\CortexM0\ARM_GCC_541\Debug\gpib.o
 .comment       0x0000006e       0x6f .\CortexM0\ARM_GCC_541\Debug\serial.o
 .comment       0x0000006e       0x6f .\CortexM0\ARM_GCC_541\Debug\input.o
 .comment       0x0000006e       0x6f .\CortexM0\ARM_GCC_541\Debug\command.o
 .comment       0x0000006e       0x6f .\CortexM0\ARM_GCC_541\Debug\settings.o
 .comment       0x0000006e       0x6f .\CortexM0\ARM_GCC_541\Debug\utils.o
 .comment       0x0000006e       0x6f .\CortexM0\ARM_GCC_541\Debug\cyfitter_cfg.o
 .comment       0x0000006e       0x6f .\CortexM0\ARM_GCC_541\Debug\cymetadata.o
 .comment       0x0000006e       0x6f .\CortexM0\ARM_GCC_541\Debug\Cm0Start.o
 .comment       0x0000006e       0x6f .\CortexM0\ARM_GCC_541\Debug\GPIB USB 1.a(cy_em_eeprom.o)
 .comment       0x0000006e       0x6f .\CortexM0\ARM_GCC_541\Debug\GPIB USB 1.a(CyFlash.o)
 .comment       0x0000006e       0x6f .\CortexM0\ARM_GCC_541\Debug\GPIB USB 1.a(CyLib.o)
 .comment       0x0000006e       0x6f .\CortexM0\ARM_GCC_541\Debug\GPIB USB 1.a(CyLFClk.o)
 .comment       0x0000006e       0x6f .\CortexM0\ARM_GCC_541\Debug\GPIB USB 1.a(USBUART.o)
 .comment       0x0000006e       0x6f .\CortexM0\ARM_GCC_541\Debug\GPIB USB 1.a(USBUART_cdc.o)
 .comment       0x0000006e       0x6f .\CortexM0\ARM_GCC_541\Debug\GPIB USB 1.a(USBUART_drv.o)
 .comment       0x0000006e       0x6f .\CortexM0\ARM_GCC_541\Debug\GPIB USB 1.a(USBUART_episr.o)
 .comment       0x0000006e       0x6f .\CortexM0\ARM_GCC_541\Debug\GPIB USB 1.a(USBUART_pm.o)
 .comment       0x0000006e       0x6f .\CortexM0\ARM_GCC_541\Debug\GPIB USB 1.a(USBUART_std.o)
 .comment       0x0000006e       0x6f .\CortexM0\ARM_GCC_541\Debug\GPIB USB 1.a(USBUART_vnd.o)
 .comment       0x0000006e       0x6f .\CortexM0\ARM_GCC_541\Debug\GPIB USB 1.a(USBUART_Dp.o)
 .comment       0x0000006e       0x6f .\CortexM0\ARM_GCC_541\Debug\GPIB USB 1.a(PWM_1.o)
 .comment       0x0000006e       0x6f .\CortexM0\ARM_GCC_541\Debug\GPIB USB 1.a(EEPROM.o)
 .comment       0x0000006e       0x6f .\CortexM0\ARM_GCC_541\Debug\GPIB USB 1.a(Timer1.o)
 .comment       0x0000006e       0x6f .\CortexM0\ARM_GCC_541\Debug\GPIB USB 1.a(USBUART_cls.o)
 .comment       0x0000006e       0x6f .\CortexM0\ARM_GCC_541\Debug\GPIB USB 1.a(USBUART_descr.o)

.debug_weaknames
 *(.debug_weaknames)

.debug_funcnames
 *(.debug_funcnames)

.debug_typenames
 *(.debug_typenames)

.debug_varnames
 *(.debug_varnames)

.note.gnu.arm.ident
 *(.note.gnu.arm.ident)

.ARM.attributes
                0x00000000       0x28
 *(.ARM.attributes)
 .ARM.attributes
                0x00000000       0x1e c:/program files (x86)/cypress/psoc creator/4.2/psoc creator/import/gnu/arm/5.4.1/bin/../lib/gcc/arm-none-eabi/5.4.1/armv6-m/crti.o
 .ARM.attributes
                0x0000001e       0x2c c:/program files (x86)/cypress/psoc creator/4.2/psoc creator/import/gnu/arm/5.4.1/bin/../lib/gcc/arm-none-eabi/5.4.1/armv6-m/crtbegin.o
 .ARM.attributes
                0x0000004a       0x1b c:/program files (x86)/cypress/psoc creator/4.2/psoc creator/import/gnu/arm/5.4.1/bin/../lib/gcc/arm-none-eabi/5.4.1/../../../../arm-none-eabi/lib/armv6-m/crt0.o
 .ARM.attributes
                0x00000065       0x31 .\CortexM0\ARM_GCC_541\Debug\main.o
 .ARM.attributes
                0x00000096       0x31 .\CortexM0\ARM_GCC_541\Debug\gpib.o
 .ARM.attributes
                0x000000c7       0x31 .\CortexM0\ARM_GCC_541\Debug\serial.o
 .ARM.attributes
                0x000000f8       0x31 .\CortexM0\ARM_GCC_541\Debug\input.o
 .ARM.attributes
                0x00000129       0x31 .\CortexM0\ARM_GCC_541\Debug\command.o
 .ARM.attributes
                0x0000015a       0x31 .\CortexM0\ARM_GCC_541\Debug\settings.o
 .ARM.attributes
                0x0000018b       0x31 .\CortexM0\ARM_GCC_541\Debug\utils.o
 .ARM.attributes
                0x000001bc       0x31 .\CortexM0\ARM_GCC_541\Debug\cyfitter_cfg.o
 .ARM.attributes
                0x000001ed       0x31 .\CortexM0\ARM_GCC_541\Debug\cymetadata.o
 .ARM.attributes
                0x0000021e       0x31 .\CortexM0\ARM_GCC_541\Debug\Cm0Start.o
 .ARM.attributes
                0x0000024f       0x31 .\CortexM0\ARM_GCC_541\Debug\GPIB USB 1.a(cy_em_eeprom.o)
 .ARM.attributes
                0x00000280       0x31 .\CortexM0\ARM_GCC_541\Debug\GPIB USB 1.a(CyFlash.o)
 .ARM.attributes
                0x000002b1       0x31 .\CortexM0\ARM_GCC_541\Debug\GPIB USB 1.a(CyLib.o)
 .ARM.attributes
                0x000002e2       0x31 .\CortexM0\ARM_GCC_541\Debug\GPIB USB 1.a(CyLFClk.o)
 .ARM.attributes
                0x00000313       0x31 .\CortexM0\ARM_GCC_541\Debug\GPIB USB 1.a(USBUART.o)
 .ARM.attributes
                0x00000344       0x31 .\CortexM0\ARM_GCC_541\Debug\GPIB USB 1.a(USBUART_cdc.o)
 .ARM.attributes
                0x00000375       0x31 .\CortexM0\ARM_GCC_541\Debug\GPIB USB 1.a(USBUART_drv.o)
 .ARM.attributes
                0x000003a6       0x31 .\CortexM0\ARM_GCC_541\Debug\GPIB USB 1.a(USBUART_episr.o)
 .ARM.attributes
                0x000003d7       0x31 .\CortexM0\ARM_GCC_541\Debug\GPIB USB 1.a(USBUART_pm.o)
 .ARM.attributes
                0x00000408       0x31 .\CortexM0\ARM_GCC_541\Debug\GPIB USB 1.a(USBUART_std.o)
 .ARM.attributes
                0x00000439       0x31 .\CortexM0\ARM_GCC_541\Debug\GPIB USB 1.a(USBUART_vnd.o)
 .ARM.attributes
                0x0000046a       0x31 .\CortexM0\ARM_GCC_541\Debug\GPIB USB 1.a(USBUART_Dp.o)
 .ARM.attributes
                0x0000049b       0x31 .\CortexM0\ARM_GCC_541\Debug\GPIB USB 1.a(PWM_1.o)
 .ARM.attributes
                0x000004cc       0x31 .\CortexM0\ARM_GCC_541\Debug\GPIB USB 1.a(EEPROM.o)
 .ARM.attributes
                0x000004fd       0x31 .\CortexM0\ARM_GCC_541\Debug\GPIB USB 1.a(Timer1.o)
 .ARM.attributes
                0x0000052e       0x21 .\CortexM0\ARM_GCC_541\Debug\GPIB USB 1.a(CyBootAsmGnu.o)
 .ARM.attributes
                0x0000054f       0x31 .\CortexM0\ARM_GCC_541\Debug\GPIB USB 1.a(USBUART_cls.o)
 .ARM.attributes
                0x00000580       0x31 .\CortexM0\ARM_GCC_541\Debug\GPIB USB 1.a(USBUART_descr.o)
 .ARM.attributes
                0x000005b1       0x1e c:/program files (x86)/cypress/psoc creator/4.2/psoc creator/import/gnu/arm/5.4.1/bin/../lib/gcc/arm-none-eabi/5.4.1/armv6-m\libgcc.a(_udivsi3.o)
 .ARM.attributes
                0x000005cf       0x1e c:/program files (x86)/cypress/psoc creator/4.2/psoc creator/import/gnu/arm/5.4.1/bin/../lib/gcc/arm-none-eabi/5.4.1/armv6-m\libgcc.a(_divsi3.o)
 .ARM.attributes