ARM GAS  C:\Users\essele\AppData\Local\Temp\ccZneKWa.s 			page 1


   1              		.syntax unified
   2              		.cpu cortex-m0
   3              		.fpu softvfp
   4              		.eabi_attribute 20, 1
   5              		.eabi_attribute 21, 1
   6              		.eabi_attribute 23, 3
   7              		.eabi_attribute 24, 1
   8              		.eabi_attribute 25, 1
   9              		.eabi_attribute 26, 1
  10              		.eabi_attribute 30, 1
  11              		.eabi_attribute 34, 0
  12              		.eabi_attribute 18, 4
  13              		.thumb
  14              		.syntax unified
  15              		.file	"Port_1.c"
  16              		.text
  17              	.Ltext0:
  18              		.cfi_sections	.debug_frame
  19              		.section	.text.Port_1_SetDriveMode,"ax",%progbits
  20              		.align	2
  21              		.global	Port_1_SetDriveMode
  22              		.code	16
  23              		.thumb_func
  24              		.type	Port_1_SetDriveMode, %function
  25              	Port_1_SetDriveMode:
  26              	.LFB0:
  27              		.file 1 "Generated_Source\\PSoC4\\Port_1.c"
   1:Generated_Source\PSoC4/Port_1.c **** /*******************************************************************************
   2:Generated_Source\PSoC4/Port_1.c **** * File Name: Port_1.c  
   3:Generated_Source\PSoC4/Port_1.c **** * Version 2.20
   4:Generated_Source\PSoC4/Port_1.c **** *
   5:Generated_Source\PSoC4/Port_1.c **** * Description:
   6:Generated_Source\PSoC4/Port_1.c **** *  This file contains API to enable firmware control of a Pins component.
   7:Generated_Source\PSoC4/Port_1.c **** *
   8:Generated_Source\PSoC4/Port_1.c **** ********************************************************************************
   9:Generated_Source\PSoC4/Port_1.c **** * Copyright 2008-2015, Cypress Semiconductor Corporation.  All rights reserved.
  10:Generated_Source\PSoC4/Port_1.c **** * You may use this file only in accordance with the license, terms, conditions, 
  11:Generated_Source\PSoC4/Port_1.c **** * disclaimers, and limitations in the end user license agreement accompanying 
  12:Generated_Source\PSoC4/Port_1.c **** * the software package with which this file was provided.
  13:Generated_Source\PSoC4/Port_1.c **** *******************************************************************************/
  14:Generated_Source\PSoC4/Port_1.c **** 
  15:Generated_Source\PSoC4/Port_1.c **** #include "cytypes.h"
  16:Generated_Source\PSoC4/Port_1.c **** #include "Port_1.h"
  17:Generated_Source\PSoC4/Port_1.c **** 
  18:Generated_Source\PSoC4/Port_1.c **** 
  19:Generated_Source\PSoC4/Port_1.c **** #if defined(Port_1__PC)
  20:Generated_Source\PSoC4/Port_1.c ****     #define Port_1_SetP4PinDriveMode(shift, mode)  \
  21:Generated_Source\PSoC4/Port_1.c ****     do { \
  22:Generated_Source\PSoC4/Port_1.c ****         Port_1_PC =   (Port_1_PC & \
  23:Generated_Source\PSoC4/Port_1.c ****                                 (uint32)(~(uint32)(Port_1_DRIVE_MODE_IND_MASK << \
  24:Generated_Source\PSoC4/Port_1.c ****                                 (Port_1_DRIVE_MODE_BITS * (shift))))) | \
  25:Generated_Source\PSoC4/Port_1.c ****                                 (uint32)((uint32)(mode) << \
  26:Generated_Source\PSoC4/Port_1.c ****                                 (Port_1_DRIVE_MODE_BITS * (shift))); \
  27:Generated_Source\PSoC4/Port_1.c ****     } while (0)
  28:Generated_Source\PSoC4/Port_1.c **** #else
  29:Generated_Source\PSoC4/Port_1.c ****     #if (CY_PSOC4_4200L)
  30:Generated_Source\PSoC4/Port_1.c ****         #define Port_1_SetP4PinDriveMode(shift, mode)  \
ARM GAS  C:\Users\essele\AppData\Local\Temp\ccZneKWa.s 			page 2


  31:Generated_Source\PSoC4/Port_1.c ****         do { \
  32:Generated_Source\PSoC4/Port_1.c ****             Port_1_USBIO_CTRL_REG = (Port_1_USBIO_CTRL_REG & \
  33:Generated_Source\PSoC4/Port_1.c ****                                     (uint32)(~(uint32)(Port_1_DRIVE_MODE_IND_MASK << \
  34:Generated_Source\PSoC4/Port_1.c ****                                     (Port_1_DRIVE_MODE_BITS * (shift))))) | \
  35:Generated_Source\PSoC4/Port_1.c ****                                     (uint32)((uint32)(mode) << \
  36:Generated_Source\PSoC4/Port_1.c ****                                     (Port_1_DRIVE_MODE_BITS * (shift))); \
  37:Generated_Source\PSoC4/Port_1.c ****         } while (0)
  38:Generated_Source\PSoC4/Port_1.c ****     #endif
  39:Generated_Source\PSoC4/Port_1.c **** #endif
  40:Generated_Source\PSoC4/Port_1.c ****   
  41:Generated_Source\PSoC4/Port_1.c **** 
  42:Generated_Source\PSoC4/Port_1.c **** #if defined(Port_1__PC) || (CY_PSOC4_4200L) 
  43:Generated_Source\PSoC4/Port_1.c ****     /*******************************************************************************
  44:Generated_Source\PSoC4/Port_1.c ****     * Function Name: Port_1_SetDriveMode
  45:Generated_Source\PSoC4/Port_1.c ****     ****************************************************************************//**
  46:Generated_Source\PSoC4/Port_1.c ****     *
  47:Generated_Source\PSoC4/Port_1.c ****     * \brief Sets the drive mode for each of the Pins component's pins.
  48:Generated_Source\PSoC4/Port_1.c ****     * 
  49:Generated_Source\PSoC4/Port_1.c ****     * <b>Note</b> This affects all pins in the Pins component instance. Use the
  50:Generated_Source\PSoC4/Port_1.c ****     * Per-Pin APIs if you wish to control individual pin's drive modes.
  51:Generated_Source\PSoC4/Port_1.c ****     *
  52:Generated_Source\PSoC4/Port_1.c ****     * <b>Note</b> USBIOs have limited drive functionality. Refer to the Drive Mode
  53:Generated_Source\PSoC4/Port_1.c ****     * parameter for more information.
  54:Generated_Source\PSoC4/Port_1.c ****     *
  55:Generated_Source\PSoC4/Port_1.c ****     * \param mode
  56:Generated_Source\PSoC4/Port_1.c ****     *  Mode for the selected signals. Valid options are documented in 
  57:Generated_Source\PSoC4/Port_1.c ****     *  \ref driveMode.
  58:Generated_Source\PSoC4/Port_1.c ****     *
  59:Generated_Source\PSoC4/Port_1.c ****     * \return
  60:Generated_Source\PSoC4/Port_1.c ****     *  None
  61:Generated_Source\PSoC4/Port_1.c ****     *
  62:Generated_Source\PSoC4/Port_1.c ****     * \sideeffect
  63:Generated_Source\PSoC4/Port_1.c ****     *  If you use read-modify-write operations that are not atomic, the ISR can
  64:Generated_Source\PSoC4/Port_1.c ****     *  cause corruption of this function. An ISR that interrupts this function 
  65:Generated_Source\PSoC4/Port_1.c ****     *  and performs writes to the Pins component Drive Mode registers can cause 
  66:Generated_Source\PSoC4/Port_1.c ****     *  corrupted port data. To avoid this issue, you should either use the Per-Pin
  67:Generated_Source\PSoC4/Port_1.c ****     *  APIs (primary method) or disable interrupts around this function.
  68:Generated_Source\PSoC4/Port_1.c ****     *
  69:Generated_Source\PSoC4/Port_1.c ****     * \funcusage
  70:Generated_Source\PSoC4/Port_1.c ****     *  \snippet Port_1_SUT.c usage_Port_1_SetDriveMode
  71:Generated_Source\PSoC4/Port_1.c ****     *******************************************************************************/
  72:Generated_Source\PSoC4/Port_1.c ****     void Port_1_SetDriveMode(uint8 mode)
  73:Generated_Source\PSoC4/Port_1.c ****     {
  28              		.loc 1 73 0
  29              		.cfi_startproc
  30              		@ args = 0, pretend = 0, frame = 0
  31              		@ frame_needed = 0, uses_anonymous_args = 0
  32              		@ link register save eliminated.
  33              	.LVL0:
  74:Generated_Source\PSoC4/Port_1.c **** 		Port_1_SetP4PinDriveMode(Port_1__0__SHIFT, mode);
  34              		.loc 1 74 0
  35 0000 184B     		ldr	r3, .L2
  36 0002 1A68     		ldr	r2, [r3]
  37 0004 0721     		movs	r1, #7
  38 0006 8A43     		bics	r2, r1
  39 0008 0243     		orrs	r2, r0
  40 000a 1A60     		str	r2, [r3]
ARM GAS  C:\Users\essele\AppData\Local\Temp\ccZneKWa.s 			page 3


  75:Generated_Source\PSoC4/Port_1.c **** 		Port_1_SetP4PinDriveMode(Port_1__1__SHIFT, mode);
  41              		.loc 1 75 0
  42 000c 1A68     		ldr	r2, [r3]
  43 000e 3131     		adds	r1, r1, #49
  44 0010 8A43     		bics	r2, r1
  45 0012 C100     		lsls	r1, r0, #3
  46 0014 0A43     		orrs	r2, r1
  47 0016 1A60     		str	r2, [r3]
  76:Generated_Source\PSoC4/Port_1.c **** 		Port_1_SetP4PinDriveMode(Port_1__2__SHIFT, mode);
  48              		.loc 1 76 0
  49 0018 1968     		ldr	r1, [r3]
  50 001a 134A     		ldr	r2, .L2+4
  51 001c 0A40     		ands	r2, r1
  52 001e 8101     		lsls	r1, r0, #6
  53 0020 0A43     		orrs	r2, r1
  54 0022 1A60     		str	r2, [r3]
  77:Generated_Source\PSoC4/Port_1.c **** 		Port_1_SetP4PinDriveMode(Port_1__3__SHIFT, mode);
  55              		.loc 1 77 0
  56 0024 1968     		ldr	r1, [r3]
  57 0026 114A     		ldr	r2, .L2+8
  58 0028 0A40     		ands	r2, r1
  59 002a 4102     		lsls	r1, r0, #9
  60 002c 0A43     		orrs	r2, r1
  61 002e 1A60     		str	r2, [r3]
  78:Generated_Source\PSoC4/Port_1.c **** 		Port_1_SetP4PinDriveMode(Port_1__4__SHIFT, mode);
  62              		.loc 1 78 0
  63 0030 1968     		ldr	r1, [r3]
  64 0032 0F4A     		ldr	r2, .L2+12
  65 0034 0A40     		ands	r2, r1
  66 0036 0103     		lsls	r1, r0, #12
  67 0038 0A43     		orrs	r2, r1
  68 003a 1A60     		str	r2, [r3]
  79:Generated_Source\PSoC4/Port_1.c **** 		Port_1_SetP4PinDriveMode(Port_1__5__SHIFT, mode);
  69              		.loc 1 79 0
  70 003c 1968     		ldr	r1, [r3]
  71 003e 0D4A     		ldr	r2, .L2+16
  72 0040 0A40     		ands	r2, r1
  73 0042 C103     		lsls	r1, r0, #15
  74 0044 0A43     		orrs	r2, r1
  75 0046 1A60     		str	r2, [r3]
  80:Generated_Source\PSoC4/Port_1.c **** 		Port_1_SetP4PinDriveMode(Port_1__6__SHIFT, mode);
  76              		.loc 1 80 0
  77 0048 1968     		ldr	r1, [r3]
  78 004a 0B4A     		ldr	r2, .L2+20
  79 004c 0A40     		ands	r2, r1
  80 004e 8104     		lsls	r1, r0, #18
  81 0050 0A43     		orrs	r2, r1
  82 0052 1A60     		str	r2, [r3]
  81:Generated_Source\PSoC4/Port_1.c **** 		Port_1_SetP4PinDriveMode(Port_1__7__SHIFT, mode);
  83              		.loc 1 81 0
  84 0054 1968     		ldr	r1, [r3]
  85 0056 094A     		ldr	r2, .L2+24
  86 0058 0A40     		ands	r2, r1
  87 005a 4005     		lsls	r0, r0, #21
  88              	.LVL1:
  89 005c 1043     		orrs	r0, r2
  90 005e 1860     		str	r0, [r3]
ARM GAS  C:\Users\essele\AppData\Local\Temp\ccZneKWa.s 			page 4


  82:Generated_Source\PSoC4/Port_1.c ****     }
  91              		.loc 1 82 0
  92              		@ sp needed
  93 0060 7047     		bx	lr
  94              	.L3:
  95 0062 C046     		.align	2
  96              	.L2:
  97 0064 08010440 		.word	1074004232
  98 0068 3FFEFFFF 		.word	-449
  99 006c FFF1FFFF 		.word	-3585
 100 0070 FF8FFFFF 		.word	-28673
 101 0074 FF7FFCFF 		.word	-229377
 102 0078 FFFFE3FF 		.word	-1835009
 103 007c FFFF1FFF 		.word	-14680065
 104              		.cfi_endproc
 105              	.LFE0:
 106              		.size	Port_1_SetDriveMode, .-Port_1_SetDriveMode
 107              		.section	.text.Port_1_Write,"ax",%progbits
 108              		.align	2
 109              		.global	Port_1_Write
 110              		.code	16
 111              		.thumb_func
 112              		.type	Port_1_Write, %function
 113              	Port_1_Write:
 114              	.LFB1:
  83:Generated_Source\PSoC4/Port_1.c **** #endif
  84:Generated_Source\PSoC4/Port_1.c **** 
  85:Generated_Source\PSoC4/Port_1.c **** 
  86:Generated_Source\PSoC4/Port_1.c **** /*******************************************************************************
  87:Generated_Source\PSoC4/Port_1.c **** * Function Name: Port_1_Write
  88:Generated_Source\PSoC4/Port_1.c **** ****************************************************************************//**
  89:Generated_Source\PSoC4/Port_1.c **** *
  90:Generated_Source\PSoC4/Port_1.c **** * \brief Writes the value to the physical port (data output register), masking
  91:Generated_Source\PSoC4/Port_1.c **** *  and shifting the bits appropriately. 
  92:Generated_Source\PSoC4/Port_1.c **** *
  93:Generated_Source\PSoC4/Port_1.c **** * The data output register controls the signal applied to the physical pin in 
  94:Generated_Source\PSoC4/Port_1.c **** * conjunction with the drive mode parameter. This function avoids changing 
  95:Generated_Source\PSoC4/Port_1.c **** * other bits in the port by using the appropriate method (read-modify-write or
  96:Generated_Source\PSoC4/Port_1.c **** * bit banding).
  97:Generated_Source\PSoC4/Port_1.c **** *
  98:Generated_Source\PSoC4/Port_1.c **** * <b>Note</b> This function should not be used on a hardware digital output pin 
  99:Generated_Source\PSoC4/Port_1.c **** * as it is driven by the hardware signal attached to it.
 100:Generated_Source\PSoC4/Port_1.c **** *
 101:Generated_Source\PSoC4/Port_1.c **** * \param value
 102:Generated_Source\PSoC4/Port_1.c **** *  Value to write to the component instance.
 103:Generated_Source\PSoC4/Port_1.c **** *
 104:Generated_Source\PSoC4/Port_1.c **** * \return 
 105:Generated_Source\PSoC4/Port_1.c **** *  None 
 106:Generated_Source\PSoC4/Port_1.c **** *
 107:Generated_Source\PSoC4/Port_1.c **** * \sideeffect
 108:Generated_Source\PSoC4/Port_1.c **** *  If you use read-modify-write operations that are not atomic; the Interrupt 
 109:Generated_Source\PSoC4/Port_1.c **** *  Service Routines (ISR) can cause corruption of this function. An ISR that 
 110:Generated_Source\PSoC4/Port_1.c **** *  interrupts this function and performs writes to the Pins component data 
 111:Generated_Source\PSoC4/Port_1.c **** *  register can cause corrupted port data. To avoid this issue, you should 
 112:Generated_Source\PSoC4/Port_1.c **** *  either use the Per-Pin APIs (primary method) or disable interrupts around 
 113:Generated_Source\PSoC4/Port_1.c **** *  this function.
 114:Generated_Source\PSoC4/Port_1.c **** *
ARM GAS  C:\Users\essele\AppData\Local\Temp\ccZneKWa.s 			page 5


 115:Generated_Source\PSoC4/Port_1.c **** * \funcusage
 116:Generated_Source\PSoC4/Port_1.c **** *  \snippet Port_1_SUT.c usage_Port_1_Write
 117:Generated_Source\PSoC4/Port_1.c **** *******************************************************************************/
 118:Generated_Source\PSoC4/Port_1.c **** void Port_1_Write(uint8 value)
 119:Generated_Source\PSoC4/Port_1.c **** {
 115              		.loc 1 119 0
 116              		.cfi_startproc
 117              		@ args = 0, pretend = 0, frame = 0
 118              		@ frame_needed = 0, uses_anonymous_args = 0
 119              		@ link register save eliminated.
 120              	.LVL2:
 120:Generated_Source\PSoC4/Port_1.c ****     uint8 drVal = (uint8)(Port_1_DR & (uint8)(~Port_1_MASK));
 121              		.loc 1 120 0
 122 0000 014B     		ldr	r3, .L5
 123 0002 1A68     		ldr	r2, [r3]
 124              	.LVL3:
 121:Generated_Source\PSoC4/Port_1.c ****     drVal = (drVal | ((uint8)(value << Port_1_SHIFT) & Port_1_MASK));
 122:Generated_Source\PSoC4/Port_1.c ****     Port_1_DR = (uint32)drVal;
 125              		.loc 1 122 0
 126 0004 1860     		str	r0, [r3]
 123:Generated_Source\PSoC4/Port_1.c **** }
 127              		.loc 1 123 0
 128              		@ sp needed
 129 0006 7047     		bx	lr
 130              	.L6:
 131              		.align	2
 132              	.L5:
 133 0008 00010440 		.word	1074004224
 134              		.cfi_endproc
 135              	.LFE1:
 136              		.size	Port_1_Write, .-Port_1_Write
 137              		.section	.text.Port_1_Read,"ax",%progbits
 138              		.align	2
 139              		.global	Port_1_Read
 140              		.code	16
 141              		.thumb_func
 142              		.type	Port_1_Read, %function
 143              	Port_1_Read:
 144              	.LFB2:
 124:Generated_Source\PSoC4/Port_1.c **** 
 125:Generated_Source\PSoC4/Port_1.c **** 
 126:Generated_Source\PSoC4/Port_1.c **** /*******************************************************************************
 127:Generated_Source\PSoC4/Port_1.c **** * Function Name: Port_1_Read
 128:Generated_Source\PSoC4/Port_1.c **** ****************************************************************************//**
 129:Generated_Source\PSoC4/Port_1.c **** *
 130:Generated_Source\PSoC4/Port_1.c **** * \brief Reads the associated physical port (pin status register) and masks 
 131:Generated_Source\PSoC4/Port_1.c **** *  the required bits according to the width and bit position of the component
 132:Generated_Source\PSoC4/Port_1.c **** *  instance. 
 133:Generated_Source\PSoC4/Port_1.c **** *
 134:Generated_Source\PSoC4/Port_1.c **** * The pin's status register returns the current logic level present on the 
 135:Generated_Source\PSoC4/Port_1.c **** * physical pin.
 136:Generated_Source\PSoC4/Port_1.c **** *
 137:Generated_Source\PSoC4/Port_1.c **** * \return 
 138:Generated_Source\PSoC4/Port_1.c **** *  The current value for the pins in the component as a right justified number.
 139:Generated_Source\PSoC4/Port_1.c **** *
 140:Generated_Source\PSoC4/Port_1.c **** * \funcusage
 141:Generated_Source\PSoC4/Port_1.c **** *  \snippet Port_1_SUT.c usage_Port_1_Read  
ARM GAS  C:\Users\essele\AppData\Local\Temp\ccZneKWa.s 			page 6


 142:Generated_Source\PSoC4/Port_1.c **** *******************************************************************************/
 143:Generated_Source\PSoC4/Port_1.c **** uint8 Port_1_Read(void)
 144:Generated_Source\PSoC4/Port_1.c **** {
 145              		.loc 1 144 0
 146              		.cfi_startproc
 147              		@ args = 0, pretend = 0, frame = 0
 148              		@ frame_needed = 0, uses_anonymous_args = 0
 149              		@ link register save eliminated.
 145:Generated_Source\PSoC4/Port_1.c ****     return (uint8)((Port_1_PS & Port_1_MASK) >> Port_1_SHIFT);
 150              		.loc 1 145 0
 151 0000 014B     		ldr	r3, .L8
 152 0002 1868     		ldr	r0, [r3]
 153 0004 C0B2     		uxtb	r0, r0
 146:Generated_Source\PSoC4/Port_1.c **** }
 154              		.loc 1 146 0
 155              		@ sp needed
 156 0006 7047     		bx	lr
 157              	.L9:
 158              		.align	2
 159              	.L8:
 160 0008 04010440 		.word	1074004228
 161              		.cfi_endproc
 162              	.LFE2:
 163              		.size	Port_1_Read, .-Port_1_Read
 164              		.section	.text.Port_1_ReadDataReg,"ax",%progbits
 165              		.align	2
 166              		.global	Port_1_ReadDataReg
 167              		.code	16
 168              		.thumb_func
 169              		.type	Port_1_ReadDataReg, %function
 170              	Port_1_ReadDataReg:
 171              	.LFB3:
 147:Generated_Source\PSoC4/Port_1.c **** 
 148:Generated_Source\PSoC4/Port_1.c **** 
 149:Generated_Source\PSoC4/Port_1.c **** /*******************************************************************************
 150:Generated_Source\PSoC4/Port_1.c **** * Function Name: Port_1_ReadDataReg
 151:Generated_Source\PSoC4/Port_1.c **** ****************************************************************************//**
 152:Generated_Source\PSoC4/Port_1.c **** *
 153:Generated_Source\PSoC4/Port_1.c **** * \brief Reads the associated physical port's data output register and masks 
 154:Generated_Source\PSoC4/Port_1.c **** *  the correct bits according to the width and bit position of the component 
 155:Generated_Source\PSoC4/Port_1.c **** *  instance. 
 156:Generated_Source\PSoC4/Port_1.c **** *
 157:Generated_Source\PSoC4/Port_1.c **** * The data output register controls the signal applied to the physical pin in 
 158:Generated_Source\PSoC4/Port_1.c **** * conjunction with the drive mode parameter. This is not the same as the 
 159:Generated_Source\PSoC4/Port_1.c **** * preferred Port_1_Read() API because the 
 160:Generated_Source\PSoC4/Port_1.c **** * Port_1_ReadDataReg() reads the data register instead of the status 
 161:Generated_Source\PSoC4/Port_1.c **** * register. For output pins this is a useful function to determine the value 
 162:Generated_Source\PSoC4/Port_1.c **** * just written to the pin.
 163:Generated_Source\PSoC4/Port_1.c **** *
 164:Generated_Source\PSoC4/Port_1.c **** * \return 
 165:Generated_Source\PSoC4/Port_1.c **** *  The current value of the data register masked and shifted into a right 
 166:Generated_Source\PSoC4/Port_1.c **** *  justified number for the component instance.
 167:Generated_Source\PSoC4/Port_1.c **** *
 168:Generated_Source\PSoC4/Port_1.c **** * \funcusage
 169:Generated_Source\PSoC4/Port_1.c **** *  \snippet Port_1_SUT.c usage_Port_1_ReadDataReg 
 170:Generated_Source\PSoC4/Port_1.c **** *******************************************************************************/
 171:Generated_Source\PSoC4/Port_1.c **** uint8 Port_1_ReadDataReg(void)
ARM GAS  C:\Users\essele\AppData\Local\Temp\ccZneKWa.s 			page 7


 172:Generated_Source\PSoC4/Port_1.c **** {
 172              		.loc 1 172 0
 173              		.cfi_startproc
 174              		@ args = 0, pretend = 0, frame = 0
 175              		@ frame_needed = 0, uses_anonymous_args = 0
 176              		@ link register save eliminated.
 173:Generated_Source\PSoC4/Port_1.c ****     return (uint8)((Port_1_DR & Port_1_MASK) >> Port_1_SHIFT);
 177              		.loc 1 173 0
 178 0000 014B     		ldr	r3, .L11
 179 0002 1868     		ldr	r0, [r3]
 180 0004 C0B2     		uxtb	r0, r0
 174:Generated_Source\PSoC4/Port_1.c **** }
 181              		.loc 1 174 0
 182              		@ sp needed
 183 0006 7047     		bx	lr
 184              	.L12:
 185              		.align	2
 186              	.L11:
 187 0008 00010440 		.word	1074004224
 188              		.cfi_endproc
 189              	.LFE3:
 190              		.size	Port_1_ReadDataReg, .-Port_1_ReadDataReg
 191              		.section	.text.Port_1_SetInterruptMode,"ax",%progbits
 192              		.align	2
 193              		.global	Port_1_SetInterruptMode
 194              		.code	16
 195              		.thumb_func
 196              		.type	Port_1_SetInterruptMode, %function
 197              	Port_1_SetInterruptMode:
 198              	.LFB4:
 175:Generated_Source\PSoC4/Port_1.c **** 
 176:Generated_Source\PSoC4/Port_1.c **** 
 177:Generated_Source\PSoC4/Port_1.c **** /*******************************************************************************
 178:Generated_Source\PSoC4/Port_1.c **** * Function Name: Port_1_SetInterruptMode
 179:Generated_Source\PSoC4/Port_1.c **** ****************************************************************************//**
 180:Generated_Source\PSoC4/Port_1.c **** *
 181:Generated_Source\PSoC4/Port_1.c **** * \brief Configures the interrupt mode for each of the Pins component's
 182:Generated_Source\PSoC4/Port_1.c **** *  pins. Alternatively you may set the interrupt mode for all the pins
 183:Generated_Source\PSoC4/Port_1.c **** *  specified in the Pins component.
 184:Generated_Source\PSoC4/Port_1.c **** *
 185:Generated_Source\PSoC4/Port_1.c **** *  <b>Note</b> The interrupt is port-wide and therefore any enabled pin
 186:Generated_Source\PSoC4/Port_1.c **** *  interrupt may trigger it.
 187:Generated_Source\PSoC4/Port_1.c **** *
 188:Generated_Source\PSoC4/Port_1.c **** * \param position
 189:Generated_Source\PSoC4/Port_1.c **** *  The pin position as listed in the Pins component. You may OR these to be 
 190:Generated_Source\PSoC4/Port_1.c **** *  able to configure the interrupt mode of multiple pins within a Pins 
 191:Generated_Source\PSoC4/Port_1.c **** *  component. Or you may use Port_1_INTR_ALL to configure the
 192:Generated_Source\PSoC4/Port_1.c **** *  interrupt mode of all the pins in the Pins component.       
 193:Generated_Source\PSoC4/Port_1.c **** *  - Port_1_0_INTR       (First pin in the list)
 194:Generated_Source\PSoC4/Port_1.c **** *  - Port_1_1_INTR       (Second pin in the list)
 195:Generated_Source\PSoC4/Port_1.c **** *  - ...
 196:Generated_Source\PSoC4/Port_1.c **** *  - Port_1_INTR_ALL     (All pins in Pins component)
 197:Generated_Source\PSoC4/Port_1.c **** *
 198:Generated_Source\PSoC4/Port_1.c **** * \param mode
 199:Generated_Source\PSoC4/Port_1.c **** *  Interrupt mode for the selected pins. Valid options are documented in
 200:Generated_Source\PSoC4/Port_1.c **** *  \ref intrMode.
 201:Generated_Source\PSoC4/Port_1.c **** *
ARM GAS  C:\Users\essele\AppData\Local\Temp\ccZneKWa.s 			page 8


 202:Generated_Source\PSoC4/Port_1.c **** * \return 
 203:Generated_Source\PSoC4/Port_1.c **** *  None
 204:Generated_Source\PSoC4/Port_1.c **** *  
 205:Generated_Source\PSoC4/Port_1.c **** * \sideeffect
 206:Generated_Source\PSoC4/Port_1.c **** *  It is recommended that the interrupt be disabled before calling this 
 207:Generated_Source\PSoC4/Port_1.c **** *  function to avoid unintended interrupt requests. Note that the interrupt
 208:Generated_Source\PSoC4/Port_1.c **** *  type is port wide, and therefore will trigger for any enabled pin on the 
 209:Generated_Source\PSoC4/Port_1.c **** *  port.
 210:Generated_Source\PSoC4/Port_1.c **** *
 211:Generated_Source\PSoC4/Port_1.c **** * \funcusage
 212:Generated_Source\PSoC4/Port_1.c **** *  \snippet Port_1_SUT.c usage_Port_1_SetInterruptMode
 213:Generated_Source\PSoC4/Port_1.c **** *******************************************************************************/
 214:Generated_Source\PSoC4/Port_1.c **** void Port_1_SetInterruptMode(uint16 position, uint16 mode)
 215:Generated_Source\PSoC4/Port_1.c **** {
 199              		.loc 1 215 0
 200              		.cfi_startproc
 201              		@ args = 0, pretend = 0, frame = 0
 202              		@ frame_needed = 0, uses_anonymous_args = 0
 203              		@ link register save eliminated.
 204              	.LVL4:
 216:Generated_Source\PSoC4/Port_1.c ****     uint32 intrCfg;
 217:Generated_Source\PSoC4/Port_1.c ****     
 218:Generated_Source\PSoC4/Port_1.c ****     intrCfg =  Port_1_INTCFG & (uint32)(~(uint32)position);
 205              		.loc 1 218 0
 206 0000 034A     		ldr	r2, .L14
 207 0002 1368     		ldr	r3, [r2]
 208 0004 8343     		bics	r3, r0
 209              	.LVL5:
 219:Generated_Source\PSoC4/Port_1.c ****     Port_1_INTCFG = intrCfg | ((uint32)position & (uint32)mode);
 210              		.loc 1 219 0
 211 0006 0840     		ands	r0, r1
 212              	.LVL6:
 213 0008 1843     		orrs	r0, r3
 214 000a 1060     		str	r0, [r2]
 220:Generated_Source\PSoC4/Port_1.c **** }
 215              		.loc 1 220 0
 216              		@ sp needed
 217 000c 7047     		bx	lr
 218              	.L15:
 219 000e C046     		.align	2
 220              	.L14:
 221 0010 0C010440 		.word	1074004236
 222              		.cfi_endproc
 223              	.LFE4:
 224              		.size	Port_1_SetInterruptMode, .-Port_1_SetInterruptMode
 225              		.section	.text.Port_1_ClearInterrupt,"ax",%progbits
 226              		.align	2
 227              		.global	Port_1_ClearInterrupt
 228              		.code	16
 229              		.thumb_func
 230              		.type	Port_1_ClearInterrupt, %function
 231              	Port_1_ClearInterrupt:
 232              	.LFB5:
 221:Generated_Source\PSoC4/Port_1.c **** 
 222:Generated_Source\PSoC4/Port_1.c **** 
 223:Generated_Source\PSoC4/Port_1.c **** /*******************************************************************************
 224:Generated_Source\PSoC4/Port_1.c **** * Function Name: Port_1_ClearInterrupt
ARM GAS  C:\Users\essele\AppData\Local\Temp\ccZneKWa.s 			page 9


 225:Generated_Source\PSoC4/Port_1.c **** ****************************************************************************//**
 226:Generated_Source\PSoC4/Port_1.c **** *
 227:Generated_Source\PSoC4/Port_1.c **** * \brief Clears any active interrupts attached with the component and returns 
 228:Generated_Source\PSoC4/Port_1.c **** *  the value of the interrupt status register allowing determination of which
 229:Generated_Source\PSoC4/Port_1.c **** *  pins generated an interrupt event.
 230:Generated_Source\PSoC4/Port_1.c **** *
 231:Generated_Source\PSoC4/Port_1.c **** * \return 
 232:Generated_Source\PSoC4/Port_1.c **** *  The right-shifted current value of the interrupt status register. Each pin 
 233:Generated_Source\PSoC4/Port_1.c **** *  has one bit set if it generated an interrupt event. For example, bit 0 is 
 234:Generated_Source\PSoC4/Port_1.c **** *  for pin 0 and bit 1 is for pin 1 of the Pins component.
 235:Generated_Source\PSoC4/Port_1.c **** *  
 236:Generated_Source\PSoC4/Port_1.c **** * \sideeffect
 237:Generated_Source\PSoC4/Port_1.c **** *  Clears all bits of the physical port's interrupt status register, not just
 238:Generated_Source\PSoC4/Port_1.c **** *  those associated with the Pins component.
 239:Generated_Source\PSoC4/Port_1.c **** *
 240:Generated_Source\PSoC4/Port_1.c **** * \funcusage
 241:Generated_Source\PSoC4/Port_1.c **** *  \snippet Port_1_SUT.c usage_Port_1_ClearInterrupt
 242:Generated_Source\PSoC4/Port_1.c **** *******************************************************************************/
 243:Generated_Source\PSoC4/Port_1.c **** uint8 Port_1_ClearInterrupt(void)
 244:Generated_Source\PSoC4/Port_1.c **** {
 233              		.loc 1 244 0
 234              		.cfi_startproc
 235              		@ args = 0, pretend = 0, frame = 0
 236              		@ frame_needed = 0, uses_anonymous_args = 0
 237              		@ link register save eliminated.
 245:Generated_Source\PSoC4/Port_1.c **** 	uint8 maskedStatus = (uint8)(Port_1_INTSTAT & Port_1_MASK);
 238              		.loc 1 245 0
 239 0000 034A     		ldr	r2, .L17
 240 0002 1368     		ldr	r3, [r2]
 241 0004 D8B2     		uxtb	r0, r3
 242              	.LVL7:
 243 0006 FF21     		movs	r1, #255
 244 0008 0B40     		ands	r3, r1
 246:Generated_Source\PSoC4/Port_1.c **** 	Port_1_INTSTAT = maskedStatus;
 245              		.loc 1 246 0
 246 000a 1360     		str	r3, [r2]
 247:Generated_Source\PSoC4/Port_1.c ****     return maskedStatus >> Port_1_SHIFT;
 248:Generated_Source\PSoC4/Port_1.c **** }
 247              		.loc 1 248 0
 248              		@ sp needed
 249 000c 7047     		bx	lr
 250              	.L18:
 251 000e C046     		.align	2
 252              	.L17:
 253 0010 10010440 		.word	1074004240
 254              		.cfi_endproc
 255              	.LFE5:
 256              		.size	Port_1_ClearInterrupt, .-Port_1_ClearInterrupt
 257              		.text
 258              	.Letext0:
 259              		.file 2 "Generated_Source\\PSoC4\\cytypes.h"
 260              		.section	.debug_info,"",%progbits
 261              	.Ldebug_info0:
 262 0000 93010000 		.4byte	0x193
 263 0004 0400     		.2byte	0x4
 264 0006 00000000 		.4byte	.Ldebug_abbrev0
 265 000a 04       		.byte	0x4
ARM GAS  C:\Users\essele\AppData\Local\Temp\ccZneKWa.s 			page 10


 266 000b 01       		.uleb128 0x1
 267 000c 35010000 		.4byte	.LASF28
 268 0010 0C       		.byte	0xc
 269 0011 6C000000 		.4byte	.LASF29
 270 0015 F1000000 		.4byte	.LASF30
 271 0019 00000000 		.4byte	.Ldebug_ranges0+0
 272 001d 00000000 		.4byte	0
 273 0021 00000000 		.4byte	.Ldebug_line0
 274 0025 02       		.uleb128 0x2
 275 0026 01       		.byte	0x1
 276 0027 06       		.byte	0x6
 277 0028 0F020000 		.4byte	.LASF0
 278 002c 02       		.uleb128 0x2
 279 002d 01       		.byte	0x1
 280 002e 08       		.byte	0x8
 281 002f 33000000 		.4byte	.LASF1
 282 0033 02       		.uleb128 0x2
 283 0034 02       		.byte	0x2
 284 0035 05       		.byte	0x5
 285 0036 E3010000 		.4byte	.LASF2
 286 003a 02       		.uleb128 0x2
 287 003b 02       		.byte	0x2
 288 003c 07       		.byte	0x7
 289 003d 59000000 		.4byte	.LASF3
 290 0041 02       		.uleb128 0x2
 291 0042 04       		.byte	0x4
 292 0043 05       		.byte	0x5
 293 0044 06020000 		.4byte	.LASF4
 294 0048 02       		.uleb128 0x2
 295 0049 04       		.byte	0x4
 296 004a 07       		.byte	0x7
 297 004b 47000000 		.4byte	.LASF5
 298 004f 02       		.uleb128 0x2
 299 0050 08       		.byte	0x8
 300 0051 05       		.byte	0x5
 301 0052 C3010000 		.4byte	.LASF6
 302 0056 02       		.uleb128 0x2
 303 0057 08       		.byte	0x8
 304 0058 07       		.byte	0x7
 305 0059 D5000000 		.4byte	.LASF7
 306 005d 03       		.uleb128 0x3
 307 005e 04       		.byte	0x4
 308 005f 05       		.byte	0x5
 309 0060 696E7400 		.ascii	"int\000"
 310 0064 02       		.uleb128 0x2
 311 0065 04       		.byte	0x4
 312 0066 07       		.byte	0x7
 313 0067 C8000000 		.4byte	.LASF8
 314 006b 04       		.uleb128 0x4
 315 006c ED010000 		.4byte	.LASF9
 316 0070 02       		.byte	0x2
 317 0071 E401     		.2byte	0x1e4
 318 0073 2C000000 		.4byte	0x2c
 319 0077 04       		.uleb128 0x4
 320 0078 93000000 		.4byte	.LASF10
 321 007c 02       		.byte	0x2
 322 007d E501     		.2byte	0x1e5
ARM GAS  C:\Users\essele\AppData\Local\Temp\ccZneKWa.s 			page 11


 323 007f 3A000000 		.4byte	0x3a
 324 0083 04       		.uleb128 0x4
 325 0084 A3000000 		.4byte	.LASF11
 326 0088 02       		.byte	0x2
 327 0089 E601     		.2byte	0x1e6
 328 008b 48000000 		.4byte	0x48
 329 008f 02       		.uleb128 0x2
 330 0090 04       		.byte	0x4
 331 0091 04       		.byte	0x4
 332 0092 2D000000 		.4byte	.LASF12
 333 0096 02       		.uleb128 0x2
 334 0097 08       		.byte	0x8
 335 0098 04       		.byte	0x4
 336 0099 8C000000 		.4byte	.LASF13
 337 009d 02       		.uleb128 0x2
 338 009e 01       		.byte	0x1
 339 009f 08       		.byte	0x8
 340 00a0 DE010000 		.4byte	.LASF14
 341 00a4 04       		.uleb128 0x4
 342 00a5 00000000 		.4byte	.LASF15
 343 00a9 02       		.byte	0x2
 344 00aa 9002     		.2byte	0x290
 345 00ac B0000000 		.4byte	0xb0
 346 00b0 05       		.uleb128 0x5
 347 00b1 83000000 		.4byte	0x83
 348 00b5 06       		.uleb128 0x6
 349 00b6 19000000 		.4byte	.LASF16
 350 00ba 01       		.byte	0x1
 351 00bb 48       		.byte	0x48
 352 00bc 00000000 		.4byte	.LFB0
 353 00c0 80000000 		.4byte	.LFE0-.LFB0
 354 00c4 01       		.uleb128 0x1
 355 00c5 9C       		.byte	0x9c
 356 00c6 DA000000 		.4byte	0xda
 357 00ca 07       		.uleb128 0x7
 358 00cb EC000000 		.4byte	.LASF18
 359 00cf 01       		.byte	0x1
 360 00d0 48       		.byte	0x48
 361 00d1 6B000000 		.4byte	0x6b
 362 00d5 00000000 		.4byte	.LLST0
 363 00d9 00       		.byte	0
 364 00da 06       		.uleb128 0x6
 365 00db 06000000 		.4byte	.LASF17
 366 00df 01       		.byte	0x1
 367 00e0 76       		.byte	0x76
 368 00e1 00000000 		.4byte	.LFB1
 369 00e5 0C000000 		.4byte	.LFE1-.LFB1
 370 00e9 01       		.uleb128 0x1
 371 00ea 9C       		.byte	0x9c
 372 00eb 0A010000 		.4byte	0x10a
 373 00ef 08       		.uleb128 0x8
 374 00f0 13000000 		.4byte	.LASF19
 375 00f4 01       		.byte	0x1
 376 00f5 76       		.byte	0x76
 377 00f6 6B000000 		.4byte	0x6b
 378 00fa 01       		.uleb128 0x1
 379 00fb 50       		.byte	0x50
ARM GAS  C:\Users\essele\AppData\Local\Temp\ccZneKWa.s 			page 12


 380 00fc 09       		.uleb128 0x9
 381 00fd 41000000 		.4byte	.LASF24
 382 0101 01       		.byte	0x1
 383 0102 78       		.byte	0x78
 384 0103 6B000000 		.4byte	0x6b
 385 0107 01       		.uleb128 0x1
 386 0108 50       		.byte	0x50
 387 0109 00       		.byte	0
 388 010a 0A       		.uleb128 0xa
 389 010b 33020000 		.4byte	.LASF20
 390 010f 01       		.byte	0x1
 391 0110 8F       		.byte	0x8f
 392 0111 6B000000 		.4byte	0x6b
 393 0115 00000000 		.4byte	.LFB2
 394 0119 0C000000 		.4byte	.LFE2-.LFB2
 395 011d 01       		.uleb128 0x1
 396 011e 9C       		.byte	0x9c
 397 011f 0A       		.uleb128 0xa
 398 0120 F3010000 		.4byte	.LASF21
 399 0124 01       		.byte	0x1
 400 0125 AB       		.byte	0xab
 401 0126 6B000000 		.4byte	0x6b
 402 012a 00000000 		.4byte	.LFB3
 403 012e 0C000000 		.4byte	.LFE3-.LFB3
 404 0132 01       		.uleb128 0x1
 405 0133 9C       		.byte	0x9c
 406 0134 06       		.uleb128 0x6
 407 0135 1B020000 		.4byte	.LASF22
 408 0139 01       		.byte	0x1
 409 013a D6       		.byte	0xd6
 410 013b 00000000 		.4byte	.LFB4
 411 013f 14000000 		.4byte	.LFE4-.LFB4
 412 0143 01       		.uleb128 0x1
 413 0144 9C       		.byte	0x9c
 414 0145 73010000 		.4byte	0x173
 415 0149 07       		.uleb128 0x7
 416 014a 9A000000 		.4byte	.LASF23
 417 014e 01       		.byte	0x1
 418 014f D6       		.byte	0xd6
 419 0150 77000000 		.4byte	0x77
 420 0154 21000000 		.4byte	.LLST1
 421 0158 08       		.uleb128 0x8
 422 0159 EC000000 		.4byte	.LASF18
 423 015d 01       		.byte	0x1
 424 015e D6       		.byte	0xd6
 425 015f 77000000 		.4byte	0x77
 426 0163 01       		.uleb128 0x1
 427 0164 51       		.byte	0x51
 428 0165 09       		.uleb128 0x9
 429 0166 C0000000 		.4byte	.LASF25
 430 016a 01       		.byte	0x1
 431 016b D8       		.byte	0xd8
 432 016c 83000000 		.4byte	0x83
 433 0170 01       		.uleb128 0x1
 434 0171 53       		.byte	0x53
 435 0172 00       		.byte	0
 436 0173 0B       		.uleb128 0xb
ARM GAS  C:\Users\essele\AppData\Local\Temp\ccZneKWa.s 			page 13


 437 0174 AA000000 		.4byte	.LASF26
 438 0178 01       		.byte	0x1
 439 0179 F3       		.byte	0xf3
 440 017a 6B000000 		.4byte	0x6b
 441 017e 00000000 		.4byte	.LFB5
 442 0182 14000000 		.4byte	.LFE5-.LFB5
 443 0186 01       		.uleb128 0x1
 444 0187 9C       		.byte	0x9c
 445 0188 09       		.uleb128 0x9
 446 0189 D1010000 		.4byte	.LASF27
 447 018d 01       		.byte	0x1
 448 018e F5       		.byte	0xf5
 449 018f 6B000000 		.4byte	0x6b
 450 0193 01       		.uleb128 0x1
 451 0194 50       		.byte	0x50
 452 0195 00       		.byte	0
 453 0196 00       		.byte	0
 454              		.section	.debug_abbrev,"",%progbits
 455              	.Ldebug_abbrev0:
 456 0000 01       		.uleb128 0x1
 457 0001 11       		.uleb128 0x11
 458 0002 01       		.byte	0x1
 459 0003 25       		.uleb128 0x25
 460 0004 0E       		.uleb128 0xe
 461 0005 13       		.uleb128 0x13
 462 0006 0B       		.uleb128 0xb
 463 0007 03       		.uleb128 0x3
 464 0008 0E       		.uleb128 0xe
 465 0009 1B       		.uleb128 0x1b
 466 000a 0E       		.uleb128 0xe
 467 000b 55       		.uleb128 0x55
 468 000c 17       		.uleb128 0x17
 469 000d 11       		.uleb128 0x11
 470 000e 01       		.uleb128 0x1
 471 000f 10       		.uleb128 0x10
 472 0010 17       		.uleb128 0x17
 473 0011 00       		.byte	0
 474 0012 00       		.byte	0
 475 0013 02       		.uleb128 0x2
 476 0014 24       		.uleb128 0x24
 477 0015 00       		.byte	0
 478 0016 0B       		.uleb128 0xb
 479 0017 0B       		.uleb128 0xb
 480 0018 3E       		.uleb128 0x3e
 481 0019 0B       		.uleb128 0xb
 482 001a 03       		.uleb128 0x3
 483 001b 0E       		.uleb128 0xe
 484 001c 00       		.byte	0
 485 001d 00       		.byte	0
 486 001e 03       		.uleb128 0x3
 487 001f 24       		.uleb128 0x24
 488 0020 00       		.byte	0
 489 0021 0B       		.uleb128 0xb
 490 0022 0B       		.uleb128 0xb
 491 0023 3E       		.uleb128 0x3e
 492 0024 0B       		.uleb128 0xb
 493 0025 03       		.uleb128 0x3
ARM GAS  C:\Users\essele\AppData\Local\Temp\ccZneKWa.s 			page 14


 494 0026 08       		.uleb128 0x8
 495 0027 00       		.byte	0
 496 0028 00       		.byte	0
 497 0029 04       		.uleb128 0x4
 498 002a 16       		.uleb128 0x16
 499 002b 00       		.byte	0
 500 002c 03       		.uleb128 0x3
 501 002d 0E       		.uleb128 0xe
 502 002e 3A       		.uleb128 0x3a
 503 002f 0B       		.uleb128 0xb
 504 0030 3B       		.uleb128 0x3b
 505 0031 05       		.uleb128 0x5
 506 0032 49       		.uleb128 0x49
 507 0033 13       		.uleb128 0x13
 508 0034 00       		.byte	0
 509 0035 00       		.byte	0
 510 0036 05       		.uleb128 0x5
 511 0037 35       		.uleb128 0x35
 512 0038 00       		.byte	0
 513 0039 49       		.uleb128 0x49
 514 003a 13       		.uleb128 0x13
 515 003b 00       		.byte	0
 516 003c 00       		.byte	0
 517 003d 06       		.uleb128 0x6
 518 003e 2E       		.uleb128 0x2e
 519 003f 01       		.byte	0x1
 520 0040 3F       		.uleb128 0x3f
 521 0041 19       		.uleb128 0x19
 522 0042 03       		.uleb128 0x3
 523 0043 0E       		.uleb128 0xe
 524 0044 3A       		.uleb128 0x3a
 525 0045 0B       		.uleb128 0xb
 526 0046 3B       		.uleb128 0x3b
 527 0047 0B       		.uleb128 0xb
 528 0048 27       		.uleb128 0x27
 529 0049 19       		.uleb128 0x19
 530 004a 11       		.uleb128 0x11
 531 004b 01       		.uleb128 0x1
 532 004c 12       		.uleb128 0x12
 533 004d 06       		.uleb128 0x6
 534 004e 40       		.uleb128 0x40
 535 004f 18       		.uleb128 0x18
 536 0050 9742     		.uleb128 0x2117
 537 0052 19       		.uleb128 0x19
 538 0053 01       		.uleb128 0x1
 539 0054 13       		.uleb128 0x13
 540 0055 00       		.byte	0
 541 0056 00       		.byte	0
 542 0057 07       		.uleb128 0x7
 543 0058 05       		.uleb128 0x5
 544 0059 00       		.byte	0
 545 005a 03       		.uleb128 0x3
 546 005b 0E       		.uleb128 0xe
 547 005c 3A       		.uleb128 0x3a
 548 005d 0B       		.uleb128 0xb
 549 005e 3B       		.uleb128 0x3b
 550 005f 0B       		.uleb128 0xb
ARM GAS  C:\Users\essele\AppData\Local\Temp\ccZneKWa.s 			page 15


 551 0060 49       		.uleb128 0x49
 552 0061 13       		.uleb128 0x13
 553 0062 02       		.uleb128 0x2
 554 0063 17       		.uleb128 0x17
 555 0064 00       		.byte	0
 556 0065 00       		.byte	0
 557 0066 08       		.uleb128 0x8
 558 0067 05       		.uleb128 0x5
 559 0068 00       		.byte	0
 560 0069 03       		.uleb128 0x3
 561 006a 0E       		.uleb128 0xe
 562 006b 3A       		.uleb128 0x3a
 563 006c 0B       		.uleb128 0xb
 564 006d 3B       		.uleb128 0x3b
 565 006e 0B       		.uleb128 0xb
 566 006f 49       		.uleb128 0x49
 567 0070 13       		.uleb128 0x13
 568 0071 02       		.uleb128 0x2
 569 0072 18       		.uleb128 0x18
 570 0073 00       		.byte	0
 571 0074 00       		.byte	0
 572 0075 09       		.uleb128 0x9
 573 0076 34       		.uleb128 0x34
 574 0077 00       		.byte	0
 575 0078 03       		.uleb128 0x3
 576 0079 0E       		.uleb128 0xe
 577 007a 3A       		.uleb128 0x3a
 578 007b 0B       		.uleb128 0xb
 579 007c 3B       		.uleb128 0x3b
 580 007d 0B       		.uleb128 0xb
 581 007e 49       		.uleb128 0x49
 582 007f 13       		.uleb128 0x13
 583 0080 02       		.uleb128 0x2
 584 0081 18       		.uleb128 0x18
 585 0082 00       		.byte	0
 586 0083 00       		.byte	0
 587 0084 0A       		.uleb128 0xa
 588 0085 2E       		.uleb128 0x2e
 589 0086 00       		.byte	0
 590 0087 3F       		.uleb128 0x3f
 591 0088 19       		.uleb128 0x19
 592 0089 03       		.uleb128 0x3
 593 008a 0E       		.uleb128 0xe
 594 008b 3A       		.uleb128 0x3a
 595 008c 0B       		.uleb128 0xb
 596 008d 3B       		.uleb128 0x3b
 597 008e 0B       		.uleb128 0xb
 598 008f 27       		.uleb128 0x27
 599 0090 19       		.uleb128 0x19
 600 0091 49       		.uleb128 0x49
 601 0092 13       		.uleb128 0x13
 602 0093 11       		.uleb128 0x11
 603 0094 01       		.uleb128 0x1
 604 0095 12       		.uleb128 0x12
 605 0096 06       		.uleb128 0x6
 606 0097 40       		.uleb128 0x40
 607 0098 18       		.uleb128 0x18
ARM GAS  C:\Users\essele\AppData\Local\Temp\ccZneKWa.s 			page 16


 608 0099 9742     		.uleb128 0x2117
 609 009b 19       		.uleb128 0x19
 610 009c 00       		.byte	0
 611 009d 00       		.byte	0
 612 009e 0B       		.uleb128 0xb
 613 009f 2E       		.uleb128 0x2e
 614 00a0 01       		.byte	0x1
 615 00a1 3F       		.uleb128 0x3f
 616 00a2 19       		.uleb128 0x19
 617 00a3 03       		.uleb128 0x3
 618 00a4 0E       		.uleb128 0xe
 619 00a5 3A       		.uleb128 0x3a
 620 00a6 0B       		.uleb128 0xb
 621 00a7 3B       		.uleb128 0x3b
 622 00a8 0B       		.uleb128 0xb
 623 00a9 27       		.uleb128 0x27
 624 00aa 19       		.uleb128 0x19
 625 00ab 49       		.uleb128 0x49
 626 00ac 13       		.uleb128 0x13
 627 00ad 11       		.uleb128 0x11
 628 00ae 01       		.uleb128 0x1
 629 00af 12       		.uleb128 0x12
 630 00b0 06       		.uleb128 0x6
 631 00b1 40       		.uleb128 0x40
 632 00b2 18       		.uleb128 0x18
 633 00b3 9742     		.uleb128 0x2117
 634 00b5 19       		.uleb128 0x19
 635 00b6 00       		.byte	0
 636 00b7 00       		.byte	0
 637 00b8 00       		.byte	0
 638              		.section	.debug_loc,"",%progbits
 639              	.Ldebug_loc0:
 640              	.LLST0:
 641 0000 00000000 		.4byte	.LVL0
 642 0004 5C000000 		.4byte	.LVL1
 643 0008 0100     		.2byte	0x1
 644 000a 50       		.byte	0x50
 645 000b 5C000000 		.4byte	.LVL1
 646 000f 80000000 		.4byte	.LFE0
 647 0013 0400     		.2byte	0x4
 648 0015 F3       		.byte	0xf3
 649 0016 01       		.uleb128 0x1
 650 0017 50       		.byte	0x50
 651 0018 9F       		.byte	0x9f
 652 0019 00000000 		.4byte	0
 653 001d 00000000 		.4byte	0
 654              	.LLST1:
 655 0021 00000000 		.4byte	.LVL4
 656 0025 08000000 		.4byte	.LVL6
 657 0029 0100     		.2byte	0x1
 658 002b 50       		.byte	0x50
 659 002c 08000000 		.4byte	.LVL6
 660 0030 14000000 		.4byte	.LFE4
 661 0034 0400     		.2byte	0x4
 662 0036 F3       		.byte	0xf3
 663 0037 01       		.uleb128 0x1
 664 0038 50       		.byte	0x50
ARM GAS  C:\Users\essele\AppData\Local\Temp\ccZneKWa.s 			page 17


 665 0039 9F       		.byte	0x9f
 666 003a 00000000 		.4byte	0
 667 003e 00000000 		.4byte	0
 668              		.section	.debug_aranges,"",%progbits
 669 0000 44000000 		.4byte	0x44
 670 0004 0200     		.2byte	0x2
 671 0006 00000000 		.4byte	.Ldebug_info0
 672 000a 04       		.byte	0x4
 673 000b 00       		.byte	0
 674 000c 0000     		.2byte	0
 675 000e 0000     		.2byte	0
 676 0010 00000000 		.4byte	.LFB0
 677 0014 80000000 		.4byte	.LFE0-.LFB0
 678 0018 00000000 		.4byte	.LFB1
 679 001c 0C000000 		.4byte	.LFE1-.LFB1
 680 0020 00000000 		.4byte	.LFB2
 681 0024 0C000000 		.4byte	.LFE2-.LFB2
 682 0028 00000000 		.4byte	.LFB3
 683 002c 0C000000 		.4byte	.LFE3-.LFB3
 684 0030 00000000 		.4byte	.LFB4
 685 0034 14000000 		.4byte	.LFE4-.LFB4
 686 0038 00000000 		.4byte	.LFB5
 687 003c 14000000 		.4byte	.LFE5-.LFB5
 688 0040 00000000 		.4byte	0
 689 0044 00000000 		.4byte	0
 690              		.section	.debug_ranges,"",%progbits
 691              	.Ldebug_ranges0:
 692 0000 00000000 		.4byte	.LFB0
 693 0004 80000000 		.4byte	.LFE0
 694 0008 00000000 		.4byte	.LFB1
 695 000c 0C000000 		.4byte	.LFE1
 696 0010 00000000 		.4byte	.LFB2
 697 0014 0C000000 		.4byte	.LFE2
 698 0018 00000000 		.4byte	.LFB3
 699 001c 0C000000 		.4byte	.LFE3
 700 0020 00000000 		.4byte	.LFB4
 701 0024 14000000 		.4byte	.LFE4
 702 0028 00000000 		.4byte	.LFB5
 703 002c 14000000 		.4byte	.LFE5
 704 0030 00000000 		.4byte	0
 705 0034 00000000 		.4byte	0
 706              		.section	.debug_line,"",%progbits
 707              	.Ldebug_line0:
 708 0000 BF000000 		.section	.debug_str,"MS",%progbits,1
 708      02004300 
 708      00000201 
 708      FB0E0D00 
 708      01010101 
 709              	.LASF15:
 710 0000 72656733 		.ascii	"reg32\000"
 710      3200
 711              	.LASF17:
 712 0006 506F7274 		.ascii	"Port_1_Write\000"
 712      5F315F57 
 712      72697465 
 712      00
 713              	.LASF19:
ARM GAS  C:\Users\essele\AppData\Local\Temp\ccZneKWa.s 			page 18


 714 0013 76616C75 		.ascii	"value\000"
 714      6500
 715              	.LASF16:
 716 0019 506F7274 		.ascii	"Port_1_SetDriveMode\000"
 716      5F315F53 
 716      65744472 
 716      6976654D 
 716      6F646500 
 717              	.LASF12:
 718 002d 666C6F61 		.ascii	"float\000"
 718      7400
 719              	.LASF1:
 720 0033 756E7369 		.ascii	"unsigned char\000"
 720      676E6564 
 720      20636861 
 720      7200
 721              	.LASF24:
 722 0041 64725661 		.ascii	"drVal\000"
 722      6C00
 723              	.LASF5:
 724 0047 6C6F6E67 		.ascii	"long unsigned int\000"
 724      20756E73 
 724      69676E65 
 724      6420696E 
 724      7400
 725              	.LASF3:
 726 0059 73686F72 		.ascii	"short unsigned int\000"
 726      7420756E 
 726      7369676E 
 726      65642069 
 726      6E7400
 727              	.LASF29:
 728 006c 47656E65 		.ascii	"Generated_Source\\PSoC4\\Port_1.c\000"
 728      72617465 
 728      645F536F 
 728      75726365 
 728      5C50536F 
 729              	.LASF13:
 730 008c 646F7562 		.ascii	"double\000"
 730      6C6500
 731              	.LASF10:
 732 0093 75696E74 		.ascii	"uint16\000"
 732      313600
 733              	.LASF23:
 734 009a 706F7369 		.ascii	"position\000"
 734      74696F6E 
 734      00
 735              	.LASF11:
 736 00a3 75696E74 		.ascii	"uint32\000"
 736      333200
 737              	.LASF26:
 738 00aa 506F7274 		.ascii	"Port_1_ClearInterrupt\000"
 738      5F315F43 
 738      6C656172 
 738      496E7465 
 738      72727570 
 739              	.LASF25:
ARM GAS  C:\Users\essele\AppData\Local\Temp\ccZneKWa.s 			page 19


 740 00c0 696E7472 		.ascii	"intrCfg\000"
 740      43666700 
 741              	.LASF8:
 742 00c8 756E7369 		.ascii	"unsigned int\000"
 742      676E6564 
 742      20696E74 
 742      00
 743              	.LASF7:
 744 00d5 6C6F6E67 		.ascii	"long long unsigned int\000"
 744      206C6F6E 
 744      6720756E 
 744      7369676E 
 744      65642069 
 745              	.LASF18:
 746 00ec 6D6F6465 		.ascii	"mode\000"
 746      00
 747              	.LASF30:
 748 00f1 5C5C4D61 		.ascii	"\\\\Mac\\Home\\Documents\\PSoC Creator\\GPIB USB Ad"
 748      635C486F 
 748      6D655C44 
 748      6F63756D 
 748      656E7473 
 749 011e 61707465 		.ascii	"apter\\GPIB USB 1.cydsn\000"
 749      725C4750 
 749      49422055 
 749      53422031 
 749      2E637964 
 750              	.LASF28:
 751 0135 474E5520 		.ascii	"GNU C11 5.4.1 20160609 (release) [ARM/embedded-5-br"
 751      43313120 
 751      352E342E 
 751      31203230 
 751      31363036 
 752 0168 616E6368 		.ascii	"anch revision 237715] -mcpu=cortex-m0 -mthumb -g -O"
 752      20726576 
 752      6973696F 
 752      6E203233 
 752      37373135 
 753 019b 67202D66 		.ascii	"g -ffunction-sections -ffat-lto-objects\000"
 753      66756E63 
 753      74696F6E 
 753      2D736563 
 753      74696F6E 
 754              	.LASF6:
 755 01c3 6C6F6E67 		.ascii	"long long int\000"
 755      206C6F6E 
 755      6720696E 
 755      7400
 756              	.LASF27:
 757 01d1 6D61736B 		.ascii	"maskedStatus\000"
 757      65645374 
 757      61747573 
 757      00
 758              	.LASF14:
 759 01de 63686172 		.ascii	"char\000"
 759      00
 760              	.LASF2:
ARM GAS  C:\Users\essele\AppData\Local\Temp\ccZneKWa.s 			page 20


 761 01e3 73686F72 		.ascii	"short int\000"
 761      7420696E 
 761      7400
 762              	.LASF9:
 763 01ed 75696E74 		.ascii	"uint8\000"
 763      3800
 764              	.LASF21:
 765 01f3 506F7274 		.ascii	"Port_1_ReadDataReg\000"
 765      5F315F52 
 765      65616444 
 765      61746152 
 765      656700
 766              	.LASF4:
 767 0206 6C6F6E67 		.ascii	"long int\000"
 767      20696E74 
 767      00
 768              	.LASF0:
 769 020f 7369676E 		.ascii	"signed char\000"
 769      65642063 
 769      68617200 
 770              	.LASF22:
 771 021b 506F7274 		.ascii	"Port_1_SetInterruptMode\000"
 771      5F315F53 
 771      6574496E 
 771      74657272 
 771      7570744D 
 772              	.LASF20:
 773 0233 506F7274 		.ascii	"Port_1_Read\000"
 773      5F315F52 
 773      65616400 
 774              		.ident	"GCC: (GNU Tools for ARM Embedded Processors) 5.4.1 20160609 (release) [ARM/embedded-5-bran
