ARM GAS  C:\Users\essele\AppData\Local\Temp\ccyXsPwF.s 			page 1


   1              		.syntax unified
   2              		.cpu cortex-m0
   3              		.fpu softvfp
   4              		.eabi_attribute 20, 1
   5              		.eabi_attribute 21, 1
   6              		.eabi_attribute 23, 3
   7              		.eabi_attribute 24, 1
   8              		.eabi_attribute 25, 1
   9              		.eabi_attribute 26, 1
  10              		.eabi_attribute 30, 1
  11              		.eabi_attribute 34, 0
  12              		.eabi_attribute 18, 4
  13              		.thumb
  14              		.syntax unified
  15              		.file	"USBUART_Dp_PM.c"
  16              		.text
  17              	.Ltext0:
  18              		.cfi_sections	.debug_frame
  19              		.section	.text.USBUART_Dp_Sleep,"ax",%progbits
  20              		.align	2
  21              		.global	USBUART_Dp_Sleep
  22              		.code	16
  23              		.thumb_func
  24              		.type	USBUART_Dp_Sleep, %function
  25              	USBUART_Dp_Sleep:
  26              	.LFB0:
  27              		.file 1 "Generated_Source\\PSoC4\\USBUART_Dp_PM.c"
   1:Generated_Source\PSoC4/USBUART_Dp_PM.c **** /*******************************************************************************
   2:Generated_Source\PSoC4/USBUART_Dp_PM.c **** * File Name: USBUART_Dp.c  
   3:Generated_Source\PSoC4/USBUART_Dp_PM.c **** * Version 2.20
   4:Generated_Source\PSoC4/USBUART_Dp_PM.c **** *
   5:Generated_Source\PSoC4/USBUART_Dp_PM.c **** * Description:
   6:Generated_Source\PSoC4/USBUART_Dp_PM.c **** *  This file contains APIs to set up the Pins component for low power modes.
   7:Generated_Source\PSoC4/USBUART_Dp_PM.c **** *
   8:Generated_Source\PSoC4/USBUART_Dp_PM.c **** * Note:
   9:Generated_Source\PSoC4/USBUART_Dp_PM.c **** *
  10:Generated_Source\PSoC4/USBUART_Dp_PM.c **** ********************************************************************************
  11:Generated_Source\PSoC4/USBUART_Dp_PM.c **** * Copyright 2015, Cypress Semiconductor Corporation.  All rights reserved.
  12:Generated_Source\PSoC4/USBUART_Dp_PM.c **** * You may use this file only in accordance with the license, terms, conditions, 
  13:Generated_Source\PSoC4/USBUART_Dp_PM.c **** * disclaimers, and limitations in the end user license agreement accompanying 
  14:Generated_Source\PSoC4/USBUART_Dp_PM.c **** * the software package with which this file was provided.
  15:Generated_Source\PSoC4/USBUART_Dp_PM.c **** *******************************************************************************/
  16:Generated_Source\PSoC4/USBUART_Dp_PM.c **** 
  17:Generated_Source\PSoC4/USBUART_Dp_PM.c **** #include "cytypes.h"
  18:Generated_Source\PSoC4/USBUART_Dp_PM.c **** #include "USBUART_Dp.h"
  19:Generated_Source\PSoC4/USBUART_Dp_PM.c **** 
  20:Generated_Source\PSoC4/USBUART_Dp_PM.c **** static USBUART_Dp_BACKUP_STRUCT  USBUART_Dp_backup = {0u, 0u, 0u};
  21:Generated_Source\PSoC4/USBUART_Dp_PM.c **** 
  22:Generated_Source\PSoC4/USBUART_Dp_PM.c **** 
  23:Generated_Source\PSoC4/USBUART_Dp_PM.c **** /*******************************************************************************
  24:Generated_Source\PSoC4/USBUART_Dp_PM.c **** * Function Name: USBUART_Dp_Sleep
  25:Generated_Source\PSoC4/USBUART_Dp_PM.c **** ****************************************************************************//**
  26:Generated_Source\PSoC4/USBUART_Dp_PM.c **** *
  27:Generated_Source\PSoC4/USBUART_Dp_PM.c **** * \brief Stores the pin configuration and prepares the pin for entering chip 
  28:Generated_Source\PSoC4/USBUART_Dp_PM.c **** *  deep-sleep/hibernate modes. This function applies only to SIO and USBIO pins.
  29:Generated_Source\PSoC4/USBUART_Dp_PM.c **** *  It should not be called for GPIO or GPIO_OVT pins.
  30:Generated_Source\PSoC4/USBUART_Dp_PM.c **** *
ARM GAS  C:\Users\essele\AppData\Local\Temp\ccyXsPwF.s 			page 2


  31:Generated_Source\PSoC4/USBUART_Dp_PM.c **** * <b>Note</b> This function is available in PSoC 4 only.
  32:Generated_Source\PSoC4/USBUART_Dp_PM.c **** *
  33:Generated_Source\PSoC4/USBUART_Dp_PM.c **** * \return 
  34:Generated_Source\PSoC4/USBUART_Dp_PM.c **** *  None 
  35:Generated_Source\PSoC4/USBUART_Dp_PM.c **** *  
  36:Generated_Source\PSoC4/USBUART_Dp_PM.c **** * \sideeffect
  37:Generated_Source\PSoC4/USBUART_Dp_PM.c **** *  For SIO pins, this function configures the pin input threshold to CMOS and
  38:Generated_Source\PSoC4/USBUART_Dp_PM.c **** *  drive level to Vddio. This is needed for SIO pins when in device 
  39:Generated_Source\PSoC4/USBUART_Dp_PM.c **** *  deep-sleep/hibernate modes.
  40:Generated_Source\PSoC4/USBUART_Dp_PM.c **** *
  41:Generated_Source\PSoC4/USBUART_Dp_PM.c **** * \funcusage
  42:Generated_Source\PSoC4/USBUART_Dp_PM.c **** *  \snippet USBUART_Dp_SUT.c usage_USBUART_Dp_Sleep_Wakeup
  43:Generated_Source\PSoC4/USBUART_Dp_PM.c **** *******************************************************************************/
  44:Generated_Source\PSoC4/USBUART_Dp_PM.c **** void USBUART_Dp_Sleep(void)
  45:Generated_Source\PSoC4/USBUART_Dp_PM.c **** {
  28              		.loc 1 45 0
  29              		.cfi_startproc
  30              		@ args = 0, pretend = 0, frame = 0
  31              		@ frame_needed = 0, uses_anonymous_args = 0
  32              		@ link register save eliminated.
  46:Generated_Source\PSoC4/USBUART_Dp_PM.c ****     #if defined(USBUART_Dp__PC)
  47:Generated_Source\PSoC4/USBUART_Dp_PM.c ****         USBUART_Dp_backup.pcState = USBUART_Dp_PC;
  48:Generated_Source\PSoC4/USBUART_Dp_PM.c ****     #else
  49:Generated_Source\PSoC4/USBUART_Dp_PM.c ****         #if (CY_PSOC4_4200L)
  50:Generated_Source\PSoC4/USBUART_Dp_PM.c ****             /* Save the regulator state and put the PHY into suspend mode */
  51:Generated_Source\PSoC4/USBUART_Dp_PM.c ****             USBUART_Dp_backup.usbState = USBUART_Dp_CR1_REG;
  33              		.loc 1 51 0
  34 0000 064B     		ldr	r3, .L2
  35 0002 1968     		ldr	r1, [r3]
  36 0004 064A     		ldr	r2, .L2+4
  37 0006 9160     		str	r1, [r2, #8]
  52:Generated_Source\PSoC4/USBUART_Dp_PM.c ****             USBUART_Dp_USB_POWER_REG |= USBUART_Dp_USBIO_ENTER_SLEEP;
  38              		.loc 1 52 0
  39 0008 0649     		ldr	r1, .L2+8
  40 000a 0868     		ldr	r0, [r1]
  41 000c 0C22     		movs	r2, #12
  42 000e 0243     		orrs	r2, r0
  43 0010 0A60     		str	r2, [r1]
  53:Generated_Source\PSoC4/USBUART_Dp_PM.c ****             USBUART_Dp_CR1_REG &= USBUART_Dp_USBIO_CR1_OFF;
  44              		.loc 1 53 0
  45 0012 1A68     		ldr	r2, [r3]
  46 0014 0121     		movs	r1, #1
  47 0016 8A43     		bics	r2, r1
  48 0018 1A60     		str	r2, [r3]
  54:Generated_Source\PSoC4/USBUART_Dp_PM.c ****         #endif
  55:Generated_Source\PSoC4/USBUART_Dp_PM.c ****     #endif
  56:Generated_Source\PSoC4/USBUART_Dp_PM.c ****     #if defined(CYIPBLOCK_m0s8ioss_VERSION) && defined(USBUART_Dp__SIO)
  57:Generated_Source\PSoC4/USBUART_Dp_PM.c ****         USBUART_Dp_backup.sioState = USBUART_Dp_SIO_REG;
  58:Generated_Source\PSoC4/USBUART_Dp_PM.c ****         /* SIO requires unregulated output buffer and single ended input buffer */
  59:Generated_Source\PSoC4/USBUART_Dp_PM.c ****         USBUART_Dp_SIO_REG &= (uint32)(~USBUART_Dp_SIO_LPM_MASK);
  60:Generated_Source\PSoC4/USBUART_Dp_PM.c ****     #endif  
  61:Generated_Source\PSoC4/USBUART_Dp_PM.c **** }
  49              		.loc 1 61 0
  50              		@ sp needed
  51 001a 7047     		bx	lr
  52              	.L3:
  53              		.align	2
ARM GAS  C:\Users\essele\AppData\Local\Temp\ccyXsPwF.s 			page 3


  54              	.L2:
  55 001c 24002C40 		.word	1076625444
  56 0020 00000000 		.word	.LANCHOR0
  57 0024 00202C40 		.word	1076633600
  58              		.cfi_endproc
  59              	.LFE0:
  60              		.size	USBUART_Dp_Sleep, .-USBUART_Dp_Sleep
  61              		.section	.text.USBUART_Dp_Wakeup,"ax",%progbits
  62              		.align	2
  63              		.global	USBUART_Dp_Wakeup
  64              		.code	16
  65              		.thumb_func
  66              		.type	USBUART_Dp_Wakeup, %function
  67              	USBUART_Dp_Wakeup:
  68              	.LFB1:
  62:Generated_Source\PSoC4/USBUART_Dp_PM.c **** 
  63:Generated_Source\PSoC4/USBUART_Dp_PM.c **** 
  64:Generated_Source\PSoC4/USBUART_Dp_PM.c **** /*******************************************************************************
  65:Generated_Source\PSoC4/USBUART_Dp_PM.c **** * Function Name: USBUART_Dp_Wakeup
  66:Generated_Source\PSoC4/USBUART_Dp_PM.c **** ****************************************************************************//**
  67:Generated_Source\PSoC4/USBUART_Dp_PM.c **** *
  68:Generated_Source\PSoC4/USBUART_Dp_PM.c **** * \brief Restores the pin configuration that was saved during Pin_Sleep(). This 
  69:Generated_Source\PSoC4/USBUART_Dp_PM.c **** * function applies only to SIO and USBIO pins. It should not be called for
  70:Generated_Source\PSoC4/USBUART_Dp_PM.c **** * GPIO or GPIO_OVT pins.
  71:Generated_Source\PSoC4/USBUART_Dp_PM.c **** *
  72:Generated_Source\PSoC4/USBUART_Dp_PM.c **** * For USBIO pins, the wakeup is only triggered for falling edge interrupts.
  73:Generated_Source\PSoC4/USBUART_Dp_PM.c **** *
  74:Generated_Source\PSoC4/USBUART_Dp_PM.c **** * <b>Note</b> This function is available in PSoC 4 only.
  75:Generated_Source\PSoC4/USBUART_Dp_PM.c **** *
  76:Generated_Source\PSoC4/USBUART_Dp_PM.c **** * \return 
  77:Generated_Source\PSoC4/USBUART_Dp_PM.c **** *  None
  78:Generated_Source\PSoC4/USBUART_Dp_PM.c **** *  
  79:Generated_Source\PSoC4/USBUART_Dp_PM.c **** * \funcusage
  80:Generated_Source\PSoC4/USBUART_Dp_PM.c **** *  Refer to USBUART_Dp_Sleep() for an example usage.
  81:Generated_Source\PSoC4/USBUART_Dp_PM.c **** *******************************************************************************/
  82:Generated_Source\PSoC4/USBUART_Dp_PM.c **** void USBUART_Dp_Wakeup(void)
  83:Generated_Source\PSoC4/USBUART_Dp_PM.c **** {
  69              		.loc 1 83 0
  70              		.cfi_startproc
  71              		@ args = 0, pretend = 0, frame = 0
  72              		@ frame_needed = 0, uses_anonymous_args = 0
  73              		@ link register save eliminated.
  84:Generated_Source\PSoC4/USBUART_Dp_PM.c ****     #if defined(USBUART_Dp__PC)
  85:Generated_Source\PSoC4/USBUART_Dp_PM.c ****         USBUART_Dp_PC = USBUART_Dp_backup.pcState;
  86:Generated_Source\PSoC4/USBUART_Dp_PM.c ****     #else
  87:Generated_Source\PSoC4/USBUART_Dp_PM.c ****         #if (CY_PSOC4_4200L)
  88:Generated_Source\PSoC4/USBUART_Dp_PM.c ****             /* Restore the regulator state and come out of suspend mode */
  89:Generated_Source\PSoC4/USBUART_Dp_PM.c ****             USBUART_Dp_USB_POWER_REG &= USBUART_Dp_USBIO_EXIT_SLEEP_PH1;
  74              		.loc 1 89 0
  75 0000 064B     		ldr	r3, .L5
  76 0002 1A68     		ldr	r2, [r3]
  77 0004 0421     		movs	r1, #4
  78 0006 8A43     		bics	r2, r1
  79 0008 1A60     		str	r2, [r3]
  90:Generated_Source\PSoC4/USBUART_Dp_PM.c ****             USBUART_Dp_CR1_REG = USBUART_Dp_backup.usbState;
  80              		.loc 1 90 0
  81 000a 054A     		ldr	r2, .L5+4
ARM GAS  C:\Users\essele\AppData\Local\Temp\ccyXsPwF.s 			page 4


  82 000c 9168     		ldr	r1, [r2, #8]
  83 000e 054A     		ldr	r2, .L5+8
  84 0010 1160     		str	r1, [r2]
  91:Generated_Source\PSoC4/USBUART_Dp_PM.c ****             USBUART_Dp_USB_POWER_REG &= USBUART_Dp_USBIO_EXIT_SLEEP_PH2;
  85              		.loc 1 91 0
  86 0012 1A68     		ldr	r2, [r3]
  87 0014 0821     		movs	r1, #8
  88 0016 8A43     		bics	r2, r1
  89 0018 1A60     		str	r2, [r3]
  92:Generated_Source\PSoC4/USBUART_Dp_PM.c ****         #endif
  93:Generated_Source\PSoC4/USBUART_Dp_PM.c ****     #endif
  94:Generated_Source\PSoC4/USBUART_Dp_PM.c ****     #if defined(CYIPBLOCK_m0s8ioss_VERSION) && defined(USBUART_Dp__SIO)
  95:Generated_Source\PSoC4/USBUART_Dp_PM.c ****         USBUART_Dp_SIO_REG = USBUART_Dp_backup.sioState;
  96:Generated_Source\PSoC4/USBUART_Dp_PM.c ****     #endif
  97:Generated_Source\PSoC4/USBUART_Dp_PM.c **** }
  90              		.loc 1 97 0
  91              		@ sp needed
  92 001a 7047     		bx	lr
  93              	.L6:
  94              		.align	2
  95              	.L5:
  96 001c 00202C40 		.word	1076633600
  97 0020 00000000 		.word	.LANCHOR0
  98 0024 24002C40 		.word	1076625444
  99              		.cfi_endproc
 100              	.LFE1:
 101              		.size	USBUART_Dp_Wakeup, .-USBUART_Dp_Wakeup
 102              		.bss
 103              		.align	2
 104              		.set	.LANCHOR0,. + 0
 105              		.type	USBUART_Dp_backup, %object
 106              		.size	USBUART_Dp_backup, 12
 107              	USBUART_Dp_backup:
 108 0000 00000000 		.space	12
 108      00000000 
 108      00000000 
 109              		.text
 110              	.Letext0:
 111              		.file 2 "Generated_Source\\PSoC4\\cytypes.h"
 112              		.file 3 "Generated_Source\\PSoC4\\USBUART_Dp.h"
 113              		.section	.debug_info,"",%progbits
 114              	.Ldebug_info0:
 115 0000 05010000 		.4byte	0x105
 116 0004 0400     		.2byte	0x4
 117 0006 00000000 		.4byte	.Ldebug_abbrev0
 118 000a 04       		.byte	0x4
 119 000b 01       		.uleb128 0x1
 120 000c 21010000 		.4byte	.LASF20
 121 0010 0C       		.byte	0xc
 122 0011 6B000000 		.4byte	.LASF21
 123 0015 DD000000 		.4byte	.LASF22
 124 0019 00000000 		.4byte	.Ldebug_ranges0+0
 125 001d 00000000 		.4byte	0
 126 0021 00000000 		.4byte	.Ldebug_line0
 127 0025 02       		.uleb128 0x2
 128 0026 01       		.byte	0x1
 129 0027 06       		.byte	0x6
ARM GAS  C:\Users\essele\AppData\Local\Temp\ccyXsPwF.s 			page 5


 130 0028 E6010000 		.4byte	.LASF0
 131 002c 02       		.uleb128 0x2
 132 002d 01       		.byte	0x1
 133 002e 08       		.byte	0x8
 134 002f 27000000 		.4byte	.LASF1
 135 0033 02       		.uleb128 0x2
 136 0034 02       		.byte	0x2
 137 0035 05       		.byte	0x5
 138 0036 CB010000 		.4byte	.LASF2
 139 003a 02       		.uleb128 0x2
 140 003b 02       		.byte	0x2
 141 003c 07       		.byte	0x7
 142 003d 58000000 		.4byte	.LASF3
 143 0041 02       		.uleb128 0x2
 144 0042 04       		.byte	0x4
 145 0043 05       		.byte	0x5
 146 0044 DD010000 		.4byte	.LASF4
 147 0048 02       		.uleb128 0x2
 148 0049 04       		.byte	0x4
 149 004a 07       		.byte	0x7
 150 004b 35000000 		.4byte	.LASF5
 151 004f 02       		.uleb128 0x2
 152 0050 08       		.byte	0x8
 153 0051 05       		.byte	0x5
 154 0052 B8010000 		.4byte	.LASF6
 155 0056 02       		.uleb128 0x2
 156 0057 08       		.byte	0x8
 157 0058 07       		.byte	0x7
 158 0059 C6000000 		.4byte	.LASF7
 159 005d 03       		.uleb128 0x3
 160 005e 04       		.byte	0x4
 161 005f 05       		.byte	0x5
 162 0060 696E7400 		.ascii	"int\000"
 163 0064 02       		.uleb128 0x2
 164 0065 04       		.byte	0x4
 165 0066 07       		.byte	0x7
 166 0067 B9000000 		.4byte	.LASF8
 167 006b 04       		.uleb128 0x4
 168 006c B2000000 		.4byte	.LASF12
 169 0070 02       		.byte	0x2
 170 0071 E601     		.2byte	0x1e6
 171 0073 48000000 		.4byte	0x48
 172 0077 02       		.uleb128 0x2
 173 0078 04       		.byte	0x4
 174 0079 04       		.byte	0x4
 175 007a 21000000 		.4byte	.LASF9
 176 007e 02       		.uleb128 0x2
 177 007f 08       		.byte	0x8
 178 0080 04       		.byte	0x4
 179 0081 AB000000 		.4byte	.LASF10
 180 0085 02       		.uleb128 0x2
 181 0086 01       		.byte	0x1
 182 0087 08       		.byte	0x8
 183 0088 C6010000 		.4byte	.LASF11
 184 008c 04       		.uleb128 0x4
 185 008d 00000000 		.4byte	.LASF13
 186 0091 02       		.byte	0x2
ARM GAS  C:\Users\essele\AppData\Local\Temp\ccyXsPwF.s 			page 6


 187 0092 9002     		.2byte	0x290
 188 0094 98000000 		.4byte	0x98
 189 0098 05       		.uleb128 0x5
 190 0099 6B000000 		.4byte	0x6b
 191 009d 06       		.uleb128 0x6
 192 009e 0C       		.byte	0xc
 193 009f 03       		.byte	0x3
 194 00a0 21       		.byte	0x21
 195 00a1 CA000000 		.4byte	0xca
 196 00a5 07       		.uleb128 0x7
 197 00a6 D5010000 		.4byte	.LASF14
 198 00aa 03       		.byte	0x3
 199 00ab 23       		.byte	0x23
 200 00ac 6B000000 		.4byte	0x6b
 201 00b0 00       		.byte	0
 202 00b1 07       		.uleb128 0x7
 203 00b2 AF010000 		.4byte	.LASF15
 204 00b6 03       		.byte	0x3
 205 00b7 24       		.byte	0x24
 206 00b8 6B000000 		.4byte	0x6b
 207 00bc 04       		.byte	0x4
 208 00bd 07       		.uleb128 0x7
 209 00be 06000000 		.4byte	.LASF16
 210 00c2 03       		.byte	0x3
 211 00c3 25       		.byte	0x25
 212 00c4 6B000000 		.4byte	0x6b
 213 00c8 08       		.byte	0x8
 214 00c9 00       		.byte	0
 215 00ca 08       		.uleb128 0x8
 216 00cb 92000000 		.4byte	.LASF17
 217 00cf 03       		.byte	0x3
 218 00d0 26       		.byte	0x26
 219 00d1 9D000000 		.4byte	0x9d
 220 00d5 09       		.uleb128 0x9
 221 00d6 47000000 		.4byte	.LASF18
 222 00da 01       		.byte	0x1
 223 00db 2C       		.byte	0x2c
 224 00dc 00000000 		.4byte	.LFB0
 225 00e0 28000000 		.4byte	.LFE0-.LFB0
 226 00e4 01       		.uleb128 0x1
 227 00e5 9C       		.byte	0x9c
 228 00e6 09       		.uleb128 0x9
 229 00e7 0F000000 		.4byte	.LASF19
 230 00eb 01       		.byte	0x1
 231 00ec 52       		.byte	0x52
 232 00ed 00000000 		.4byte	.LFB1
 233 00f1 28000000 		.4byte	.LFE1-.LFB1
 234 00f5 01       		.uleb128 0x1
 235 00f6 9C       		.byte	0x9c
 236 00f7 0A       		.uleb128 0xa
 237 00f8 F2010000 		.4byte	.LASF23
 238 00fc 01       		.byte	0x1
 239 00fd 14       		.byte	0x14
 240 00fe CA000000 		.4byte	0xca
 241 0102 05       		.uleb128 0x5
 242 0103 03       		.byte	0x3
 243 0104 00000000 		.4byte	USBUART_Dp_backup
ARM GAS  C:\Users\essele\AppData\Local\Temp\ccyXsPwF.s 			page 7


 244 0108 00       		.byte	0
 245              		.section	.debug_abbrev,"",%progbits
 246              	.Ldebug_abbrev0:
 247 0000 01       		.uleb128 0x1
 248 0001 11       		.uleb128 0x11
 249 0002 01       		.byte	0x1
 250 0003 25       		.uleb128 0x25
 251 0004 0E       		.uleb128 0xe
 252 0005 13       		.uleb128 0x13
 253 0006 0B       		.uleb128 0xb
 254 0007 03       		.uleb128 0x3
 255 0008 0E       		.uleb128 0xe
 256 0009 1B       		.uleb128 0x1b
 257 000a 0E       		.uleb128 0xe
 258 000b 55       		.uleb128 0x55
 259 000c 17       		.uleb128 0x17
 260 000d 11       		.uleb128 0x11
 261 000e 01       		.uleb128 0x1
 262 000f 10       		.uleb128 0x10
 263 0010 17       		.uleb128 0x17
 264 0011 00       		.byte	0
 265 0012 00       		.byte	0
 266 0013 02       		.uleb128 0x2
 267 0014 24       		.uleb128 0x24
 268 0015 00       		.byte	0
 269 0016 0B       		.uleb128 0xb
 270 0017 0B       		.uleb128 0xb
 271 0018 3E       		.uleb128 0x3e
 272 0019 0B       		.uleb128 0xb
 273 001a 03       		.uleb128 0x3
 274 001b 0E       		.uleb128 0xe
 275 001c 00       		.byte	0
 276 001d 00       		.byte	0
 277 001e 03       		.uleb128 0x3
 278 001f 24       		.uleb128 0x24
 279 0020 00       		.byte	0
 280 0021 0B       		.uleb128 0xb
 281 0022 0B       		.uleb128 0xb
 282 0023 3E       		.uleb128 0x3e
 283 0024 0B       		.uleb128 0xb
 284 0025 03       		.uleb128 0x3
 285 0026 08       		.uleb128 0x8
 286 0027 00       		.byte	0
 287 0028 00       		.byte	0
 288 0029 04       		.uleb128 0x4
 289 002a 16       		.uleb128 0x16
 290 002b 00       		.byte	0
 291 002c 03       		.uleb128 0x3
 292 002d 0E       		.uleb128 0xe
 293 002e 3A       		.uleb128 0x3a
 294 002f 0B       		.uleb128 0xb
 295 0030 3B       		.uleb128 0x3b
 296 0031 05       		.uleb128 0x5
 297 0032 49       		.uleb128 0x49
 298 0033 13       		.uleb128 0x13
 299 0034 00       		.byte	0
 300 0035 00       		.byte	0
ARM GAS  C:\Users\essele\AppData\Local\Temp\ccyXsPwF.s 			page 8


 301 0036 05       		.uleb128 0x5
 302 0037 35       		.uleb128 0x35
 303 0038 00       		.byte	0
 304 0039 49       		.uleb128 0x49
 305 003a 13       		.uleb128 0x13
 306 003b 00       		.byte	0
 307 003c 00       		.byte	0
 308 003d 06       		.uleb128 0x6
 309 003e 13       		.uleb128 0x13
 310 003f 01       		.byte	0x1
 311 0040 0B       		.uleb128 0xb
 312 0041 0B       		.uleb128 0xb
 313 0042 3A       		.uleb128 0x3a
 314 0043 0B       		.uleb128 0xb
 315 0044 3B       		.uleb128 0x3b
 316 0045 0B       		.uleb128 0xb
 317 0046 01       		.uleb128 0x1
 318 0047 13       		.uleb128 0x13
 319 0048 00       		.byte	0
 320 0049 00       		.byte	0
 321 004a 07       		.uleb128 0x7
 322 004b 0D       		.uleb128 0xd
 323 004c 00       		.byte	0
 324 004d 03       		.uleb128 0x3
 325 004e 0E       		.uleb128 0xe
 326 004f 3A       		.uleb128 0x3a
 327 0050 0B       		.uleb128 0xb
 328 0051 3B       		.uleb128 0x3b
 329 0052 0B       		.uleb128 0xb
 330 0053 49       		.uleb128 0x49
 331 0054 13       		.uleb128 0x13
 332 0055 38       		.uleb128 0x38
 333 0056 0B       		.uleb128 0xb
 334 0057 00       		.byte	0
 335 0058 00       		.byte	0
 336 0059 08       		.uleb128 0x8
 337 005a 16       		.uleb128 0x16
 338 005b 00       		.byte	0
 339 005c 03       		.uleb128 0x3
 340 005d 0E       		.uleb128 0xe
 341 005e 3A       		.uleb128 0x3a
 342 005f 0B       		.uleb128 0xb
 343 0060 3B       		.uleb128 0x3b
 344 0061 0B       		.uleb128 0xb
 345 0062 49       		.uleb128 0x49
 346 0063 13       		.uleb128 0x13
 347 0064 00       		.byte	0
 348 0065 00       		.byte	0
 349 0066 09       		.uleb128 0x9
 350 0067 2E       		.uleb128 0x2e
 351 0068 00       		.byte	0
 352 0069 3F       		.uleb128 0x3f
 353 006a 19       		.uleb128 0x19
 354 006b 03       		.uleb128 0x3
 355 006c 0E       		.uleb128 0xe
 356 006d 3A       		.uleb128 0x3a
 357 006e 0B       		.uleb128 0xb
ARM GAS  C:\Users\essele\AppData\Local\Temp\ccyXsPwF.s 			page 9


 358 006f 3B       		.uleb128 0x3b
 359 0070 0B       		.uleb128 0xb
 360 0071 27       		.uleb128 0x27
 361 0072 19       		.uleb128 0x19
 362 0073 11       		.uleb128 0x11
 363 0074 01       		.uleb128 0x1
 364 0075 12       		.uleb128 0x12
 365 0076 06       		.uleb128 0x6
 366 0077 40       		.uleb128 0x40
 367 0078 18       		.uleb128 0x18
 368 0079 9742     		.uleb128 0x2117
 369 007b 19       		.uleb128 0x19
 370 007c 00       		.byte	0
 371 007d 00       		.byte	0
 372 007e 0A       		.uleb128 0xa
 373 007f 34       		.uleb128 0x34
 374 0080 00       		.byte	0
 375 0081 03       		.uleb128 0x3
 376 0082 0E       		.uleb128 0xe
 377 0083 3A       		.uleb128 0x3a
 378 0084 0B       		.uleb128 0xb
 379 0085 3B       		.uleb128 0x3b
 380 0086 0B       		.uleb128 0xb
 381 0087 49       		.uleb128 0x49
 382 0088 13       		.uleb128 0x13
 383 0089 02       		.uleb128 0x2
 384 008a 18       		.uleb128 0x18
 385 008b 00       		.byte	0
 386 008c 00       		.byte	0
 387 008d 00       		.byte	0
 388              		.section	.debug_aranges,"",%progbits
 389 0000 24000000 		.4byte	0x24
 390 0004 0200     		.2byte	0x2
 391 0006 00000000 		.4byte	.Ldebug_info0
 392 000a 04       		.byte	0x4
 393 000b 00       		.byte	0
 394 000c 0000     		.2byte	0
 395 000e 0000     		.2byte	0
 396 0010 00000000 		.4byte	.LFB0
 397 0014 28000000 		.4byte	.LFE0-.LFB0
 398 0018 00000000 		.4byte	.LFB1
 399 001c 28000000 		.4byte	.LFE1-.LFB1
 400 0020 00000000 		.4byte	0
 401 0024 00000000 		.4byte	0
 402              		.section	.debug_ranges,"",%progbits
 403              	.Ldebug_ranges0:
 404 0000 00000000 		.4byte	.LFB0
 405 0004 28000000 		.4byte	.LFE0
 406 0008 00000000 		.4byte	.LFB1
 407 000c 28000000 		.4byte	.LFE1
 408 0010 00000000 		.4byte	0
 409 0014 00000000 		.4byte	0
 410              		.section	.debug_line,"",%progbits
 411              	.Ldebug_line0:
 412 0000 87000000 		.section	.debug_str,"MS",%progbits,1
 412      02005A00 
 412      00000201 
ARM GAS  C:\Users\essele\AppData\Local\Temp\ccyXsPwF.s 			page 10


 412      FB0E0D00 
 412      01010101 
 413              	.LASF13:
 414 0000 72656733 		.ascii	"reg32\000"
 414      3200
 415              	.LASF16:
 416 0006 75736253 		.ascii	"usbState\000"
 416      74617465 
 416      00
 417              	.LASF19:
 418 000f 55534255 		.ascii	"USBUART_Dp_Wakeup\000"
 418      4152545F 
 418      44705F57 
 418      616B6575 
 418      7000
 419              	.LASF9:
 420 0021 666C6F61 		.ascii	"float\000"
 420      7400
 421              	.LASF1:
 422 0027 756E7369 		.ascii	"unsigned char\000"
 422      676E6564 
 422      20636861 
 422      7200
 423              	.LASF5:
 424 0035 6C6F6E67 		.ascii	"long unsigned int\000"
 424      20756E73 
 424      69676E65 
 424      6420696E 
 424      7400
 425              	.LASF18:
 426 0047 55534255 		.ascii	"USBUART_Dp_Sleep\000"
 426      4152545F 
 426      44705F53 
 426      6C656570 
 426      00
 427              	.LASF3:
 428 0058 73686F72 		.ascii	"short unsigned int\000"
 428      7420756E 
 428      7369676E 
 428      65642069 
 428      6E7400
 429              	.LASF21:
 430 006b 47656E65 		.ascii	"Generated_Source\\PSoC4\\USBUART_Dp_PM.c\000"
 430      72617465 
 430      645F536F 
 430      75726365 
 430      5C50536F 
 431              	.LASF17:
 432 0092 55534255 		.ascii	"USBUART_Dp_BACKUP_STRUCT\000"
 432      4152545F 
 432      44705F42 
 432      41434B55 
 432      505F5354 
 433              	.LASF10:
 434 00ab 646F7562 		.ascii	"double\000"
 434      6C6500
 435              	.LASF12:
ARM GAS  C:\Users\essele\AppData\Local\Temp\ccyXsPwF.s 			page 11


 436 00b2 75696E74 		.ascii	"uint32\000"
 436      333200
 437              	.LASF8:
 438 00b9 756E7369 		.ascii	"unsigned int\000"
 438      676E6564 
 438      20696E74 
 438      00
 439              	.LASF7:
 440 00c6 6C6F6E67 		.ascii	"long long unsigned int\000"
 440      206C6F6E 
 440      6720756E 
 440      7369676E 
 440      65642069 
 441              	.LASF22:
 442 00dd 5C5C4D61 		.ascii	"\\\\Mac\\Home\\Documents\\PSoC Creator\\GPIB USB Ad"
 442      635C486F 
 442      6D655C44 
 442      6F63756D 
 442      656E7473 
 443 010a 61707465 		.ascii	"apter\\GPIB USB 1.cydsn\000"
 443      725C4750 
 443      49422055 
 443      53422031 
 443      2E637964 
 444              	.LASF20:
 445 0121 474E5520 		.ascii	"GNU C11 5.4.1 20160609 (release) [ARM/embedded-5-br"
 445      43313120 
 445      352E342E 
 445      31203230 
 445      31363036 
 446 0154 616E6368 		.ascii	"anch revision 237715] -mcpu=cortex-m0 -mthumb -g -O"
 446      20726576 
 446      6973696F 
 446      6E203233 
 446      37373135 
 447 0187 67202D66 		.ascii	"g -ffunction-sections -ffat-lto-objects\000"
 447      66756E63 
 447      74696F6E 
 447      2D736563 
 447      74696F6E 
 448              	.LASF15:
 449 01af 73696F53 		.ascii	"sioState\000"
 449      74617465 
 449      00
 450              	.LASF6:
 451 01b8 6C6F6E67 		.ascii	"long long int\000"
 451      206C6F6E 
 451      6720696E 
 451      7400
 452              	.LASF11:
 453 01c6 63686172 		.ascii	"char\000"
 453      00
 454              	.LASF2:
 455 01cb 73686F72 		.ascii	"short int\000"
 455      7420696E 
 455      7400
 456              	.LASF14:
ARM GAS  C:\Users\essele\AppData\Local\Temp\ccyXsPwF.s 			page 12


 457 01d5 70635374 		.ascii	"pcState\000"
 457      61746500 
 458              	.LASF4:
 459 01dd 6C6F6E67 		.ascii	"long int\000"
 459      20696E74 
 459      00
 460              	.LASF0:
 461 01e6 7369676E 		.ascii	"signed char\000"
 461      65642063 
 461      68617200 
 462              	.LASF23:
 463 01f2 55534255 		.ascii	"USBUART_Dp_backup\000"
 463      4152545F 
 463      44705F62 
 463      61636B75 
 463      7000
 464              		.ident	"GCC: (GNU Tools for ARM Embedded Processors) 5.4.1 20160609 (release) [ARM/embedded-5-bran
